******************************************************************************
                  TI ARM Linker PC v16.9.6                     
******************************************************************************
>> Linked Mon Mar 05 19:50:47 2018

OUTPUT FILE NAME:   <Lab3.out>
ENTRY POINT SYMBOL: "_c_int00"  address: 000027e9


MEMORY CONFIGURATION

         name            origin    length      used     unused   attr    fill
----------------------  --------  ---------  --------  --------  ----  --------
  FLASH                 00000000   00040000  00003002  0003cffe  R  X
  SRAM                  20000000   00008000  0000056d  00007a93  RW X


SEGMENT ALLOCATION MAP

run origin  load origin   length   init length attrs members
----------  ----------- ---------- ----------- ----- -------
00000000    00000000    00003008   00003008    r-x
  00000000    00000000    0000026c   0000026c    r-- .intvecs
  0000026c    0000026c    000028c2   000028c2    r-x .text
  00002b30    00002b30    0000049c   0000049c    r-- .const
  00002fd0    00002fd0    00000038   00000038    r-- .cinit
20000000    20000000    00000570   00000000    rw-
  20000000    20000000    00000351   00000000    rw- .bss
  20000354    20000354    00000200   00000000    rw- .stack
  20000554    20000554    0000001c   00000000    rw- .data


SECTION ALLOCATION MAP

 output                                  attributes/
section   page    origin      length       input sections
--------  ----  ----------  ----------   ----------------
.intvecs   0    00000000    0000026c     
                  00000000    0000026c     tm4c123gh6pm_startup_ccs.obj (.intvecs)

.text      0    0000026c    000028c2     
                  0000026c    00000c84     ustdlib.obj (.text)
                  00000ef0    00000950     OrbitOledGrph.obj (.text)
                  00001840    0000037c     OrbitOled.obj (.text)
                  00001bbc    00000224     butsTest4.obj (.text)
                  00001de0    00000220     buttons4.obj (.text)
                  00002000    00000204     OrbitOledChar.obj (.text)
                  00002204    00000132     driverlib.lib : gpio.obj (.text:GPIOPadConfigSet)
                  00002336    00000002     rtsv7M4_T_le_v4SPD16_eabi.lib : i_div0.obj (.text)
                  00002338    00000110     driverlib.lib : sysctl.obj (.text:SysCtlClockGet)
                  00002448    000000f4                   : sysctl.obj (.text:SysCtlClockSet)
                  0000253c    0000009c     rtsv7M4_T_le_v4SPD16_eabi.lib : memcpy_t2.obj (.text)
                  000025d8    0000007a                                   : memset_t2.obj (.text)
                  00002652    00000002                                   : mpu_init.obj (.text)
                  00002654    00000070                                   : autoinit.obj (.text)
                  000026c4    00000068                                   : copy_decompress_lzss.obj (.text:decompress:lzss)
                  0000272c    00000060     driverlib.lib : timer.obj (.text:TimerConfigure)
                  0000278c    0000005c     delay.obj (.text)
                  000027e8    00000054     rtsv7M4_T_le_v4SPD16_eabi.lib : boot.obj (.text)
                  0000283c    00000054                                   : exit.obj (.text)
                  00002890    0000004c                                   : cpy_tbl.obj (.text)
                  000028dc    00000048     driverlib.lib : gpio.obj (.text:GPIOPinConfigure)
                  00002924    00000044     OrbitOLEDInterface.obj (.text)
                  00002968    00000040     rtsv7M4_T_le_v4SPD16_eabi.lib : u_divt2.obj (.text)
                  000029a8    0000003c     driverlib.lib : ssi.obj (.text:SSIConfigSetExpClk)
                  000029e4    00000034                   : sysctl.obj (.text:SysCtlPeripheralEnable)
                  00002a18    0000002a                   : gpio.obj (.text:GPIODirModeSet)
                  00002a42    00000018                   : gpio.obj (.text:GPIOPinTypeGPIOOutput)
                  00002a5a    00000002     rtsv7M4_T_le_v4SPD16_eabi.lib : startup.obj (.text)
                  00002a5c    00000018                                   : args_main.obj (.text)
                  00002a74    00000014                                   : _lock.obj (.text)
                  00002a88    00000012     driverlib.lib : gpio.obj (.text:GPIOPinTypeGPIOInput)
                  00002a9a    00000012                   : gpio.obj (.text:GPIOPinTypeSSI)
                  00002aac    0000000e                   : timer.obj (.text:TimerEnable)
                  00002aba    0000000e     rtsv7M4_T_le_v4SPD16_eabi.lib : copy_decompress_none.obj (.text:decompress:none)
                  00002ac8    0000000c     driverlib.lib : ssi.obj (.text:SSIDataGet)
                  00002ad4    0000000c     rtsv7M4_T_le_v4SPD16_eabi.lib : copy_zero_init.obj (.text:decompress:ZI)
                  00002ae0    0000000c     tm4c123gh6pm_startup_ccs.obj (.text)
                  00002aec    0000000a     driverlib.lib : ssi.obj (.text:SSIDataPut)
                  00002af6    0000000a                   : ssi.obj (.text:SSIEnable)
                  00002b00    0000000a                   : timer.obj (.text:TimerValueGet)
                  00002b0a    00000008                   : ssi.obj (.text:SSIBusy)
                  00002b12    00000006                   : gpio.obj (.text:GPIOPinRead)
                  00002b18    00000006                   : gpio.obj (.text:GPIOPinWrite)
                  00002b1e    00000006                   : ssi.obj (.text:SSIClockSourceSet)
                  00002b24    00000006                   : sysctl.obj (.text:SysCtlDelay)
                  00002b2a    00000004     rtsv7M4_T_le_v4SPD16_eabi.lib : pre_init.obj (.text)

.const     0    00002b30    0000049c     
                  00002b30    00000300     ChrFont0.obj (.const:.string:rgbOledFont0)
                  00002e30    00000090     driverlib.lib : gpio.obj (.const:g_pui32GPIOBaseAddrs)
                  00002ec0    0000006c                   : sysctl.obj (.const:g_pui32Xtals)
                  00002f2c    00000040     FillPat.obj (.const:.string:rgbFillPat)
                  00002f6c    00000030     ustdlib.obj (.const:g_psDaysToMonth)
                  00002f9c    00000018     ustdlib.obj (.const:g_pfExponents)
                  00002fb4    00000012     ustdlib.obj (.const:.string)
                  00002fc6    00000002     --HOLE-- [fill = 0]
                  00002fc8    00000004     ustdlib.obj (.const)

.cinit     0    00002fd0    00000038     
                  00002fd0    00000011     (.cinit..data.load) [load image, compression = lzss]
                  00002fe1    00000003     --HOLE-- [fill = 0]
                  00002fe4    0000000c     (__TI_handler_table)
                  00002ff0    00000008     (.cinit..bss.load) [load image, compression = zero_init]
                  00002ff8    00000010     (__TI_cinit_table)

.init_array 
*          0    00000000    00000000     UNINITIALIZED

.bss       0    20000000    00000351     UNINITIALIZED
                  20000000    00000200     (.common:rgbOledBmp)
                  20000200    00000100     (.common:rgbOledFontUser)
                  20000300    00000004     buttons4.obj (.bss:but_count)
                  20000304    00000004     buttons4.obj (.bss:but_flag)
                  20000308    00000004     buttons4.obj (.bss:but_normal)
                  2000030c    00000004     buttons4.obj (.bss:but_state)
                  20000310    00000004     (.common:bnOledCur)
                  20000314    00000004     (.common:dxcoOledFontCur)
                  20000318    00000004     (.common:dycoOledFontCur)
                  2000031c    00000004     (.common:fOledCharUpdate)
                  20000320    00000004     (.common:modOledCur)
                  20000324    00000004     (.common:pbOledCur)
                  20000328    00000004     (.common:pbOledFontCur)
                  2000032c    00000004     (.common:pbOledFontUser)
                  20000330    00000004     (.common:pbOledPatCur)
                  20000334    00000004     (.common:pfnDoRop)
                  20000338    00000004     (.common:xchOledCur)
                  2000033c    00000004     (.common:xchOledMax)
                  20000340    00000004     (.common:xcoOledCur)
                  20000344    00000004     (.common:ychOledCur)
                  20000348    00000004     (.common:ychOledMax)
                  2000034c    00000004     (.common:ycoOledCur)
                  20000350    00000001     (.common:clrOledCur)

.stack     0    20000354    00000200     UNINITIALIZED
                  20000354    00000200     --HOLE--

.data      0    20000554    0000001c     UNINITIALIZED
                  20000554    0000000c     rtsv7M4_T_le_v4SPD16_eabi.lib : exit.obj (.data:$O1$$)
                  20000560    00000008                                   : _lock.obj (.data:$O1$$)
                  20000568    00000004                                   : stkdepth_vars.obj (.data)
                  2000056c    00000004     ustdlib.obj (.data)

MODULE SUMMARY

       Module                         code    ro data   rw data
       ------                         ----    -------   -------
    .\
       ustdlib.obj                    3204    94        4      
       tm4c123gh6pm_startup_ccs.obj   12      620       0      
       buttons4.obj                   544     0         16     
       butsTest4.obj                  548     0         0      
    +--+------------------------------+-------+---------+---------+
       Total:                         4308    714       20     
                                                               
    .\OrbitOLED\
       OrbitOLEDInterface.obj         68      0         0      
    +--+------------------------------+-------+---------+---------+
       Total:                         68      0         0      
                                                               
    .\OrbitOLED\lib_OrbitOled\
       OrbitOledGrph.obj              2384    0         8      
       OrbitOled.obj                  892     0         553    
       OrbitOledChar.obj              516     0         272    
       ChrFont0.obj                   0       768       0      
       delay.obj                      92      0         0      
       FillPat.obj                    0       64        0      
    +--+------------------------------+-------+---------+---------+
       Total:                         3884    832       833    
                                                               
    C:/ti/TivaWare_C_Series-2.1.4.178/driverlib/ccs/Debug/driverlib.lib
       sysctl.obj                     574     108       0      
       gpio.obj                       492     144       0      
       timer.obj                      120     0         0      
       ssi.obj                        106     0         0      
    +--+------------------------------+-------+---------+---------+
       Total:                         1292    252       0      
                                                               
    C:\ti\ccsv7\tools\compiler\ti-cgt-arm_16.9.6.LTS\lib\rtsv7M4_T_le_v4SPD16_eabi.lib
       memcpy_t2.obj                  156     0         0      
       memset_t2.obj                  122     0         0      
       autoinit.obj                   112     0         0      
       copy_decompress_lzss.obj       104     0         0      
       exit.obj                       84      0         12     
       boot.obj                       84      0         0      
       cpy_tbl.obj                    76      0         0      
       u_divt2.obj                    64      0         0      
       _lock.obj                      20      0         8      
       args_main.obj                  24      0         0      
       copy_decompress_none.obj       14      0         0      
       copy_zero_init.obj             12      0         0      
       pre_init.obj                   4       0         0      
       stkdepth_vars.obj              0       0         4      
       i_div0.obj                     2       0         0      
       mpu_init.obj                   2       0         0      
       startup.obj                    2       0         0      
    +--+------------------------------+-------+---------+---------+
       Total:                         882     0         24     
                                                               
       Stack:                         0       0         512    
       Linker Generated:              0       53        0      
    +--+------------------------------+-------+---------+---------+
       Grand Total:                   10434   1851      1389   


LINKER GENERATED COPY TABLES

__TI_cinit_table @ 00002ff8 records: 2, size/record: 8, table size: 16
	.data: load addr=00002fd0, load size=00000011 bytes, run addr=20000554, run size=0000001c bytes, compression=lzss
	.bss: load addr=00002ff0, load size=00000008 bytes, run addr=20000000, run size=00000351 bytes, compression=zero_init


LINKER GENERATED HANDLER TABLE

__TI_handler_table @ 00002fe4 records: 3, size/record: 4, table size: 12
	index: 0, handler: __TI_decompress_lzss
	index: 1, handler: __TI_decompress_none
	index: 2, handler: __TI_zero_init


GLOBAL SYMBOLS: SORTED ALPHABETICALLY BY Name 

address   name                           
-------   ----                           
0000283d  C$$EXIT                        
0000278d  DelayInit                      
000027a7  DelayMs                        
00002a19  GPIODirModeSet                 
00002205  GPIOPadConfigSet               
000028dd  GPIOPinConfigure               
00002b13  GPIOPinRead                    
00002a89  GPIOPinTypeGPIOInput           
00002a43  GPIOPinTypeGPIOOutput          
00002a9b  GPIOPinTypeSSI                 
00002b19  GPIOPinWrite                   
0000294b  OLEDInitialise                 
00002925  OLEDStringDraw                 
00002199  OrbitOledAdvanceCursor         
000017e1  OrbitOledClampXco              
00001801  OrbitOledClampYco              
00001a1d  OrbitOledClear                 
00001a29  OrbitOledClearBuffer           
00002069  OrbitOledDefUserChar           
00001999  OrbitOledDevInit               
00001623  OrbitOledDrawChar              
00002121  OrbitOledDrawGlyph             
00000fe7  OrbitOledDrawPixel             
0000112d  OrbitOledDrawRect              
00001683  OrbitOledDrawString            
0000191f  OrbitOledDvrInit               
000011b1  OrbitOledFillRect              
000012f5  OrbitOledGetBmp                
000020d1  OrbitOledGetCharUpdate         
0000204d  OrbitOledGetCursor             
00000fe1  OrbitOledGetDrawMode           
00001013  OrbitOledGetPixel              
00000f37  OrbitOledGetPos                
00000f6b  OrbitOledGetStdPattern         
00001855  OrbitOledHostInit              
00001841  OrbitOledInit                  
0000102d  OrbitOledLineTo                
00001779  OrbitOledMoveDown              
000017af  OrbitOledMoveLeft              
000017c7  OrbitOledMoveRight             
00000ef1  OrbitOledMoveTo                
00001741  OrbitOledMoveUp                
00001455  OrbitOledPutBmp                
00001ab3  OrbitOledPutBuffer             
000020d7  OrbitOledPutChar               
000020f5  OrbitOledPutString             
000016ef  OrbitOledRopAnd                
000016cb  OrbitOledRopOr                 
000016a1  OrbitOledRopSet                
00001713  OrbitOledRopXor                
000020b9  OrbitOledSetCharUpdate         
00002001  OrbitOledSetCursor             
00000f53  OrbitOledSetDrawColor          
00000f8d  OrbitOledSetDrawMode           
00000f7d  OrbitOledSetFillPattern        
00001a59  OrbitOledUpdate                
00002ae1  ResetISR                       
UNDEFED   SHT$$INIT_ARRAY$$Base          
UNDEFED   SHT$$INIT_ARRAY$$Limit         
00002b0b  SSIBusy                        
00002b1f  SSIClockSourceSet              
000029a9  SSIConfigSetExpClk             
00002ac9  SSIDataGet                     
00002aed  SSIDataPut                     
00002af7  SSIEnable                      
00001b19  Ssi3PutByte                    
00002339  SysCtlClockGet                 
00002449  SysCtlClockSet                 
00002b25  SysCtlDelay                    
000029e5  SysCtlPeripheralEnable         
0000272d  TimerConfigure                 
00002aad  TimerEnable                    
00002b01  TimerValueGet                  
20000554  __STACK_END                    
00000200  __STACK_SIZE                   
20000554  __STACK_TOP                    
00002ff8  __TI_CINIT_Base                
00003008  __TI_CINIT_Limit               
00002fe4  __TI_Handler_Table_Base        
00002ff0  __TI_Handler_Table_Limit       
00002655  __TI_auto_init                 
20000554  __TI_cleanup_ptr               
000026c5  __TI_decompress_lzss           
00002abb  __TI_decompress_none           
20000558  __TI_dtors_ptr                 
2000055c  __TI_enable_exit_profile_output
ffffffff  __TI_pprof_out_hndl            
ffffffff  __TI_prof_data_size            
ffffffff  __TI_prof_data_start           
00000000  __TI_static_base__             
00002ad5  __TI_zero_init                 
00002337  __aeabi_idiv0                  
000025d9  __aeabi_memclr                 
000025d9  __aeabi_memclr4                
000025d9  __aeabi_memclr8                
0000253d  __aeabi_memcpy                 
0000253d  __aeabi_memcpy4                
0000253d  __aeabi_memcpy8                
000025db  __aeabi_memset                 
000025db  __aeabi_memset4                
000025db  __aeabi_memset8                
00002969  __aeabi_uidiv                  
00002969  __aeabi_uidivmod               
ffffffff  __binit__                      
ffffffff  __c_args__                     
00002653  __mpu_init                     
20000354  __stack                        
00002a5d  _args_main                     
000027e9  _c_int00                       
20000560  _lock                          
00002a83  _nop                           
00002a7b  _register_lock                 
00002a75  _register_unlock               
00002a5b  _system_post_cinit             
00002b2b  _system_pre_init               
20000564  _unlock                        
00002841  abort                          
ffffffff  binit                          
20000310  bnOledCur                      
00001f83  checkButton                    
20000350  clrOledCur                     
00002891  copy_in                        
00001bcf  displayButtonState             
20000314  dxcoOledFontCur                
20000318  dycoOledFontCur                
00002849  exit                           
2000031c  fOledCharUpdate                
00000000  g_pfnVectors                   
00001de1  initButtons                    
00001bbd  initClock                      
00001bc7  initDisplay                    
00001c13  main                           
20000568  main_func_sp                   
0000253d  memcpy                         
000025e1  memset                         
20000320  modOledCur                     
20000324  pbOledCur                      
20000328  pbOledFontCur                  
2000032c  pbOledFontUser                 
20000330  pbOledPatCur                   
20000334  pfnDoRop                       
00002f2c  rgbFillPat                     
20000000  rgbOledBmp                     
00002b30  rgbOledFont0                   
20000200  rgbOledFontUser                
00000751  ulocaltime                     
0000094f  umktime                        
00001eaf  updateButtons                  
00000ec9  urand                          
00000721  usnprintf                      
000006ef  usprintf                       
00000eb9  usrand                         
00000e31  ustrcasecmp                    
00000ea5  ustrcmp                        
00000d35  ustrlen                        
00000d8d  ustrncasecmp                   
00000e45  ustrncmp                       
0000026d  ustrncpy                       
00000d57  ustrstr                        
00000afd  ustrtof                        
000009c5  ustrtoul                       
000002c5  uvsnprintf                     
20000338  xchOledCur                     
2000033c  xchOledMax                     
20000340  xcoOledCur                     
20000344  ychOledCur                     
20000348  ychOledMax                     
2000034c  ycoOledCur                     


GLOBAL SYMBOLS: SORTED BY Symbol Address 

address   name                           
-------   ----                           
00000000  __TI_static_base__             
00000000  g_pfnVectors                   
00000200  __STACK_SIZE                   
0000026d  ustrncpy                       
000002c5  uvsnprintf                     
000006ef  usprintf                       
00000721  usnprintf                      
00000751  ulocaltime                     
0000094f  umktime                        
000009c5  ustrtoul                       
00000afd  ustrtof                        
00000d35  ustrlen                        
00000d57  ustrstr                        
00000d8d  ustrncasecmp                   
00000e31  ustrcasecmp                    
00000e45  ustrncmp                       
00000ea5  ustrcmp                        
00000eb9  usrand                         
00000ec9  urand                          
00000ef1  OrbitOledMoveTo                
00000f37  OrbitOledGetPos                
00000f53  OrbitOledSetDrawColor          
00000f6b  OrbitOledGetStdPattern         
00000f7d  OrbitOledSetFillPattern        
00000f8d  OrbitOledSetDrawMode           
00000fe1  OrbitOledGetDrawMode           
00000fe7  OrbitOledDrawPixel             
00001013  OrbitOledGetPixel              
0000102d  OrbitOledLineTo                
0000112d  OrbitOledDrawRect              
000011b1  OrbitOledFillRect              
000012f5  OrbitOledGetBmp                
00001455  OrbitOledPutBmp                
00001623  OrbitOledDrawChar              
00001683  OrbitOledDrawString            
000016a1  OrbitOledRopSet                
000016cb  OrbitOledRopOr                 
000016ef  OrbitOledRopAnd                
00001713  OrbitOledRopXor                
00001741  OrbitOledMoveUp                
00001779  OrbitOledMoveDown              
000017af  OrbitOledMoveLeft              
000017c7  OrbitOledMoveRight             
000017e1  OrbitOledClampXco              
00001801  OrbitOledClampYco              
00001841  OrbitOledInit                  
00001855  OrbitOledHostInit              
0000191f  OrbitOledDvrInit               
00001999  OrbitOledDevInit               
00001a1d  OrbitOledClear                 
00001a29  OrbitOledClearBuffer           
00001a59  OrbitOledUpdate                
00001ab3  OrbitOledPutBuffer             
00001b19  Ssi3PutByte                    
00001bbd  initClock                      
00001bc7  initDisplay                    
00001bcf  displayButtonState             
00001c13  main                           
00001de1  initButtons                    
00001eaf  updateButtons                  
00001f83  checkButton                    
00002001  OrbitOledSetCursor             
0000204d  OrbitOledGetCursor             
00002069  OrbitOledDefUserChar           
000020b9  OrbitOledSetCharUpdate         
000020d1  OrbitOledGetCharUpdate         
000020d7  OrbitOledPutChar               
000020f5  OrbitOledPutString             
00002121  OrbitOledDrawGlyph             
00002199  OrbitOledAdvanceCursor         
00002205  GPIOPadConfigSet               
00002337  __aeabi_idiv0                  
00002339  SysCtlClockGet                 
00002449  SysCtlClockSet                 
0000253d  __aeabi_memcpy                 
0000253d  __aeabi_memcpy4                
0000253d  __aeabi_memcpy8                
0000253d  memcpy                         
000025d9  __aeabi_memclr                 
000025d9  __aeabi_memclr4                
000025d9  __aeabi_memclr8                
000025db  __aeabi_memset                 
000025db  __aeabi_memset4                
000025db  __aeabi_memset8                
000025e1  memset                         
00002653  __mpu_init                     
00002655  __TI_auto_init                 
000026c5  __TI_decompress_lzss           
0000272d  TimerConfigure                 
0000278d  DelayInit                      
000027a7  DelayMs                        
000027e9  _c_int00                       
0000283d  C$$EXIT                        
00002841  abort                          
00002849  exit                           
00002891  copy_in                        
000028dd  GPIOPinConfigure               
00002925  OLEDStringDraw                 
0000294b  OLEDInitialise                 
00002969  __aeabi_uidiv                  
00002969  __aeabi_uidivmod               
000029a9  SSIConfigSetExpClk             
000029e5  SysCtlPeripheralEnable         
00002a19  GPIODirModeSet                 
00002a43  GPIOPinTypeGPIOOutput          
00002a5b  _system_post_cinit             
00002a5d  _args_main                     
00002a75  _register_unlock               
00002a7b  _register_lock                 
00002a83  _nop                           
00002a89  GPIOPinTypeGPIOInput           
00002a9b  GPIOPinTypeSSI                 
00002aad  TimerEnable                    
00002abb  __TI_decompress_none           
00002ac9  SSIDataGet                     
00002ad5  __TI_zero_init                 
00002ae1  ResetISR                       
00002aed  SSIDataPut                     
00002af7  SSIEnable                      
00002b01  TimerValueGet                  
00002b0b  SSIBusy                        
00002b13  GPIOPinRead                    
00002b19  GPIOPinWrite                   
00002b1f  SSIClockSourceSet              
00002b25  SysCtlDelay                    
00002b2b  _system_pre_init               
00002b30  rgbOledFont0                   
00002f2c  rgbFillPat                     
00002fe4  __TI_Handler_Table_Base        
00002ff0  __TI_Handler_Table_Limit       
00002ff8  __TI_CINIT_Base                
00003008  __TI_CINIT_Limit               
20000000  rgbOledBmp                     
20000200  rgbOledFontUser                
20000310  bnOledCur                      
20000314  dxcoOledFontCur                
20000318  dycoOledFontCur                
2000031c  fOledCharUpdate                
20000320  modOledCur                     
20000324  pbOledCur                      
20000328  pbOledFontCur                  
2000032c  pbOledFontUser                 
20000330  pbOledPatCur                   
20000334  pfnDoRop                       
20000338  xchOledCur                     
2000033c  xchOledMax                     
20000340  xcoOledCur                     
20000344  ychOledCur                     
20000348  ychOledMax                     
2000034c  ycoOledCur                     
20000350  clrOledCur                     
20000354  __stack                        
20000554  __STACK_END                    
20000554  __STACK_TOP                    
20000554  __TI_cleanup_ptr               
20000558  __TI_dtors_ptr                 
2000055c  __TI_enable_exit_profile_output
20000560  _lock                          
20000564  _unlock                        
20000568  main_func_sp                   
ffffffff  __TI_pprof_out_hndl            
ffffffff  __TI_prof_data_size            
ffffffff  __TI_prof_data_start           
ffffffff  __binit__                      
ffffffff  __c_args__                     
ffffffff  binit                          
UNDEFED   SHT$$INIT_ARRAY$$Base          
UNDEFED   SHT$$INIT_ARRAY$$Limit         

[168 symbols]
