******************************************************************************
                  TI ARM Linker PC v16.9.6                     
******************************************************************************
>> Linked Mon Mar 05 22:29:10 2018

OUTPUT FILE NAME:   <Lab3.out>
ENTRY POINT SYMBOL: "_c_int00"  address: 00000b0d


MEMORY CONFIGURATION

         name            origin    length      used     unused   attr    fill
----------------------  --------  ---------  --------  --------  ----  --------
  FLASH                 00000000   00040000  00000fea  0003f016  R  X
  SRAM                  20000000   00008000  00000494  00007b6c  RW X


SEGMENT ALLOCATION MAP

run origin  load origin   length   init length attrs members
----------  ----------- ---------- ----------- ----- -------
00000000    00000000    00000ff0   00000ff0    r-x
  00000000    00000000    0000026c   0000026c    r-- .intvecs
  0000026c    0000026c    00000c3a   00000c3a    r-x .text
  00000ea8    00000ea8    000000fc   000000fc    r-- .const
  00000fa8    00000fa8    00000048   00000048    r-- .cinit
20000000    20000000    00000494   00000000    rw-
  20000000    20000000    0000026c   00000000    rw- .vtable
  2000026c    2000026c    00000200   00000000    rw- .stack
  2000046c    2000046c    00000018   00000000    rw- .data
  20000484    20000484    00000010   00000000    rw- .bss


SECTION ALLOCATION MAP

 output                                  attributes/
section   page    origin      length       input sections
--------  ----  ----------  ----------   ----------------
.intvecs   0    00000000    0000026c     
                  00000000    0000026c     tm4c123gh6pm_startup_ccs.obj (.intvecs)

.text      0    0000026c    00000c3a     
                  0000026c    00000220     buttons4.obj (.text)
                  0000048c    00000158     pwmGen.obj (.text)
                  000005e4    00000132     driverlib.lib : gpio.obj (.text:GPIOPadConfigSet)
                  00000716    00000002     rtsv7M4_T_le_v4SPD16_eabi.lib : mpu_init.obj (.text)
                  00000718    00000110     driverlib.lib : sysctl.obj (.text:SysCtlClockGet)
                  00000828    000000f4                   : sysctl.obj (.text:SysCtlClockSet)
                  0000091c    0000009c     rtsv7M4_T_le_v4SPD16_eabi.lib : memcpy_t2.obj (.text)
                  000009b8    0000007a                                   : memset_t2.obj (.text)
                  00000a32    00000002                                   : startup.obj (.text)
                  00000a34    00000070                                   : autoinit.obj (.text)
                  00000aa4    00000068                                   : copy_decompress_lzss.obj (.text:decompress:lzss)
                  00000b0c    00000054                                   : boot.obj (.text)
                  00000b60    00000054                                   : exit.obj (.text)
                  00000bb4    00000050     driverlib.lib : sysctl.obj (.text:SysCtlPeripheralReset)
                  00000c04    0000004c     rtsv7M4_T_le_v4SPD16_eabi.lib : cpy_tbl.obj (.text)
                  00000c50    00000048     driverlib.lib : gpio.obj (.text:GPIOPinConfigure)
                  00000c98    00000034                   : interrupt.obj (.text:IntRegister)
                  00000ccc    00000034                   : sysctl.obj (.text:SysCtlPeripheralEnable)
                  00000d00    0000002a                   : gpio.obj (.text:GPIODirModeSet)
                  00000d2a    00000022                   : pwm.obj (.text:PWMGenConfigure)
                  00000d4c    0000001e                   : pwm.obj (.text:PWMPulseWidthSet)
                  00000d6a    00000002     --HOLE-- [fill = 0]
                  00000d6c    0000001c                   : systick.obj (.text:SysTickIntRegister)
                  00000d88    00000018     rtsv7M4_T_le_v4SPD16_eabi.lib : args_main.obj (.text)
                  00000da0    00000014     driverlib.lib : sysctl.obj (.text:SysCtlPWMClockSet)
                  00000db4    00000014                   : systick.obj (.text:SysTickEnable)
                  00000dc8    00000014                   : systick.obj (.text:SysTickIntEnable)
                  00000ddc    00000014     rtsv7M4_T_le_v4SPD16_eabi.lib : _lock.obj (.text)
                  00000df0    00000012     driverlib.lib : gpio.obj (.text:GPIOPinTypeGPIOInput)
                  00000e02    00000012                   : gpio.obj (.text:GPIOPinTypePWM)
                  00000e14    00000012                   : pwm.obj (.text:PWMOutputState)
                  00000e26    00000010                   : interrupt.obj (.text:IntMasterEnable)
                  00000e36    00000010                   : pwm.obj (.text:PWMGenPeriodSet)
                  00000e46    00000002     --HOLE-- [fill = 0]
                  00000e48    00000010                   : systick.obj (.text:SysTickPeriodSet)
                  00000e58    0000000e     rtsv7M4_T_le_v4SPD16_eabi.lib : copy_decompress_none.obj (.text:decompress:none)
                  00000e66    0000000c     driverlib.lib : cpu.obj (.text:CPUcpsie)
                  00000e72    0000000c                   : pwm.obj (.text:PWMGenEnable)
                  00000e7e    0000000c     rtsv7M4_T_le_v4SPD16_eabi.lib : copy_zero_init.obj (.text:decompress:ZI)
                  00000e8a    0000000c     tm4c123gh6pm_startup_ccs.obj (.text)
                  00000e96    00000006     driverlib.lib : gpio.obj (.text:GPIOPinRead)
                  00000e9c    00000006                   : sysctl.obj (.text:SysCtlDelay)
                  00000ea2    00000004     rtsv7M4_T_le_v4SPD16_eabi.lib : pre_init.obj (.text)

.const     0    00000ea8    000000fc     
                  00000ea8    00000090     driverlib.lib : gpio.obj (.const:g_pui32GPIOBaseAddrs)
                  00000f38    0000006c                   : sysctl.obj (.const:g_pui32Xtals)

.cinit     0    00000fa8    00000048     
                  00000fa8    00000011     (.cinit..data.load) [load image, compression = lzss]
                  00000fb9    00000003     --HOLE-- [fill = 0]
                  00000fbc    0000000c     (__TI_handler_table)
                  00000fc8    00000008     (.cinit..bss.load) [load image, compression = zero_init]
                  00000fd0    00000008     (.cinit..vtable.load) [load image, compression = zero_init]
                  00000fd8    00000018     (__TI_cinit_table)

.init_array 
*          0    00000000    00000000     UNINITIALIZED

.vtable    0    20000000    0000026c     UNINITIALIZED
                  20000000    0000026c     driverlib.lib : interrupt.obj (.vtable)

.stack     0    2000026c    00000200     UNINITIALIZED
                  2000026c    00000200     --HOLE--

.data      0    2000046c    00000018     UNINITIALIZED
                  2000046c    0000000c     rtsv7M4_T_le_v4SPD16_eabi.lib : exit.obj (.data:$O1$$)
                  20000478    00000008                                   : _lock.obj (.data:$O1$$)
                  20000480    00000004                                   : stkdepth_vars.obj (.data)

.bss       0    20000484    00000010     UNINITIALIZED
                  20000484    00000004     buttons4.obj (.bss:but_count)
                  20000488    00000004     buttons4.obj (.bss:but_flag)
                  2000048c    00000004     buttons4.obj (.bss:but_normal)
                  20000490    00000004     buttons4.obj (.bss:but_state)

MODULE SUMMARY

       Module                         code   ro data   rw data
       ------                         ----   -------   -------
    .\
       tm4c123gh6pm_startup_ccs.obj   12     620       0      
       buttons4.obj                   544    0         16     
       pwmGen.obj                     344    0         0      
    +--+------------------------------+------+---------+---------+
       Total:                         900    620       16     
                                                              
    C:/ti/TivaWare_C_Series-2.1.4.178/driverlib/ccs/Debug/driverlib.lib
       sysctl.obj                     674    108       0      
       interrupt.obj                  68     0         620    
       gpio.obj                       462    144       0      
       pwm.obj                        110    0         0      
       systick.obj                    84     0         0      
       cpu.obj                        12     0         0      
    +--+------------------------------+------+---------+---------+
       Total:                         1410   252       620    
                                                              
    C:\ti\ccsv7\tools\compiler\ti-cgt-arm_16.9.6.LTS\lib\rtsv7M4_T_le_v4SPD16_eabi.lib
       memcpy_t2.obj                  156    0         0      
       memset_t2.obj                  122    0         0      
       autoinit.obj                   112    0         0      
       copy_decompress_lzss.obj       104    0         0      
       exit.obj                       84     0         12     
       boot.obj                       84     0         0      
       cpy_tbl.obj                    76     0         0      
       _lock.obj                      20     0         8      
       args_main.obj                  24     0         0      
       copy_decompress_none.obj       14     0         0      
       copy_zero_init.obj             12     0         0      
       pre_init.obj                   4      0         0      
       stkdepth_vars.obj              0      0         4      
       mpu_init.obj                   2      0         0      
       startup.obj                    2      0         0      
    +--+------------------------------+------+---------+---------+
       Total:                         816    0         24     
                                                              
       Stack:                         0      0         512    
       Linker Generated:              0      69        0      
    +--+------------------------------+------+---------+---------+
       Grand Total:                   3126   941       1172   


LINKER GENERATED COPY TABLES

__TI_cinit_table @ 00000fd8 records: 3, size/record: 8, table size: 24
	.data: load addr=00000fa8, load size=00000011 bytes, run addr=2000046c, run size=00000018 bytes, compression=lzss
	.bss: load addr=00000fc8, load size=00000008 bytes, run addr=20000484, run size=00000010 bytes, compression=zero_init
	.vtable: load addr=00000fd0, load size=00000008 bytes, run addr=20000000, run size=0000026c bytes, compression=zero_init


LINKER GENERATED HANDLER TABLE

__TI_handler_table @ 00000fbc records: 3, size/record: 4, table size: 12
	index: 0, handler: __TI_zero_init
	index: 1, handler: __TI_decompress_lzss
	index: 2, handler: __TI_decompress_none


GLOBAL SYMBOLS: SORTED ALPHABETICALLY BY Name 

address   name                           
-------   ----                           
00000b61  C$$EXIT                        
00000e67  CPUcpsie                       
00000d01  GPIODirModeSet                 
000005e5  GPIOPadConfigSet               
00000c51  GPIOPinConfigure               
00000e97  GPIOPinRead                    
00000df1  GPIOPinTypeGPIOInput           
00000e03  GPIOPinTypePWM                 
00000e27  IntMasterEnable                
00000c99  IntRegister                    
00000d2b  PWMGenConfigure                
00000e73  PWMGenEnable                   
00000e37  PWMGenPeriodSet                
00000e15  PWMOutputState                 
00000d4d  PWMPulseWidthSet               
00000e8b  ResetISR                       
UNDEFED   SHT$$INIT_ARRAY$$Base          
UNDEFED   SHT$$INIT_ARRAY$$Limit         
00000719  SysCtlClockGet                 
00000829  SysCtlClockSet                 
00000e9d  SysCtlDelay                    
00000da1  SysCtlPWMClockSet              
00000ccd  SysCtlPeripheralEnable         
00000bb5  SysCtlPeripheralReset          
00000db5  SysTickEnable                  
00000dc9  SysTickIntEnable               
0000048d  SysTickIntHandler              
00000d6d  SysTickIntRegister             
00000e49  SysTickPeriodSet               
2000046c  __STACK_END                    
00000200  __STACK_SIZE                   
2000046c  __STACK_TOP                    
00000fd8  __TI_CINIT_Base                
00000ff0  __TI_CINIT_Limit               
00000fbc  __TI_Handler_Table_Base        
00000fc8  __TI_Handler_Table_Limit       
00000a35  __TI_auto_init                 
2000046c  __TI_cleanup_ptr               
00000aa5  __TI_decompress_lzss           
00000e59  __TI_decompress_none           
20000470  __TI_dtors_ptr                 
20000474  __TI_enable_exit_profile_output
ffffffff  __TI_pprof_out_hndl            
ffffffff  __TI_prof_data_size            
ffffffff  __TI_prof_data_start           
00000000  __TI_static_base__             
00000e7f  __TI_zero_init                 
000009b9  __aeabi_memclr                 
000009b9  __aeabi_memclr4                
000009b9  __aeabi_memclr8                
0000091d  __aeabi_memcpy                 
0000091d  __aeabi_memcpy4                
0000091d  __aeabi_memcpy8                
000009bb  __aeabi_memset                 
000009bb  __aeabi_memset4                
000009bb  __aeabi_memset8                
ffffffff  __binit__                      
ffffffff  __c_args__                     
00000717  __mpu_init                     
2000026c  __stack                        
00000d89  _args_main                     
00000b0d  _c_int00                       
20000478  _lock                          
00000deb  _nop                           
00000de3  _register_lock                 
00000ddd  _register_unlock               
00000a33  _system_post_cinit             
00000ea3  _system_pre_init               
2000047c  _unlock                        
00000b65  abort                          
ffffffff  binit                          
0000040f  checkButton                    
00000c05  copy_in                        
00000b6d  exit                           
20000000  g_pfnRAMVectors                
00000000  g_pfnVectors                   
0000026d  initButtons                    
00000495  initClocks                     
000004a7  initSysTick                    
000004c7  initialisePWM                  
00000545  main                           
20000480  main_func_sp                   
0000091d  memcpy                         
000009c1  memset                         
0000050d  setPWM                         
0000033b  updateButtons                  


GLOBAL SYMBOLS: SORTED BY Symbol Address 

address   name                           
-------   ----                           
00000000  __TI_static_base__             
00000000  g_pfnVectors                   
00000200  __STACK_SIZE                   
0000026d  initButtons                    
0000033b  updateButtons                  
0000040f  checkButton                    
0000048d  SysTickIntHandler              
00000495  initClocks                     
000004a7  initSysTick                    
000004c7  initialisePWM                  
0000050d  setPWM                         
00000545  main                           
000005e5  GPIOPadConfigSet               
00000717  __mpu_init                     
00000719  SysCtlClockGet                 
00000829  SysCtlClockSet                 
0000091d  __aeabi_memcpy                 
0000091d  __aeabi_memcpy4                
0000091d  __aeabi_memcpy8                
0000091d  memcpy                         
000009b9  __aeabi_memclr                 
000009b9  __aeabi_memclr4                
000009b9  __aeabi_memclr8                
000009bb  __aeabi_memset                 
000009bb  __aeabi_memset4                
000009bb  __aeabi_memset8                
000009c1  memset                         
00000a33  _system_post_cinit             
00000a35  __TI_auto_init                 
00000aa5  __TI_decompress_lzss           
00000b0d  _c_int00                       
00000b61  C$$EXIT                        
00000b65  abort                          
00000b6d  exit                           
00000bb5  SysCtlPeripheralReset          
00000c05  copy_in                        
00000c51  GPIOPinConfigure               
00000c99  IntRegister                    
00000ccd  SysCtlPeripheralEnable         
00000d01  GPIODirModeSet                 
00000d2b  PWMGenConfigure                
00000d4d  PWMPulseWidthSet               
00000d6d  SysTickIntRegister             
00000d89  _args_main                     
00000da1  SysCtlPWMClockSet              
00000db5  SysTickEnable                  
00000dc9  SysTickIntEnable               
00000ddd  _register_unlock               
00000de3  _register_lock                 
00000deb  _nop                           
00000df1  GPIOPinTypeGPIOInput           
00000e03  GPIOPinTypePWM                 
00000e15  PWMOutputState                 
00000e27  IntMasterEnable                
00000e37  PWMGenPeriodSet                
00000e49  SysTickPeriodSet               
00000e59  __TI_decompress_none           
00000e67  CPUcpsie                       
00000e73  PWMGenEnable                   
00000e7f  __TI_zero_init                 
00000e8b  ResetISR                       
00000e97  GPIOPinRead                    
00000e9d  SysCtlDelay                    
00000ea3  _system_pre_init               
00000fbc  __TI_Handler_Table_Base        
00000fc8  __TI_Handler_Table_Limit       
00000fd8  __TI_CINIT_Base                
00000ff0  __TI_CINIT_Limit               
20000000  g_pfnRAMVectors                
2000026c  __stack                        
2000046c  __STACK_END                    
2000046c  __STACK_TOP                    
2000046c  __TI_cleanup_ptr               
20000470  __TI_dtors_ptr                 
20000474  __TI_enable_exit_profile_output
20000478  _lock                          
2000047c  _unlock                        
20000480  main_func_sp                   
ffffffff  __TI_pprof_out_hndl            
ffffffff  __TI_prof_data_size            
ffffffff  __TI_prof_data_start           
ffffffff  __binit__                      
ffffffff  __c_args__                     
ffffffff  binit                          
UNDEFED   SHT$$INIT_ARRAY$$Base          
UNDEFED   SHT$$INIT_ARRAY$$Limit         

[86 symbols]
