******************************************************************************
                  TI ARM Linker PC v16.9.6                     
******************************************************************************
>> Linked Thu Mar 08 20:35:23 2018

OUTPUT FILE NAME:   <Lab3.out>
ENTRY POINT SYMBOL: "_c_int00"  address: 000028d9


MEMORY CONFIGURATION

         name            origin    length      used     unused   attr    fill
----------------------  --------  ---------  --------  --------  ----  --------
  FLASH                 00000000   00040000  000032c1  0003cd3f  R  X
  SRAM                  20000000   00008000  000007dd  00007823  RW X


SEGMENT ALLOCATION MAP

run origin  load origin   length   init length attrs members
----------  ----------- ---------- ----------- ----- -------
00000000    00000000    000032c8   000032c8    r-x
  00000000    00000000    0000026c   0000026c    r-- .intvecs
  0000026c    0000026c    00002b3a   00002b3a    r-x .text
  00002da8    00002da8    000004d3   000004d3    r-- .const
  00003280    00003280    00000048   00000048    r-- .cinit
20000000    20000000    000007e0   00000000    rw-
  20000000    20000000    0000026c   00000000    rw- .vtable
  2000026c    2000026c    00000351   00000000    rw- .bss
  200005c0    200005c0    00000200   00000000    rw- .stack
  200007c0    200007c0    00000020   00000000    rw- .data


SECTION ALLOCATION MAP

 output                                  attributes/
section   page    origin      length       input sections
--------  ----  ----------  ----------   ----------------
.intvecs   0    00000000    0000026c     
                  00000000    0000026c     tm4c123gh6pm_startup_ccs.obj (.intvecs)

.text      0    0000026c    00002b3a     
                  0000026c    00000c84     ustdlib.obj (.text)
                  00000ef0    00000950     OrbitOledGrph.obj (.text)
                  00001840    0000037c     OrbitOled.obj (.text)
                  00001bbc    00000314     pwmGen3.obj (.text)
                  00001ed0    00000220     buttons4.obj (.text)
                  000020f0    00000204     OrbitOledChar.obj (.text)
                  000022f4    00000132     driverlib.lib : gpio.obj (.text:GPIOPadConfigSet)
                  00002426    00000002     rtsv7M4_T_le_v4SPD16_eabi.lib : i_div0.obj (.text)
                  00002428    00000110     driverlib.lib : sysctl.obj (.text:SysCtlClockGet)
                  00002538    000000f4                   : sysctl.obj (.text:SysCtlClockSet)
                  0000262c    0000009c     rtsv7M4_T_le_v4SPD16_eabi.lib : memcpy_t2.obj (.text)
                  000026c8    0000007a                                   : memset_t2.obj (.text)
                  00002742    00000002                                   : mpu_init.obj (.text)
                  00002744    00000070                                   : autoinit.obj (.text)
                  000027b4    00000068                                   : copy_decompress_lzss.obj (.text:decompress:lzss)
                  0000281c    00000060     driverlib.lib : timer.obj (.text:TimerConfigure)
                  0000287c    0000005c     delay.obj (.text)
                  000028d8    00000054     rtsv7M4_T_le_v4SPD16_eabi.lib : boot.obj (.text)
                  0000292c    00000054                                   : exit.obj (.text)
                  00002980    00000050     driverlib.lib : sysctl.obj (.text:SysCtlPeripheralReset)
                  000029d0    0000004c     rtsv7M4_T_le_v4SPD16_eabi.lib : cpy_tbl.obj (.text)
                  00002a1c    00000048     driverlib.lib : gpio.obj (.text:GPIOPinConfigure)
                  00002a64    00000044     OrbitOLEDInterface.obj (.text)
                  00002aa8    00000040     rtsv7M4_T_le_v4SPD16_eabi.lib : u_divt2.obj (.text)
                  00002ae8    0000003c     driverlib.lib : ssi.obj (.text:SSIConfigSetExpClk)
                  00002b24    00000034                   : interrupt.obj (.text:IntRegister)
                  00002b58    00000034                   : sysctl.obj (.text:SysCtlPeripheralEnable)
                  00002b8c    0000002a                   : gpio.obj (.text:GPIODirModeSet)
                  00002bb6    00000022                   : pwm.obj (.text:PWMGenConfigure)
                  00002bd8    0000001e                   : pwm.obj (.text:PWMPulseWidthSet)
                  00002bf6    00000002     rtsv7M4_T_le_v4SPD16_eabi.lib : startup.obj (.text)
                  00002bf8    0000001c     driverlib.lib : systick.obj (.text:SysTickIntRegister)
                  00002c14    00000018                   : gpio.obj (.text:GPIOPinTypeGPIOOutput)
                  00002c2c    00000018     rtsv7M4_T_le_v4SPD16_eabi.lib : args_main.obj (.text)
                  00002c44    00000014     driverlib.lib : sysctl.obj (.text:SysCtlPWMClockSet)
                  00002c58    00000014                   : systick.obj (.text:SysTickEnable)
                  00002c6c    00000014                   : systick.obj (.text:SysTickIntEnable)
                  00002c80    00000014     rtsv7M4_T_le_v4SPD16_eabi.lib : _lock.obj (.text)
                  00002c94    00000012     driverlib.lib : gpio.obj (.text:GPIOPinTypeGPIOInput)
                  00002ca6    00000012                   : gpio.obj (.text:GPIOPinTypePWM)
                  00002cb8    00000012                   : gpio.obj (.text:GPIOPinTypeSSI)
                  00002cca    00000012                   : pwm.obj (.text:PWMOutputState)
                  00002cdc    00000010                   : interrupt.obj (.text:IntMasterEnable)
                  00002cec    00000010                   : pwm.obj (.text:PWMGenPeriodSet)
                  00002cfc    00000010                   : systick.obj (.text:SysTickPeriodSet)
                  00002d0c    0000000e                   : timer.obj (.text:TimerEnable)
                  00002d1a    0000000e     rtsv7M4_T_le_v4SPD16_eabi.lib : copy_decompress_none.obj (.text:decompress:none)
                  00002d28    0000000c     driverlib.lib : cpu.obj (.text:CPUcpsie)
                  00002d34    0000000c                   : pwm.obj (.text:PWMGenEnable)
                  00002d40    0000000c                   : ssi.obj (.text:SSIDataGet)
                  00002d4c    0000000c     rtsv7M4_T_le_v4SPD16_eabi.lib : copy_zero_init.obj (.text:decompress:ZI)
                  00002d58    0000000c     tm4c123gh6pm_startup_ccs.obj (.text)
                  00002d64    0000000a     driverlib.lib : ssi.obj (.text:SSIDataPut)
                  00002d6e    0000000a                   : ssi.obj (.text:SSIEnable)
                  00002d78    0000000a                   : timer.obj (.text:TimerValueGet)
                  00002d82    00000008                   : ssi.obj (.text:SSIBusy)
                  00002d8a    00000006                   : gpio.obj (.text:GPIOPinRead)
                  00002d90    00000006                   : gpio.obj (.text:GPIOPinWrite)
                  00002d96    00000006                   : ssi.obj (.text:SSIClockSourceSet)
                  00002d9c    00000006                   : sysctl.obj (.text:SysCtlDelay)
                  00002da2    00000004     rtsv7M4_T_le_v4SPD16_eabi.lib : pre_init.obj (.text)

.const     0    00002da8    000004d3     
                  00002da8    00000300     ChrFont0.obj (.const:.string:rgbOledFont0)
                  000030a8    00000090     driverlib.lib : gpio.obj (.const:g_pui32GPIOBaseAddrs)
                  00003138    0000006c                   : sysctl.obj (.const:g_pui32Xtals)
                  000031a4    00000040     FillPat.obj (.const:.string:rgbFillPat)
                  000031e4    00000030     ustdlib.obj (.const:g_psDaysToMonth)
                  00003214    00000019     pwmGen3.obj (.const:.string:$P$T0$1)
                  0000322d    00000019     pwmGen3.obj (.const:.string:$P$T1$2)
                  00003246    00000002     pwmGen3.obj (.const:.string:$P$T3$4)
                  00003248    00000018     ustdlib.obj (.const:g_pfExponents)
                  00003260    00000012     ustdlib.obj (.const:.string)
                  00003272    00000002     --HOLE-- [fill = 0]
                  00003274    00000004     ustdlib.obj (.const)
                  00003278    00000003     pwmGen3.obj (.const:.string:$P$T2$3)

.cinit     0    00003280    00000048     
                  00003280    00000012     (.cinit..data.load) [load image, compression = lzss]
                  00003292    00000002     --HOLE-- [fill = 0]
                  00003294    0000000c     (__TI_handler_table)
                  000032a0    00000008     (.cinit..bss.load) [load image, compression = zero_init]
                  000032a8    00000008     (.cinit..vtable.load) [load image, compression = zero_init]
                  000032b0    00000018     (__TI_cinit_table)

.init_array 
*          0    00000000    00000000     UNINITIALIZED

.vtable    0    20000000    0000026c     UNINITIALIZED
                  20000000    0000026c     driverlib.lib : interrupt.obj (.vtable)

.bss       0    2000026c    00000351     UNINITIALIZED
                  2000026c    00000200     (.common:rgbOledBmp)
                  2000046c    00000100     (.common:rgbOledFontUser)
                  2000056c    00000004     buttons4.obj (.bss:but_count)
                  20000570    00000004     buttons4.obj (.bss:but_flag)
                  20000574    00000004     buttons4.obj (.bss:but_normal)
                  20000578    00000004     buttons4.obj (.bss:but_state)
                  2000057c    00000004     (.common:bnOledCur)
                  20000580    00000004     (.common:dxcoOledFontCur)
                  20000584    00000004     (.common:dycoOledFontCur)
                  20000588    00000004     (.common:fOledCharUpdate)
                  2000058c    00000004     (.common:modOledCur)
                  20000590    00000004     (.common:pbOledCur)
                  20000594    00000004     (.common:pbOledFontCur)
                  20000598    00000004     (.common:pbOledFontUser)
                  2000059c    00000004     (.common:pbOledPatCur)
                  200005a0    00000004     (.common:pfnDoRop)
                  200005a4    00000004     (.common:xchOledCur)
                  200005a8    00000004     (.common:xchOledMax)
                  200005ac    00000004     (.common:xcoOledCur)
                  200005b0    00000004     (.common:ychOledCur)
                  200005b4    00000004     (.common:ychOledMax)
                  200005b8    00000004     (.common:ycoOledCur)
                  200005bc    00000001     (.common:clrOledCur)

.stack     0    200005c0    00000200     UNINITIALIZED
                  200005c0    00000200     --HOLE--

.data      0    200007c0    00000020     UNINITIALIZED
                  200007c0    0000000c     rtsv7M4_T_le_v4SPD16_eabi.lib : exit.obj (.data:$O1$$)
                  200007cc    00000008                                   : _lock.obj (.data:$O1$$)
                  200007d4    00000004     pwmGen3.obj (.data)
                  200007d8    00000004     rtsv7M4_T_le_v4SPD16_eabi.lib : stkdepth_vars.obj (.data)
                  200007dc    00000004     ustdlib.obj (.data)

MODULE SUMMARY

       Module                         code    ro data   rw data
       ------                         ----    -------   -------
    .\
       ustdlib.obj                    3204    94        4      
       pwmGen3.obj                    788     55        4      
       tm4c123gh6pm_startup_ccs.obj   12      620       0      
       buttons4.obj                   544     0         16     
    +--+------------------------------+-------+---------+---------+
       Total:                         4548    769       24     
                                                               
    .\OrbitOLED\
       OrbitOLEDInterface.obj         68      0         0      
    +--+------------------------------+-------+---------+---------+
       Total:                         68      0         0      
                                                               
    .\OrbitOLED\lib_OrbitOled\
       OrbitOledGrph.obj              2384    0         8      
       OrbitOled.obj                  892     0         553    
       OrbitOledChar.obj              516     0         272    
       ChrFont0.obj                   0       768       0      
       delay.obj                      92      0         0      
       FillPat.obj                    0       64        0      
    +--+------------------------------+-------+---------+---------+
       Total:                         3884    832       833    
                                                               
    C:/ti/TivaWare_C_Series-2.1.4.178/driverlib/ccs/Debug/driverlib.lib
       sysctl.obj                     674     108       0      
       interrupt.obj                  68      0         620    
       gpio.obj                       510     144       0      
       timer.obj                      120     0         0      
       pwm.obj                        110     0         0      
       ssi.obj                        106     0         0      
       systick.obj                    84      0         0      
       cpu.obj                        12      0         0      
    +--+------------------------------+-------+---------+---------+
       Total:                         1684    252       620    
                                                               
    C:\ti\ccsv7\tools\compiler\ti-cgt-arm_16.9.6.LTS\lib\rtsv7M4_T_le_v4SPD16_eabi.lib
       memcpy_t2.obj                  156     0         0      
       memset_t2.obj                  122     0         0      
       autoinit.obj                   112     0         0      
       copy_decompress_lzss.obj       104     0         0      
       exit.obj                       84      0         12     
       boot.obj                       84      0         0      
       cpy_tbl.obj                    76      0         0      
       u_divt2.obj                    64      0         0      
       _lock.obj                      20      0         8      
       args_main.obj                  24      0         0      
       copy_decompress_none.obj       14      0         0      
       copy_zero_init.obj             12      0         0      
       pre_init.obj                   4       0         0      
       stkdepth_vars.obj              0       0         4      
       i_div0.obj                     2       0         0      
       mpu_init.obj                   2       0         0      
       startup.obj                    2       0         0      
    +--+------------------------------+-------+---------+---------+
       Total:                         882     0         24     
                                                               
       Stack:                         0       0         512    
       Linker Generated:              0       70        0      
    +--+------------------------------+-------+---------+---------+
       Grand Total:                   11066   1923      2013   


LINKER GENERATED COPY TABLES

__TI_cinit_table @ 000032b0 records: 3, size/record: 8, table size: 24
	.data: load addr=00003280, load size=00000012 bytes, run addr=200007c0, run size=00000020 bytes, compression=lzss
	.bss: load addr=000032a0, load size=00000008 bytes, run addr=2000026c, run size=00000351 bytes, compression=zero_init
	.vtable: load addr=000032a8, load size=00000008 bytes, run addr=20000000, run size=0000026c bytes, compression=zero_init


LINKER GENERATED HANDLER TABLE

__TI_handler_table @ 00003294 records: 3, size/record: 4, table size: 12
	index: 0, handler: __TI_zero_init
	index: 1, handler: __TI_decompress_lzss
	index: 2, handler: __TI_decompress_none


GLOBAL SYMBOLS: SORTED ALPHABETICALLY BY Name 

address   name                           
-------   ----                           
0000292d  C$$EXIT                        
00002d29  CPUcpsie                       
0000287d  DelayInit                      
00002897  DelayMs                        
00002b8d  GPIODirModeSet                 
000022f5  GPIOPadConfigSet               
00002a1d  GPIOPinConfigure               
00002d8b  GPIOPinRead                    
00002c95  GPIOPinTypeGPIOInput           
00002c15  GPIOPinTypeGPIOOutput          
00002ca7  GPIOPinTypePWM                 
00002cb9  GPIOPinTypeSSI                 
00002d91  GPIOPinWrite                   
00002cdd  IntMasterEnable                
00002b25  IntRegister                    
00002a8b  OLEDInitialise                 
00002a65  OLEDStringDraw                 
00002289  OrbitOledAdvanceCursor         
000017e1  OrbitOledClampXco              
00001801  OrbitOledClampYco              
00001a1d  OrbitOledClear                 
00001a29  OrbitOledClearBuffer           
00002159  OrbitOledDefUserChar           
00001999  OrbitOledDevInit               
00001623  OrbitOledDrawChar              
00002211  OrbitOledDrawGlyph             
00000fe7  OrbitOledDrawPixel             
0000112d  OrbitOledDrawRect              
00001683  OrbitOledDrawString            
0000191f  OrbitOledDvrInit               
000011b1  OrbitOledFillRect              
000012f5  OrbitOledGetBmp                
000021c1  OrbitOledGetCharUpdate         
0000213d  OrbitOledGetCursor             
00000fe1  OrbitOledGetDrawMode           
00001013  OrbitOledGetPixel              
00000f37  OrbitOledGetPos                
00000f6b  OrbitOledGetStdPattern         
00001855  OrbitOledHostInit              
00001841  OrbitOledInit                  
0000102d  OrbitOledLineTo                
00001779  OrbitOledMoveDown              
000017af  OrbitOledMoveLeft              
000017c7  OrbitOledMoveRight             
00000ef1  OrbitOledMoveTo                
00001741  OrbitOledMoveUp                
00001455  OrbitOledPutBmp                
00001ab3  OrbitOledPutBuffer             
000021c7  OrbitOledPutChar               
000021e5  OrbitOledPutString             
000016ef  OrbitOledRopAnd                
000016cb  OrbitOledRopOr                 
000016a1  OrbitOledRopSet                
00001713  OrbitOledRopXor                
000021a9  OrbitOledSetCharUpdate         
000020f1  OrbitOledSetCursor             
00000f53  OrbitOledSetDrawColor          
00000f8d  OrbitOledSetDrawMode           
00000f7d  OrbitOledSetFillPattern        
00001a59  OrbitOledUpdate                
00002bb7  PWMGenConfigure                
00002d35  PWMGenEnable                   
00002ced  PWMGenPeriodSet                
00002ccb  PWMOutputState                 
00002bd9  PWMPulseWidthSet               
00002d59  ResetISR                       
UNDEFED   SHT$$INIT_ARRAY$$Base          
UNDEFED   SHT$$INIT_ARRAY$$Limit         
00002d83  SSIBusy                        
00002d97  SSIClockSourceSet              
00002ae9  SSIConfigSetExpClk             
00002d41  SSIDataGet                     
00002d65  SSIDataPut                     
00002d6f  SSIEnable                      
00001b19  Ssi3PutByte                    
00002429  SysCtlClockGet                 
00002539  SysCtlClockSet                 
00002d9d  SysCtlDelay                    
00002c45  SysCtlPWMClockSet              
00002b59  SysCtlPeripheralEnable         
00002981  SysCtlPeripheralReset          
00002c59  SysTickEnable                  
00002c6d  SysTickIntEnable               
00001bbd  SysTickIntHandler              
00002bf9  SysTickIntRegister             
00002cfd  SysTickPeriodSet               
0000281d  TimerConfigure                 
00002d0d  TimerEnable                    
00002d79  TimerValueGet                  
200007c0  __STACK_END                    
00000200  __STACK_SIZE                   
200007c0  __STACK_TOP                    
000032b0  __TI_CINIT_Base                
000032c8  __TI_CINIT_Limit               
00003294  __TI_Handler_Table_Base        
000032a0  __TI_Handler_Table_Limit       
00002745  __TI_auto_init                 
200007c0  __TI_cleanup_ptr               
000027b5  __TI_decompress_lzss           
00002d1b  __TI_decompress_none           
200007c4  __TI_dtors_ptr                 
200007c8  __TI_enable_exit_profile_output
ffffffff  __TI_pprof_out_hndl            
ffffffff  __TI_prof_data_size            
ffffffff  __TI_prof_data_start           
00000000  __TI_static_base__             
00002d4d  __TI_zero_init                 
00002427  __aeabi_idiv0                  
000026c9  __aeabi_memclr                 
000026c9  __aeabi_memclr4                
000026c9  __aeabi_memclr8                
0000262d  __aeabi_memcpy                 
0000262d  __aeabi_memcpy4                
0000262d  __aeabi_memcpy8                
000026cb  __aeabi_memset                 
000026cb  __aeabi_memset4                
000026cb  __aeabi_memset8                
00002aa9  __aeabi_uidiv                  
00002aa9  __aeabi_uidivmod               
ffffffff  __binit__                      
ffffffff  __c_args__                     
00002743  __mpu_init                     
200005c0  __stack                        
00002c2d  _args_main                     
000028d9  _c_int00                       
200007cc  _lock                          
00002c8f  _nop                           
00002c87  _register_lock                 
00002c81  _register_unlock               
00002bf7  _system_post_cinit             
00002da3  _system_pre_init               
200007d0  _unlock                        
00002931  abort                          
ffffffff  binit                          
2000057c  bnOledCur                      
00002073  checkButton                    
200005bc  clrOledCur                     
000029d1  copy_in                        
00001c75  displayUpdate                  
200007d4  dutyCycle                      
20000580  dxcoOledFontCur                
20000584  dycoOledFontCur                
00002939  exit                           
20000588  fOledCharUpdate                
20000000  g_pfnRAMVectors                
00000000  g_pfnVectors                   
00001ed1  initButtons                    
00001bc5  initClocks                     
00001bd7  initSysTick                    
00001bf7  initialisePWM                  
00001cb9  main                           
200007d8  main_func_sp                   
0000262d  memcpy                         
000026d1  memset                         
2000058c  modOledCur                     
20000590  pbOledCur                      
20000594  pbOledFontCur                  
20000598  pbOledFontUser                 
2000059c  pbOledPatCur                   
200005a0  pfnDoRop                       
000031a4  rgbFillPat                     
2000026c  rgbOledBmp                     
00002da8  rgbOledFont0                   
2000046c  rgbOledFontUser                
00001c3d  setPWM                         
00000751  ulocaltime                     
0000094f  umktime                        
00001f9f  updateButtons                  
00000ec9  urand                          
00000721  usnprintf                      
000006ef  usprintf                       
00000eb9  usrand                         
00000e31  ustrcasecmp                    
00000ea5  ustrcmp                        
00000d35  ustrlen                        
00000d8d  ustrncasecmp                   
00000e45  ustrncmp                       
0000026d  ustrncpy                       
00000d57  ustrstr                        
00000afd  ustrtof                        
000009c5  ustrtoul                       
000002c5  uvsnprintf                     
200005a4  xchOledCur                     
200005a8  xchOledMax                     
200005ac  xcoOledCur                     
200005b0  ychOledCur                     
200005b4  ychOledMax                     
200005b8  ycoOledCur                     


GLOBAL SYMBOLS: SORTED BY Symbol Address 

address   name                           
-------   ----                           
00000000  __TI_static_base__             
00000000  g_pfnVectors                   
00000200  __STACK_SIZE                   
0000026d  ustrncpy                       
000002c5  uvsnprintf                     
000006ef  usprintf                       
00000721  usnprintf                      
00000751  ulocaltime                     
0000094f  umktime                        
000009c5  ustrtoul                       
00000afd  ustrtof                        
00000d35  ustrlen                        
00000d57  ustrstr                        
00000d8d  ustrncasecmp                   
00000e31  ustrcasecmp                    
00000e45  ustrncmp                       
00000ea5  ustrcmp                        
00000eb9  usrand                         
00000ec9  urand                          
00000ef1  OrbitOledMoveTo                
00000f37  OrbitOledGetPos                
00000f53  OrbitOledSetDrawColor          
00000f6b  OrbitOledGetStdPattern         
00000f7d  OrbitOledSetFillPattern        
00000f8d  OrbitOledSetDrawMode           
00000fe1  OrbitOledGetDrawMode           
00000fe7  OrbitOledDrawPixel             
00001013  OrbitOledGetPixel              
0000102d  OrbitOledLineTo                
0000112d  OrbitOledDrawRect              
000011b1  OrbitOledFillRect              
000012f5  OrbitOledGetBmp                
00001455  OrbitOledPutBmp                
00001623  OrbitOledDrawChar              
00001683  OrbitOledDrawString            
000016a1  OrbitOledRopSet                
000016cb  OrbitOledRopOr                 
000016ef  OrbitOledRopAnd                
00001713  OrbitOledRopXor                
00001741  OrbitOledMoveUp                
00001779  OrbitOledMoveDown              
000017af  OrbitOledMoveLeft              
000017c7  OrbitOledMoveRight             
000017e1  OrbitOledClampXco              
00001801  OrbitOledClampYco              
00001841  OrbitOledInit                  
00001855  OrbitOledHostInit              
0000191f  OrbitOledDvrInit               
00001999  OrbitOledDevInit               
00001a1d  OrbitOledClear                 
00001a29  OrbitOledClearBuffer           
00001a59  OrbitOledUpdate                
00001ab3  OrbitOledPutBuffer             
00001b19  Ssi3PutByte                    
00001bbd  SysTickIntHandler              
00001bc5  initClocks                     
00001bd7  initSysTick                    
00001bf7  initialisePWM                  
00001c3d  setPWM                         
00001c75  displayUpdate                  
00001cb9  main                           
00001ed1  initButtons                    
00001f9f  updateButtons                  
00002073  checkButton                    
000020f1  OrbitOledSetCursor             
0000213d  OrbitOledGetCursor             
00002159  OrbitOledDefUserChar           
000021a9  OrbitOledSetCharUpdate         
000021c1  OrbitOledGetCharUpdate         
000021c7  OrbitOledPutChar               
000021e5  OrbitOledPutString             
00002211  OrbitOledDrawGlyph             
00002289  OrbitOledAdvanceCursor         
000022f5  GPIOPadConfigSet               
00002427  __aeabi_idiv0                  
00002429  SysCtlClockGet                 
00002539  SysCtlClockSet                 
0000262d  __aeabi_memcpy                 
0000262d  __aeabi_memcpy4                
0000262d  __aeabi_memcpy8                
0000262d  memcpy                         
000026c9  __aeabi_memclr                 
000026c9  __aeabi_memclr4                
000026c9  __aeabi_memclr8                
000026cb  __aeabi_memset                 
000026cb  __aeabi_memset4                
000026cb  __aeabi_memset8                
000026d1  memset                         
00002743  __mpu_init                     
00002745  __TI_auto_init                 
000027b5  __TI_decompress_lzss           
0000281d  TimerConfigure                 
0000287d  DelayInit                      
00002897  DelayMs                        
000028d9  _c_int00                       
0000292d  C$$EXIT                        
00002931  abort                          
00002939  exit                           
00002981  SysCtlPeripheralReset          
000029d1  copy_in                        
00002a1d  GPIOPinConfigure               
00002a65  OLEDStringDraw                 
00002a8b  OLEDInitialise                 
00002aa9  __aeabi_uidiv                  
00002aa9  __aeabi_uidivmod               
00002ae9  SSIConfigSetExpClk             
00002b25  IntRegister                    
00002b59  SysCtlPeripheralEnable         
00002b8d  GPIODirModeSet                 
00002bb7  PWMGenConfigure                
00002bd9  PWMPulseWidthSet               
00002bf7  _system_post_cinit             
00002bf9  SysTickIntRegister             
00002c15  GPIOPinTypeGPIOOutput          
00002c2d  _args_main                     
00002c45  SysCtlPWMClockSet              
00002c59  SysTickEnable                  
00002c6d  SysTickIntEnable               
00002c81  _register_unlock               
00002c87  _register_lock                 
00002c8f  _nop                           
00002c95  GPIOPinTypeGPIOInput           
00002ca7  GPIOPinTypePWM                 
00002cb9  GPIOPinTypeSSI                 
00002ccb  PWMOutputState                 
00002cdd  IntMasterEnable                
00002ced  PWMGenPeriodSet                
00002cfd  SysTickPeriodSet               
00002d0d  TimerEnable                    
00002d1b  __TI_decompress_none           
00002d29  CPUcpsie                       
00002d35  PWMGenEnable                   
00002d41  SSIDataGet                     
00002d4d  __TI_zero_init                 
00002d59  ResetISR                       
00002d65  SSIDataPut                     
00002d6f  SSIEnable                      
00002d79  TimerValueGet                  
00002d83  SSIBusy                        
00002d8b  GPIOPinRead                    
00002d91  GPIOPinWrite                   
00002d97  SSIClockSourceSet              
00002d9d  SysCtlDelay                    
00002da3  _system_pre_init               
00002da8  rgbOledFont0                   
000031a4  rgbFillPat                     
00003294  __TI_Handler_Table_Base        
000032a0  __TI_Handler_Table_Limit       
000032b0  __TI_CINIT_Base                
000032c8  __TI_CINIT_Limit               
20000000  g_pfnRAMVectors                
2000026c  rgbOledBmp                     
2000046c  rgbOledFontUser                
2000057c  bnOledCur                      
20000580  dxcoOledFontCur                
20000584  dycoOledFontCur                
20000588  fOledCharUpdate                
2000058c  modOledCur                     
20000590  pbOledCur                      
20000594  pbOledFontCur                  
20000598  pbOledFontUser                 
2000059c  pbOledPatCur                   
200005a0  pfnDoRop                       
200005a4  xchOledCur                     
200005a8  xchOledMax                     
200005ac  xcoOledCur                     
200005b0  ychOledCur                     
200005b4  ychOledMax                     
200005b8  ycoOledCur                     
200005bc  clrOledCur                     
200005c0  __stack                        
200007c0  __STACK_END                    
200007c0  __STACK_TOP                    
200007c0  __TI_cleanup_ptr               
200007c4  __TI_dtors_ptr                 
200007c8  __TI_enable_exit_profile_output
200007cc  _lock                          
200007d0  _unlock                        
200007d4  dutyCycle                      
200007d8  main_func_sp                   
ffffffff  __TI_pprof_out_hndl            
ffffffff  __TI_prof_data_size            
ffffffff  __TI_prof_data_start           
ffffffff  __binit__                      
ffffffff  __c_args__                     
ffffffff  binit                          
UNDEFED   SHT$$INIT_ARRAY$$Base          
UNDEFED   SHT$$INIT_ARRAY$$Limit         

[188 symbols]
