******************************************************************************
                  TI ARM Linker PC v16.9.6                     
******************************************************************************
>> Linked Wed Feb 28 23:58:23 2018

OUTPUT FILE NAME:   <Lab2.out>
ENTRY POINT SYMBOL: "_c_int00"  address: 000007cd


MEMORY CONFIGURATION

         name            origin    length      used     unused   attr    fill
----------------------  --------  ---------  --------  --------  ----  --------
  FLASH                 00000000   00040000  00000a0c  0003f5f4  R  X
  SRAM                  20000000   00008000  00000218  00007de8  RW X


SEGMENT ALLOCATION MAP

run origin  load origin   length   init length attrs members
----------  ----------- ---------- ----------- ----- -------
00000000    00000000    00000a0c   00000a0c    r-x
  00000000    00000000    0000026c   0000026c    r-- .intvecs
  0000026c    0000026c    00000710   00000710    r-x .text
  0000097c    0000097c    0000006c   0000006c    r-- .const
  000009e8    000009e8    00000024   00000024    r-- .cinit
20000000    20000000    00000218   00000000    rw-
  20000000    20000000    00000200   00000000    rw- .stack
  20000200    20000200    00000018   00000000    rw- .data


SECTION ALLOCATION MAP

 output                                  attributes/
section   page    origin      length       input sections
--------  ----  ----------  ----------   ----------------
.intvecs   0    00000000    0000026c     
                  00000000    0000026c     tm4c123gh6pm_startup_ccs.obj (.intvecs)

.text      0    0000026c    00000710     
                  0000026c    00000132     driverlib.lib : gpio.obj (.text:GPIOPadConfigSet)
                  0000039e    00000002     rtsv7M4_T_le_v4SPD16_eabi.lib : mpu_init.obj (.text)
                  000003a0    00000110     driverlib.lib : sysctl.obj (.text:SysCtlClockGet)
                  000004b0    000000f4                   : sysctl.obj (.text:SysCtlClockSet)
                  000005a4    000000b4     week2_blink.obj (.text)
                  00000658    0000009c     rtsv7M4_T_le_v4SPD16_eabi.lib : memcpy_t2.obj (.text)
                  000006f4    00000070                                   : autoinit.obj (.text)
                  00000764    00000068                                   : copy_decompress_lzss.obj (.text:decompress:lzss)
                  000007cc    00000054                                   : boot.obj (.text)
                  00000820    00000054                                   : exit.obj (.text)
                  00000874    0000004c                                   : cpy_tbl.obj (.text)
                  000008c0    00000034     driverlib.lib : sysctl.obj (.text:SysCtlPeripheralEnable)
                  000008f4    0000002a                   : gpio.obj (.text:GPIODirModeSet)
                  0000091e    00000002     rtsv7M4_T_le_v4SPD16_eabi.lib : startup.obj (.text)
                  00000920    00000018                                   : args_main.obj (.text)
                  00000938    00000014                                   : _lock.obj (.text)
                  0000094c    0000000e                                   : copy_decompress_none.obj (.text:decompress:none)
                  0000095a    0000000c     tm4c123gh6pm_startup_ccs.obj (.text)
                  00000966    00000006     driverlib.lib : gpio.obj (.text:GPIOPinRead)
                  0000096c    00000006                   : gpio.obj (.text:GPIOPinWrite)
                  00000972    00000006                   : sysctl.obj (.text:SysCtlDelay)
                  00000978    00000004     rtsv7M4_T_le_v4SPD16_eabi.lib : pre_init.obj (.text)

.const     0    0000097c    0000006c     
                  0000097c    0000006c     driverlib.lib : sysctl.obj (.const:g_pui32Xtals)

.cinit     0    000009e8    00000024     
                  000009e8    00000011     (.cinit..data.load) [load image, compression = lzss]
                  000009f9    00000003     --HOLE-- [fill = 0]
                  000009fc    00000008     (__TI_handler_table)
                  00000a04    00000008     (__TI_cinit_table)

.init_array 
*          0    00000000    00000000     UNINITIALIZED

.stack     0    20000000    00000200     UNINITIALIZED
                  20000000    00000200     --HOLE--

.data      0    20000200    00000018     UNINITIALIZED
                  20000200    0000000c     rtsv7M4_T_le_v4SPD16_eabi.lib : exit.obj (.data:$O1$$)
                  2000020c    00000008                                   : _lock.obj (.data:$O1$$)
                  20000214    00000004                                   : stkdepth_vars.obj (.data)

MODULE SUMMARY

       Module                         code   ro data   rw data
       ------                         ----   -------   -------
    .\
       tm4c123gh6pm_startup_ccs.obj   12     620       0      
       week2_blink.obj                180    0         0      
    +--+------------------------------+------+---------+---------+
       Total:                         192    620       0      
                                                              
    C:/ti/TivaWare_C_Series-2.1.4.178/driverlib/ccs/Debug/driverlib.lib
       sysctl.obj                     574    108       0      
       gpio.obj                       360    0         0      
    +--+------------------------------+------+---------+---------+
       Total:                         934    108       0      
                                                              
    C:\ti\ccsv7\tools\compiler\ti-cgt-arm_16.9.6.LTS\lib\rtsv7M4_T_le_v4SPD16_eabi.lib
       memcpy_t2.obj                  156    0         0      
       autoinit.obj                   112    0         0      
       copy_decompress_lzss.obj       104    0         0      
       exit.obj                       84     0         12     
       boot.obj                       84     0         0      
       cpy_tbl.obj                    76     0         0      
       _lock.obj                      20     0         8      
       args_main.obj                  24     0         0      
       copy_decompress_none.obj       14     0         0      
       pre_init.obj                   4      0         0      
       stkdepth_vars.obj              0      0         4      
       mpu_init.obj                   2      0         0      
       startup.obj                    2      0         0      
    +--+------------------------------+------+---------+---------+
       Total:                         682    0         24     
                                                              
       Stack:                         0      0         512    
       Linker Generated:              0      33        0      
    +--+------------------------------+------+---------+---------+
       Grand Total:                   1808   761       536    


LINKER GENERATED COPY TABLES

__TI_cinit_table @ 00000a04 records: 1, size/record: 8, table size: 8
	.data: load addr=000009e8, load size=00000011 bytes, run addr=20000200, run size=00000018 bytes, compression=lzss


LINKER GENERATED HANDLER TABLE

__TI_handler_table @ 000009fc records: 2, size/record: 4, table size: 8
	index: 0, handler: __TI_decompress_lzss
	index: 1, handler: __TI_decompress_none


GLOBAL SYMBOLS: SORTED ALPHABETICALLY BY Name 

address   name                           
-------   ----                           
00000821  C$$EXIT                        
000008f5  GPIODirModeSet                 
0000026d  GPIOPadConfigSet               
00000967  GPIOPinRead                    
0000096d  GPIOPinWrite                   
0000095b  ResetISR                       
UNDEFED   SHT$$INIT_ARRAY$$Base          
UNDEFED   SHT$$INIT_ARRAY$$Limit         
000003a1  SysCtlClockGet                 
000004b1  SysCtlClockSet                 
00000973  SysCtlDelay                    
000008c1  SysCtlPeripheralEnable         
20000200  __STACK_END                    
00000200  __STACK_SIZE                   
20000200  __STACK_TOP                    
00000a04  __TI_CINIT_Base                
00000a0c  __TI_CINIT_Limit               
000009fc  __TI_Handler_Table_Base        
00000a04  __TI_Handler_Table_Limit       
000006f5  __TI_auto_init                 
20000200  __TI_cleanup_ptr               
00000765  __TI_decompress_lzss           
0000094d  __TI_decompress_none           
20000204  __TI_dtors_ptr                 
20000208  __TI_enable_exit_profile_output
ffffffff  __TI_pprof_out_hndl            
ffffffff  __TI_prof_data_size            
ffffffff  __TI_prof_data_start           
00000000  __TI_static_base__             
00000659  __aeabi_memcpy                 
00000659  __aeabi_memcpy4                
00000659  __aeabi_memcpy8                
ffffffff  __binit__                      
ffffffff  __c_args__                     
0000039f  __mpu_init                     
20000000  __stack                        
00000921  _args_main                     
000007cd  _c_int00                       
2000020c  _lock                          
00000947  _nop                           
0000093f  _register_lock                 
00000939  _register_unlock               
0000091f  _system_post_cinit             
00000979  _system_pre_init               
20000210  _unlock                        
00000825  abort                          
ffffffff  binit                          
00000875  copy_in                        
0000082d  exit                           
00000000  g_pfnVectors                   
000005a5  main                           
20000214  main_func_sp                   
00000659  memcpy                         


GLOBAL SYMBOLS: SORTED BY Symbol Address 

address   name                           
-------   ----                           
00000000  __TI_static_base__             
00000000  g_pfnVectors                   
00000200  __STACK_SIZE                   
0000026d  GPIOPadConfigSet               
0000039f  __mpu_init                     
000003a1  SysCtlClockGet                 
000004b1  SysCtlClockSet                 
000005a5  main                           
00000659  __aeabi_memcpy                 
00000659  __aeabi_memcpy4                
00000659  __aeabi_memcpy8                
00000659  memcpy                         
000006f5  __TI_auto_init                 
00000765  __TI_decompress_lzss           
000007cd  _c_int00                       
00000821  C$$EXIT                        
00000825  abort                          
0000082d  exit                           
00000875  copy_in                        
000008c1  SysCtlPeripheralEnable         
000008f5  GPIODirModeSet                 
0000091f  _system_post_cinit             
00000921  _args_main                     
00000939  _register_unlock               
0000093f  _register_lock                 
00000947  _nop                           
0000094d  __TI_decompress_none           
0000095b  ResetISR                       
00000967  GPIOPinRead                    
0000096d  GPIOPinWrite                   
00000973  SysCtlDelay                    
00000979  _system_pre_init               
000009fc  __TI_Handler_Table_Base        
00000a04  __TI_CINIT_Base                
00000a04  __TI_Handler_Table_Limit       
00000a0c  __TI_CINIT_Limit               
20000000  __stack                        
20000200  __STACK_END                    
20000200  __STACK_TOP                    
20000200  __TI_cleanup_ptr               
20000204  __TI_dtors_ptr                 
20000208  __TI_enable_exit_profile_output
2000020c  _lock                          
20000210  _unlock                        
20000214  main_func_sp                   
ffffffff  __TI_pprof_out_hndl            
ffffffff  __TI_prof_data_size            
ffffffff  __TI_prof_data_start           
ffffffff  __binit__                      
ffffffff  __c_args__                     
ffffffff  binit                          
UNDEFED   SHT$$INIT_ARRAY$$Base          
UNDEFED   SHT$$INIT_ARRAY$$Limit         

[53 symbols]
