******************************************************************************
                  TI ARM Linker PC v16.9.6                     
******************************************************************************
>> Linked Sat Jun 02 21:02:07 2018

OUTPUT FILE NAME:   <HelicopterProjectGroup2.out>
ENTRY POINT SYMBOL: "_c_int00"  address: 00003a01


MEMORY CONFIGURATION

         name            origin    length      used     unused   attr    fill
----------------------  --------  ---------  --------  --------  ----  --------
  FLASH                 00000000   00040000  00004874  0003b78c  R  X
  SRAM                  20000000   00008000  00000845  000077bb  RW X


SEGMENT ALLOCATION MAP

run origin  load origin   length   init length attrs members
----------  ----------- ---------- ----------- ----- -------
00000000    00000000    00004878   00004878    r-x
  00000000    00000000    0000026c   0000026c    r-- .intvecs
  0000026c    0000026c    00003f68   00003f68    r-x .text
  000041d4    000041d4    00000648   00000648    r-- .const
  00004820    00004820    00000058   00000058    r-- .cinit
20000000    20000000    00000848   00000000    rw-
  20000000    20000000    0000026c   00000000    rw- .vtable
  2000026c    2000026c    0000038d   00000000    rw- .bss
  200005fc    200005fc    00000200   00000000    rw- .stack
  200007fc    200007fc    00000044   00000000    rw- .data
  20000840    20000840    00000008   00000000    rw- .sysmem


SECTION ALLOCATION MAP

 output                                  attributes/
section   page    origin      length       input sections
--------  ----  ----------  ----------   ----------------
.intvecs   0    00000000    0000026c     
                  00000000    0000026c     tm4c123gh6pm_startup_ccs.obj (.intvecs)

.text      0    0000026c    00003f68     
                  0000026c    00000c84     ustdlib.obj (.text)
                  00000ef0    00000950     OrbitOledGrph.obj (.text)
                  00001840    000003d0     rtsv7M4_T_le_v4SPD16_eabi.lib : memory.obj (.text)
                  00001c10    0000037c     OrbitOled.obj (.text)
                  00001f8c    000002e4     ButtonControl.obj (.text)
                  00002270    0000026c     heliYAW.obj (.text)
                  000024dc    00000220     buttons4.obj (.text)
                  000026fc    00000214     Helicopter.obj (.text)
                  00002910    00000204     OrbitOledChar.obj (.text)
                  00002b14    000001d4     heliUART.obj (.text)
                  00002ce8    000001bc     heliPWM.obj (.text)
                  00002ea4    00000132     driverlib.lib : gpio.obj (.text:GPIOPadConfigSet)
                  00002fd6    00000002     rtsv7M4_T_le_v4SPD16_eabi.lib : i_div0.obj (.text)
                  00002fd8    00000120     heliPID.obj (.text)
                  000030f8    00000110     driverlib.lib : sysctl.obj (.text:SysCtlClockGet)
                  00003208    00000100     main.obj (.text)
                  00003308    000000fc     rtsv7M4_T_le_v4SPD16_eabi.lib : fd_mul_t2.obj (.text)
                  00003404    000000f4     driverlib.lib : sysctl.obj (.text:SysCtlClockSet)
                  000034f8    000000b8     circBufT.obj (.text)
                  000035b0    0000009c     rtsv7M4_T_le_v4SPD16_eabi.lib : memcpy_t2.obj (.text)
                  0000364c    0000007a     driverlib.lib : adc.obj (.text:ADCSequenceStepConfigure)
                  000036c6    0000007a     rtsv7M4_T_le_v4SPD16_eabi.lib : memset_t2.obj (.text)
                  00003740    00000070                                   : autoinit.obj (.text)
                  000037b0    0000006c     heliADC.obj (.text)
                  0000381c    00000068     driverlib.lib : interrupt.obj (.text:IntEnable)
                  00003884    00000068     rtsv7M4_T_le_v4SPD16_eabi.lib : copy_decompress_lzss.obj (.text:decompress:lzss)
                  000038ec    00000060     driverlib.lib : timer.obj (.text:TimerConfigure)
                  0000394c    0000005c     delay.obj (.text)
                  000039a8    00000058     driverlib.lib : gpio.obj (.text:GPIOIntTypeSet)
                  00003a00    00000054     rtsv7M4_T_le_v4SPD16_eabi.lib : boot.obj (.text)
                  00003a54    00000054                                   : exit.obj (.text)
                  00003aa8    00000050     driverlib.lib : adc.obj (.text:ADCSequenceConfigure)
                  00003af8    00000050                   : sysctl.obj (.text:SysCtlPeripheralReset)
                  00003b48    00000050                   : adc.obj (.text:_ADCIntNumberGet)
                  00003b98    0000004c                   : gpio.obj (.text:GPIOPinConfigure)
                  00003be4    0000004c     rtsv7M4_T_le_v4SPD16_eabi.lib : cpy_tbl.obj (.text)
                  00003c30    00000048                                   : fd_toi_t2.obj (.text)
                  00003c78    00000046     driverlib.lib : uart.obj (.text:UARTConfigSetExpClk)
                  00003cbe    00000002     rtsv7M4_T_le_v4SPD16_eabi.lib : mpu_init.obj (.text)
                  00003cc0    00000044     OrbitOLEDInterface.obj (.text)
                  00003d04    00000044     driverlib.lib : gpio.obj (.text:_GPIOIntNumberGet)
                  00003d48    00000040     rtsv7M4_T_le_v4SPD16_eabi.lib : u_divt2.obj (.text)
                  00003d88    0000003c     driverlib.lib : ssi.obj (.text:SSIConfigSetExpClk)
                  00003dc4    00000038                   : sysctl.obj (.text:SysCtlPeripheralReady)
                  00003dfc    00000038     rtsv7M4_T_le_v4SPD16_eabi.lib : fs_tod_t2.obj (.text)
                  00003e34    00000034     driverlib.lib : interrupt.obj (.text:IntRegister)
                  00003e68    00000034                   : sysctl.obj (.text:SysCtlPeripheralEnable)
                  00003e9c    0000002c                   : gpio.obj (.text:GPIODirModeSet)
                  00003ec8    00000022                   : pwm.obj (.text:PWMGenConfigure)
                  00003eea    00000002     rtsv7M4_T_le_v4SPD16_eabi.lib : startup.obj (.text)
                  00003eec    00000020     driverlib.lib : uart.obj (.text:UARTDisable)
                  00003f0c    0000001e                   : adc.obj (.text:ADCSequenceDataGet)
                  00003f2a    0000001e                   : pwm.obj (.text:PWMPulseWidthSet)
                  00003f48    0000001c                   : systick.obj (.text:SysTickIntRegister)
                  00003f64    00000018                   : adc.obj (.text:ADCIntRegister)
                  00003f7c    00000018                   : adc.obj (.text:ADCProcessorTrigger)
                  00003f94    00000018                   : gpio.obj (.text:GPIOIntRegister)
                  00003fac    00000018                   : gpio.obj (.text:GPIOPinTypeGPIOOutput)
                  00003fc4    00000018     rtsv7M4_T_le_v4SPD16_eabi.lib : args_main.obj (.text)
                  00003fdc    00000016     driverlib.lib : gpio.obj (.text:GPIOPinTypeGPIOInput)
                  00003ff2    00000016                   : gpio.obj (.text:GPIOPinTypePWM)
                  00004008    00000016                   : gpio.obj (.text:GPIOPinTypeSSI)
                  0000401e    00000016                   : gpio.obj (.text:GPIOPinTypeUART)
                  00004034    00000014                   : sysctl.obj (.text:SysCtlPWMClockSet)
                  00004048    00000014                   : systick.obj (.text:SysTickEnable)
                  0000405c    00000014                   : systick.obj (.text:SysTickIntEnable)
                  00004070    00000014                   : uart.obj (.text:UARTEnable)
                  00004084    00000014     rtsv7M4_T_le_v4SPD16_eabi.lib : _lock.obj (.text)
                  00004098    00000012     driverlib.lib : pwm.obj (.text:PWMOutputState)
                  000040aa    00000010                   : adc.obj (.text:ADCIntEnable)
                  000040ba    00000010                   : interrupt.obj (.text:IntMasterEnable)
                  000040ca    00000010                   : pwm.obj (.text:PWMGenPeriodSet)
                  000040da    00000002     --HOLE-- [fill = 0]
                  000040dc    00000010                   : sysctl.obj (.text:SysCtlReset)
                  000040ec    00000010                   : systick.obj (.text:SysTickPeriodSet)
                  000040fc    0000000e                   : adc.obj (.text:ADCSequenceEnable)
                  0000410a    0000000e                   : timer.obj (.text:TimerEnable)
                  00004118    0000000e     rtsv7M4_T_le_v4SPD16_eabi.lib : copy_decompress_none.obj (.text:decompress:none)
                  00004126    0000000c     driverlib.lib : cpu.obj (.text:CPUcpsie)
                  00004132    0000000c                   : gpio.obj (.text:GPIOIntEnable)
                  0000413e    0000000c                   : pwm.obj (.text:PWMGenEnable)
                  0000414a    0000000c                   : ssi.obj (.text:SSIDataGet)
                  00004156    0000000c     rtsv7M4_T_le_v4SPD16_eabi.lib : copy_zero_init.obj (.text:decompress:ZI)
                  00004162    0000000c     tm4c123gh6pm_startup_ccs.obj (.text)
                  0000416e    0000000a     driverlib.lib : adc.obj (.text:ADCIntClear)
                  00004178    0000000a                   : ssi.obj (.text:SSIDataPut)
                  00004182    0000000a                   : ssi.obj (.text:SSIEnable)
                  0000418c    0000000a                   : timer.obj (.text:TimerValueGet)
                  00004196    0000000a                   : uart.obj (.text:UARTCharPut)
                  000041a0    0000000a                   : uart.obj (.text:UARTFIFOEnable)
                  000041aa    00000008                   : ssi.obj (.text:SSIBusy)
                  000041b2    00000006                   : gpio.obj (.text:GPIOIntClear)
                  000041b8    00000006                   : gpio.obj (.text:GPIOPinRead)
                  000041be    00000006                   : gpio.obj (.text:GPIOPinWrite)
                  000041c4    00000006                   : ssi.obj (.text:SSIClockSourceSet)
                  000041ca    00000006                   : sysctl.obj (.text:SysCtlDelay)
                  000041d0    00000004     rtsv7M4_T_le_v4SPD16_eabi.lib : pre_init.obj (.text)

.const     0    000041d4    00000648     
                  000041d4    00000300     ChrFont0.obj (.const:.string:rgbOledFont0)
                  000044d4    000000d8     driverlib.lib : gpio.obj (.const:g_ppui32GPIOIntMapSnowflake)
                  000045ac    000000c0                   : gpio.obj (.const:g_ppui32GPIOIntMapBlizzard)
                  0000466c    00000090                   : gpio.obj (.const:g_pui32GPIOBaseAddrs)
                  000046fc    0000006c                   : sysctl.obj (.const:g_pui32Xtals)
                  00004768    00000040     FillPat.obj (.const:.string:rgbFillPat)
                  000047a8    00000030     ustdlib.obj (.const:g_psDaysToMonth)
                  000047d8    00000018     ustdlib.obj (.const:g_pfExponents)
                  000047f0    00000014     driverlib.lib : interrupt.obj (.const:g_pui32EnRegs)
                  00004804    00000012     ustdlib.obj (.const:.string)
                  00004816    00000002     --HOLE-- [fill = 0]
                  00004818    00000004     ustdlib.obj (.const)

.cinit     0    00004820    00000058     
                  00004820    00000023     (.cinit..data.load) [load image, compression = lzss]
                  00004843    00000001     --HOLE-- [fill = 0]
                  00004844    0000000c     (__TI_handler_table)
                  00004850    00000008     (.cinit..bss.load) [load image, compression = zero_init]
                  00004858    00000008     (.cinit..vtable.load) [load image, compression = zero_init]
                  00004860    00000018     (__TI_cinit_table)

.init_array 
*          0    00000000    00000000     UNINITIALIZED

.vtable    0    20000000    0000026c     UNINITIALIZED
                  20000000    0000026c     driverlib.lib : interrupt.obj (.vtable)

.bss       0    2000026c    0000038d     UNINITIALIZED
                  2000026c    00000200     (.common:rgbOledBmp)
                  2000046c    00000100     (.common:rgbOledFontUser)
                  2000056c    00000010     (.common:g_inBuffer)
                  2000057c    00000008     buttons4.obj (.bss:but_count)
                  20000584    00000008     buttons4.obj (.bss:but_flag)
                  2000058c    00000008     buttons4.obj (.bss:but_normal)
                  20000594    00000008     buttons4.obj (.bss:but_state)
                  2000059c    00000008     (.common:setPoints)
                  200005a4    00000004     (.common:bnOledCur)
                  200005a8    00000004     (.common:dxcoOledFontCur)
                  200005ac    00000004     (.common:dycoOledFontCur)
                  200005b0    00000004     (.common:fOledCharUpdate)
                  200005b4    00000004     (.common:g_ulSampCnt)
                  200005b8    00000004     (.common:main_duty)
                  200005bc    00000004     (.common:modOledCur)
                  200005c0    00000004     (.common:pbOledCur)
                  200005c4    00000004     (.common:pbOledFontCur)
                  200005c8    00000004     (.common:pbOledFontUser)
                  200005cc    00000004     (.common:pbOledPatCur)
                  200005d0    00000004     (.common:pfnDoRop)
                  200005d4    00000004     (.common:tail_duty)
                  200005d8    00000004     (.common:xchOledCur)
                  200005dc    00000004     (.common:xchOledMax)
                  200005e0    00000004     (.common:xcoOledCur)
                  200005e4    00000004     (.common:yaw)
                  200005e8    00000004     (.common:ychOledCur)
                  200005ec    00000004     (.common:ychOledMax)
                  200005f0    00000004     (.common:ycoOledCur)
                  200005f4    00000002     (.common:altitude)
                  200005f6    00000001     (.common:clrOledCur)
                  200005f7    00000001     (.common:slowTick)
                  200005f8    00000001     (.common:state)

.stack     0    200005fc    00000200     UNINITIALIZED
                  200005fc    00000200     --HOLE--

.data      0    200007fc    00000044     UNINITIALIZED
                  200007fc    0000000d     heliYAW.obj (.data)
                  20000809    00000001     ButtonControl.obj (.data)
                  2000080a    00000001     Helicopter.obj (.data)
                  2000080b    00000001     --HOLE--
                  2000080c    0000000c     rtsv7M4_T_le_v4SPD16_eabi.lib : exit.obj (.data:$O1$$)
                  20000818    0000000c                                   : memory.obj (.data:$O1$$)
                  20000824    00000008                                   : _lock.obj (.data:$O1$$)
                  2000082c    00000008     heliPID.obj (.data)
                  20000834    00000004     main.obj (.data)
                  20000838    00000004     rtsv7M4_T_le_v4SPD16_eabi.lib : stkdepth_vars.obj (.data)
                  2000083c    00000004     ustdlib.obj (.data)

.sysmem    0    20000840    00000008     UNINITIALIZED
                  20000840    00000008     rtsv7M4_T_le_v4SPD16_eabi.lib : memory.obj (.sysmem)

MODULE SUMMARY

       Module                         code    ro data   rw data
       ------                         ----    -------   -------
    .\dependencies\
       ustdlib.obj                    3204    94        4      
    +--+------------------------------+-------+---------+---------+
       Total:                         3204    94        4      
                                                               
    .\dependencies\OrbitOLED\
       OrbitOLEDInterface.obj         68      0         0      
    +--+------------------------------+-------+---------+---------+
       Total:                         68      0         0      
                                                               
    .\dependencies\OrbitOLED\lib_OrbitOled\
       OrbitOledGrph.obj              2384    0         8      
       OrbitOled.obj                  892     0         553    
       OrbitOledChar.obj              516     0         272    
       ChrFont0.obj                   0       768       0      
       delay.obj                      92      0         0      
       FillPat.obj                    0       64        0      
    +--+------------------------------+-------+---------+---------+
       Total:                         3884    832       833    
                                                               
    .\source\
       ButtonControl.obj              740     0         18     
       heliYAW.obj                    620     0         13     
       tm4c123gh6pm_startup_ccs.obj   12      620       0      
       buttons4.obj                   544     0         32     
       Helicopter.obj                 532     0         28     
       heliUART.obj                   468     0         0      
       heliPWM.obj                    444     0         0      
       heliPID.obj                    288     0         8      
       main.obj                       256     0         4      
       circBufT.obj                   184     0         0      
       heliADC.obj                    108     0         0      
    +--+------------------------------+-------+---------+---------+
       Total:                         4196    620       103    
                                                               
    C:/ti/TivaWare_C_Series-2.1.4.178/driverlib/ccs/Debug/driverlib.lib
       gpio.obj                       748     552       0      
       sysctl.obj                     746     108       0      
       interrupt.obj                  172     20        620    
       adc.obj                        400     0         0      
       uart.obj                       142     0         0      
       timer.obj                      120     0         0      
       pwm.obj                        110     0         0      
       ssi.obj                        106     0         0      
       systick.obj                    84      0         0      
       cpu.obj                        12      0         0      
    +--+------------------------------+-------+---------+---------+
       Total:                         2640    680       620    
                                                               
    C:\ti\ccsv7\tools\compiler\ti-cgt-arm_16.9.6.LTS\lib\rtsv7M4_T_le_v4SPD16_eabi.lib
       memory.obj                     976     0         12     
       fd_mul_t2.obj                  252     0         0      
       memcpy_t2.obj                  156     0         0      
       memset_t2.obj                  122     0         0      
       autoinit.obj                   112     0         0      
       copy_decompress_lzss.obj       104     0         0      
       exit.obj                       84      0         12     
       boot.obj                       84      0         0      
       cpy_tbl.obj                    76      0         0      
       fd_toi_t2.obj                  72      0         0      
       u_divt2.obj                    64      0         0      
       fs_tod_t2.obj                  56      0         0      
       _lock.obj                      20      0         8      
       args_main.obj                  24      0         0      
       copy_decompress_none.obj       14      0         0      
       copy_zero_init.obj             12      0         0      
       pre_init.obj                   4       0         0      
       stkdepth_vars.obj              0       0         4      
       i_div0.obj                     2       0         0      
       mpu_init.obj                   2       0         0      
       startup.obj                    2       0         0      
    +--+------------------------------+-------+---------+---------+
       Total:                         2238    0         36     
                                                               
       Heap:                          0       0         8      
       Stack:                         0       0         512    
       Linker Generated:              0       87        0      
    +--+------------------------------+-------+---------+---------+
       Grand Total:                   16230   2313      2116   


LINKER GENERATED COPY TABLES

__TI_cinit_table @ 00004860 records: 3, size/record: 8, table size: 24
	.data: load addr=00004820, load size=00000023 bytes, run addr=200007fc, run size=00000044 bytes, compression=lzss
	.bss: load addr=00004850, load size=00000008 bytes, run addr=2000026c, run size=0000038d bytes, compression=zero_init
	.vtable: load addr=00004858, load size=00000008 bytes, run addr=20000000, run size=0000026c bytes, compression=zero_init


LINKER GENERATED HANDLER TABLE

__TI_handler_table @ 00004844 records: 3, size/record: 4, table size: 12
	index: 0, handler: __TI_zero_init
	index: 1, handler: __TI_decompress_lzss
	index: 2, handler: __TI_decompress_none


GLOBAL SYMBOLS: SORTED ALPHABETICALLY BY Name 

address   name                           
-------   ----                           
0000416f  ADCIntClear                    
000040ab  ADCIntEnable                   
000037ed  ADCIntHandler                  
00003f65  ADCIntRegister                 
00003f7d  ADCProcessorTrigger            
00003aa9  ADCSequenceConfigure           
00003f0d  ADCSequenceDataGet             
000040fd  ADCSequenceEnable              
0000364d  ADCSequenceStepConfigure       
00003a55  C$$EXIT                        
00004127  CPUcpsie                       
0000394d  DelayInit                      
00003967  DelayMs                        
00003e9d  GPIODirModeSet                 
000041b3  GPIOIntClear                   
00004133  GPIOIntEnable                  
00003f95  GPIOIntRegister                
000039a9  GPIOIntTypeSet                 
00002ea5  GPIOPadConfigSet               
00003b99  GPIOPinConfigure               
000041b9  GPIOPinRead                    
00003fdd  GPIOPinTypeGPIOInput           
00003fad  GPIOPinTypeGPIOOutput          
00003ff3  GPIOPinTypePWM                 
00004009  GPIOPinTypeSSI                 
0000401f  GPIOPinTypeUART                
000041bf  GPIOPinWrite                   
0000381d  IntEnable                      
000040bb  IntMasterEnable                
00003e35  IntRegister                    
00003ce7  OLEDInitialise                 
00003cc1  OLEDStringDraw                 
00002aa9  OrbitOledAdvanceCursor         
000017e1  OrbitOledClampXco              
00001801  OrbitOledClampYco              
00001ded  OrbitOledClear                 
00001df9  OrbitOledClearBuffer           
00002979  OrbitOledDefUserChar           
00001d69  OrbitOledDevInit               
00001623  OrbitOledDrawChar              
00002a31  OrbitOledDrawGlyph             
00000fe7  OrbitOledDrawPixel             
0000112d  OrbitOledDrawRect              
00001683  OrbitOledDrawString            
00001cef  OrbitOledDvrInit               
000011b1  OrbitOledFillRect              
000012f5  OrbitOledGetBmp                
000029e1  OrbitOledGetCharUpdate         
0000295d  OrbitOledGetCursor             
00000fe1  OrbitOledGetDrawMode           
00001013  OrbitOledGetPixel              
00000f37  OrbitOledGetPos                
00000f6b  OrbitOledGetStdPattern         
00001c25  OrbitOledHostInit              
00001c11  OrbitOledInit                  
0000102d  OrbitOledLineTo                
00001779  OrbitOledMoveDown              
000017af  OrbitOledMoveLeft              
000017c7  OrbitOledMoveRight             
00000ef1  OrbitOledMoveTo                
00001741  OrbitOledMoveUp                
00001455  OrbitOledPutBmp                
00001e83  OrbitOledPutBuffer             
000029e7  OrbitOledPutChar               
00002a05  OrbitOledPutString             
000016ef  OrbitOledRopAnd                
000016cb  OrbitOledRopOr                 
000016a1  OrbitOledRopSet                
00001713  OrbitOledRopXor                
000029c9  OrbitOledSetCharUpdate         
00002911  OrbitOledSetCursor             
00000f53  OrbitOledSetDrawColor          
00000f8d  OrbitOledSetDrawMode           
00000f7d  OrbitOledSetFillPattern        
00001e29  OrbitOledUpdate                
00002fd9  PIDController                  
00003ec9  PWMGenConfigure                
0000413f  PWMGenEnable                   
000040cb  PWMGenPeriodSet                
00004099  PWMOutputState                 
00003f2b  PWMPulseWidthSet               
00004163  ResetISR                       
UNDEFED   SHT$$INIT_ARRAY$$Base          
UNDEFED   SHT$$INIT_ARRAY$$Limit         
000041ab  SSIBusy                        
000041c5  SSIClockSourceSet              
00003d89  SSIConfigSetExpClk             
0000414b  SSIDataGet                     
00004179  SSIDataPut                     
00004183  SSIEnable                      
00002159  SW1IntHandler                  
000020ad  SW1setup                       
00001ee9  Ssi3PutByte                    
000030f9  SysCtlClockGet                 
00003405  SysCtlClockSet                 
000041cb  SysCtlDelay                    
00004035  SysCtlPWMClockSet              
00003e69  SysCtlPeripheralEnable         
00003dc5  SysCtlPeripheralReady          
00003af9  SysCtlPeripheralReset          
000040dd  SysCtlReset                    
00004049  SysTickEnable                  
0000405d  SysTickIntEnable               
000026fd  SysTickIntHandler              
00003f49  SysTickIntRegister             
000040ed  SysTickPeriodSet               
000038ed  TimerConfigure                 
0000410b  TimerEnable                    
0000418d  TimerValueGet                  
00002b99  UART                           
00004197  UARTCharPut                    
00003c79  UARTConfigSetExpClk            
00003eed  UARTDisable                    
00004071  UARTEnable                     
000041a1  UARTFIFOEnable                 
00002b4d  UARTSend                       
00002369  YawIntHandler                  
200007fc  __STACK_END                    
00000200  __STACK_SIZE                   
200007fc  __STACK_TOP                    
00000008  __SYSMEM_SIZE                  
00004860  __TI_CINIT_Base                
00004878  __TI_CINIT_Limit               
00004844  __TI_Handler_Table_Base        
00004850  __TI_Handler_Table_Limit       
00003741  __TI_auto_init                 
2000080c  __TI_cleanup_ptr               
00003885  __TI_decompress_lzss           
00004119  __TI_decompress_none           
20000810  __TI_dtors_ptr                 
20000814  __TI_enable_exit_profile_output
ffffffff  __TI_pprof_out_hndl            
ffffffff  __TI_prof_data_size            
ffffffff  __TI_prof_data_start           
00000000  __TI_static_base__             
00004157  __TI_zero_init                 
00003c31  __aeabi_d2iz                   
00003309  __aeabi_dmul                   
00003dfd  __aeabi_f2d                    
00002fd7  __aeabi_idiv0                  
000036c7  __aeabi_memclr                 
000036c7  __aeabi_memclr4                
000036c7  __aeabi_memclr8                
000035b1  __aeabi_memcpy                 
000035b1  __aeabi_memcpy4                
000035b1  __aeabi_memcpy8                
000036c9  __aeabi_memset                 
000036c9  __aeabi_memset4                
000036c9  __aeabi_memset8                
00003d49  __aeabi_uidiv                  
00003d49  __aeabi_uidivmod               
ffffffff  __binit__                      
ffffffff  __c_args__                     
00003cbf  __mpu_init                     
200005fc  __stack                        
00003fc5  _args_main                     
00003a01  _c_int00                       
20000824  _lock                          
00004093  _nop                           
0000408b  _register_lock                 
00004085  _register_unlock               
20000840  _sys_memory                    
00003eeb  _system_post_cinit             
000041d1  _system_pre_init               
20000828  _unlock                        
00003a59  abort                          
200005f4  altitude                       
ffffffff  binit                          
200005a4  bnOledCur                      
00002081  buttonControllerInit           
00002099  buttonControllerLoop           
0000276b  calculateRobustMeanValue       
00001be1  calloc                         
00002029  checkAndDecrementAltitude      
0000205d  checkAndDecrementYaw           
0000200b  checkAndIncrementAltitude      
00002047  checkAndIncrementYaw           
0000267f  checkButton                    
0000219f  checkLanded                    
200005f6  clrOledCur                     
00003be5  copy_in                        
000027b9  displayMeanVal                 
200005a8  dxcoOledFontCur                
200005ac  dycoOledFontCur                
2000082c  error_integrated_main          
20000830  error_integrated_tail          
00003a61  exit                           
200005b0  fOledCharUpdate                
0000192b  free                           
0000358b  freeCircBuf                    
2000056c  g_inBuffer                     
20000000  g_pfnRAMVectors                
00000000  g_pfnVectors                   
200005b4  g_ulSampCnt                    
00002073  getAltitudePercentSetPoint     
000020cf  getSW1Position                 
000020f9  getSW1mode                     
00002b6d  getSW1modeString               
00002079  getYawDegreesSetPoint          
20000809  heliMode                       
000037b1  initADC                        
000024dd  initButtons                    
000034f9  initCircBuf                    
00002739  initClock                      
00002763  initDisplay                    
0000211b  initGPIOAPinChangeInterrupts   
00001fcd  initResetButton                
00001fb1  initSetPoints                  
000022fd  initYaw                        
00002333  initYawReference               
00002b15  initialiseUSB_UART             
0000285f  initializeHelicopterOperations 
00002d9d  initializePWM                  
0000229d  initializeRef                  
200007fc  interupt_value                 
20000808  lock                           
00003209  main                           
200005b8  main_duty                      
20000838  main_func_sp                   
000018c1  malloc                         
00001af5  memalign                       
000035b1  memcpy                         
000036cf  memset                         
00001841  minit                          
200005bc  modOledCur                     
200005c0  pbOledCur                      
200005c4  pbOledFontCur                  
200005c8  pbOledFontUser                 
200005cc  pbOledPatCur                   
200005d0  pfnDoRop                       
00003557  readCircBuf                    
000019eb  realloc                        
00002853  resetHelicopterOperations      
000020ff  resetPeriphButtons             
00002e2d  resetPeripheralPWM             
00001fef  resetSoft                      
00004768  rgbFillPat                     
2000026c  rgbOledBmp                     
000041d4  rgbOledFont0                   
2000046c  rgbOledFontUser                
00002e49  setOutputOnline                
00002cf5  setPWM                         
00002ce9  setPWMClocks                   
2000059c  setPoints                      
000020e5  setSW1mode                     
200005f7  slowTick                       
000021df  startLanding                   
200005f8  state                          
200005d4  tail_duty                      
00000751  ulocaltime                     
0000094f  umktime                        
000025ab  updateButtons                  
0000283f  updateDisplay                  
00000ec9  urand                          
00000721  usnprintf                      
000006ef  usprintf                       
00000eb9  usrand                         
00000e31  ustrcasecmp                    
00000ea5  ustrcmp                        
00000d35  ustrlen                        
00000d8d  ustrncasecmp                   
00000e45  ustrncmp                       
0000026d  ustrncpy                       
00000d57  ustrstr                        
00000afd  ustrtof                        
000009c5  ustrtoul                       
000002c5  uvsnprintf                     
20000804  val                            
00003523  writeCircBuf                   
200005d8  xchOledCur                     
200005dc  xchOledMax                     
200005e0  xcoOledCur                     
200005e4  yaw                            
00001f8d  yawDegreeConvert               
00002271  yaw_ref                        
200005e8  ychOledCur                     
200005ec  ychOledMax                     
200005f0  ycoOledCur                     


GLOBAL SYMBOLS: SORTED BY Symbol Address 

address   name                           
-------   ----                           
00000000  __TI_static_base__             
00000000  g_pfnVectors                   
00000008  __SYSMEM_SIZE                  
00000200  __STACK_SIZE                   
0000026d  ustrncpy                       
000002c5  uvsnprintf                     
000006ef  usprintf                       
00000721  usnprintf                      
00000751  ulocaltime                     
0000094f  umktime                        
000009c5  ustrtoul                       
00000afd  ustrtof                        
00000d35  ustrlen                        
00000d57  ustrstr                        
00000d8d  ustrncasecmp                   
00000e31  ustrcasecmp                    
00000e45  ustrncmp                       
00000ea5  ustrcmp                        
00000eb9  usrand                         
00000ec9  urand                          
00000ef1  OrbitOledMoveTo                
00000f37  OrbitOledGetPos                
00000f53  OrbitOledSetDrawColor          
00000f6b  OrbitOledGetStdPattern         
00000f7d  OrbitOledSetFillPattern        
00000f8d  OrbitOledSetDrawMode           
00000fe1  OrbitOledGetDrawMode           
00000fe7  OrbitOledDrawPixel             
00001013  OrbitOledGetPixel              
0000102d  OrbitOledLineTo                
0000112d  OrbitOledDrawRect              
000011b1  OrbitOledFillRect              
000012f5  OrbitOledGetBmp                
00001455  OrbitOledPutBmp                
00001623  OrbitOledDrawChar              
00001683  OrbitOledDrawString            
000016a1  OrbitOledRopSet                
000016cb  OrbitOledRopOr                 
000016ef  OrbitOledRopAnd                
00001713  OrbitOledRopXor                
00001741  OrbitOledMoveUp                
00001779  OrbitOledMoveDown              
000017af  OrbitOledMoveLeft              
000017c7  OrbitOledMoveRight             
000017e1  OrbitOledClampXco              
00001801  OrbitOledClampYco              
00001841  minit                          
000018c1  malloc                         
0000192b  free                           
000019eb  realloc                        
00001af5  memalign                       
00001be1  calloc                         
00001c11  OrbitOledInit                  
00001c25  OrbitOledHostInit              
00001cef  OrbitOledDvrInit               
00001d69  OrbitOledDevInit               
00001ded  OrbitOledClear                 
00001df9  OrbitOledClearBuffer           
00001e29  OrbitOledUpdate                
00001e83  OrbitOledPutBuffer             
00001ee9  Ssi3PutByte                    
00001f8d  yawDegreeConvert               
00001fb1  initSetPoints                  
00001fcd  initResetButton                
00001fef  resetSoft                      
0000200b  checkAndIncrementAltitude      
00002029  checkAndDecrementAltitude      
00002047  checkAndIncrementYaw           
0000205d  checkAndDecrementYaw           
00002073  getAltitudePercentSetPoint     
00002079  getYawDegreesSetPoint          
00002081  buttonControllerInit           
00002099  buttonControllerLoop           
000020ad  SW1setup                       
000020cf  getSW1Position                 
000020e5  setSW1mode                     
000020f9  getSW1mode                     
000020ff  resetPeriphButtons             
0000211b  initGPIOAPinChangeInterrupts   
00002159  SW1IntHandler                  
0000219f  checkLanded                    
000021df  startLanding                   
00002271  yaw_ref                        
0000229d  initializeRef                  
000022fd  initYaw                        
00002333  initYawReference               
00002369  YawIntHandler                  
000024dd  initButtons                    
000025ab  updateButtons                  
0000267f  checkButton                    
000026fd  SysTickIntHandler              
00002739  initClock                      
00002763  initDisplay                    
0000276b  calculateRobustMeanValue       
000027b9  displayMeanVal                 
0000283f  updateDisplay                  
00002853  resetHelicopterOperations      
0000285f  initializeHelicopterOperations 
00002911  OrbitOledSetCursor             
0000295d  OrbitOledGetCursor             
00002979  OrbitOledDefUserChar           
000029c9  OrbitOledSetCharUpdate         
000029e1  OrbitOledGetCharUpdate         
000029e7  OrbitOledPutChar               
00002a05  OrbitOledPutString             
00002a31  OrbitOledDrawGlyph             
00002aa9  OrbitOledAdvanceCursor         
00002b15  initialiseUSB_UART             
00002b4d  UARTSend                       
00002b6d  getSW1modeString               
00002b99  UART                           
00002ce9  setPWMClocks                   
00002cf5  setPWM                         
00002d9d  initializePWM                  
00002e2d  resetPeripheralPWM             
00002e49  setOutputOnline                
00002ea5  GPIOPadConfigSet               
00002fd7  __aeabi_idiv0                  
00002fd9  PIDController                  
000030f9  SysCtlClockGet                 
00003209  main                           
00003309  __aeabi_dmul                   
00003405  SysCtlClockSet                 
000034f9  initCircBuf                    
00003523  writeCircBuf                   
00003557  readCircBuf                    
0000358b  freeCircBuf                    
000035b1  __aeabi_memcpy                 
000035b1  __aeabi_memcpy4                
000035b1  __aeabi_memcpy8                
000035b1  memcpy                         
0000364d  ADCSequenceStepConfigure       
000036c7  __aeabi_memclr                 
000036c7  __aeabi_memclr4                
000036c7  __aeabi_memclr8                
000036c9  __aeabi_memset                 
000036c9  __aeabi_memset4                
000036c9  __aeabi_memset8                
000036cf  memset                         
00003741  __TI_auto_init                 
000037b1  initADC                        
000037ed  ADCIntHandler                  
0000381d  IntEnable                      
00003885  __TI_decompress_lzss           
000038ed  TimerConfigure                 
0000394d  DelayInit                      
00003967  DelayMs                        
000039a9  GPIOIntTypeSet                 
00003a01  _c_int00                       
00003a55  C$$EXIT                        
00003a59  abort                          
00003a61  exit                           
00003aa9  ADCSequenceConfigure           
00003af9  SysCtlPeripheralReset          
00003b99  GPIOPinConfigure               
00003be5  copy_in                        
00003c31  __aeabi_d2iz                   
00003c79  UARTConfigSetExpClk            
00003cbf  __mpu_init                     
00003cc1  OLEDStringDraw                 
00003ce7  OLEDInitialise                 
00003d49  __aeabi_uidiv                  
00003d49  __aeabi_uidivmod               
00003d89  SSIConfigSetExpClk             
00003dc5  SysCtlPeripheralReady          
00003dfd  __aeabi_f2d                    
00003e35  IntRegister                    
00003e69  SysCtlPeripheralEnable         
00003e9d  GPIODirModeSet                 
00003ec9  PWMGenConfigure                
00003eeb  _system_post_cinit             
00003eed  UARTDisable                    
00003f0d  ADCSequenceDataGet             
00003f2b  PWMPulseWidthSet               
00003f49  SysTickIntRegister             
00003f65  ADCIntRegister                 
00003f7d  ADCProcessorTrigger            
00003f95  GPIOIntRegister                
00003fad  GPIOPinTypeGPIOOutput          
00003fc5  _args_main                     
00003fdd  GPIOPinTypeGPIOInput           
00003ff3  GPIOPinTypePWM                 
00004009  GPIOPinTypeSSI                 
0000401f  GPIOPinTypeUART                
00004035  SysCtlPWMClockSet              
00004049  SysTickEnable                  
0000405d  SysTickIntEnable               
00004071  UARTEnable                     
00004085  _register_unlock               
0000408b  _register_lock                 
00004093  _nop                           
00004099  PWMOutputState                 
000040ab  ADCIntEnable                   
000040bb  IntMasterEnable                
000040cb  PWMGenPeriodSet                
000040dd  SysCtlReset                    
000040ed  SysTickPeriodSet               
000040fd  ADCSequenceEnable              
0000410b  TimerEnable                    
00004119  __TI_decompress_none           
00004127  CPUcpsie                       
00004133  GPIOIntEnable                  
0000413f  PWMGenEnable                   
0000414b  SSIDataGet                     
00004157  __TI_zero_init                 
00004163  ResetISR                       
0000416f  ADCIntClear                    
00004179  SSIDataPut                     
00004183  SSIEnable                      
0000418d  TimerValueGet                  
00004197  UARTCharPut                    
000041a1  UARTFIFOEnable                 
000041ab  SSIBusy                        
000041b3  GPIOIntClear                   
000041b9  GPIOPinRead                    
000041bf  GPIOPinWrite                   
000041c5  SSIClockSourceSet              
000041cb  SysCtlDelay                    
000041d1  _system_pre_init               
000041d4  rgbOledFont0                   
00004768  rgbFillPat                     
00004844  __TI_Handler_Table_Base        
00004850  __TI_Handler_Table_Limit       
00004860  __TI_CINIT_Base                
00004878  __TI_CINIT_Limit               
20000000  g_pfnRAMVectors                
2000026c  rgbOledBmp                     
2000046c  rgbOledFontUser                
2000056c  g_inBuffer                     
2000059c  setPoints                      
200005a4  bnOledCur                      
200005a8  dxcoOledFontCur                
200005ac  dycoOledFontCur                
200005b0  fOledCharUpdate                
200005b4  g_ulSampCnt                    
200005b8  main_duty                      
200005bc  modOledCur                     
200005c0  pbOledCur                      
200005c4  pbOledFontCur                  
200005c8  pbOledFontUser                 
200005cc  pbOledPatCur                   
200005d0  pfnDoRop                       
200005d4  tail_duty                      
200005d8  xchOledCur                     
200005dc  xchOledMax                     
200005e0  xcoOledCur                     
200005e4  yaw                            
200005e8  ychOledCur                     
200005ec  ychOledMax                     
200005f0  ycoOledCur                     
200005f4  altitude                       
200005f6  clrOledCur                     
200005f7  slowTick                       
200005f8  state                          
200005fc  __stack                        
200007fc  __STACK_END                    
200007fc  __STACK_TOP                    
200007fc  interupt_value                 
20000804  val                            
20000808  lock                           
20000809  heliMode                       
2000080c  __TI_cleanup_ptr               
20000810  __TI_dtors_ptr                 
20000814  __TI_enable_exit_profile_output
20000824  _lock                          
20000828  _unlock                        
2000082c  error_integrated_main          
20000830  error_integrated_tail          
20000838  main_func_sp                   
20000840  _sys_memory                    
ffffffff  __TI_pprof_out_hndl            
ffffffff  __TI_prof_data_size            
ffffffff  __TI_prof_data_start           
ffffffff  __binit__                      
ffffffff  __c_args__                     
ffffffff  binit                          
UNDEFED   SHT$$INIT_ARRAY$$Base          
UNDEFED   SHT$$INIT_ARRAY$$Limit         

[278 symbols]
