******************************************************************************
                  TI ARM Linker PC v16.9.6                     
******************************************************************************
>> Linked Wed May 30 01:56:33 2018

OUTPUT FILE NAME:   <TIVA_GAME.out>
ENTRY POINT SYMBOL: "_c_int00"  address: 0000162d


MEMORY CONFIGURATION

         name            origin    length      used     unused   attr    fill
----------------------  --------  ---------  --------  --------  ----  --------
  FLASH                 00000000   00040000  00001dc0  0003e240  R  X
  SRAM                  20000000   00008000  00000559  00007aa7  RW X


SEGMENT ALLOCATION MAP

run origin  load origin   length   init length attrs members
----------  ----------- ---------- ----------- ----- -------
00000000    00000000    00001dc0   00001dc0    r-x
  00000000    00000000    0000026c   0000026c    r-- .intvecs
  0000026c    0000026c    000016e0   000016e0    r-x .text
  0000194c    0000194c    0000043c   0000043c    r-- .const
  00001d88    00001d88    00000038   00000038    r-- .cinit
20000000    20000000    0000055c   00000000    rw-
  20000000    20000000    00000341   00000000    rw- .bss
  20000344    20000344    00000200   00000000    rw- .stack
  20000544    20000544    00000018   00000000    rw- .data


SECTION ALLOCATION MAP

 output                                  attributes/
section   page    origin      length       input sections
--------  ----  ----------  ----------   ----------------
.intvecs   0    00000000    0000026c     
                  00000000    0000026c     tm4c123gh6pm_startup_ccs.obj (.intvecs)

.text      0    0000026c    000016e0     
                  0000026c    00000950     OrbitOledGrph.obj (.text)
                  00000bbc    0000037c     OrbitOled.obj (.text)
                  00000f38    00000204     OrbitOledChar.obj (.text)
                  0000113c    00000132     driverlib.lib : gpio.obj (.text:GPIOPadConfigSet)
                  0000126e    00000002     rtsv7M4_T_le_v4SPD16_eabi.lib : mpu_init.obj (.text)
                  00001270    00000110     driverlib.lib : sysctl.obj (.text:SysCtlClockGet)
                  00001380    0000009c     rtsv7M4_T_le_v4SPD16_eabi.lib : memcpy_t2.obj (.text)
                  0000141c    0000007a                                   : memset_t2.obj (.text)
                  00001496    00000002                                   : startup.obj (.text)
                  00001498    00000070                                   : autoinit.obj (.text)
                  00001508    00000068                                   : copy_decompress_lzss.obj (.text:decompress:lzss)
                  00001570    00000060     driverlib.lib : timer.obj (.text:TimerConfigure)
                  000015d0    0000005c     delay.obj (.text)
                  0000162c    00000054     rtsv7M4_T_le_v4SPD16_eabi.lib : boot.obj (.text)
                  00001680    00000054                                   : exit.obj (.text)
                  000016d4    0000004c     driverlib.lib : gpio.obj (.text:GPIOPinConfigure)
                  00001720    0000004c     rtsv7M4_T_le_v4SPD16_eabi.lib : cpy_tbl.obj (.text)
                  0000176c    00000044     OrbitOLEDInterface.obj (.text)
                  000017b0    0000003c     driverlib.lib : ssi.obj (.text:SSIConfigSetExpClk)
                  000017ec    00000034                   : sysctl.obj (.text:SysCtlPeripheralEnable)
                  00001820    0000002c                   : gpio.obj (.text:GPIODirModeSet)
                  0000184c    00000026     gameEngine.obj (.text)
                  00001872    00000018     driverlib.lib : gpio.obj (.text:GPIOPinTypeGPIOOutput)
                  0000188a    00000002     --HOLE-- [fill = 0]
                  0000188c    00000018     rtsv7M4_T_le_v4SPD16_eabi.lib : args_main.obj (.text)
                  000018a4    00000016     driverlib.lib : gpio.obj (.text:GPIOPinTypeSSI)
                  000018ba    00000002     --HOLE-- [fill = 0]
                  000018bc    00000014     rtsv7M4_T_le_v4SPD16_eabi.lib : _lock.obj (.text)
                  000018d0    0000000e     driverlib.lib : timer.obj (.text:TimerEnable)
                  000018de    0000000e     rtsv7M4_T_le_v4SPD16_eabi.lib : copy_decompress_none.obj (.text:decompress:none)
                  000018ec    0000000c     driverlib.lib : ssi.obj (.text:SSIDataGet)
                  000018f8    0000000c     rtsv7M4_T_le_v4SPD16_eabi.lib : copy_zero_init.obj (.text:decompress:ZI)
                  00001904    0000000c     tm4c123gh6pm_startup_ccs.obj (.text)
                  00001910    0000000a     driverlib.lib : ssi.obj (.text:SSIDataPut)
                  0000191a    0000000a                   : ssi.obj (.text:SSIEnable)
                  00001924    0000000a                   : timer.obj (.text:TimerValueGet)
                  0000192e    00000008                   : ssi.obj (.text:SSIBusy)
                  00001936    00000006                   : gpio.obj (.text:GPIOPinWrite)
                  0000193c    00000006                   : ssi.obj (.text:SSIClockSourceSet)
                  00001942    00000006                   : sysctl.obj (.text:SysCtlDelay)
                  00001948    00000004     rtsv7M4_T_le_v4SPD16_eabi.lib : pre_init.obj (.text)

.const     0    0000194c    0000043c     
                  0000194c    00000300     ChrFont0.obj (.const:.string:rgbOledFont0)
                  00001c4c    00000090     driverlib.lib : gpio.obj (.const:g_pui32GPIOBaseAddrs)
                  00001cdc    0000006c                   : sysctl.obj (.const:g_pui32Xtals)
                  00001d48    00000040     FillPat.obj (.const:.string:rgbFillPat)

.cinit     0    00001d88    00000038     
                  00001d88    00000011     (.cinit..data.load) [load image, compression = lzss]
                  00001d99    00000003     --HOLE-- [fill = 0]
                  00001d9c    0000000c     (__TI_handler_table)
                  00001da8    00000008     (.cinit..bss.load) [load image, compression = zero_init]
                  00001db0    00000010     (__TI_cinit_table)

.init_array 
*          0    00000000    00000000     UNINITIALIZED

.bss       0    20000000    00000341     UNINITIALIZED
                  20000000    00000200     (.common:rgbOledBmp)
                  20000200    00000100     (.common:rgbOledFontUser)
                  20000300    00000004     (.common:bnOledCur)
                  20000304    00000004     (.common:dxcoOledFontCur)
                  20000308    00000004     (.common:dycoOledFontCur)
                  2000030c    00000004     (.common:fOledCharUpdate)
                  20000310    00000004     (.common:modOledCur)
                  20000314    00000004     (.common:pbOledCur)
                  20000318    00000004     (.common:pbOledFontCur)
                  2000031c    00000004     (.common:pbOledFontUser)
                  20000320    00000004     (.common:pbOledPatCur)
                  20000324    00000004     (.common:pfnDoRop)
                  20000328    00000004     (.common:xchOledCur)
                  2000032c    00000004     (.common:xchOledMax)
                  20000330    00000004     (.common:xcoOledCur)
                  20000334    00000004     (.common:ychOledCur)
                  20000338    00000004     (.common:ychOledMax)
                  2000033c    00000004     (.common:ycoOledCur)
                  20000340    00000001     (.common:clrOledCur)

.stack     0    20000344    00000200     UNINITIALIZED
                  20000344    00000200     --HOLE--

.data      0    20000544    00000018     UNINITIALIZED
                  20000544    0000000c     rtsv7M4_T_le_v4SPD16_eabi.lib : exit.obj (.data:$O1$$)
                  20000550    00000008                                   : _lock.obj (.data:$O1$$)
                  20000558    00000004                                   : stkdepth_vars.obj (.data)

MODULE SUMMARY

       Module                         code   ro data   rw data
       ------                         ----   -------   -------
    .\
       tm4c123gh6pm_startup_ccs.obj   12     620       0      
       gameEngine.obj                 38     0         0      
    +--+------------------------------+------+---------+---------+
       Total:                         50     620       0      
                                                              
    .\OrbitOLED\
       OrbitOLEDInterface.obj         68     0         0      
    +--+------------------------------+------+---------+---------+
       Total:                         68     0         0      
                                                              
    .\OrbitOLED\lib_OrbitOled\
       OrbitOledGrph.obj              2384   0         8      
       OrbitOled.obj                  892    0         553    
       OrbitOledChar.obj              516    0         272    
       ChrFont0.obj                   0      768       0      
       delay.obj                      92     0         0      
       FillPat.obj                    0      64        0      
    +--+------------------------------+------+---------+---------+
       Total:                         3884   832       833    
                                                              
    C:/ti/TivaWare_C_Series-2.1.4.178/driverlib/ccs/Debug/driverlib.lib
       gpio.obj                       478    144       0      
       sysctl.obj                     330    108       0      
       timer.obj                      120    0         0      
       ssi.obj                        106    0         0      
    +--+------------------------------+------+---------+---------+
       Total:                         1034   252       0      
                                                              
    C:\ti\ccsv7\tools\compiler\ti-cgt-arm_16.9.6.LTS\lib\rtsv7M4_T_le_v4SPD16_eabi.lib
       memcpy_t2.obj                  156    0         0      
       memset_t2.obj                  122    0         0      
       autoinit.obj                   112    0         0      
       copy_decompress_lzss.obj       104    0         0      
       exit.obj                       84     0         12     
       boot.obj                       84     0         0      
       cpy_tbl.obj                    76     0         0      
       _lock.obj                      20     0         8      
       args_main.obj                  24     0         0      
       copy_decompress_none.obj       14     0         0      
       copy_zero_init.obj             12     0         0      
       pre_init.obj                   4      0         0      
       stkdepth_vars.obj              0      0         4      
       mpu_init.obj                   2      0         0      
       startup.obj                    2      0         0      
    +--+------------------------------+------+---------+---------+
       Total:                         816    0         24     
                                                              
       Stack:                         0      0         512    
       Linker Generated:              0      53        0      
    +--+------------------------------+------+---------+---------+
       Grand Total:                   5852   1757      1369   


LINKER GENERATED COPY TABLES

__TI_cinit_table @ 00001db0 records: 2, size/record: 8, table size: 16
	.data: load addr=00001d88, load size=00000011 bytes, run addr=20000544, run size=00000018 bytes, compression=lzss
	.bss: load addr=00001da8, load size=00000008 bytes, run addr=20000000, run size=00000341 bytes, compression=zero_init


LINKER GENERATED HANDLER TABLE

__TI_handler_table @ 00001d9c records: 3, size/record: 4, table size: 12
	index: 0, handler: __TI_decompress_lzss
	index: 1, handler: __TI_decompress_none
	index: 2, handler: __TI_zero_init


GLOBAL SYMBOLS: SORTED ALPHABETICALLY BY Name 

address   name                           
-------   ----                           
00001681  C$$EXIT                        
000015d1  DelayInit                      
000015eb  DelayMs                        
00001821  GPIODirModeSet                 
0000113d  GPIOPadConfigSet               
000016d5  GPIOPinConfigure               
00001873  GPIOPinTypeGPIOOutput          
000018a5  GPIOPinTypeSSI                 
00001937  GPIOPinWrite                   
00001793  OLEDInitialise                 
0000176d  OLEDStringDraw                 
000010d1  OrbitOledAdvanceCursor         
00000b5d  OrbitOledClampXco              
00000b7d  OrbitOledClampYco              
00000d99  OrbitOledClear                 
00000da5  OrbitOledClearBuffer           
00000fa1  OrbitOledDefUserChar           
00000d15  OrbitOledDevInit               
0000099f  OrbitOledDrawChar              
00001059  OrbitOledDrawGlyph             
00000363  OrbitOledDrawPixel             
000004a9  OrbitOledDrawRect              
000009ff  OrbitOledDrawString            
00000c9b  OrbitOledDvrInit               
0000052d  OrbitOledFillRect              
00000671  OrbitOledGetBmp                
00001009  OrbitOledGetCharUpdate         
00000f85  OrbitOledGetCursor             
0000035d  OrbitOledGetDrawMode           
0000038f  OrbitOledGetPixel              
000002b3  OrbitOledGetPos                
000002e7  OrbitOledGetStdPattern         
00000bd1  OrbitOledHostInit              
00000bbd  OrbitOledInit                  
000003a9  OrbitOledLineTo                
00000af5  OrbitOledMoveDown              
00000b2b  OrbitOledMoveLeft              
00000b43  OrbitOledMoveRight             
0000026d  OrbitOledMoveTo                
00000abd  OrbitOledMoveUp                
000007d1  OrbitOledPutBmp                
00000e2f  OrbitOledPutBuffer             
0000100f  OrbitOledPutChar               
0000102d  OrbitOledPutString             
00000a6b  OrbitOledRopAnd                
00000a47  OrbitOledRopOr                 
00000a1d  OrbitOledRopSet                
00000a8f  OrbitOledRopXor                
00000ff1  OrbitOledSetCharUpdate         
00000f39  OrbitOledSetCursor             
000002cf  OrbitOledSetDrawColor          
00000309  OrbitOledSetDrawMode           
000002f9  OrbitOledSetFillPattern        
00000dd5  OrbitOledUpdate                
00001905  ResetISR                       
UNDEFED   SHT$$INIT_ARRAY$$Base          
UNDEFED   SHT$$INIT_ARRAY$$Limit         
0000192f  SSIBusy                        
0000193d  SSIClockSourceSet              
000017b1  SSIConfigSetExpClk             
000018ed  SSIDataGet                     
00001911  SSIDataPut                     
0000191b  SSIEnable                      
00000e95  Ssi3PutByte                    
00001271  SysCtlClockGet                 
00001943  SysCtlDelay                    
000017ed  SysCtlPeripheralEnable         
00001571  TimerConfigure                 
000018d1  TimerEnable                    
00001925  TimerValueGet                  
20000544  __STACK_END                    
00000200  __STACK_SIZE                   
20000544  __STACK_TOP                    
00001db0  __TI_CINIT_Base                
00001dc0  __TI_CINIT_Limit               
00001d9c  __TI_Handler_Table_Base        
00001da8  __TI_Handler_Table_Limit       
00001499  __TI_auto_init                 
20000544  __TI_cleanup_ptr               
00001509  __TI_decompress_lzss           
000018df  __TI_decompress_none           
20000548  __TI_dtors_ptr                 
2000054c  __TI_enable_exit_profile_output
ffffffff  __TI_pprof_out_hndl            
ffffffff  __TI_prof_data_size            
ffffffff  __TI_prof_data_start           
00000000  __TI_static_base__             
000018f9  __TI_zero_init                 
0000141d  __aeabi_memclr                 
0000141d  __aeabi_memclr4                
0000141d  __aeabi_memclr8                
00001381  __aeabi_memcpy                 
00001381  __aeabi_memcpy4                
00001381  __aeabi_memcpy8                
0000141f  __aeabi_memset                 
0000141f  __aeabi_memset4                
0000141f  __aeabi_memset8                
ffffffff  __binit__                      
ffffffff  __c_args__                     
0000126f  __mpu_init                     
20000344  __stack                        
0000188d  _args_main                     
0000162d  _c_int00                       
20000550  _lock                          
000018cb  _nop                           
000018c3  _register_lock                 
000018bd  _register_unlock               
00001497  _system_post_cinit             
00001949  _system_pre_init               
20000554  _unlock                        
00001685  abort                          
ffffffff  binit                          
20000300  bnOledCur                      
20000340  clrOledCur                     
00001721  copy_in                        
20000304  dxcoOledFontCur                
20000308  dycoOledFontCur                
0000168d  exit                           
2000030c  fOledCharUpdate                
00000000  g_pfnVectors                   
0000184d  main                           
20000558  main_func_sp                   
00001381  memcpy                         
00001425  memset                         
20000310  modOledCur                     
20000314  pbOledCur                      
20000318  pbOledFontCur                  
2000031c  pbOledFontUser                 
20000320  pbOledPatCur                   
20000324  pfnDoRop                       
00001d48  rgbFillPat                     
20000000  rgbOledBmp                     
0000194c  rgbOledFont0                   
20000200  rgbOledFontUser                
20000328  xchOledCur                     
2000032c  xchOledMax                     
20000330  xcoOledCur                     
20000334  ychOledCur                     
20000338  ychOledMax                     
2000033c  ycoOledCur                     


GLOBAL SYMBOLS: SORTED BY Symbol Address 

address   name                           
-------   ----                           
00000000  __TI_static_base__             
00000000  g_pfnVectors                   
00000200  __STACK_SIZE                   
0000026d  OrbitOledMoveTo                
000002b3  OrbitOledGetPos                
000002cf  OrbitOledSetDrawColor          
000002e7  OrbitOledGetStdPattern         
000002f9  OrbitOledSetFillPattern        
00000309  OrbitOledSetDrawMode           
0000035d  OrbitOledGetDrawMode           
00000363  OrbitOledDrawPixel             
0000038f  OrbitOledGetPixel              
000003a9  OrbitOledLineTo                
000004a9  OrbitOledDrawRect              
0000052d  OrbitOledFillRect              
00000671  OrbitOledGetBmp                
000007d1  OrbitOledPutBmp                
0000099f  OrbitOledDrawChar              
000009ff  OrbitOledDrawString            
00000a1d  OrbitOledRopSet                
00000a47  OrbitOledRopOr                 
00000a6b  OrbitOledRopAnd                
00000a8f  OrbitOledRopXor                
00000abd  OrbitOledMoveUp                
00000af5  OrbitOledMoveDown              
00000b2b  OrbitOledMoveLeft              
00000b43  OrbitOledMoveRight             
00000b5d  OrbitOledClampXco              
00000b7d  OrbitOledClampYco              
00000bbd  OrbitOledInit                  
00000bd1  OrbitOledHostInit              
00000c9b  OrbitOledDvrInit               
00000d15  OrbitOledDevInit               
00000d99  OrbitOledClear                 
00000da5  OrbitOledClearBuffer           
00000dd5  OrbitOledUpdate                
00000e2f  OrbitOledPutBuffer             
00000e95  Ssi3PutByte                    
00000f39  OrbitOledSetCursor             
00000f85  OrbitOledGetCursor             
00000fa1  OrbitOledDefUserChar           
00000ff1  OrbitOledSetCharUpdate         
00001009  OrbitOledGetCharUpdate         
0000100f  OrbitOledPutChar               
0000102d  OrbitOledPutString             
00001059  OrbitOledDrawGlyph             
000010d1  OrbitOledAdvanceCursor         
0000113d  GPIOPadConfigSet               
0000126f  __mpu_init                     
00001271  SysCtlClockGet                 
00001381  __aeabi_memcpy                 
00001381  __aeabi_memcpy4                
00001381  __aeabi_memcpy8                
00001381  memcpy                         
0000141d  __aeabi_memclr                 
0000141d  __aeabi_memclr4                
0000141d  __aeabi_memclr8                
0000141f  __aeabi_memset                 
0000141f  __aeabi_memset4                
0000141f  __aeabi_memset8                
00001425  memset                         
00001497  _system_post_cinit             
00001499  __TI_auto_init                 
00001509  __TI_decompress_lzss           
00001571  TimerConfigure                 
000015d1  DelayInit                      
000015eb  DelayMs                        
0000162d  _c_int00                       
00001681  C$$EXIT                        
00001685  abort                          
0000168d  exit                           
000016d5  GPIOPinConfigure               
00001721  copy_in                        
0000176d  OLEDStringDraw                 
00001793  OLEDInitialise                 
000017b1  SSIConfigSetExpClk             
000017ed  SysCtlPeripheralEnable         
00001821  GPIODirModeSet                 
0000184d  main                           
00001873  GPIOPinTypeGPIOOutput          
0000188d  _args_main                     
000018a5  GPIOPinTypeSSI                 
000018bd  _register_unlock               
000018c3  _register_lock                 
000018cb  _nop                           
000018d1  TimerEnable                    
000018df  __TI_decompress_none           
000018ed  SSIDataGet                     
000018f9  __TI_zero_init                 
00001905  ResetISR                       
00001911  SSIDataPut                     
0000191b  SSIEnable                      
00001925  TimerValueGet                  
0000192f  SSIBusy                        
00001937  GPIOPinWrite                   
0000193d  SSIClockSourceSet              
00001943  SysCtlDelay                    
00001949  _system_pre_init               
0000194c  rgbOledFont0                   
00001d48  rgbFillPat                     
00001d9c  __TI_Handler_Table_Base        
00001da8  __TI_Handler_Table_Limit       
00001db0  __TI_CINIT_Base                
00001dc0  __TI_CINIT_Limit               
20000000  rgbOledBmp                     
20000200  rgbOledFontUser                
20000300  bnOledCur                      
20000304  dxcoOledFontCur                
20000308  dycoOledFontCur                
2000030c  fOledCharUpdate                
20000310  modOledCur                     
20000314  pbOledCur                      
20000318  pbOledFontCur                  
2000031c  pbOledFontUser                 
20000320  pbOledPatCur                   
20000324  pfnDoRop                       
20000328  xchOledCur                     
2000032c  xchOledMax                     
20000330  xcoOledCur                     
20000334  ychOledCur                     
20000338  ychOledMax                     
2000033c  ycoOledCur                     
20000340  clrOledCur                     
20000344  __stack                        
20000544  __STACK_END                    
20000544  __STACK_TOP                    
20000544  __TI_cleanup_ptr               
20000548  __TI_dtors_ptr                 
2000054c  __TI_enable_exit_profile_output
20000550  _lock                          
20000554  _unlock                        
20000558  main_func_sp                   
ffffffff  __TI_pprof_out_hndl            
ffffffff  __TI_prof_data_size            
ffffffff  __TI_prof_data_start           
ffffffff  __binit__                      
ffffffff  __c_args__                     
ffffffff  binit                          
UNDEFED   SHT$$INIT_ARRAY$$Base          
UNDEFED   SHT$$INIT_ARRAY$$Limit         

[140 symbols]
