******************************************************************************
                  TI ARM Linker PC v16.9.6                     
******************************************************************************
>> Linked Tue May 01 16:49:42 2018

OUTPUT FILE NAME:   <Milestone.out>
ENTRY POINT SYMBOL: "_c_int00"  address: 00002f31


MEMORY CONFIGURATION

         name            origin    length      used     unused   attr    fill
----------------------  --------  ---------  --------  --------  ----  --------
  FLASH                 00000000   00040000  00003bfe  0003c402  R  X
  SRAM                  20000000   00008000  000009f5  0000760b  RW X


SEGMENT ALLOCATION MAP

run origin  load origin   length   init length attrs members
----------  ----------- ---------- ----------- ----- -------
00000000    00000000    00003c00   00003c00    r-x
  00000000    00000000    0000026c   0000026c    r-- .intvecs
  0000026c    0000026c    000032fa   000032fa    r-x .text
  00003568    00003568    00000648   00000648    r-- .const
  00003bb0    00003bb0    00000050   00000050    r-- .cinit
20000000    20000000    000009f8   00000000    rw-
  20000000    20000000    0000026c   00000000    rw- .vtable
  2000026c    2000026c    00000361   00000000    rw- .bss
  200005d0    200005d0    00000200   00000000    rw- .stack
  200007d0    200007d0    00000200   00000000    rw- .sysmem
  200009d0    200009d0    00000028   00000000    rw- .data


SECTION ALLOCATION MAP

 output                                  attributes/
section   page    origin      length       input sections
--------  ----  ----------  ----------   ----------------
.intvecs   0    00000000    0000026c     
                  00000000    0000026c     tm4c123gh6pm_startup_ccs.obj (.intvecs)

.text      0    0000026c    000032fa     
                  0000026c    00000c84     ustdlib.obj (.text)
                  00000ef0    00000950     OrbitOledGrph.obj (.text)
                  00001840    000004d0     Helicopter.obj (.text)
                  00001d10    000003d0     rtsv7M4_T_le_v4SPD16_eabi.lib : memory.obj (.text)
                  000020e0    0000037c     OrbitOled.obj (.text)
                  0000245c    00000204     OrbitOledChar.obj (.text)
                  00002660    00000132     driverlib.lib : gpio.obj (.text:GPIOPadConfigSet)
                  00002792    00000002     rtsv7M4_T_le_v4SPD16_eabi.lib : i_div0.obj (.text)
                  00002794    00000110     driverlib.lib : sysctl.obj (.text:SysCtlClockGet)
                  000028a4    000000fc     rtsv7M4_T_le_v4SPD16_eabi.lib : fd_mul_t2.obj (.text)
                  000029a0    000000f4     driverlib.lib : sysctl.obj (.text:SysCtlClockSet)
                  00002a94    000000b8     circBufT.obj (.text)
                  00002b4c    0000009c     rtsv7M4_T_le_v4SPD16_eabi.lib : memcpy_t2.obj (.text)
                  00002be8    0000007a     driverlib.lib : adc.obj (.text:ADCSequenceStepConfigure)
                  00002c62    0000007a     rtsv7M4_T_le_v4SPD16_eabi.lib : memset_t2.obj (.text)
                  00002cdc    00000070                                   : autoinit.obj (.text)
                  00002d4c    00000068     driverlib.lib : interrupt.obj (.text:IntEnable)
                  00002db4    00000068     rtsv7M4_T_le_v4SPD16_eabi.lib : copy_decompress_lzss.obj (.text:decompress:lzss)
                  00002e1c    00000060     driverlib.lib : timer.obj (.text:TimerConfigure)
                  00002e7c    0000005c     delay.obj (.text)
                  00002ed8    00000058     driverlib.lib : gpio.obj (.text:GPIOIntTypeSet)
                  00002f30    00000054     rtsv7M4_T_le_v4SPD16_eabi.lib : boot.obj (.text)
                  00002f84    00000054                                   : exit.obj (.text)
                  00002fd8    00000050     driverlib.lib : adc.obj (.text:ADCSequenceConfigure)
                  00003028    00000050                   : adc.obj (.text:_ADCIntNumberGet)
                  00003078    0000004c                   : gpio.obj (.text:GPIOPinConfigure)
                  000030c4    0000004c     rtsv7M4_T_le_v4SPD16_eabi.lib : cpy_tbl.obj (.text)
                  00003110    00000048                                   : fd_toi_t2.obj (.text)
                  00003158    00000044     OrbitOLEDInterface.obj (.text)
                  0000319c    00000044     driverlib.lib : gpio.obj (.text:_GPIOIntNumberGet)
                  000031e0    00000040     rtsv7M4_T_le_v4SPD16_eabi.lib : u_divt2.obj (.text)
                  00003220    0000003c     driverlib.lib : ssi.obj (.text:SSIConfigSetExpClk)
                  0000325c    00000038                   : sysctl.obj (.text:SysCtlPeripheralReady)
                  00003294    00000038     rtsv7M4_T_le_v4SPD16_eabi.lib : fs_tod_t2.obj (.text)
                  000032cc    00000034     driverlib.lib : interrupt.obj (.text:IntRegister)
                  00003300    00000034                   : sysctl.obj (.text:SysCtlPeripheralEnable)
                  00003334    0000002c                   : gpio.obj (.text:GPIODirModeSet)
                  00003360    0000001e                   : adc.obj (.text:ADCSequenceDataGet)
                  0000337e    00000002     rtsv7M4_T_le_v4SPD16_eabi.lib : mpu_init.obj (.text)
                  00003380    0000001c     driverlib.lib : systick.obj (.text:SysTickIntRegister)
                  0000339c    00000018                   : adc.obj (.text:ADCIntRegister)
                  000033b4    00000018                   : adc.obj (.text:ADCProcessorTrigger)
                  000033cc    00000018                   : gpio.obj (.text:GPIOIntRegister)
                  000033e4    00000018                   : gpio.obj (.text:GPIOPinTypeGPIOOutput)
                  000033fc    00000018     rtsv7M4_T_le_v4SPD16_eabi.lib : args_main.obj (.text)
                  00003414    00000016     driverlib.lib : gpio.obj (.text:GPIOPinTypeGPIOInput)
                  0000342a    00000016                   : gpio.obj (.text:GPIOPinTypeSSI)
                  00003440    00000014                   : systick.obj (.text:SysTickEnable)
                  00003454    00000014                   : systick.obj (.text:SysTickIntEnable)
                  00003468    00000014     rtsv7M4_T_le_v4SPD16_eabi.lib : _lock.obj (.text)
                  0000347c    00000010     driverlib.lib : adc.obj (.text:ADCIntEnable)
                  0000348c    00000010                   : interrupt.obj (.text:IntMasterEnable)
                  0000349c    00000010                   : systick.obj (.text:SysTickPeriodSet)
                  000034ac    0000000e                   : adc.obj (.text:ADCSequenceEnable)
                  000034ba    0000000e                   : timer.obj (.text:TimerEnable)
                  000034c8    0000000e     rtsv7M4_T_le_v4SPD16_eabi.lib : copy_decompress_none.obj (.text:decompress:none)
                  000034d6    0000000c     driverlib.lib : cpu.obj (.text:CPUcpsie)
                  000034e2    0000000c                   : gpio.obj (.text:GPIOIntEnable)
                  000034ee    0000000c                   : ssi.obj (.text:SSIDataGet)
                  000034fa    0000000c     rtsv7M4_T_le_v4SPD16_eabi.lib : copy_zero_init.obj (.text:decompress:ZI)
                  00003506    0000000c     tm4c123gh6pm_startup_ccs.obj (.text)
                  00003512    0000000a     driverlib.lib : adc.obj (.text:ADCIntClear)
                  0000351c    0000000a                   : ssi.obj (.text:SSIDataPut)
                  00003526    0000000a                   : ssi.obj (.text:SSIEnable)
                  00003530    0000000a                   : timer.obj (.text:TimerValueGet)
                  0000353a    00000008                   : ssi.obj (.text:SSIBusy)
                  00003542    00000006                   : gpio.obj (.text:GPIOIntClear)
                  00003548    00000006                   : gpio.obj (.text:GPIOPinRead)
                  0000354e    00000006                   : gpio.obj (.text:GPIOPinWrite)
                  00003554    00000006                   : ssi.obj (.text:SSIClockSourceSet)
                  0000355a    00000006                   : sysctl.obj (.text:SysCtlDelay)
                  00003560    00000004     rtsv7M4_T_le_v4SPD16_eabi.lib : pre_init.obj (.text)
                  00003564    00000002                                   : startup.obj (.text)

.const     0    00003568    00000648     
                  00003568    00000300     ChrFont0.obj (.const:.string:rgbOledFont0)
                  00003868    000000d8     driverlib.lib : gpio.obj (.const:g_ppui32GPIOIntMapSnowflake)
                  00003940    000000c0                   : gpio.obj (.const:g_ppui32GPIOIntMapBlizzard)
                  00003a00    00000090                   : gpio.obj (.const:g_pui32GPIOBaseAddrs)
                  00003a90    0000006c                   : sysctl.obj (.const:g_pui32Xtals)
                  00003afc    00000040     FillPat.obj (.const:.string:rgbFillPat)
                  00003b3c    00000030     ustdlib.obj (.const:g_psDaysToMonth)
                  00003b6c    00000018     ustdlib.obj (.const:g_pfExponents)
                  00003b84    00000014     driverlib.lib : interrupt.obj (.const:g_pui32EnRegs)
                  00003b98    00000012     ustdlib.obj (.const:.string)
                  00003baa    00000002     --HOLE-- [fill = 0]
                  00003bac    00000004     ustdlib.obj (.const)

.cinit     0    00003bb0    00000050     
                  00003bb0    0000001b     (.cinit..data.load) [load image, compression = lzss]
                  00003bcb    00000001     --HOLE-- [fill = 0]
                  00003bcc    0000000c     (__TI_handler_table)
                  00003bd8    00000008     (.cinit..bss.load) [load image, compression = zero_init]
                  00003be0    00000008     (.cinit..vtable.load) [load image, compression = zero_init]
                  00003be8    00000018     (__TI_cinit_table)

.init_array 
*          0    00000000    00000000     UNINITIALIZED

.vtable    0    20000000    0000026c     UNINITIALIZED
                  20000000    0000026c     driverlib.lib : interrupt.obj (.vtable)

.bss       0    2000026c    00000361     UNINITIALIZED
                  2000026c    00000200     (.common:rgbOledBmp)
                  2000046c    00000100     (.common:rgbOledFontUser)
                  2000056c    00000010     Helicopter.obj (.bss)
                  2000057c    00000010     Helicopter.obj (.bss:g_inBuffer)
                  2000058c    00000004     (.common:bnOledCur)
                  20000590    00000004     (.common:dxcoOledFontCur)
                  20000594    00000004     (.common:dycoOledFontCur)
                  20000598    00000004     (.common:fOledCharUpdate)
                  2000059c    00000004     (.common:modOledCur)
                  200005a0    00000004     (.common:pbOledCur)
                  200005a4    00000004     (.common:pbOledFontCur)
                  200005a8    00000004     (.common:pbOledFontUser)
                  200005ac    00000004     (.common:pbOledPatCur)
                  200005b0    00000004     (.common:pfnDoRop)
                  200005b4    00000004     (.common:xchOledCur)
                  200005b8    00000004     (.common:xchOledMax)
                  200005bc    00000004     (.common:xcoOledCur)
                  200005c0    00000004     (.common:ychOledCur)
                  200005c4    00000004     (.common:ychOledMax)
                  200005c8    00000004     (.common:ycoOledCur)
                  200005cc    00000001     (.common:clrOledCur)

.stack     0    200005d0    00000200     UNINITIALIZED
                  200005d0    00000200     --HOLE--

.sysmem    0    200007d0    00000200     UNINITIALIZED
                  200007d0    00000008     rtsv7M4_T_le_v4SPD16_eabi.lib : memory.obj (.sysmem)
                  200007d8    000001f8     --HOLE--

.data      0    200009d0    00000028     UNINITIALIZED
                  200009d0    0000000c     rtsv7M4_T_le_v4SPD16_eabi.lib : exit.obj (.data:$O1$$)
                  200009dc    0000000c                                   : memory.obj (.data:$O1$$)
                  200009e8    00000008                                   : _lock.obj (.data:$O1$$)
                  200009f0    00000004                                   : stkdepth_vars.obj (.data)
                  200009f4    00000004     ustdlib.obj (.data)

MODULE SUMMARY

       Module                         code    ro data   rw data
       ------                         ----    -------   -------
    .\
       ustdlib.obj                    3204    94        4      
       Helicopter.obj                 1232    0         32     
       tm4c123gh6pm_startup_ccs.obj   12      620       0      
       circBufT.obj                   184     0         0      
    +--+------------------------------+-------+---------+---------+
       Total:                         4632    714       36     
                                                               
    .\OrbitOLED\
       OrbitOLEDInterface.obj         68      0         0      
    +--+------------------------------+-------+---------+---------+
       Total:                         68      0         0      
                                                               
    .\OrbitOLED\lib_OrbitOled\
       OrbitOledGrph.obj              2384    0         8      
       OrbitOled.obj                  892     0         553    
       OrbitOledChar.obj              516     0         272    
       ChrFont0.obj                   0       768       0      
       delay.obj                      92      0         0      
       FillPat.obj                    0       64        0      
    +--+------------------------------+-------+---------+---------+
       Total:                         3884    832       833    
                                                               
    C:/ti/TivaWare_C_Series-2.1.4.178/driverlib/ccs/Debug/driverlib.lib
       gpio.obj                       704     552       0      
       interrupt.obj                  172     20        620    
       sysctl.obj                     630     108       0      
       adc.obj                        400     0         0      
       timer.obj                      120     0         0      
       ssi.obj                        106     0         0      
       systick.obj                    84      0         0      
       cpu.obj                        12      0         0      
    +--+------------------------------+-------+---------+---------+
       Total:                         2228    680       620    
                                                               
    C:\ti\ccsv7\tools\compiler\ti-cgt-arm_16.9.6.LTS\lib\rtsv7M4_T_le_v4SPD16_eabi.lib
       memory.obj                     976     0         12     
       fd_mul_t2.obj                  252     0         0      
       memcpy_t2.obj                  156     0         0      
       memset_t2.obj                  122     0         0      
       autoinit.obj                   112     0         0      
       copy_decompress_lzss.obj       104     0         0      
       exit.obj                       84      0         12     
       boot.obj                       84      0         0      
       cpy_tbl.obj                    76      0         0      
       fd_toi_t2.obj                  72      0         0      
       u_divt2.obj                    64      0         0      
       fs_tod_t2.obj                  56      0         0      
       _lock.obj                      20      0         8      
       args_main.obj                  24      0         0      
       copy_decompress_none.obj       14      0         0      
       copy_zero_init.obj             12      0         0      
       pre_init.obj                   4       0         0      
       stkdepth_vars.obj              0       0         4      
       i_div0.obj                     2       0         0      
       mpu_init.obj                   2       0         0      
       startup.obj                    2       0         0      
    +--+------------------------------+-------+---------+---------+
       Total:                         2238    0         36     
                                                               
       Heap:                          0       0         512    
       Stack:                         0       0         512    
       Linker Generated:              0       79        0      
    +--+------------------------------+-------+---------+---------+
       Grand Total:                   13050   2305      2549   


LINKER GENERATED COPY TABLES

__TI_cinit_table @ 00003be8 records: 3, size/record: 8, table size: 24
	.data: load addr=00003bb0, load size=0000001b bytes, run addr=200009d0, run size=00000028 bytes, compression=lzss
	.bss: load addr=00003bd8, load size=00000008 bytes, run addr=2000026c, run size=00000361 bytes, compression=zero_init
	.vtable: load addr=00003be0, load size=00000008 bytes, run addr=20000000, run size=0000026c bytes, compression=zero_init


LINKER GENERATED HANDLER TABLE

__TI_handler_table @ 00003bcc records: 3, size/record: 4, table size: 12
	index: 0, handler: __TI_zero_init
	index: 1, handler: __TI_decompress_lzss
	index: 2, handler: __TI_decompress_none


GLOBAL SYMBOLS: SORTED ALPHABETICALLY BY Name 

address   name                           
-------   ----                           
00003513  ADCIntClear                    
0000347d  ADCIntEnable                   
00001855  ADCIntHandler                  
0000339d  ADCIntRegister                 
000033b5  ADCProcessorTrigger            
00002fd9  ADCSequenceConfigure           
00003361  ADCSequenceDataGet             
000034ad  ADCSequenceEnable              
00002be9  ADCSequenceStepConfigure       
00002f85  C$$EXIT                        
000034d7  CPUcpsie                       
00002e7d  DelayInit                      
00002e97  DelayMs                        
00003335  GPIODirModeSet                 
00003543  GPIOIntClear                   
000034e3  GPIOIntEnable                  
000033cd  GPIOIntRegister                
00002ed9  GPIOIntTypeSet                 
00002661  GPIOPadConfigSet               
00003079  GPIOPinConfigure               
00003549  GPIOPinRead                    
00003415  GPIOPinTypeGPIOInput           
000033e5  GPIOPinTypeGPIOOutput          
0000342b  GPIOPinTypeSSI                 
0000354f  GPIOPinWrite                   
00002d4d  IntEnable                      
0000348d  IntMasterEnable                
000032cd  IntRegister                    
0000317f  OLEDInitialise                 
00003159  OLEDStringDraw                 
000025f5  OrbitOledAdvanceCursor         
000017e1  OrbitOledClampXco              
00001801  OrbitOledClampYco              
000022bd  OrbitOledClear                 
000022c9  OrbitOledClearBuffer           
000024c5  OrbitOledDefUserChar           
00002239  OrbitOledDevInit               
00001623  OrbitOledDrawChar              
0000257d  OrbitOledDrawGlyph             
00000fe7  OrbitOledDrawPixel             
0000112d  OrbitOledDrawRect              
00001683  OrbitOledDrawString            
000021bf  OrbitOledDvrInit               
000011b1  OrbitOledFillRect              
000012f5  OrbitOledGetBmp                
0000252d  OrbitOledGetCharUpdate         
000024a9  OrbitOledGetCursor             
00000fe1  OrbitOledGetDrawMode           
00001013  OrbitOledGetPixel              
00000f37  OrbitOledGetPos                
00000f6b  OrbitOledGetStdPattern         
000020f5  OrbitOledHostInit              
000020e1  OrbitOledInit                  
0000102d  OrbitOledLineTo                
00001779  OrbitOledMoveDown              
000017af  OrbitOledMoveLeft              
000017c7  OrbitOledMoveRight             
00000ef1  OrbitOledMoveTo                
00001741  OrbitOledMoveUp                
00001455  OrbitOledPutBmp                
00002353  OrbitOledPutBuffer             
00002533  OrbitOledPutChar               
00002551  OrbitOledPutString             
000016ef  OrbitOledRopAnd                
000016cb  OrbitOledRopOr                 
000016a1  OrbitOledRopSet                
00001713  OrbitOledRopXor                
00002515  OrbitOledSetCharUpdate         
0000245d  OrbitOledSetCursor             
00000f53  OrbitOledSetDrawColor          
00000f8d  OrbitOledSetDrawMode           
00000f7d  OrbitOledSetFillPattern        
000022f9  OrbitOledUpdate                
00003507  ResetISR                       
UNDEFED   SHT$$INIT_ARRAY$$Base          
UNDEFED   SHT$$INIT_ARRAY$$Limit         
0000353b  SSIBusy                        
00003555  SSIClockSourceSet              
00003221  SSIConfigSetExpClk             
000034ef  SSIDataGet                     
0000351d  SSIDataPut                     
00003527  SSIEnable                      
000023b9  Ssi3PutByte                    
00002795  SysCtlClockGet                 
000029a1  SysCtlClockSet                 
0000355b  SysCtlDelay                    
00003301  SysCtlPeripheralEnable         
0000325d  SysCtlPeripheralReady          
00003441  SysTickEnable                  
00003455  SysTickIntEnable               
00001841  SysTickIntHandler              
00003381  SysTickIntRegister             
0000349d  SysTickPeriodSet               
00002e1d  TimerConfigure                 
000034bb  TimerEnable                    
00003531  TimerValueGet                  
00001aa9  YawDegCalc                     
00001af1  YawIntHandler                  
200007d0  __STACK_END                    
00000200  __STACK_SIZE                   
200007d0  __STACK_TOP                    
00000200  __SYSMEM_SIZE                  
00003be8  __TI_CINIT_Base                
00003c00  __TI_CINIT_Limit               
00003bcc  __TI_Handler_Table_Base        
00003bd8  __TI_Handler_Table_Limit       
00002cdd  __TI_auto_init                 
200009d0  __TI_cleanup_ptr               
00002db5  __TI_decompress_lzss           
000034c9  __TI_decompress_none           
200009d4  __TI_dtors_ptr                 
200009d8  __TI_enable_exit_profile_output
ffffffff  __TI_pprof_out_hndl            
ffffffff  __TI_prof_data_size            
ffffffff  __TI_prof_data_start           
00000000  __TI_static_base__             
000034fb  __TI_zero_init                 
00003111  __aeabi_d2iz                   
000028a5  __aeabi_dmul                   
00003295  __aeabi_f2d                    
00002793  __aeabi_idiv0                  
00002c63  __aeabi_memclr                 
00002c63  __aeabi_memclr4                
00002c63  __aeabi_memclr8                
00002b4d  __aeabi_memcpy                 
00002b4d  __aeabi_memcpy4                
00002b4d  __aeabi_memcpy8                
00002c65  __aeabi_memset                 
00002c65  __aeabi_memset4                
00002c65  __aeabi_memset8                
000031e1  __aeabi_uidiv                  
000031e1  __aeabi_uidivmod               
ffffffff  __binit__                      
ffffffff  __c_args__                     
0000337f  __mpu_init                     
200005d0  __stack                        
000033fd  _args_main                     
00002f31  _c_int00                       
200009e8  _lock                          
00003477  _nop                           
0000346f  _register_lock                 
00003469  _register_unlock               
200007d0  _sys_memory                    
00003565  _system_post_cinit             
00003561  _system_pre_init               
200009ec  _unlock                        
00002f89  abort                          
ffffffff  binit                          
2000058c  bnOledCur                      
000020b1  calloc                         
200005cc  clrOledCur                     
000030c5  copy_in                        
00001975  displayMeanVal                 
20000590  dxcoOledFontCur                
20000594  dycoOledFontCur                
00002f91  exit                           
20000598  fOledCharUpdate                
00001dfb  free                           
00002b27  freeCircBuf                    
20000000  g_pfnRAMVectors                
00000000  g_pfnVectors                   
00001899  initADC                        
0000193b  initButtonConfiguration        
00002a95  initCircBuf                    
00001873  initClock                      
000018d5  initDisplay                    
00001905  initGPIOInterrupts             
00001c05  main                           
200009f0  main_func_sp                   
00001d91  malloc                         
00001fc5  memalign                       
00002b4d  memcpy                         
00002c6b  memset                         
00001d11  minit                          
2000059c  modOledCur                     
200005a0  pbOledCur                      
200005a4  pbOledFontCur                  
200005a8  pbOledFontUser                 
200005ac  pbOledPatCur                   
200005b0  pfnDoRop                       
00002af3  readCircBuf                    
00001ebb  realloc                        
00003afc  rgbFillPat                     
2000026c  rgbOledBmp                     
00003568  rgbOledFont0                   
2000046c  rgbOledFontUser                
00000751  ulocaltime                     
0000094f  umktime                        
00000ec9  urand                          
00000721  usnprintf                      
000006ef  usprintf                       
00000eb9  usrand                         
00000e31  ustrcasecmp                    
00000ea5  ustrcmp                        
00000d35  ustrlen                        
00000d8d  ustrncasecmp                   
00000e45  ustrncmp                       
0000026d  ustrncpy                       
00000d57  ustrstr                        
00000afd  ustrtof                        
000009c5  ustrtoul                       
000002c5  uvsnprintf                     
00002abf  writeCircBuf                   
200005b4  xchOledCur                     
200005b8  xchOledMax                     
200005bc  xcoOledCur                     
200005c0  ychOledCur                     
200005c4  ychOledMax                     
200005c8  ycoOledCur                     


GLOBAL SYMBOLS: SORTED BY Symbol Address 

address   name                           
-------   ----                           
00000000  __TI_static_base__             
00000000  g_pfnVectors                   
00000200  __STACK_SIZE                   
00000200  __SYSMEM_SIZE                  
0000026d  ustrncpy                       
000002c5  uvsnprintf                     
000006ef  usprintf                       
00000721  usnprintf                      
00000751  ulocaltime                     
0000094f  umktime                        
000009c5  ustrtoul                       
00000afd  ustrtof                        
00000d35  ustrlen                        
00000d57  ustrstr                        
00000d8d  ustrncasecmp                   
00000e31  ustrcasecmp                    
00000e45  ustrncmp                       
00000ea5  ustrcmp                        
00000eb9  usrand                         
00000ec9  urand                          
00000ef1  OrbitOledMoveTo                
00000f37  OrbitOledGetPos                
00000f53  OrbitOledSetDrawColor          
00000f6b  OrbitOledGetStdPattern         
00000f7d  OrbitOledSetFillPattern        
00000f8d  OrbitOledSetDrawMode           
00000fe1  OrbitOledGetDrawMode           
00000fe7  OrbitOledDrawPixel             
00001013  OrbitOledGetPixel              
0000102d  OrbitOledLineTo                
0000112d  OrbitOledDrawRect              
000011b1  OrbitOledFillRect              
000012f5  OrbitOledGetBmp                
00001455  OrbitOledPutBmp                
00001623  OrbitOledDrawChar              
00001683  OrbitOledDrawString            
000016a1  OrbitOledRopSet                
000016cb  OrbitOledRopOr                 
000016ef  OrbitOledRopAnd                
00001713  OrbitOledRopXor                
00001741  OrbitOledMoveUp                
00001779  OrbitOledMoveDown              
000017af  OrbitOledMoveLeft              
000017c7  OrbitOledMoveRight             
000017e1  OrbitOledClampXco              
00001801  OrbitOledClampYco              
00001841  SysTickIntHandler              
00001855  ADCIntHandler                  
00001873  initClock                      
00001899  initADC                        
000018d5  initDisplay                    
00001905  initGPIOInterrupts             
0000193b  initButtonConfiguration        
00001975  displayMeanVal                 
00001aa9  YawDegCalc                     
00001af1  YawIntHandler                  
00001c05  main                           
00001d11  minit                          
00001d91  malloc                         
00001dfb  free                           
00001ebb  realloc                        
00001fc5  memalign                       
000020b1  calloc                         
000020e1  OrbitOledInit                  
000020f5  OrbitOledHostInit              
000021bf  OrbitOledDvrInit               
00002239  OrbitOledDevInit               
000022bd  OrbitOledClear                 
000022c9  OrbitOledClearBuffer           
000022f9  OrbitOledUpdate                
00002353  OrbitOledPutBuffer             
000023b9  Ssi3PutByte                    
0000245d  OrbitOledSetCursor             
000024a9  OrbitOledGetCursor             
000024c5  OrbitOledDefUserChar           
00002515  OrbitOledSetCharUpdate         
0000252d  OrbitOledGetCharUpdate         
00002533  OrbitOledPutChar               
00002551  OrbitOledPutString             
0000257d  OrbitOledDrawGlyph             
000025f5  OrbitOledAdvanceCursor         
00002661  GPIOPadConfigSet               
00002793  __aeabi_idiv0                  
00002795  SysCtlClockGet                 
000028a5  __aeabi_dmul                   
000029a1  SysCtlClockSet                 
00002a95  initCircBuf                    
00002abf  writeCircBuf                   
00002af3  readCircBuf                    
00002b27  freeCircBuf                    
00002b4d  __aeabi_memcpy                 
00002b4d  __aeabi_memcpy4                
00002b4d  __aeabi_memcpy8                
00002b4d  memcpy                         
00002be9  ADCSequenceStepConfigure       
00002c63  __aeabi_memclr                 
00002c63  __aeabi_memclr4                
00002c63  __aeabi_memclr8                
00002c65  __aeabi_memset                 
00002c65  __aeabi_memset4                
00002c65  __aeabi_memset8                
00002c6b  memset                         
00002cdd  __TI_auto_init                 
00002d4d  IntEnable                      
00002db5  __TI_decompress_lzss           
00002e1d  TimerConfigure                 
00002e7d  DelayInit                      
00002e97  DelayMs                        
00002ed9  GPIOIntTypeSet                 
00002f31  _c_int00                       
00002f85  C$$EXIT                        
00002f89  abort                          
00002f91  exit                           
00002fd9  ADCSequenceConfigure           
00003079  GPIOPinConfigure               
000030c5  copy_in                        
00003111  __aeabi_d2iz                   
00003159  OLEDStringDraw                 
0000317f  OLEDInitialise                 
000031e1  __aeabi_uidiv                  
000031e1  __aeabi_uidivmod               
00003221  SSIConfigSetExpClk             
0000325d  SysCtlPeripheralReady          
00003295  __aeabi_f2d                    
000032cd  IntRegister                    
00003301  SysCtlPeripheralEnable         
00003335  GPIODirModeSet                 
00003361  ADCSequenceDataGet             
0000337f  __mpu_init                     
00003381  SysTickIntRegister             
0000339d  ADCIntRegister                 
000033b5  ADCProcessorTrigger            
000033cd  GPIOIntRegister                
000033e5  GPIOPinTypeGPIOOutput          
000033fd  _args_main                     
00003415  GPIOPinTypeGPIOInput           
0000342b  GPIOPinTypeSSI                 
00003441  SysTickEnable                  
00003455  SysTickIntEnable               
00003469  _register_unlock               
0000346f  _register_lock                 
00003477  _nop                           
0000347d  ADCIntEnable                   
0000348d  IntMasterEnable                
0000349d  SysTickPeriodSet               
000034ad  ADCSequenceEnable              
000034bb  TimerEnable                    
000034c9  __TI_decompress_none           
000034d7  CPUcpsie                       
000034e3  GPIOIntEnable                  
000034ef  SSIDataGet                     
000034fb  __TI_zero_init                 
00003507  ResetISR                       
00003513  ADCIntClear                    
0000351d  SSIDataPut                     
00003527  SSIEnable                      
00003531  TimerValueGet                  
0000353b  SSIBusy                        
00003543  GPIOIntClear                   
00003549  GPIOPinRead                    
0000354f  GPIOPinWrite                   
00003555  SSIClockSourceSet              
0000355b  SysCtlDelay                    
00003561  _system_pre_init               
00003565  _system_post_cinit             
00003568  rgbOledFont0                   
00003afc  rgbFillPat                     
00003bcc  __TI_Handler_Table_Base        
00003bd8  __TI_Handler_Table_Limit       
00003be8  __TI_CINIT_Base                
00003c00  __TI_CINIT_Limit               
20000000  g_pfnRAMVectors                
2000026c  rgbOledBmp                     
2000046c  rgbOledFontUser                
2000058c  bnOledCur                      
20000590  dxcoOledFontCur                
20000594  dycoOledFontCur                
20000598  fOledCharUpdate                
2000059c  modOledCur                     
200005a0  pbOledCur                      
200005a4  pbOledFontCur                  
200005a8  pbOledFontUser                 
200005ac  pbOledPatCur                   
200005b0  pfnDoRop                       
200005b4  xchOledCur                     
200005b8  xchOledMax                     
200005bc  xcoOledCur                     
200005c0  ychOledCur                     
200005c4  ychOledMax                     
200005c8  ycoOledCur                     
200005cc  clrOledCur                     
200005d0  __stack                        
200007d0  __STACK_END                    
200007d0  __STACK_TOP                    
200007d0  _sys_memory                    
200009d0  __TI_cleanup_ptr               
200009d4  __TI_dtors_ptr                 
200009d8  __TI_enable_exit_profile_output
200009e8  _lock                          
200009ec  _unlock                        
200009f0  main_func_sp                   
ffffffff  __TI_pprof_out_hndl            
ffffffff  __TI_prof_data_size            
ffffffff  __TI_prof_data_start           
ffffffff  __binit__                      
ffffffff  __c_args__                     
ffffffff  binit                          
UNDEFED   SHT$$INIT_ARRAY$$Base          
UNDEFED   SHT$$INIT_ARRAY$$Limit         

[209 symbols]
