******************************************************************************
                  TI ARM Linker PC v16.9.6                     
******************************************************************************
>> Linked Fri May 25 16:47:42 2018

OUTPUT FILE NAME:   <Milestone.out>
ENTRY POINT SYMBOL: "_c_int00"  address: 00003d29


MEMORY CONFIGURATION

         name            origin    length      used     unused   attr    fill
----------------------  --------  ---------  --------  --------  ----  --------
  FLASH                 00000000   00040000  00004bb8  0003b448  R  X
  SRAM                  20000000   00008000  00000a2f  000075d1  RW X


SEGMENT ALLOCATION MAP

run origin  load origin   length   init length attrs members
----------  ----------- ---------- ----------- ----- -------
00000000    00000000    00004bb8   00004bb8    r-x
  00000000    00000000    0000026c   0000026c    r-- .intvecs
  0000026c    0000026c    000042ac   000042ac    r-x .text
  00004518    00004518    00000648   00000648    r-- .const
  00004b60    00004b60    00000058   00000058    r-- .cinit
20000000    20000000    00000a32   00000000    rw-
  20000000    20000000    0000026c   00000000    rw- .vtable
  2000026c    2000026c    00000381   00000000    rw- .bss
  200005f0    200005f0    00000200   00000000    rw- .stack
  200007f0    200007f0    00000200   00000000    rw- .sysmem
  200009f0    200009f0    00000042   00000000    rw- .data


SECTION ALLOCATION MAP

 output                                  attributes/
section   page    origin      length       input sections
--------  ----  ----------  ----------   ----------------
.intvecs   0    00000000    0000026c     
                  00000000    0000026c     tm4c123gh6pm_startup_ccs.obj (.intvecs)

.text      0    0000026c    000042ac     
                  0000026c    00000c84     ustdlib.obj (.text)
                  00000ef0    00000950     OrbitOledGrph.obj (.text)
                  00001840    000003d0     rtsv7M4_T_le_v4SPD16_eabi.lib : memory.obj (.text)
                  00001c10    0000037c     OrbitOled.obj (.text)
                  00001f8c    0000028c     ButtonControl.obj (.text)
                  00002218    00000254     heliPID.obj (.text)
                  0000246c    00000220     buttons4.obj (.text)
                  0000268c    00000214     Helicopter.obj (.text)
                  000028a0    00000204     OrbitOledChar.obj (.text)
                  00002aa4    000001f4     heliYAW.obj (.text)
                  00002c98    000001b6     rtsv7M4_T_le_v4SPD16_eabi.lib : fd_add_t2.obj (.text)
                  00002e4e    00000002                                   : i_div0.obj (.text)
                  00002e50    000001ac     heliPWM.obj (.text)
                  00002ffc    0000018c     heliUART.obj (.text)
                  00003188    00000136     rtsv7M4_T_le_v4SPD16_eabi.lib : fd_div_t2.obj (.text)
                  000032be    00000132     driverlib.lib : gpio.obj (.text:GPIOPadConfigSet)
                  000033f0    00000110                   : sysctl.obj (.text:SysCtlClockGet)
                  00003500    000000fc     rtsv7M4_T_le_v4SPD16_eabi.lib : fd_mul_t2.obj (.text)
                  000035fc    000000f4     driverlib.lib : sysctl.obj (.text:SysCtlClockSet)
                  000036f0    000000c0     main.obj (.text)
                  000037b0    000000b8     circBufT.obj (.text)
                  00003868    0000009c     rtsv7M4_T_le_v4SPD16_eabi.lib : memcpy_t2.obj (.text)
                  00003904    0000007a     driverlib.lib : adc.obj (.text:ADCSequenceStepConfigure)
                  0000397e    0000007a     rtsv7M4_T_le_v4SPD16_eabi.lib : memset_t2.obj (.text)
                  000039f8    00000070                                   : autoinit.obj (.text)
                  00003a68    0000006e                                   : fd_tos_t2.obj (.text)
                  00003ad6    00000002                                   : mpu_init.obj (.text)
                  00003ad8    0000006c     heliADC.obj (.text)
                  00003b44    00000068     driverlib.lib : interrupt.obj (.text:IntEnable)
                  00003bac    00000068     rtsv7M4_T_le_v4SPD16_eabi.lib : copy_decompress_lzss.obj (.text:decompress:lzss)
                  00003c14    00000060     driverlib.lib : timer.obj (.text:TimerConfigure)
                  00003c74    0000005c     delay.obj (.text)
                  00003cd0    00000058     driverlib.lib : gpio.obj (.text:GPIOIntTypeSet)
                  00003d28    00000054     rtsv7M4_T_le_v4SPD16_eabi.lib : boot.obj (.text)
                  00003d7c    00000054                                   : exit.obj (.text)
                  00003dd0    00000050     driverlib.lib : adc.obj (.text:ADCSequenceConfigure)
                  00003e20    00000050                   : sysctl.obj (.text:SysCtlPeripheralReset)
                  00003e70    00000050                   : adc.obj (.text:_ADCIntNumberGet)
                  00003ec0    0000004c                   : gpio.obj (.text:GPIOPinConfigure)
                  00003f0c    0000004c     rtsv7M4_T_le_v4SPD16_eabi.lib : cpy_tbl.obj (.text)
                  00003f58    00000048                                   : fd_toi_t2.obj (.text)
                  00003fa0    00000046     driverlib.lib : uart.obj (.text:UARTConfigSetExpClk)
                  00003fe6    00000002     rtsv7M4_T_le_v4SPD16_eabi.lib : startup.obj (.text)
                  00003fe8    00000044     OrbitOLEDInterface.obj (.text)
                  0000402c    00000044     driverlib.lib : gpio.obj (.text:_GPIOIntNumberGet)
                  00004070    00000040     rtsv7M4_T_le_v4SPD16_eabi.lib : u_divt2.obj (.text)
                  000040b0    0000003c     driverlib.lib : ssi.obj (.text:SSIConfigSetExpClk)
                  000040ec    00000038                   : sysctl.obj (.text:SysCtlPeripheralReady)
                  00004124    00000038     rtsv7M4_T_le_v4SPD16_eabi.lib : fs_tod_t2.obj (.text)
                  0000415c    00000034     driverlib.lib : interrupt.obj (.text:IntRegister)
                  00004190    00000034                   : sysctl.obj (.text:SysCtlPeripheralEnable)
                  000041c4    0000002e     rtsv7M4_T_le_v4SPD16_eabi.lib : i_tofd_t2.obj (.text)
                  000041f2    0000002c     driverlib.lib : gpio.obj (.text:GPIODirModeSet)
                  0000421e    00000022                   : pwm.obj (.text:PWMGenConfigure)
                  00004240    00000020                   : uart.obj (.text:UARTDisable)
                  00004260    0000001e                   : adc.obj (.text:ADCSequenceDataGet)
                  0000427e    0000001e                   : pwm.obj (.text:PWMPulseWidthSet)
                  0000429c    0000001c                   : systick.obj (.text:SysTickIntRegister)
                  000042b8    00000018                   : adc.obj (.text:ADCIntRegister)
                  000042d0    00000018                   : adc.obj (.text:ADCProcessorTrigger)
                  000042e8    00000018                   : gpio.obj (.text:GPIOIntRegister)
                  00004300    00000018                   : gpio.obj (.text:GPIOPinTypeGPIOOutput)
                  00004318    00000018     rtsv7M4_T_le_v4SPD16_eabi.lib : args_main.obj (.text)
                  00004330    00000016     driverlib.lib : gpio.obj (.text:GPIOPinTypeGPIOInput)
                  00004346    00000016                   : gpio.obj (.text:GPIOPinTypePWM)
                  0000435c    00000016                   : gpio.obj (.text:GPIOPinTypeSSI)
                  00004372    00000016                   : gpio.obj (.text:GPIOPinTypeUART)
                  00004388    00000014                   : sysctl.obj (.text:SysCtlPWMClockSet)
                  0000439c    00000014                   : systick.obj (.text:SysTickEnable)
                  000043b0    00000014                   : systick.obj (.text:SysTickIntEnable)
                  000043c4    00000014                   : uart.obj (.text:UARTEnable)
                  000043d8    00000014     rtsv7M4_T_le_v4SPD16_eabi.lib : _lock.obj (.text)
                  000043ec    00000012     driverlib.lib : pwm.obj (.text:PWMOutputState)
                  000043fe    00000010                   : adc.obj (.text:ADCIntEnable)
                  0000440e    00000010                   : interrupt.obj (.text:IntMasterEnable)
                  0000441e    00000010                   : pwm.obj (.text:PWMGenPeriodSet)
                  0000442e    00000002     --HOLE-- [fill = 0]
                  00004430    00000010                   : systick.obj (.text:SysTickPeriodSet)
                  00004440    0000000e                   : adc.obj (.text:ADCSequenceEnable)
                  0000444e    0000000e                   : timer.obj (.text:TimerEnable)
                  0000445c    0000000e     rtsv7M4_T_le_v4SPD16_eabi.lib : copy_decompress_none.obj (.text:decompress:none)
                  0000446a    0000000c     driverlib.lib : cpu.obj (.text:CPUcpsie)
                  00004476    0000000c                   : gpio.obj (.text:GPIOIntEnable)
                  00004482    0000000c                   : pwm.obj (.text:PWMGenEnable)
                  0000448e    0000000c                   : ssi.obj (.text:SSIDataGet)
                  0000449a    0000000c     rtsv7M4_T_le_v4SPD16_eabi.lib : copy_zero_init.obj (.text:decompress:ZI)
                  000044a6    0000000c     tm4c123gh6pm_startup_ccs.obj (.text)
                  000044b2    0000000a     driverlib.lib : adc.obj (.text:ADCIntClear)
                  000044bc    0000000a                   : ssi.obj (.text:SSIDataPut)
                  000044c6    0000000a                   : ssi.obj (.text:SSIEnable)
                  000044d0    0000000a                   : timer.obj (.text:TimerValueGet)
                  000044da    0000000a                   : uart.obj (.text:UARTCharPut)
                  000044e4    0000000a                   : uart.obj (.text:UARTFIFOEnable)
                  000044ee    00000008                   : ssi.obj (.text:SSIBusy)
                  000044f6    00000006                   : gpio.obj (.text:GPIOIntClear)
                  000044fc    00000006                   : gpio.obj (.text:GPIOPinRead)
                  00004502    00000006                   : gpio.obj (.text:GPIOPinWrite)
                  00004508    00000006                   : ssi.obj (.text:SSIClockSourceSet)
                  0000450e    00000006                   : sysctl.obj (.text:SysCtlDelay)
                  00004514    00000004     rtsv7M4_T_le_v4SPD16_eabi.lib : pre_init.obj (.text)

.const     0    00004518    00000648     
                  00004518    00000300     ChrFont0.obj (.const:.string:rgbOledFont0)
                  00004818    000000d8     driverlib.lib : gpio.obj (.const:g_ppui32GPIOIntMapSnowflake)
                  000048f0    000000c0                   : gpio.obj (.const:g_ppui32GPIOIntMapBlizzard)
                  000049b0    00000090                   : gpio.obj (.const:g_pui32GPIOBaseAddrs)
                  00004a40    0000006c                   : sysctl.obj (.const:g_pui32Xtals)
                  00004aac    00000040     FillPat.obj (.const:.string:rgbFillPat)
                  00004aec    00000030     ustdlib.obj (.const:g_psDaysToMonth)
                  00004b1c    00000018     ustdlib.obj (.const:g_pfExponents)
                  00004b34    00000014     driverlib.lib : interrupt.obj (.const:g_pui32EnRegs)
                  00004b48    00000012     ustdlib.obj (.const:.string)
                  00004b5a    00000002     --HOLE-- [fill = 0]
                  00004b5c    00000004     ustdlib.obj (.const)

.cinit     0    00004b60    00000058     
                  00004b60    0000001d     (.cinit..data.load) [load image, compression = lzss]
                  00004b7d    00000003     --HOLE-- [fill = 0]
                  00004b80    0000000c     (__TI_handler_table)
                  00004b8c    00000004     --HOLE-- [fill = 0]
                  00004b90    00000008     (.cinit..bss.load) [load image, compression = zero_init]
                  00004b98    00000008     (.cinit..vtable.load) [load image, compression = zero_init]
                  00004ba0    00000018     (__TI_cinit_table)

.init_array 
*          0    00000000    00000000     UNINITIALIZED

.vtable    0    20000000    0000026c     UNINITIALIZED
                  20000000    0000026c     driverlib.lib : interrupt.obj (.vtable)

.bss       0    2000026c    00000381     UNINITIALIZED
                  2000026c    00000200     (.common:rgbOledBmp)
                  2000046c    00000100     (.common:rgbOledFontUser)
                  2000056c    00000010     (.common:g_inBuffer)
                  2000057c    00000008     (.common:setPoints)
                  20000584    00000004     buttons4.obj (.bss:but_count)
                  20000588    00000004     buttons4.obj (.bss:but_flag)
                  2000058c    00000004     buttons4.obj (.bss:but_normal)
                  20000590    00000004     buttons4.obj (.bss:but_state)
                  20000594    00000004     (.common:bnOledCur)
                  20000598    00000004     (.common:dxcoOledFontCur)
                  2000059c    00000004     (.common:dycoOledFontCur)
                  200005a0    00000004     (.common:fOledCharUpdate)
                  200005a4    00000004     (.common:g_ulSampCnt)
                  200005a8    00000004     (.common:interupt_value)
                  200005ac    00000004     (.common:main_duty)
                  200005b0    00000004     (.common:modOledCur)
                  200005b4    00000004     (.common:pbOledCur)
                  200005b8    00000004     (.common:pbOledFontCur)
                  200005bc    00000004     (.common:pbOledFontUser)
                  200005c0    00000004     (.common:pbOledPatCur)
                  200005c4    00000004     (.common:pfnDoRop)
                  200005c8    00000004     (.common:tail_duty)
                  200005cc    00000004     (.common:xchOledCur)
                  200005d0    00000004     (.common:xchOledMax)
                  200005d4    00000004     (.common:xcoOledCur)
                  200005d8    00000004     (.common:yaw)
                  200005dc    00000004     (.common:ychOledCur)
                  200005e0    00000004     (.common:ychOledMax)
                  200005e4    00000004     (.common:ycoOledCur)
                  200005e8    00000002     (.common:altitude)
                  200005ea    00000001     (.common:clrOledCur)
                  200005eb    00000001     (.common:slowTick)
                  200005ec    00000001     (.common:state)

.stack     0    200005f0    00000200     UNINITIALIZED
                  200005f0    00000200     --HOLE--

.sysmem    0    200007f0    00000200     UNINITIALIZED
                  200007f0    00000008     rtsv7M4_T_le_v4SPD16_eabi.lib : memory.obj (.sysmem)
                  200007f8    000001f8     --HOLE--

.data      0    200009f0    00000042     UNINITIALIZED
                  200009f0    00000010     heliPID.obj (.data)
                  20000a00    0000000c     rtsv7M4_T_le_v4SPD16_eabi.lib : exit.obj (.data:$O1$$)
                  20000a0c    0000000c                                   : memory.obj (.data:$O1$$)
                  20000a18    00000008                                   : _lock.obj (.data:$O1$$)
                  20000a20    00000004     heliYAW.obj (.data)
                  20000a24    00000004     main.obj (.data)
                  20000a28    00000004     rtsv7M4_T_le_v4SPD16_eabi.lib : stkdepth_vars.obj (.data)
                  20000a2c    00000004     ustdlib.obj (.data)
                  20000a30    00000001     ButtonControl.obj (.data)
                  20000a31    00000001     Helicopter.obj (.data)

MODULE SUMMARY

       Module                         code    ro data   rw data
       ------                         ----    -------   -------
    .\
       ustdlib.obj                    3204    94        4      
       ButtonControl.obj              652     0         22     
       tm4c123gh6pm_startup_ccs.obj   12      620       0      
       heliPID.obj                    596     0         16     
       Helicopter.obj                 532     0         28     
       buttons4.obj                   544     0         16     
       heliYAW.obj                    500     0         4      
       heliPWM.obj                    428     0         0      
       heliUART.obj                   396     0         0      
       main.obj                       192     0         4      
       circBufT.obj                   184     0         0      
       heliADC.obj                    108     0         0      
    +--+------------------------------+-------+---------+---------+
       Total:                         7348    714       94     
                                                               
    .\OrbitOLED\
       OrbitOLEDInterface.obj         68      0         0      
    +--+------------------------------+-------+---------+---------+
       Total:                         68      0         0      
                                                               
    .\OrbitOLED\lib_OrbitOled\
       OrbitOledGrph.obj              2384    0         8      
       OrbitOled.obj                  892     0         553    
       OrbitOledChar.obj              516     0         272    
       ChrFont0.obj                   0       768       0      
       delay.obj                      92      0         0      
       FillPat.obj                    0       64        0      
    +--+------------------------------+-------+---------+---------+
       Total:                         3884    832       833    
                                                               
    C:/ti/TivaWare_C_Series-2.1.4.178/driverlib/ccs/Debug/driverlib.lib
       gpio.obj                       748     552       0      
       sysctl.obj                     730     108       0      
       interrupt.obj                  172     20        620    
       adc.obj                        400     0         0      
       uart.obj                       142     0         0      
       timer.obj                      120     0         0      
       pwm.obj                        110     0         0      
       ssi.obj                        106     0         0      
       systick.obj                    84      0         0      
       cpu.obj                        12      0         0      
    +--+------------------------------+-------+---------+---------+
       Total:                         2624    680       620    
                                                               
    C:\ti\ccsv7\tools\compiler\ti-cgt-arm_16.9.6.LTS\lib\rtsv7M4_T_le_v4SPD16_eabi.lib
       memory.obj                     976     0         12     
       fd_add_t2.obj                  438     0         0      
       fd_div_t2.obj                  310     0         0      
       fd_mul_t2.obj                  252     0         0      
       memcpy_t2.obj                  156     0         0      
       memset_t2.obj                  122     0         0      
       autoinit.obj                   112     0         0      
       fd_tos_t2.obj                  110     0         0      
       copy_decompress_lzss.obj       104     0         0      
       exit.obj                       84      0         12     
       boot.obj                       84      0         0      
       cpy_tbl.obj                    76      0         0      
       fd_toi_t2.obj                  72      0         0      
       u_divt2.obj                    64      0         0      
       fs_tod_t2.obj                  56      0         0      
       i_tofd_t2.obj                  46      0         0      
       _lock.obj                      20      0         8      
       args_main.obj                  24      0         0      
       copy_decompress_none.obj       14      0         0      
       copy_zero_init.obj             12      0         0      
       pre_init.obj                   4       0         0      
       stkdepth_vars.obj              0       0         4      
       i_div0.obj                     2       0         0      
       mpu_init.obj                   2       0         0      
       startup.obj                    2       0         0      
    +--+------------------------------+-------+---------+---------+
       Total:                         3142    0         36     
                                                               
       Heap:                          0       0         512    
       Stack:                         0       0         512    
       Linker Generated:              0       81        0      
    +--+------------------------------+-------+---------+---------+
       Grand Total:                   17066   2307      2607   


LINKER GENERATED COPY TABLES

__TI_cinit_table @ 00004ba0 records: 3, size/record: 8, table size: 24
	.data: load addr=00004b60, load size=0000001d bytes, run addr=200009f0, run size=00000042 bytes, compression=lzss
	.bss: load addr=00004b90, load size=00000008 bytes, run addr=2000026c, run size=00000381 bytes, compression=zero_init
	.vtable: load addr=00004b98, load size=00000008 bytes, run addr=20000000, run size=0000026c bytes, compression=zero_init


LINKER GENERATED HANDLER TABLE

__TI_handler_table @ 00004b80 records: 3, size/record: 4, table size: 12
	index: 0, handler: __TI_zero_init
	index: 1, handler: __TI_decompress_lzss
	index: 2, handler: __TI_decompress_none


GLOBAL SYMBOLS: SORTED ALPHABETICALLY BY Name 

address   name                           
-------   ----                           
000044b3  ADCIntClear                    
000043ff  ADCIntEnable                   
00003b15  ADCIntHandler                  
000042b9  ADCIntRegister                 
000042d1  ADCProcessorTrigger            
00003dd1  ADCSequenceConfigure           
00004261  ADCSequenceDataGet             
00004441  ADCSequenceEnable              
00003905  ADCSequenceStepConfigure       
00003d7d  C$$EXIT                        
0000446b  CPUcpsie                       
00003c75  DelayInit                      
00003c8f  DelayMs                        
000041f3  GPIODirModeSet                 
000044f7  GPIOIntClear                   
00004477  GPIOIntEnable                  
000042e9  GPIOIntRegister                
00003cd1  GPIOIntTypeSet                 
000032bf  GPIOPadConfigSet               
00003ec1  GPIOPinConfigure               
000044fd  GPIOPinRead                    
00004331  GPIOPinTypeGPIOInput           
00004301  GPIOPinTypeGPIOOutput          
00004347  GPIOPinTypePWM                 
0000435d  GPIOPinTypeSSI                 
00004373  GPIOPinTypeUART                
00004503  GPIOPinWrite                   
00003b45  IntEnable                      
0000440f  IntMasterEnable                
0000415d  IntRegister                    
0000400f  OLEDInitialise                 
00003fe9  OLEDStringDraw                 
00002a39  OrbitOledAdvanceCursor         
000017e1  OrbitOledClampXco              
00001801  OrbitOledClampYco              
00001ded  OrbitOledClear                 
00001df9  OrbitOledClearBuffer           
00002909  OrbitOledDefUserChar           
00001d69  OrbitOledDevInit               
00001623  OrbitOledDrawChar              
000029c1  OrbitOledDrawGlyph             
00000fe7  OrbitOledDrawPixel             
0000112d  OrbitOledDrawRect              
00001683  OrbitOledDrawString            
00001cef  OrbitOledDvrInit               
000011b1  OrbitOledFillRect              
000012f5  OrbitOledGetBmp                
00002971  OrbitOledGetCharUpdate         
000028ed  OrbitOledGetCursor             
00000fe1  OrbitOledGetDrawMode           
00001013  OrbitOledGetPixel              
00000f37  OrbitOledGetPos                
00000f6b  OrbitOledGetStdPattern         
00001c25  OrbitOledHostInit              
00001c11  OrbitOledInit                  
0000102d  OrbitOledLineTo                
00001779  OrbitOledMoveDown              
000017af  OrbitOledMoveLeft              
000017c7  OrbitOledMoveRight             
00000ef1  OrbitOledMoveTo                
00001741  OrbitOledMoveUp                
00001455  OrbitOledPutBmp                
00001e83  OrbitOledPutBuffer             
00002977  OrbitOledPutChar               
00002995  OrbitOledPutString             
000016ef  OrbitOledRopAnd                
000016cb  OrbitOledRopOr                 
000016a1  OrbitOledRopSet                
00001713  OrbitOledRopXor                
00002959  OrbitOledSetCharUpdate         
000028a1  OrbitOledSetCursor             
00000f53  OrbitOledSetDrawColor          
00000f8d  OrbitOledSetDrawMode           
00000f7d  OrbitOledSetFillPattern        
00001e29  OrbitOledUpdate                
0000243f  PIDController                  
0000421f  PWMGenConfigure                
00004483  PWMGenEnable                   
0000441f  PWMGenPeriodSet                
000043ed  PWMOutputState                 
0000427f  PWMPulseWidthSet               
000044a7  ResetISR                       
UNDEFED   SHT$$INIT_ARRAY$$Base          
UNDEFED   SHT$$INIT_ARRAY$$Limit         
000044ef  SSIBusy                        
00004509  SSIClockSourceSet              
000040b1  SSIConfigSetExpClk             
0000448f  SSIDataGet                     
000044bd  SSIDataPut                     
000044c7  SSIEnable                      
0000211b  SW1IntHandler                  
0000206f  SW1setup                       
00001ee9  Ssi3PutByte                    
000033f1  SysCtlClockGet                 
000035fd  SysCtlClockSet                 
0000450f  SysCtlDelay                    
00004389  SysCtlPWMClockSet              
00004191  SysCtlPeripheralEnable         
000040ed  SysCtlPeripheralReady          
00003e21  SysCtlPeripheralReset          
0000439d  SysTickEnable                  
000043b1  SysTickIntEnable               
0000268d  SysTickIntHandler              
0000429d  SysTickIntRegister             
00004431  SysTickPeriodSet               
00003c15  TimerConfigure                 
0000444f  TimerEnable                    
000044d1  TimerValueGet                  
00003081  UART                           
000044db  UARTCharPut                    
00003fa1  UARTConfigSetExpClk            
00004241  UARTDisable                    
000043c5  UARTEnable                     
000044e5  UARTFIFOEnable                 
00003035  UARTSend                       
00002b2d  YawIntHandler                  
200007f0  __STACK_END                    
00000200  __STACK_SIZE                   
200007f0  __STACK_TOP                    
00000200  __SYSMEM_SIZE                  
00004ba0  __TI_CINIT_Base                
00004bb8  __TI_CINIT_Limit               
00004b80  __TI_Handler_Table_Base        
00004b8c  __TI_Handler_Table_Limit       
000039f9  __TI_auto_init                 
20000a00  __TI_cleanup_ptr               
00003bad  __TI_decompress_lzss           
0000445d  __TI_decompress_none           
20000a04  __TI_dtors_ptr                 
20000a08  __TI_enable_exit_profile_output
ffffffff  __TI_pprof_out_hndl            
ffffffff  __TI_prof_data_size            
ffffffff  __TI_prof_data_start           
00000000  __TI_static_base__             
0000449b  __TI_zero_init                 
00003a69  __aeabi_d2f                    
00003f59  __aeabi_d2iz                   
00002ca3  __aeabi_dadd                   
00003189  __aeabi_ddiv                   
00003501  __aeabi_dmul                   
00002c99  __aeabi_dsub                   
00004125  __aeabi_f2d                    
000041c5  __aeabi_i2d                    
00002e4f  __aeabi_idiv0                  
0000397f  __aeabi_memclr                 
0000397f  __aeabi_memclr4                
0000397f  __aeabi_memclr8                
00003869  __aeabi_memcpy                 
00003869  __aeabi_memcpy4                
00003869  __aeabi_memcpy8                
00003981  __aeabi_memset                 
00003981  __aeabi_memset4                
00003981  __aeabi_memset8                
00004071  __aeabi_uidiv                  
00004071  __aeabi_uidivmod               
ffffffff  __binit__                      
ffffffff  __c_args__                     
00003ad7  __mpu_init                     
200005f0  __stack                        
00004319  _args_main                     
00003d29  _c_int00                       
20000a18  _lock                          
000043e7  _nop                           
000043df  _register_lock                 
000043d9  _register_unlock               
200007f0  _sys_memory                    
00003fe7  _system_post_cinit             
00004515  _system_pre_init               
20000a1c  _unlock                        
00003d81  abort                          
200005e8  altitude                       
ffffffff  binit                          
20000594  bnOledCur                      
00002043  buttonControllerInit           
0000205b  buttonControllerLoop           
000026fb  calculateRobustMeanValue       
00001be1  calloc                         
00001feb  checkAndDecrementAltitude      
0000201f  checkAndDecrementYaw           
00001fcd  checkAndIncrementAltitude      
00002009  checkAndIncrementYaw           
0000260f  checkButton                    
00002161  checkLanded                    
200005ea  clrOledCur                     
00003f0d  copy_in                        
00002749  displayMeanVal                 
20000598  dxcoOledFontCur                
2000059c  dycoOledFontCur                
00003d89  exit                           
200005a0  fOledCharUpdate                
0000192b  free                           
00003843  freeCircBuf                    
2000056c  g_inBuffer                     
20000000  g_pfnRAMVectors                
00000000  g_pfnVectors                   
200005a4  g_ulSampCnt                    
00002035  getAltitudePercentSetPoint     
00002091  getSW1Position                 
000020bb  getSW1mode                     
00003055  getSW1modeString               
0000203b  getYawDegreesSetPoint          
20000a30  heliMode                       
00003ad9  initADC                        
0000246d  initButtons                    
000037b1  initCircBuf                    
000026c9  initClock                      
000026f3  initDisplay                    
000020dd  initGPIOAPinChangeInterrupts   
00001fb1  initSetPoints                  
00002acf  initYaw                        
00002ffd  initialiseUSB_UART             
000027ef  initializeHelicopterOperations 
00002eef  initializePWM                  
200005a8  interupt_value                 
000036f1  main                           
00002219  mainProportional               
200005ac  main_duty                      
20000a28  main_func_sp                   
000018c1  malloc                         
00001af5  memalign                       
00003869  memcpy                         
00003987  memset                         
00001841  minit                          
200005b0  modOledCur                     
200005b4  pbOledCur                      
200005b8  pbOledFontCur                  
200005bc  pbOledFontUser                 
200005c0  pbOledPatCur                   
200005c4  pfnDoRop                       
0000380f  readCircBuf                    
000019eb  realloc                        
000027e3  resetHelicopterOperations      
000020c1  resetPeriphButtons             
00002f85  resetPeripheralPWM             
00004aac  rgbFillPat                     
2000026c  rgbOledBmp                     
00004518  rgbOledFont0                   
2000046c  rgbOledFontUser                
00002fa1  setOutputOnline                
00002e5d  setPWM                         
00002e51  setPWMClocks                   
2000057c  setPoints                      
000020a7  setSW1mode                     
200005eb  slowTick                       
00002191  startLanding                   
200005ec  state                          
00002333  tailProportional               
200005c8  tail_duty                      
00000751  ulocaltime                     
0000094f  umktime                        
0000253b  updateButtons                  
000027cf  updateDisplay                  
00000ec9  urand                          
00000721  usnprintf                      
000006ef  usprintf                       
00000eb9  usrand                         
00000e31  ustrcasecmp                    
00000ea5  ustrcmp                        
00000d35  ustrlen                        
00000d8d  ustrncasecmp                   
00000e45  ustrncmp                       
0000026d  ustrncpy                       
00000d57  ustrstr                        
00000afd  ustrtof                        
000009c5  ustrtoul                       
000002c5  uvsnprintf                     
000037db  writeCircBuf                   
200005cc  xchOledCur                     
200005d0  xchOledMax                     
200005d4  xcoOledCur                     
200005d8  yaw                            
00001f8d  yawDegreeConvert               
00002aa5  yaw_ref                        
200005dc  ychOledCur                     
200005e0  ychOledMax                     
200005e4  ycoOledCur                     
20000a20  yi                             


GLOBAL SYMBOLS: SORTED BY Symbol Address 

address   name                           
-------   ----                           
00000000  __TI_static_base__             
00000000  g_pfnVectors                   
00000200  __STACK_SIZE                   
00000200  __SYSMEM_SIZE                  
0000026d  ustrncpy                       
000002c5  uvsnprintf                     
000006ef  usprintf                       
00000721  usnprintf                      
00000751  ulocaltime                     
0000094f  umktime                        
000009c5  ustrtoul                       
00000afd  ustrtof                        
00000d35  ustrlen                        
00000d57  ustrstr                        
00000d8d  ustrncasecmp                   
00000e31  ustrcasecmp                    
00000e45  ustrncmp                       
00000ea5  ustrcmp                        
00000eb9  usrand                         
00000ec9  urand                          
00000ef1  OrbitOledMoveTo                
00000f37  OrbitOledGetPos                
00000f53  OrbitOledSetDrawColor          
00000f6b  OrbitOledGetStdPattern         
00000f7d  OrbitOledSetFillPattern        
00000f8d  OrbitOledSetDrawMode           
00000fe1  OrbitOledGetDrawMode           
00000fe7  OrbitOledDrawPixel             
00001013  OrbitOledGetPixel              
0000102d  OrbitOledLineTo                
0000112d  OrbitOledDrawRect              
000011b1  OrbitOledFillRect              
000012f5  OrbitOledGetBmp                
00001455  OrbitOledPutBmp                
00001623  OrbitOledDrawChar              
00001683  OrbitOledDrawString            
000016a1  OrbitOledRopSet                
000016cb  OrbitOledRopOr                 
000016ef  OrbitOledRopAnd                
00001713  OrbitOledRopXor                
00001741  OrbitOledMoveUp                
00001779  OrbitOledMoveDown              
000017af  OrbitOledMoveLeft              
000017c7  OrbitOledMoveRight             
000017e1  OrbitOledClampXco              
00001801  OrbitOledClampYco              
00001841  minit                          
000018c1  malloc                         
0000192b  free                           
000019eb  realloc                        
00001af5  memalign                       
00001be1  calloc                         
00001c11  OrbitOledInit                  
00001c25  OrbitOledHostInit              
00001cef  OrbitOledDvrInit               
00001d69  OrbitOledDevInit               
00001ded  OrbitOledClear                 
00001df9  OrbitOledClearBuffer           
00001e29  OrbitOledUpdate                
00001e83  OrbitOledPutBuffer             
00001ee9  Ssi3PutByte                    
00001f8d  yawDegreeConvert               
00001fb1  initSetPoints                  
00001fcd  checkAndIncrementAltitude      
00001feb  checkAndDecrementAltitude      
00002009  checkAndIncrementYaw           
0000201f  checkAndDecrementYaw           
00002035  getAltitudePercentSetPoint     
0000203b  getYawDegreesSetPoint          
00002043  buttonControllerInit           
0000205b  buttonControllerLoop           
0000206f  SW1setup                       
00002091  getSW1Position                 
000020a7  setSW1mode                     
000020bb  getSW1mode                     
000020c1  resetPeriphButtons             
000020dd  initGPIOAPinChangeInterrupts   
0000211b  SW1IntHandler                  
00002161  checkLanded                    
00002191  startLanding                   
00002219  mainProportional               
00002333  tailProportional               
0000243f  PIDController                  
0000246d  initButtons                    
0000253b  updateButtons                  
0000260f  checkButton                    
0000268d  SysTickIntHandler              
000026c9  initClock                      
000026f3  initDisplay                    
000026fb  calculateRobustMeanValue       
00002749  displayMeanVal                 
000027cf  updateDisplay                  
000027e3  resetHelicopterOperations      
000027ef  initializeHelicopterOperations 
000028a1  OrbitOledSetCursor             
000028ed  OrbitOledGetCursor             
00002909  OrbitOledDefUserChar           
00002959  OrbitOledSetCharUpdate         
00002971  OrbitOledGetCharUpdate         
00002977  OrbitOledPutChar               
00002995  OrbitOledPutString             
000029c1  OrbitOledDrawGlyph             
00002a39  OrbitOledAdvanceCursor         
00002aa5  yaw_ref                        
00002acf  initYaw                        
00002b2d  YawIntHandler                  
00002c99  __aeabi_dsub                   
00002ca3  __aeabi_dadd                   
00002e4f  __aeabi_idiv0                  
00002e51  setPWMClocks                   
00002e5d  setPWM                         
00002eef  initializePWM                  
00002f85  resetPeripheralPWM             
00002fa1  setOutputOnline                
00002ffd  initialiseUSB_UART             
00003035  UARTSend                       
00003055  getSW1modeString               
00003081  UART                           
00003189  __aeabi_ddiv                   
000032bf  GPIOPadConfigSet               
000033f1  SysCtlClockGet                 
00003501  __aeabi_dmul                   
000035fd  SysCtlClockSet                 
000036f1  main                           
000037b1  initCircBuf                    
000037db  writeCircBuf                   
0000380f  readCircBuf                    
00003843  freeCircBuf                    
00003869  __aeabi_memcpy                 
00003869  __aeabi_memcpy4                
00003869  __aeabi_memcpy8                
00003869  memcpy                         
00003905  ADCSequenceStepConfigure       
0000397f  __aeabi_memclr                 
0000397f  __aeabi_memclr4                
0000397f  __aeabi_memclr8                
00003981  __aeabi_memset                 
00003981  __aeabi_memset4                
00003981  __aeabi_memset8                
00003987  memset                         
000039f9  __TI_auto_init                 
00003a69  __aeabi_d2f                    
00003ad7  __mpu_init                     
00003ad9  initADC                        
00003b15  ADCIntHandler                  
00003b45  IntEnable                      
00003bad  __TI_decompress_lzss           
00003c15  TimerConfigure                 
00003c75  DelayInit                      
00003c8f  DelayMs                        
00003cd1  GPIOIntTypeSet                 
00003d29  _c_int00                       
00003d7d  C$$EXIT                        
00003d81  abort                          
00003d89  exit                           
00003dd1  ADCSequenceConfigure           
00003e21  SysCtlPeripheralReset          
00003ec1  GPIOPinConfigure               
00003f0d  copy_in                        
00003f59  __aeabi_d2iz                   
00003fa1  UARTConfigSetExpClk            
00003fe7  _system_post_cinit             
00003fe9  OLEDStringDraw                 
0000400f  OLEDInitialise                 
00004071  __aeabi_uidiv                  
00004071  __aeabi_uidivmod               
000040b1  SSIConfigSetExpClk             
000040ed  SysCtlPeripheralReady          
00004125  __aeabi_f2d                    
0000415d  IntRegister                    
00004191  SysCtlPeripheralEnable         
000041c5  __aeabi_i2d                    
000041f3  GPIODirModeSet                 
0000421f  PWMGenConfigure                
00004241  UARTDisable                    
00004261  ADCSequenceDataGet             
0000427f  PWMPulseWidthSet               
0000429d  SysTickIntRegister             
000042b9  ADCIntRegister                 
000042d1  ADCProcessorTrigger            
000042e9  GPIOIntRegister                
00004301  GPIOPinTypeGPIOOutput          
00004319  _args_main                     
00004331  GPIOPinTypeGPIOInput           
00004347  GPIOPinTypePWM                 
0000435d  GPIOPinTypeSSI                 
00004373  GPIOPinTypeUART                
00004389  SysCtlPWMClockSet              
0000439d  SysTickEnable                  
000043b1  SysTickIntEnable               
000043c5  UARTEnable                     
000043d9  _register_unlock               
000043df  _register_lock                 
000043e7  _nop                           
000043ed  PWMOutputState                 
000043ff  ADCIntEnable                   
0000440f  IntMasterEnable                
0000441f  PWMGenPeriodSet                
00004431  SysTickPeriodSet               
00004441  ADCSequenceEnable              
0000444f  TimerEnable                    
0000445d  __TI_decompress_none           
0000446b  CPUcpsie                       
00004477  GPIOIntEnable                  
00004483  PWMGenEnable                   
0000448f  SSIDataGet                     
0000449b  __TI_zero_init                 
000044a7  ResetISR                       
000044b3  ADCIntClear                    
000044bd  SSIDataPut                     
000044c7  SSIEnable                      
000044d1  TimerValueGet                  
000044db  UARTCharPut                    
000044e5  UARTFIFOEnable                 
000044ef  SSIBusy                        
000044f7  GPIOIntClear                   
000044fd  GPIOPinRead                    
00004503  GPIOPinWrite                   
00004509  SSIClockSourceSet              
0000450f  SysCtlDelay                    
00004515  _system_pre_init               
00004518  rgbOledFont0                   
00004aac  rgbFillPat                     
00004b80  __TI_Handler_Table_Base        
00004b8c  __TI_Handler_Table_Limit       
00004ba0  __TI_CINIT_Base                
00004bb8  __TI_CINIT_Limit               
20000000  g_pfnRAMVectors                
2000026c  rgbOledBmp                     
2000046c  rgbOledFontUser                
2000056c  g_inBuffer                     
2000057c  setPoints                      
20000594  bnOledCur                      
20000598  dxcoOledFontCur                
2000059c  dycoOledFontCur                
200005a0  fOledCharUpdate                
200005a4  g_ulSampCnt                    
200005a8  interupt_value                 
200005ac  main_duty                      
200005b0  modOledCur                     
200005b4  pbOledCur                      
200005b8  pbOledFontCur                  
200005bc  pbOledFontUser                 
200005c0  pbOledPatCur                   
200005c4  pfnDoRop                       
200005c8  tail_duty                      
200005cc  xchOledCur                     
200005d0  xchOledMax                     
200005d4  xcoOledCur                     
200005d8  yaw                            
200005dc  ychOledCur                     
200005e0  ychOledMax                     
200005e4  ycoOledCur                     
200005e8  altitude                       
200005ea  clrOledCur                     
200005eb  slowTick                       
200005ec  state                          
200005f0  __stack                        
200007f0  __STACK_END                    
200007f0  __STACK_TOP                    
200007f0  _sys_memory                    
20000a00  __TI_cleanup_ptr               
20000a04  __TI_dtors_ptr                 
20000a08  __TI_enable_exit_profile_output
20000a18  _lock                          
20000a1c  _unlock                        
20000a20  yi                             
20000a28  main_func_sp                   
20000a30  heliMode                       
ffffffff  __TI_pprof_out_hndl            
ffffffff  __TI_prof_data_size            
ffffffff  __TI_prof_data_start           
ffffffff  __binit__                      
ffffffff  __c_args__                     
ffffffff  binit                          
UNDEFED   SHT$$INIT_ARRAY$$Base          
UNDEFED   SHT$$INIT_ARRAY$$Limit         

[277 symbols]
