******************************************************************************
                  TI ARM Linker PC v16.9.6                     
******************************************************************************
>> Linked Tue May 22 23:29:45 2018

OUTPUT FILE NAME:   <Milestone.out>
ENTRY POINT SYMBOL: "_c_int00"  address: 000039a9


MEMORY CONFIGURATION

         name            origin    length      used     unused   attr    fill
----------------------  --------  ---------  --------  --------  ----  --------
  FLASH                 00000000   00040000  00004892  0003b76e  R  X
  SRAM                  20000000   00008000  00000a60  000075a0  RW X


SEGMENT ALLOCATION MAP

run origin  load origin   length   init length attrs members
----------  ----------- ---------- ----------- ----- -------
00000000    00000000    00004898   00004898    r-x
  00000000    00000000    0000026c   0000026c    r-- .intvecs
  0000026c    0000026c    00003f86   00003f86    r-x .text
  000041f4    000041f4    00000648   00000648    r-- .const
  00004840    00004840    00000058   00000058    r-- .cinit
20000000    20000000    00000a64   00000000    rw-
  20000000    20000000    0000026c   00000000    rw- .vtable
  2000026c    2000026c    000003a8   00000000    rw- .bss
  20000614    20000614    00000200   00000000    rw- .stack
  20000818    20000818    00000200   00000000    rw- .sysmem
  20000a18    20000a18    0000004c   00000000    rw- .data


SECTION ALLOCATION MAP

 output                                  attributes/
section   page    origin      length       input sections
--------  ----  ----------  ----------   ----------------
.intvecs   0    00000000    0000026c     
                  00000000    0000026c     tm4c123gh6pm_startup_ccs.obj (.intvecs)

.text      0    0000026c    00003f86     
                  0000026c    00000c84     ustdlib.obj (.text)
                  00000ef0    00000950     OrbitOledGrph.obj (.text)
                  00001840    000003d0     rtsv7M4_T_le_v4SPD16_eabi.lib : memory.obj (.text)
                  00001c10    0000037c     OrbitOled.obj (.text)
                  00001f8c    0000026c     Helicopter.obj (.text)
                  000021f8    0000022c     ButtonControl.obj (.text)
                  00002424    00000220     buttons4.obj (.text)
                  00002644    00000204     OrbitOledChar.obj (.text)
                  00002848    000001f4     heliYAW.obj (.text)
                  00002a3c    000001a4     heliPWM.obj (.text)
                  00002be0    00000188     UART.obj (.text)
                  00002d68    00000136     rtsv7M4_T_le_v4SPD16_eabi.lib : fd_div_t2.obj (.text)
                  00002e9e    00000132     driverlib.lib : gpio.obj (.text:GPIOPadConfigSet)
                  00002fd0    00000110                   : sysctl.obj (.text:SysCtlClockGet)
                  000030e0    000000fc     rtsv7M4_T_le_v4SPD16_eabi.lib : fd_mul_t2.obj (.text)
                  000031dc    000000f4     driverlib.lib : sysctl.obj (.text:SysCtlClockSet)
                  000032d0    000000f0     heliPID.obj (.text)
                  000033c0    000000e0     main.obj (.text)
                  000034a0    000000b8     circBufT.obj (.text)
                  00003558    0000009c     rtsv7M4_T_le_v4SPD16_eabi.lib : memcpy_t2.obj (.text)
                  000035f4    0000007a     driverlib.lib : adc.obj (.text:ADCSequenceStepConfigure)
                  0000366e    0000007a     rtsv7M4_T_le_v4SPD16_eabi.lib : memset_t2.obj (.text)
                  000036e8    00000070                                   : autoinit.obj (.text)
                  00003758    0000006c     heliADC.obj (.text)
                  000037c4    00000068     driverlib.lib : interrupt.obj (.text:IntEnable)
                  0000382c    00000068     rtsv7M4_T_le_v4SPD16_eabi.lib : copy_decompress_lzss.obj (.text:decompress:lzss)
                  00003894    00000060     driverlib.lib : timer.obj (.text:TimerConfigure)
                  000038f4    0000005c     delay.obj (.text)
                  00003950    00000058     driverlib.lib : gpio.obj (.text:GPIOIntTypeSet)
                  000039a8    00000054     rtsv7M4_T_le_v4SPD16_eabi.lib : boot.obj (.text)
                  000039fc    00000054                                   : exit.obj (.text)
                  00003a50    00000050     driverlib.lib : adc.obj (.text:ADCSequenceConfigure)
                  00003aa0    00000050                   : sysctl.obj (.text:SysCtlPeripheralReset)
                  00003af0    00000050                   : adc.obj (.text:_ADCIntNumberGet)
                  00003b40    0000004c                   : gpio.obj (.text:GPIOPinConfigure)
                  00003b8c    0000004c     rtsv7M4_T_le_v4SPD16_eabi.lib : cpy_tbl.obj (.text)
                  00003bd8    00000048                                   : fd_toi_t2.obj (.text)
                  00003c20    00000046     driverlib.lib : uart.obj (.text:UARTConfigSetExpClk)
                  00003c66    00000002     rtsv7M4_T_le_v4SPD16_eabi.lib : i_div0.obj (.text)
                  00003c68    00000044     OrbitOLEDInterface.obj (.text)
                  00003cac    00000044     driverlib.lib : gpio.obj (.text:_GPIOIntNumberGet)
                  00003cf0    00000040     rtsv7M4_T_le_v4SPD16_eabi.lib : u_divt2.obj (.text)
                  00003d30    0000003c     driverlib.lib : ssi.obj (.text:SSIConfigSetExpClk)
                  00003d6c    00000038                   : sysctl.obj (.text:SysCtlPeripheralReady)
                  00003da4    00000038     rtsv7M4_T_le_v4SPD16_eabi.lib : fs_tod_t2.obj (.text)
                  00003ddc    00000034     driverlib.lib : interrupt.obj (.text:IntRegister)
                  00003e10    00000034                   : sysctl.obj (.text:SysCtlPeripheralEnable)
                  00003e44    0000002e     rtsv7M4_T_le_v4SPD16_eabi.lib : i_tofd_t2.obj (.text)
                  00003e72    0000002c     driverlib.lib : gpio.obj (.text:GPIODirModeSet)
                  00003e9e    00000022                   : pwm.obj (.text:PWMGenConfigure)
                  00003ec0    00000020                   : uart.obj (.text:UARTDisable)
                  00003ee0    00000020     rtsv7M4_T_le_v4SPD16_eabi.lib : u_tofd_t2.obj (.text)
                  00003f00    0000001e     driverlib.lib : adc.obj (.text:ADCSequenceDataGet)
                  00003f1e    0000001e                   : pwm.obj (.text:PWMPulseWidthSet)
                  00003f3c    0000001c                   : systick.obj (.text:SysTickIntRegister)
                  00003f58    0000001c     pacer.obj (.text)
                  00003f74    00000018     driverlib.lib : adc.obj (.text:ADCIntRegister)
                  00003f8c    00000018                   : adc.obj (.text:ADCProcessorTrigger)
                  00003fa4    00000018                   : gpio.obj (.text:GPIOIntRegister)
                  00003fbc    00000018                   : gpio.obj (.text:GPIOPinTypeGPIOOutput)
                  00003fd4    00000018     rtsv7M4_T_le_v4SPD16_eabi.lib : args_main.obj (.text)
                  00003fec    00000016     driverlib.lib : gpio.obj (.text:GPIOPinTypeGPIOInput)
                  00004002    00000016                   : gpio.obj (.text:GPIOPinTypePWM)
                  00004018    00000016                   : gpio.obj (.text:GPIOPinTypeSSI)
                  0000402e    00000016                   : gpio.obj (.text:GPIOPinTypeUART)
                  00004044    00000014                   : sysctl.obj (.text:SysCtlPWMClockSet)
                  00004058    00000014                   : systick.obj (.text:SysTickEnable)
                  0000406c    00000014                   : systick.obj (.text:SysTickIntEnable)
                  00004080    00000014                   : uart.obj (.text:UARTEnable)
                  00004094    00000014     rtsv7M4_T_le_v4SPD16_eabi.lib : _lock.obj (.text)
                  000040a8    00000012     driverlib.lib : pwm.obj (.text:PWMOutputState)
                  000040ba    00000010                   : adc.obj (.text:ADCIntEnable)
                  000040ca    00000010                   : interrupt.obj (.text:IntMasterDisable)
                  000040da    00000010                   : interrupt.obj (.text:IntMasterEnable)
                  000040ea    00000010                   : pwm.obj (.text:PWMGenPeriodSet)
                  000040fa    00000002     rtsv7M4_T_le_v4SPD16_eabi.lib : mpu_init.obj (.text)
                  000040fc    00000010     driverlib.lib : systick.obj (.text:SysTickPeriodSet)
                  0000410c    0000000e                   : adc.obj (.text:ADCSequenceEnable)
                  0000411a    0000000e                   : timer.obj (.text:TimerEnable)
                  00004128    0000000e     rtsv7M4_T_le_v4SPD16_eabi.lib : copy_decompress_none.obj (.text:decompress:none)
                  00004136    0000000c     driverlib.lib : cpu.obj (.text:CPUcpsid)
                  00004142    0000000c                   : cpu.obj (.text:CPUcpsie)
                  0000414e    0000000c                   : gpio.obj (.text:GPIOIntEnable)
                  0000415a    0000000c                   : pwm.obj (.text:PWMGenEnable)
                  00004166    0000000c                   : ssi.obj (.text:SSIDataGet)
                  00004172    0000000c     rtsv7M4_T_le_v4SPD16_eabi.lib : copy_zero_init.obj (.text:decompress:ZI)
                  0000417e    0000000c     tm4c123gh6pm_startup_ccs.obj (.text)
                  0000418a    0000000a     driverlib.lib : adc.obj (.text:ADCIntClear)
                  00004194    0000000a                   : ssi.obj (.text:SSIDataPut)
                  0000419e    0000000a                   : ssi.obj (.text:SSIEnable)
                  000041a8    0000000a                   : timer.obj (.text:TimerValueGet)
                  000041b2    0000000a                   : uart.obj (.text:UARTCharPut)
                  000041bc    0000000a                   : uart.obj (.text:UARTFIFOEnable)
                  000041c6    00000008                   : ssi.obj (.text:SSIBusy)
                  000041ce    00000006                   : gpio.obj (.text:GPIOIntClear)
                  000041d4    00000006                   : gpio.obj (.text:GPIOPinRead)
                  000041da    00000006                   : gpio.obj (.text:GPIOPinWrite)
                  000041e0    00000006                   : ssi.obj (.text:SSIClockSourceSet)
                  000041e6    00000006                   : sysctl.obj (.text:SysCtlDelay)
                  000041ec    00000004     rtsv7M4_T_le_v4SPD16_eabi.lib : pre_init.obj (.text)
                  000041f0    00000002                                   : startup.obj (.text)

.const     0    000041f4    00000648     
                  000041f4    00000300     ChrFont0.obj (.const:.string:rgbOledFont0)
                  000044f4    000000d8     driverlib.lib : gpio.obj (.const:g_ppui32GPIOIntMapSnowflake)
                  000045cc    000000c0                   : gpio.obj (.const:g_ppui32GPIOIntMapBlizzard)
                  0000468c    00000090                   : gpio.obj (.const:g_pui32GPIOBaseAddrs)
                  0000471c    0000006c                   : sysctl.obj (.const:g_pui32Xtals)
                  00004788    00000040     FillPat.obj (.const:.string:rgbFillPat)
                  000047c8    00000030     ustdlib.obj (.const:g_psDaysToMonth)
                  000047f8    00000018     ustdlib.obj (.const:g_pfExponents)
                  00004810    00000014     driverlib.lib : interrupt.obj (.const:g_pui32EnRegs)
                  00004824    00000012     ustdlib.obj (.const:.string)
                  00004836    00000002     --HOLE-- [fill = 0]
                  00004838    00000004     ustdlib.obj (.const)

.cinit     0    00004840    00000058     
                  00004840    0000001e     (.cinit..data.load) [load image, compression = lzss]
                  0000485e    00000002     --HOLE-- [fill = 0]
                  00004860    0000000c     (__TI_handler_table)
                  0000486c    00000004     --HOLE-- [fill = 0]
                  00004870    00000008     (.cinit..bss.load) [load image, compression = zero_init]
                  00004878    00000008     (.cinit..vtable.load) [load image, compression = zero_init]
                  00004880    00000018     (__TI_cinit_table)

.init_array 
*          0    00000000    00000000     UNINITIALIZED

.vtable    0    20000000    0000026c     UNINITIALIZED
                  20000000    0000026c     driverlib.lib : interrupt.obj (.vtable)

.bss       0    2000026c    000003a8     UNINITIALIZED
                  2000026c    00000200     (.common:rgbOledBmp)
                  2000046c    00000100     (.common:rgbOledFontUser)
                  2000056c    00000010     Helicopter.obj (.bss:g_inBuffer)
                  2000057c    00000010     heliADC.obj (.bss:g_inBuffer)
                  2000058c    00000010     main.obj (.bss:g_inBuffer)
                  2000059c    00000008     Helicopter.obj (.bss)
                  200005a4    00000008     main.obj (.bss)
                  200005ac    00000008     (.common:setPoints)
                  200005b4    00000005     heliYAW.obj (.bss)
                  200005b9    00000001     (.common:clrOledCur)
                  200005ba    00000001     (.common:slowTick)
                  200005bb    00000001     --HOLE--
                  200005bc    00000004     UART.obj (.bss)
                  200005c0    00000004     buttons4.obj (.bss:but_count)
                  200005c4    00000004     buttons4.obj (.bss:but_flag)
                  200005c8    00000004     buttons4.obj (.bss:but_normal)
                  200005cc    00000004     buttons4.obj (.bss:but_state)
                  200005d0    00000004     (.common:bnOledCur)
                  200005d4    00000004     (.common:dxcoOledFontCur)
                  200005d8    00000004     (.common:dycoOledFontCur)
                  200005dc    00000004     (.common:fOledCharUpdate)
                  200005e0    00000004     (.common:interupt_value)
                  200005e4    00000004     (.common:modOledCur)
                  200005e8    00000004     (.common:pbOledCur)
                  200005ec    00000004     (.common:pbOledFontCur)
                  200005f0    00000004     (.common:pbOledFontUser)
                  200005f4    00000004     (.common:pbOledPatCur)
                  200005f8    00000004     (.common:pfnDoRop)
                  200005fc    00000004     (.common:xchOledCur)
                  20000600    00000004     (.common:xchOledMax)
                  20000604    00000004     (.common:xcoOledCur)
                  20000608    00000004     (.common:ychOledCur)
                  2000060c    00000004     (.common:ychOledMax)
                  20000610    00000004     (.common:ycoOledCur)

.stack     0    20000614    00000200     UNINITIALIZED
                  20000614    00000200     --HOLE--

.sysmem    0    20000818    00000200     UNINITIALIZED
                  20000818    00000008     rtsv7M4_T_le_v4SPD16_eabi.lib : memory.obj (.sysmem)
                  20000820    000001f8     --HOLE--

.data      0    20000a18    0000004c     UNINITIALIZED
                  20000a18    0000000c     rtsv7M4_T_le_v4SPD16_eabi.lib : exit.obj (.data:$O1$$)
                  20000a24    0000000c                                   : memory.obj (.data:$O1$$)
                  20000a30    00000008                                   : _lock.obj (.data:$O1$$)
                  20000a38    00000008     heliPWM.obj (.data)
                  20000a40    00000005     ButtonControl.obj (.data)
                  20000a45    00000003     --HOLE--
                  20000a48    00000005     Helicopter.obj (.data)
                  20000a4d    00000003     --HOLE--
                  20000a50    00000004     UART.obj (.data)
                  20000a54    00000004     heliYAW.obj (.data)
                  20000a58    00000004     main.obj (.data)
                  20000a5c    00000004     rtsv7M4_T_le_v4SPD16_eabi.lib : stkdepth_vars.obj (.data)
                  20000a60    00000004     ustdlib.obj (.data)

MODULE SUMMARY

       Module                         code    ro data   rw data
       ------                         ----    -------   -------
    .\
       ustdlib.obj                    3204    94        4      
       Helicopter.obj                 620     0         29     
       tm4c123gh6pm_startup_ccs.obj   12      620       0      
       ButtonControl.obj              556     0         18     
       buttons4.obj                   544     0         16     
       heliYAW.obj                    500     0         9      
       heliPWM.obj                    420     0         8      
       UART.obj                       392     0         8      
       main.obj                       224     0         28     
       heliPID.obj                    240     0         0      
       circBufT.obj                   184     0         0      
       heliADC.obj                    108     0         16     
       pacer.obj                      28      0         0      
    +--+------------------------------+-------+---------+---------+
       Total:                         7032    714       136    
                                                               
    .\OrbitOLED\
       OrbitOLEDInterface.obj         68      0         0      
    +--+------------------------------+-------+---------+---------+
       Total:                         68      0         0      
                                                               
    .\OrbitOLED\lib_OrbitOled\
       OrbitOledGrph.obj              2384    0         8      
       OrbitOled.obj                  892     0         553    
       OrbitOledChar.obj              516     0         272    
       ChrFont0.obj                   0       768       0      
       delay.obj                      92      0         0      
       FillPat.obj                    0       64        0      
    +--+------------------------------+-------+---------+---------+
       Total:                         3884    832       833    
                                                               
    C:/ti/TivaWare_C_Series-2.1.4.178/driverlib/ccs/Debug/driverlib.lib
       gpio.obj                       748     552       0      
       sysctl.obj                     730     108       0      
       interrupt.obj                  188     20        620    
       adc.obj                        400     0         0      
       uart.obj                       142     0         0      
       timer.obj                      120     0         0      
       pwm.obj                        110     0         0      
       ssi.obj                        106     0         0      
       systick.obj                    84      0         0      
       cpu.obj                        24      0         0      
    +--+------------------------------+-------+---------+---------+
       Total:                         2652    680       620    
                                                               
    C:\ti\ccsv7\tools\compiler\ti-cgt-arm_16.9.6.LTS\lib\rtsv7M4_T_le_v4SPD16_eabi.lib
       memory.obj                     976     0         12     
       fd_div_t2.obj                  310     0         0      
       fd_mul_t2.obj                  252     0         0      
       memcpy_t2.obj                  156     0         0      
       memset_t2.obj                  122     0         0      
       autoinit.obj                   112     0         0      
       copy_decompress_lzss.obj       104     0         0      
       exit.obj                       84      0         12     
       boot.obj                       84      0         0      
       cpy_tbl.obj                    76      0         0      
       fd_toi_t2.obj                  72      0         0      
       u_divt2.obj                    64      0         0      
       fs_tod_t2.obj                  56      0         0      
       i_tofd_t2.obj                  46      0         0      
       u_tofd_t2.obj                  32      0         0      
       _lock.obj                      20      0         8      
       args_main.obj                  24      0         0      
       copy_decompress_none.obj       14      0         0      
       copy_zero_init.obj             12      0         0      
       pre_init.obj                   4       0         0      
       stkdepth_vars.obj              0       0         4      
       i_div0.obj                     2       0         0      
       mpu_init.obj                   2       0         0      
       startup.obj                    2       0         0      
    +--+------------------------------+-------+---------+---------+
       Total:                         2626    0         36     
                                                               
       Heap:                          0       0         512    
       Stack:                         0       0         512    
       Linker Generated:              0       82        0      
    +--+------------------------------+-------+---------+---------+
       Grand Total:                   16262   2308      2649   


LINKER GENERATED COPY TABLES

__TI_cinit_table @ 00004880 records: 3, size/record: 8, table size: 24
	.data: load addr=00004840, load size=0000001e bytes, run addr=20000a18, run size=0000004c bytes, compression=lzss
	.bss: load addr=00004870, load size=00000008 bytes, run addr=2000026c, run size=000003a8 bytes, compression=zero_init
	.vtable: load addr=00004878, load size=00000008 bytes, run addr=20000000, run size=0000026c bytes, compression=zero_init


LINKER GENERATED HANDLER TABLE

__TI_handler_table @ 00004860 records: 3, size/record: 4, table size: 12
	index: 0, handler: __TI_zero_init
	index: 1, handler: __TI_decompress_lzss
	index: 2, handler: __TI_decompress_none


GLOBAL SYMBOLS: SORTED ALPHABETICALLY BY Name 

address   name                           
-------   ----                           
0000418b  ADCIntClear                    
000040bb  ADCIntEnable                   
00003795  ADCIntHandler                  
00003f75  ADCIntRegister                 
00003f8d  ADCProcessorTrigger            
00003a51  ADCSequenceConfigure           
00003f01  ADCSequenceDataGet             
0000410d  ADCSequenceEnable              
000035f5  ADCSequenceStepConfigure       
000039fd  C$$EXIT                        
00004137  CPUcpsid                       
00004143  CPUcpsie                       
000038f5  DelayInit                      
0000390f  DelayMs                        
00003e73  GPIODirModeSet                 
000041cf  GPIOIntClear                   
0000414f  GPIOIntEnable                  
00003fa5  GPIOIntRegister                
00003951  GPIOIntTypeSet                 
00002e9f  GPIOPadConfigSet               
00003b41  GPIOPinConfigure               
000041d5  GPIOPinRead                    
00003fed  GPIOPinTypeGPIOInput           
00003fbd  GPIOPinTypeGPIOOutput          
00004003  GPIOPinTypePWM                 
00004019  GPIOPinTypeSSI                 
0000402f  GPIOPinTypeUART                
000041db  GPIOPinWrite                   
000037c5  IntEnable                      
000040cb  IntMasterDisable               
000040db  IntMasterEnable                
00003ddd  IntRegister                    
00003c8f  OLEDInitialise                 
00003c69  OLEDStringDraw                 
000027dd  OrbitOledAdvanceCursor         
000017e1  OrbitOledClampXco              
00001801  OrbitOledClampYco              
00001ded  OrbitOledClear                 
00001df9  OrbitOledClearBuffer           
000026ad  OrbitOledDefUserChar           
00001d69  OrbitOledDevInit               
00001623  OrbitOledDrawChar              
00002765  OrbitOledDrawGlyph             
00000fe7  OrbitOledDrawPixel             
0000112d  OrbitOledDrawRect              
00001683  OrbitOledDrawString            
00001cef  OrbitOledDvrInit               
000011b1  OrbitOledFillRect              
000012f5  OrbitOledGetBmp                
00002715  OrbitOledGetCharUpdate         
00002691  OrbitOledGetCursor             
00000fe1  OrbitOledGetDrawMode           
00001013  OrbitOledGetPixel              
00000f37  OrbitOledGetPos                
00000f6b  OrbitOledGetStdPattern         
00001c25  OrbitOledHostInit              
00001c11  OrbitOledInit                  
0000102d  OrbitOledLineTo                
00001779  OrbitOledMoveDown              
000017af  OrbitOledMoveLeft              
000017c7  OrbitOledMoveRight             
00000ef1  OrbitOledMoveTo                
00001741  OrbitOledMoveUp                
00001455  OrbitOledPutBmp                
00001e83  OrbitOledPutBuffer             
0000271b  OrbitOledPutChar               
00002739  OrbitOledPutString             
000016ef  OrbitOledRopAnd                
000016cb  OrbitOledRopOr                 
000016a1  OrbitOledRopSet                
00001713  OrbitOledRopXor                
000026fd  OrbitOledSetCharUpdate         
00002645  OrbitOledSetCursor             
00000f53  OrbitOledSetDrawColor          
00000f8d  OrbitOledSetDrawMode           
00000f7d  OrbitOledSetFillPattern        
00001e29  OrbitOledUpdate                
0000339d  PIDController                  
00003e9f  PWMGenConfigure                
0000415b  PWMGenEnable                   
000040eb  PWMGenPeriodSet                
000040a9  PWMOutputState                 
00003f1f  PWMPulseWidthSet               
0000417f  ResetISR                       
UNDEFED   SHT$$INIT_ARRAY$$Base          
UNDEFED   SHT$$INIT_ARRAY$$Limit         
000041c7  SSIBusy                        
000041e1  SSIClockSourceSet              
00003d31  SSIConfigSetExpClk             
00004167  SSIDataGet                     
00004195  SSIDataPut                     
0000419f  SSIEnable                      
00002371  SW1IntHandler                  
000022cd  SW1setup                       
00001ee9  Ssi3PutByte                    
00002fd1  SysCtlClockGet                 
000031dd  SysCtlClockSet                 
000041e7  SysCtlDelay                    
00004045  SysCtlPWMClockSet              
00003e11  SysCtlPeripheralEnable         
00003d6d  SysCtlPeripheralReady          
00003aa1  SysCtlPeripheralReset          
00004059  SysTickEnable                  
0000406d  SysTickIntEnable               
00001f8d  SysTickIntHandler              
00003f3d  SysTickIntRegister             
000040fd  SysTickPeriodSet               
00003895  TimerConfigure                 
0000411b  TimerEnable                    
000041a9  TimerValueGet                  
00002c65  UART                           
000041b3  UARTCharPut                    
00003c21  UARTConfigSetExpClk            
00003ec1  UARTDisable                    
00004081  UARTEnable                     
000041bd  UARTFIFOEnable                 
00002c19  UARTSend                       
000028d1  YawIntHandler                  
20000814  __STACK_END                    
00000200  __STACK_SIZE                   
20000814  __STACK_TOP                    
00000200  __SYSMEM_SIZE                  
00004880  __TI_CINIT_Base                
00004898  __TI_CINIT_Limit               
00004860  __TI_Handler_Table_Base        
0000486c  __TI_Handler_Table_Limit       
000036e9  __TI_auto_init                 
20000a18  __TI_cleanup_ptr               
0000382d  __TI_decompress_lzss           
00004129  __TI_decompress_none           
20000a1c  __TI_dtors_ptr                 
20000a20  __TI_enable_exit_profile_output
ffffffff  __TI_pprof_out_hndl            
ffffffff  __TI_prof_data_size            
ffffffff  __TI_prof_data_start           
00000000  __TI_static_base__             
00004173  __TI_zero_init                 
00003bd9  __aeabi_d2iz                   
00002d69  __aeabi_ddiv                   
000030e1  __aeabi_dmul                   
00003da5  __aeabi_f2d                    
00003e45  __aeabi_i2d                    
00003c67  __aeabi_idiv0                  
0000366f  __aeabi_memclr                 
0000366f  __aeabi_memclr4                
0000366f  __aeabi_memclr8                
00003559  __aeabi_memcpy                 
00003559  __aeabi_memcpy4                
00003559  __aeabi_memcpy8                
00003671  __aeabi_memset                 
00003671  __aeabi_memset4                
00003671  __aeabi_memset8                
00003ee1  __aeabi_ui2d                   
00003cf1  __aeabi_uidiv                  
00003cf1  __aeabi_uidivmod               
ffffffff  __binit__                      
ffffffff  __c_args__                     
000040fb  __mpu_init                     
20000614  __stack                        
00003fd5  _args_main                     
000039a9  _c_int00                       
20000a30  _lock                          
000040a3  _nop                           
0000409b  _register_lock                 
00004095  _register_unlock               
20000818  _sys_memory                    
000041f1  _system_post_cinit             
000041ed  _system_pre_init               
20000a34  _unlock                        
00003a01  abort                          
ffffffff  binit                          
200005d0  bnOledCur                      
000022a5  buttonControllerInit           
000022b9  buttonControllerLoop           
00001ffb  calculateRobustMeanValue       
00001be1  calloc                         
0000224d  checkAndDecrementAltitude      
00002281  checkAndDecrementYaw           
0000222f  checkAndIncrementAltitude      
0000226b  checkAndIncrementYaw           
000025c7  checkButton                    
000023ad  checkLanded                    
200005b9  clrOledCur                     
00003b8d  copy_in                        
0000203b  displayMeanVal                 
200005d4  dxcoOledFontCur                
200005d8  dycoOledFontCur                
00003a09  exit                           
200005dc  fOledCharUpdate                
0000192b  free                           
00003533  freeCircBuf                    
20000000  g_pfnRAMVectors                
00000000  g_pfnVectors                   
00002297  getAltitudePercentSetPoint     
000022ef  getSW1Position                 
00002319  getSW1mode                     
00002c39  getSW1modeString               
0000229d  getYawDegreesSetPoint          
00003759  initADC                        
00002425  initButtons                    
000034a1  initCircBuf                    
00001fc9  initClock                      
00001ff3  initDisplay                    
0000233b  initGPIOAPinChangeInterrupts   
00002213  initSetPoints                  
00002869  initYaw                        
00002be1  initialiseUSB_UART             
0000212b  initializeHelicopterOperations 
00002ad1  initializePWM                  
200005e0  interupt_value                 
000033c1  main                           
000032d1  mainProportional               
20000a38  main_duty                      
20000a5c  main_func_sp                   
000018c1  malloc                         
00001af5  memalign                       
00003559  memcpy                         
00003677  memset                         
00001841  minit                          
200005e4  modOledCur                     
00003f59  pacerWait                      
200005e8  pbOledCur                      
200005ec  pbOledFontCur                  
200005f0  pbOledFontUser                 
200005f4  pbOledPatCur                   
00003371  pcontrol_update                
200005f8  pfnDoRop                       
000034ff  readCircBuf                    
000019eb  realloc                        
0000211f  resetHelicopterOperations      
0000231f  resetPeriphButtons             
00002b63  resetPeripheralPWM             
00004788  rgbFillPat                     
2000026c  rgbOledBmp                     
000041f4  rgbOledFont0                   
2000046c  rgbOledFontUser                
00002b7f  setOutputOnline                
00002a49  setPWM                         
00002a3d  setPWMClocks                   
200005ac  setPoints                      
00002305  setSW1mode                     
200005ba  slowTick                       
000023d7  startLanding                   
00003321  tailProportional               
20000a3c  tail_duty                      
00000751  ulocaltime                     
0000094f  umktime                        
000024f3  updateButtons                  
0000210b  updateDisplay                  
00000ec9  urand                          
00000721  usnprintf                      
000006ef  usprintf                       
00000eb9  usrand                         
00000e31  ustrcasecmp                    
00000ea5  ustrcmp                        
00000d35  ustrlen                        
00000d8d  ustrncasecmp                   
00000e45  ustrncmp                       
0000026d  ustrncpy                       
00000d57  ustrstr                        
00000afd  ustrtof                        
000009c5  ustrtoul                       
000002c5  uvsnprintf                     
000034cb  writeCircBuf                   
200005fc  xchOledCur                     
20000600  xchOledMax                     
20000604  xcoOledCur                     
000021f9  yawDegreeConvert               
00002849  yaw_ref                        
20000608  ychOledCur                     
2000060c  ychOledMax                     
20000610  ycoOledCur                     
20000a54  yi                             


GLOBAL SYMBOLS: SORTED BY Symbol Address 

address   name                           
-------   ----                           
00000000  __TI_static_base__             
00000000  g_pfnVectors                   
00000200  __STACK_SIZE                   
00000200  __SYSMEM_SIZE                  
0000026d  ustrncpy                       
000002c5  uvsnprintf                     
000006ef  usprintf                       
00000721  usnprintf                      
00000751  ulocaltime                     
0000094f  umktime                        
000009c5  ustrtoul                       
00000afd  ustrtof                        
00000d35  ustrlen                        
00000d57  ustrstr                        
00000d8d  ustrncasecmp                   
00000e31  ustrcasecmp                    
00000e45  ustrncmp                       
00000ea5  ustrcmp                        
00000eb9  usrand                         
00000ec9  urand                          
00000ef1  OrbitOledMoveTo                
00000f37  OrbitOledGetPos                
00000f53  OrbitOledSetDrawColor          
00000f6b  OrbitOledGetStdPattern         
00000f7d  OrbitOledSetFillPattern        
00000f8d  OrbitOledSetDrawMode           
00000fe1  OrbitOledGetDrawMode           
00000fe7  OrbitOledDrawPixel             
00001013  OrbitOledGetPixel              
0000102d  OrbitOledLineTo                
0000112d  OrbitOledDrawRect              
000011b1  OrbitOledFillRect              
000012f5  OrbitOledGetBmp                
00001455  OrbitOledPutBmp                
00001623  OrbitOledDrawChar              
00001683  OrbitOledDrawString            
000016a1  OrbitOledRopSet                
000016cb  OrbitOledRopOr                 
000016ef  OrbitOledRopAnd                
00001713  OrbitOledRopXor                
00001741  OrbitOledMoveUp                
00001779  OrbitOledMoveDown              
000017af  OrbitOledMoveLeft              
000017c7  OrbitOledMoveRight             
000017e1  OrbitOledClampXco              
00001801  OrbitOledClampYco              
00001841  minit                          
000018c1  malloc                         
0000192b  free                           
000019eb  realloc                        
00001af5  memalign                       
00001be1  calloc                         
00001c11  OrbitOledInit                  
00001c25  OrbitOledHostInit              
00001cef  OrbitOledDvrInit               
00001d69  OrbitOledDevInit               
00001ded  OrbitOledClear                 
00001df9  OrbitOledClearBuffer           
00001e29  OrbitOledUpdate                
00001e83  OrbitOledPutBuffer             
00001ee9  Ssi3PutByte                    
00001f8d  SysTickIntHandler              
00001fc9  initClock                      
00001ff3  initDisplay                    
00001ffb  calculateRobustMeanValue       
0000203b  displayMeanVal                 
0000210b  updateDisplay                  
0000211f  resetHelicopterOperations      
0000212b  initializeHelicopterOperations 
000021f9  yawDegreeConvert               
00002213  initSetPoints                  
0000222f  checkAndIncrementAltitude      
0000224d  checkAndDecrementAltitude      
0000226b  checkAndIncrementYaw           
00002281  checkAndDecrementYaw           
00002297  getAltitudePercentSetPoint     
0000229d  getYawDegreesSetPoint          
000022a5  buttonControllerInit           
000022b9  buttonControllerLoop           
000022cd  SW1setup                       
000022ef  getSW1Position                 
00002305  setSW1mode                     
00002319  getSW1mode                     
0000231f  resetPeriphButtons             
0000233b  initGPIOAPinChangeInterrupts   
00002371  SW1IntHandler                  
000023ad  checkLanded                    
000023d7  startLanding                   
00002425  initButtons                    
000024f3  updateButtons                  
000025c7  checkButton                    
00002645  OrbitOledSetCursor             
00002691  OrbitOledGetCursor             
000026ad  OrbitOledDefUserChar           
000026fd  OrbitOledSetCharUpdate         
00002715  OrbitOledGetCharUpdate         
0000271b  OrbitOledPutChar               
00002739  OrbitOledPutString             
00002765  OrbitOledDrawGlyph             
000027dd  OrbitOledAdvanceCursor         
00002849  yaw_ref                        
00002869  initYaw                        
000028d1  YawIntHandler                  
00002a3d  setPWMClocks                   
00002a49  setPWM                         
00002ad1  initializePWM                  
00002b63  resetPeripheralPWM             
00002b7f  setOutputOnline                
00002be1  initialiseUSB_UART             
00002c19  UARTSend                       
00002c39  getSW1modeString               
00002c65  UART                           
00002d69  __aeabi_ddiv                   
00002e9f  GPIOPadConfigSet               
00002fd1  SysCtlClockGet                 
000030e1  __aeabi_dmul                   
000031dd  SysCtlClockSet                 
000032d1  mainProportional               
00003321  tailProportional               
00003371  pcontrol_update                
0000339d  PIDController                  
000033c1  main                           
000034a1  initCircBuf                    
000034cb  writeCircBuf                   
000034ff  readCircBuf                    
00003533  freeCircBuf                    
00003559  __aeabi_memcpy                 
00003559  __aeabi_memcpy4                
00003559  __aeabi_memcpy8                
00003559  memcpy                         
000035f5  ADCSequenceStepConfigure       
0000366f  __aeabi_memclr                 
0000366f  __aeabi_memclr4                
0000366f  __aeabi_memclr8                
00003671  __aeabi_memset                 
00003671  __aeabi_memset4                
00003671  __aeabi_memset8                
00003677  memset                         
000036e9  __TI_auto_init                 
00003759  initADC                        
00003795  ADCIntHandler                  
000037c5  IntEnable                      
0000382d  __TI_decompress_lzss           
00003895  TimerConfigure                 
000038f5  DelayInit                      
0000390f  DelayMs                        
00003951  GPIOIntTypeSet                 
000039a9  _c_int00                       
000039fd  C$$EXIT                        
00003a01  abort                          
00003a09  exit                           
00003a51  ADCSequenceConfigure           
00003aa1  SysCtlPeripheralReset          
00003b41  GPIOPinConfigure               
00003b8d  copy_in                        
00003bd9  __aeabi_d2iz                   
00003c21  UARTConfigSetExpClk            
00003c67  __aeabi_idiv0                  
00003c69  OLEDStringDraw                 
00003c8f  OLEDInitialise                 
00003cf1  __aeabi_uidiv                  
00003cf1  __aeabi_uidivmod               
00003d31  SSIConfigSetExpClk             
00003d6d  SysCtlPeripheralReady          
00003da5  __aeabi_f2d                    
00003ddd  IntRegister                    
00003e11  SysCtlPeripheralEnable         
00003e45  __aeabi_i2d                    
00003e73  GPIODirModeSet                 
00003e9f  PWMGenConfigure                
00003ec1  UARTDisable                    
00003ee1  __aeabi_ui2d                   
00003f01  ADCSequenceDataGet             
00003f1f  PWMPulseWidthSet               
00003f3d  SysTickIntRegister             
00003f59  pacerWait                      
00003f75  ADCIntRegister                 
00003f8d  ADCProcessorTrigger            
00003fa5  GPIOIntRegister                
00003fbd  GPIOPinTypeGPIOOutput          
00003fd5  _args_main                     
00003fed  GPIOPinTypeGPIOInput           
00004003  GPIOPinTypePWM                 
00004019  GPIOPinTypeSSI                 
0000402f  GPIOPinTypeUART                
00004045  SysCtlPWMClockSet              
00004059  SysTickEnable                  
0000406d  SysTickIntEnable               
00004081  UARTEnable                     
00004095  _register_unlock               
0000409b  _register_lock                 
000040a3  _nop                           
000040a9  PWMOutputState                 
000040bb  ADCIntEnable                   
000040cb  IntMasterDisable               
000040db  IntMasterEnable                
000040eb  PWMGenPeriodSet                
000040fb  __mpu_init                     
000040fd  SysTickPeriodSet               
0000410d  ADCSequenceEnable              
0000411b  TimerEnable                    
00004129  __TI_decompress_none           
00004137  CPUcpsid                       
00004143  CPUcpsie                       
0000414f  GPIOIntEnable                  
0000415b  PWMGenEnable                   
00004167  SSIDataGet                     
00004173  __TI_zero_init                 
0000417f  ResetISR                       
0000418b  ADCIntClear                    
00004195  SSIDataPut                     
0000419f  SSIEnable                      
000041a9  TimerValueGet                  
000041b3  UARTCharPut                    
000041bd  UARTFIFOEnable                 
000041c7  SSIBusy                        
000041cf  GPIOIntClear                   
000041d5  GPIOPinRead                    
000041db  GPIOPinWrite                   
000041e1  SSIClockSourceSet              
000041e7  SysCtlDelay                    
000041ed  _system_pre_init               
000041f1  _system_post_cinit             
000041f4  rgbOledFont0                   
00004788  rgbFillPat                     
00004860  __TI_Handler_Table_Base        
0000486c  __TI_Handler_Table_Limit       
00004880  __TI_CINIT_Base                
00004898  __TI_CINIT_Limit               
20000000  g_pfnRAMVectors                
2000026c  rgbOledBmp                     
2000046c  rgbOledFontUser                
200005ac  setPoints                      
200005b9  clrOledCur                     
200005ba  slowTick                       
200005d0  bnOledCur                      
200005d4  dxcoOledFontCur                
200005d8  dycoOledFontCur                
200005dc  fOledCharUpdate                
200005e0  interupt_value                 
200005e4  modOledCur                     
200005e8  pbOledCur                      
200005ec  pbOledFontCur                  
200005f0  pbOledFontUser                 
200005f4  pbOledPatCur                   
200005f8  pfnDoRop                       
200005fc  xchOledCur                     
20000600  xchOledMax                     
20000604  xcoOledCur                     
20000608  ychOledCur                     
2000060c  ychOledMax                     
20000610  ycoOledCur                     
20000614  __stack                        
20000814  __STACK_END                    
20000814  __STACK_TOP                    
20000818  _sys_memory                    
20000a18  __TI_cleanup_ptr               
20000a1c  __TI_dtors_ptr                 
20000a20  __TI_enable_exit_profile_output
20000a30  _lock                          
20000a34  _unlock                        
20000a38  main_duty                      
20000a3c  tail_duty                      
20000a54  yi                             
20000a5c  main_func_sp                   
ffffffff  __TI_pprof_out_hndl            
ffffffff  __TI_prof_data_size            
ffffffff  __TI_prof_data_start           
ffffffff  __binit__                      
ffffffff  __c_args__                     
ffffffff  binit                          
UNDEFED   SHT$$INIT_ARRAY$$Base          
UNDEFED   SHT$$INIT_ARRAY$$Limit         

[273 symbols]
