******************************************************************************
                  TI ARM Linker PC v16.9.6                     
******************************************************************************
>> Linked Sun May 27 15:25:34 2018

OUTPUT FILE NAME:   <Milestone.out>
ENTRY POINT SYMBOL: "_c_int00"  address: 000039e1


MEMORY CONFIGURATION

         name            origin    length      used     unused   attr    fill
----------------------  --------  ---------  --------  --------  ----  --------
  FLASH                 00000000   00040000  00004854  0003b7ac  R  X
  SRAM                  20000000   00008000  00000a3c  000075c4  RW X


SEGMENT ALLOCATION MAP

run origin  load origin   length   init length attrs members
----------  ----------- ---------- ----------- ----- -------
00000000    00000000    00004858   00004858    r-x
  00000000    00000000    0000026c   0000026c    r-- .intvecs
  0000026c    0000026c    00003f48   00003f48    r-x .text
  000041b4    000041b4    00000648   00000648    r-- .const
  00004800    00004800    00000058   00000058    r-- .cinit
20000000    20000000    00000a43   00000000    rw-
  20000000    20000000    0000026c   00000000    rw- .vtable
  2000026c    2000026c    0000038d   00000000    rw- .bss
  200005fc    200005fc    00000200   00000000    rw- .stack
  20000800    20000800    00000200   00000000    rw- .sysmem
  20000a00    20000a00    00000043   00000000    rw- .data


SECTION ALLOCATION MAP

 output                                  attributes/
section   page    origin      length       input sections
--------  ----  ----------  ----------   ----------------
.intvecs   0    00000000    0000026c     
                  00000000    0000026c     tm4c123gh6pm_startup_ccs.obj (.intvecs)

.text      0    0000026c    00003f48     
                  0000026c    00000c84     ustdlib.obj (.text)
                  00000ef0    00000950     OrbitOledGrph.obj (.text)
                  00001840    000003d0     rtsv7M4_T_le_v4SPD16_eabi.lib : memory.obj (.text)
                  00001c10    0000037c     OrbitOled.obj (.text)
                  00001f8c    00000290     ButtonControl.obj (.text)
                  0000221c    0000026c     buttons4.obj (.text)
                  00002488    00000214     Helicopter.obj (.text)
                  0000269c    00000204     OrbitOledChar.obj (.text)
                  000028a0    00000204     heliYAW.obj (.text)
                  00002aa4    000001e0     heliPID.obj (.text)
                  00002c84    000001b0     heliUART.obj (.text)
                  00002e34    000001ac     heliPWM.obj (.text)
                  00002fe0    00000132     driverlib.lib : gpio.obj (.text:GPIOPadConfigSet)
                  00003112    00000002     rtsv7M4_T_le_v4SPD16_eabi.lib : i_div0.obj (.text)
                  00003114    00000110     driverlib.lib : sysctl.obj (.text:SysCtlClockGet)
                  00003224    000000fc     rtsv7M4_T_le_v4SPD16_eabi.lib : fd_mul_t2.obj (.text)
                  00003320    000000f4     driverlib.lib : sysctl.obj (.text:SysCtlClockSet)
                  00003414    000000c4     main.obj (.text)
                  000034d8    000000b8     circBufT.obj (.text)
                  00003590    0000009c     rtsv7M4_T_le_v4SPD16_eabi.lib : memcpy_t2.obj (.text)
                  0000362c    0000007a     driverlib.lib : adc.obj (.text:ADCSequenceStepConfigure)
                  000036a6    0000007a     rtsv7M4_T_le_v4SPD16_eabi.lib : memset_t2.obj (.text)
                  00003720    00000070                                   : autoinit.obj (.text)
                  00003790    0000006c     heliADC.obj (.text)
                  000037fc    00000068     driverlib.lib : interrupt.obj (.text:IntEnable)
                  00003864    00000068     rtsv7M4_T_le_v4SPD16_eabi.lib : copy_decompress_lzss.obj (.text:decompress:lzss)
                  000038cc    00000060     driverlib.lib : timer.obj (.text:TimerConfigure)
                  0000392c    0000005c     delay.obj (.text)
                  00003988    00000058     driverlib.lib : gpio.obj (.text:GPIOIntTypeSet)
                  000039e0    00000054     rtsv7M4_T_le_v4SPD16_eabi.lib : boot.obj (.text)
                  00003a34    00000054                                   : exit.obj (.text)
                  00003a88    00000050     driverlib.lib : adc.obj (.text:ADCSequenceConfigure)
                  00003ad8    00000050                   : sysctl.obj (.text:SysCtlPeripheralReset)
                  00003b28    00000050                   : adc.obj (.text:_ADCIntNumberGet)
                  00003b78    0000004c                   : gpio.obj (.text:GPIOPinConfigure)
                  00003bc4    0000004c     rtsv7M4_T_le_v4SPD16_eabi.lib : cpy_tbl.obj (.text)
                  00003c10    00000048                                   : fd_toi_t2.obj (.text)
                  00003c58    00000046     driverlib.lib : uart.obj (.text:UARTConfigSetExpClk)
                  00003c9e    00000002     rtsv7M4_T_le_v4SPD16_eabi.lib : mpu_init.obj (.text)
                  00003ca0    00000044     OrbitOLEDInterface.obj (.text)
                  00003ce4    00000044     driverlib.lib : gpio.obj (.text:_GPIOIntNumberGet)
                  00003d28    00000040     rtsv7M4_T_le_v4SPD16_eabi.lib : u_divt2.obj (.text)
                  00003d68    0000003c     driverlib.lib : ssi.obj (.text:SSIConfigSetExpClk)
                  00003da4    00000038                   : sysctl.obj (.text:SysCtlPeripheralReady)
                  00003ddc    00000038     rtsv7M4_T_le_v4SPD16_eabi.lib : fs_tod_t2.obj (.text)
                  00003e14    00000034     driverlib.lib : interrupt.obj (.text:IntRegister)
                  00003e48    00000034                   : sysctl.obj (.text:SysCtlPeripheralEnable)
                  00003e7c    0000002c                   : gpio.obj (.text:GPIODirModeSet)
                  00003ea8    00000022                   : pwm.obj (.text:PWMGenConfigure)
                  00003eca    00000002     rtsv7M4_T_le_v4SPD16_eabi.lib : startup.obj (.text)
                  00003ecc    00000020     driverlib.lib : uart.obj (.text:UARTDisable)
                  00003eec    0000001e                   : adc.obj (.text:ADCSequenceDataGet)
                  00003f0a    0000001e                   : pwm.obj (.text:PWMPulseWidthSet)
                  00003f28    0000001c                   : systick.obj (.text:SysTickIntRegister)
                  00003f44    00000018                   : adc.obj (.text:ADCIntRegister)
                  00003f5c    00000018                   : adc.obj (.text:ADCProcessorTrigger)
                  00003f74    00000018                   : gpio.obj (.text:GPIOIntRegister)
                  00003f8c    00000018                   : gpio.obj (.text:GPIOPinTypeGPIOOutput)
                  00003fa4    00000018     rtsv7M4_T_le_v4SPD16_eabi.lib : args_main.obj (.text)
                  00003fbc    00000016     driverlib.lib : gpio.obj (.text:GPIOPinTypeGPIOInput)
                  00003fd2    00000016                   : gpio.obj (.text:GPIOPinTypePWM)
                  00003fe8    00000016                   : gpio.obj (.text:GPIOPinTypeSSI)
                  00003ffe    00000016                   : gpio.obj (.text:GPIOPinTypeUART)
                  00004014    00000014                   : sysctl.obj (.text:SysCtlPWMClockSet)
                  00004028    00000014                   : systick.obj (.text:SysTickEnable)
                  0000403c    00000014                   : systick.obj (.text:SysTickIntEnable)
                  00004050    00000014                   : uart.obj (.text:UARTEnable)
                  00004064    00000014     rtsv7M4_T_le_v4SPD16_eabi.lib : _lock.obj (.text)
                  00004078    00000012     driverlib.lib : pwm.obj (.text:PWMOutputState)
                  0000408a    00000010                   : adc.obj (.text:ADCIntEnable)
                  0000409a    00000010                   : interrupt.obj (.text:IntMasterEnable)
                  000040aa    00000010                   : pwm.obj (.text:PWMGenPeriodSet)
                  000040ba    00000002     --HOLE-- [fill = 0]
                  000040bc    00000010                   : sysctl.obj (.text:SysCtlReset)
                  000040cc    00000010                   : systick.obj (.text:SysTickPeriodSet)
                  000040dc    0000000e                   : adc.obj (.text:ADCSequenceEnable)
                  000040ea    0000000e                   : timer.obj (.text:TimerEnable)
                  000040f8    0000000e     rtsv7M4_T_le_v4SPD16_eabi.lib : copy_decompress_none.obj (.text:decompress:none)
                  00004106    0000000c     driverlib.lib : cpu.obj (.text:CPUcpsie)
                  00004112    0000000c                   : gpio.obj (.text:GPIOIntEnable)
                  0000411e    0000000c                   : pwm.obj (.text:PWMGenEnable)
                  0000412a    0000000c                   : ssi.obj (.text:SSIDataGet)
                  00004136    0000000c     rtsv7M4_T_le_v4SPD16_eabi.lib : copy_zero_init.obj (.text:decompress:ZI)
                  00004142    0000000c     tm4c123gh6pm_startup_ccs.obj (.text)
                  0000414e    0000000a     driverlib.lib : adc.obj (.text:ADCIntClear)
                  00004158    0000000a                   : ssi.obj (.text:SSIDataPut)
                  00004162    0000000a                   : ssi.obj (.text:SSIEnable)
                  0000416c    0000000a                   : timer.obj (.text:TimerValueGet)
                  00004176    0000000a                   : uart.obj (.text:UARTCharPut)
                  00004180    0000000a                   : uart.obj (.text:UARTFIFOEnable)
                  0000418a    00000008                   : ssi.obj (.text:SSIBusy)
                  00004192    00000006                   : gpio.obj (.text:GPIOIntClear)
                  00004198    00000006                   : gpio.obj (.text:GPIOPinRead)
                  0000419e    00000006                   : gpio.obj (.text:GPIOPinWrite)
                  000041a4    00000006                   : ssi.obj (.text:SSIClockSourceSet)
                  000041aa    00000006                   : sysctl.obj (.text:SysCtlDelay)
                  000041b0    00000004     rtsv7M4_T_le_v4SPD16_eabi.lib : pre_init.obj (.text)

.const     0    000041b4    00000648     
                  000041b4    00000300     ChrFont0.obj (.const:.string:rgbOledFont0)
                  000044b4    000000d8     driverlib.lib : gpio.obj (.const:g_ppui32GPIOIntMapSnowflake)
                  0000458c    000000c0                   : gpio.obj (.const:g_ppui32GPIOIntMapBlizzard)
                  0000464c    00000090                   : gpio.obj (.const:g_pui32GPIOBaseAddrs)
                  000046dc    0000006c                   : sysctl.obj (.const:g_pui32Xtals)
                  00004748    00000040     FillPat.obj (.const:.string:rgbFillPat)
                  00004788    00000030     ustdlib.obj (.const:g_psDaysToMonth)
                  000047b8    00000018     ustdlib.obj (.const:g_pfExponents)
                  000047d0    00000014     driverlib.lib : interrupt.obj (.const:g_pui32EnRegs)
                  000047e4    00000012     ustdlib.obj (.const:.string)
                  000047f6    00000002     --HOLE-- [fill = 0]
                  000047f8    00000004     ustdlib.obj (.const)

.cinit     0    00004800    00000058     
                  00004800    00000022     (.cinit..data.load) [load image, compression = lzss]
                  00004822    00000002     --HOLE-- [fill = 0]
                  00004824    0000000c     (__TI_handler_table)
                  00004830    00000008     (.cinit..bss.load) [load image, compression = zero_init]
                  00004838    00000008     (.cinit..vtable.load) [load image, compression = zero_init]
                  00004840    00000018     (__TI_cinit_table)

.init_array 
*          0    00000000    00000000     UNINITIALIZED

.vtable    0    20000000    0000026c     UNINITIALIZED
                  20000000    0000026c     driverlib.lib : interrupt.obj (.vtable)

.bss       0    2000026c    0000038d     UNINITIALIZED
                  2000026c    00000200     (.common:rgbOledBmp)
                  2000046c    00000100     (.common:rgbOledFontUser)
                  2000056c    00000010     (.common:g_inBuffer)
                  2000057c    00000008     buttons4.obj (.bss:but_count)
                  20000584    00000008     buttons4.obj (.bss:but_flag)
                  2000058c    00000008     buttons4.obj (.bss:but_normal)
                  20000594    00000008     buttons4.obj (.bss:but_state)
                  2000059c    00000008     (.common:setPoints)
                  200005a4    00000004     (.common:bnOledCur)
                  200005a8    00000004     (.common:dxcoOledFontCur)
                  200005ac    00000004     (.common:dycoOledFontCur)
                  200005b0    00000004     (.common:fOledCharUpdate)
                  200005b4    00000004     (.common:g_ulSampCnt)
                  200005b8    00000004     (.common:main_duty)
                  200005bc    00000004     (.common:modOledCur)
                  200005c0    00000004     (.common:pbOledCur)
                  200005c4    00000004     (.common:pbOledFontCur)
                  200005c8    00000004     (.common:pbOledFontUser)
                  200005cc    00000004     (.common:pbOledPatCur)
                  200005d0    00000004     (.common:pfnDoRop)
                  200005d4    00000004     (.common:tail_duty)
                  200005d8    00000004     (.common:xchOledCur)
                  200005dc    00000004     (.common:xchOledMax)
                  200005e0    00000004     (.common:xcoOledCur)
                  200005e4    00000004     (.common:yaw)
                  200005e8    00000004     (.common:ychOledCur)
                  200005ec    00000004     (.common:ychOledMax)
                  200005f0    00000004     (.common:ycoOledCur)
                  200005f4    00000002     (.common:altitude)
                  200005f6    00000001     (.common:clrOledCur)
                  200005f7    00000001     (.common:slowTick)
                  200005f8    00000001     (.common:state)

.stack     0    200005fc    00000200     UNINITIALIZED
                  200005fc    00000200     --HOLE--

.sysmem    0    20000800    00000200     UNINITIALIZED
                  20000800    00000008     rtsv7M4_T_le_v4SPD16_eabi.lib : memory.obj (.sysmem)
                  20000808    000001f8     --HOLE--

.data      0    20000a00    00000043     UNINITIALIZED
                  20000a00    0000000c     rtsv7M4_T_le_v4SPD16_eabi.lib : exit.obj (.data:$O1$$)
                  20000a0c    0000000c                                   : memory.obj (.data:$O1$$)
                  20000a18    0000000c     heliPID.obj (.data)
                  20000a24    00000008     rtsv7M4_T_le_v4SPD16_eabi.lib : _lock.obj (.data:$O1$$)
                  20000a2c    00000008     heliYAW.obj (.data)
                  20000a34    00000004     main.obj (.data)
                  20000a38    00000004     rtsv7M4_T_le_v4SPD16_eabi.lib : stkdepth_vars.obj (.data)
                  20000a3c    00000004     ustdlib.obj (.data)
                  20000a40    00000002     ButtonControl.obj (.data)
                  20000a42    00000001     Helicopter.obj (.data)

MODULE SUMMARY

       Module                         code    ro data   rw data
       ------                         ----    -------   -------
    .\
       ustdlib.obj                    3204    94        4      
       ButtonControl.obj              656     0         19     
       buttons4.obj                   620     0         32     
       tm4c123gh6pm_startup_ccs.obj   12      620       0      
       Helicopter.obj                 532     0         28     
       heliYAW.obj                    516     0         8      
       heliPID.obj                    480     0         12     
       heliUART.obj                   432     0         0      
       heliPWM.obj                    428     0         0      
       main.obj                       196     0         4      
       circBufT.obj                   184     0         0      
       heliADC.obj                    108     0         0      
    +--+------------------------------+-------+---------+---------+
       Total:                         7368    714       107    
                                                               
    .\OrbitOLED\
       OrbitOLEDInterface.obj         68      0         0      
    +--+------------------------------+-------+---------+---------+
       Total:                         68      0         0      
                                                               
    .\OrbitOLED\lib_OrbitOled\
       OrbitOledGrph.obj              2384    0         8      
       OrbitOled.obj                  892     0         553    
       OrbitOledChar.obj              516     0         272    
       ChrFont0.obj                   0       768       0      
       delay.obj                      92      0         0      
       FillPat.obj                    0       64        0      
    +--+------------------------------+-------+---------+---------+
       Total:                         3884    832       833    
                                                               
    C:/ti/TivaWare_C_Series-2.1.4.178/driverlib/ccs/Debug/driverlib.lib
       gpio.obj                       748     552       0      
       sysctl.obj                     746     108       0      
       interrupt.obj                  172     20        620    
       adc.obj                        400     0         0      
       uart.obj                       142     0         0      
       timer.obj                      120     0         0      
       pwm.obj                        110     0         0      
       ssi.obj                        106     0         0      
       systick.obj                    84      0         0      
       cpu.obj                        12      0         0      
    +--+------------------------------+-------+---------+---------+
       Total:                         2640    680       620    
                                                               
    C:\ti\ccsv7\tools\compiler\ti-cgt-arm_16.9.6.LTS\lib\rtsv7M4_T_le_v4SPD16_eabi.lib
       memory.obj                     976     0         12     
       fd_mul_t2.obj                  252     0         0      
       memcpy_t2.obj                  156     0         0      
       memset_t2.obj                  122     0         0      
       autoinit.obj                   112     0         0      
       copy_decompress_lzss.obj       104     0         0      
       exit.obj                       84      0         12     
       boot.obj                       84      0         0      
       cpy_tbl.obj                    76      0         0      
       fd_toi_t2.obj                  72      0         0      
       u_divt2.obj                    64      0         0      
       fs_tod_t2.obj                  56      0         0      
       _lock.obj                      20      0         8      
       args_main.obj                  24      0         0      
       copy_decompress_none.obj       14      0         0      
       copy_zero_init.obj             12      0         0      
       pre_init.obj                   4       0         0      
       stkdepth_vars.obj              0       0         4      
       i_div0.obj                     2       0         0      
       mpu_init.obj                   2       0         0      
       startup.obj                    2       0         0      
    +--+------------------------------+-------+---------+---------+
       Total:                         2238    0         36     
                                                               
       Heap:                          0       0         512    
       Stack:                         0       0         512    
       Linker Generated:              0       86        0      
    +--+------------------------------+-------+---------+---------+
       Grand Total:                   16198   2312      2620   


LINKER GENERATED COPY TABLES

__TI_cinit_table @ 00004840 records: 3, size/record: 8, table size: 24
	.data: load addr=00004800, load size=00000022 bytes, run addr=20000a00, run size=00000043 bytes, compression=lzss
	.bss: load addr=00004830, load size=00000008 bytes, run addr=2000026c, run size=0000038d bytes, compression=zero_init
	.vtable: load addr=00004838, load size=00000008 bytes, run addr=20000000, run size=0000026c bytes, compression=zero_init


LINKER GENERATED HANDLER TABLE

__TI_handler_table @ 00004824 records: 3, size/record: 4, table size: 12
	index: 0, handler: __TI_zero_init
	index: 1, handler: __TI_decompress_lzss
	index: 2, handler: __TI_decompress_none


GLOBAL SYMBOLS: SORTED ALPHABETICALLY BY Name 

address   name                           
-------   ----                           
0000414f  ADCIntClear                    
0000408b  ADCIntEnable                   
000037cd  ADCIntHandler                  
00003f45  ADCIntRegister                 
00003f5d  ADCProcessorTrigger            
00003a89  ADCSequenceConfigure           
00003eed  ADCSequenceDataGet             
000040dd  ADCSequenceEnable              
0000362d  ADCSequenceStepConfigure       
00003a35  C$$EXIT                        
00004107  CPUcpsie                       
0000392d  DelayInit                      
00003947  DelayMs                        
00003e7d  GPIODirModeSet                 
00004193  GPIOIntClear                   
00004113  GPIOIntEnable                  
00003f75  GPIOIntRegister                
00003989  GPIOIntTypeSet                 
00002fe1  GPIOPadConfigSet               
00003b79  GPIOPinConfigure               
00004199  GPIOPinRead                    
00003fbd  GPIOPinTypeGPIOInput           
00003f8d  GPIOPinTypeGPIOOutput          
00003fd3  GPIOPinTypePWM                 
00003fe9  GPIOPinTypeSSI                 
00003fff  GPIOPinTypeUART                
0000419f  GPIOPinWrite                   
000037fd  IntEnable                      
0000409b  IntMasterEnable                
00003e15  IntRegister                    
00003cc7  OLEDInitialise                 
00003ca1  OLEDStringDraw                 
00002835  OrbitOledAdvanceCursor         
000017e1  OrbitOledClampXco              
00001801  OrbitOledClampYco              
00001ded  OrbitOledClear                 
00001df9  OrbitOledClearBuffer           
00002705  OrbitOledDefUserChar           
00001d69  OrbitOledDevInit               
00001623  OrbitOledDrawChar              
000027bd  OrbitOledDrawGlyph             
00000fe7  OrbitOledDrawPixel             
0000112d  OrbitOledDrawRect              
00001683  OrbitOledDrawString            
00001cef  OrbitOledDvrInit               
000011b1  OrbitOledFillRect              
000012f5  OrbitOledGetBmp                
0000276d  OrbitOledGetCharUpdate         
000026e9  OrbitOledGetCursor             
00000fe1  OrbitOledGetDrawMode           
00001013  OrbitOledGetPixel              
00000f37  OrbitOledGetPos                
00000f6b  OrbitOledGetStdPattern         
00001c25  OrbitOledHostInit              
00001c11  OrbitOledInit                  
0000102d  OrbitOledLineTo                
00001779  OrbitOledMoveDown              
000017af  OrbitOledMoveLeft              
000017c7  OrbitOledMoveRight             
00000ef1  OrbitOledMoveTo                
00001741  OrbitOledMoveUp                
00001455  OrbitOledPutBmp                
00001e83  OrbitOledPutBuffer             
00002773  OrbitOledPutChar               
00002791  OrbitOledPutString             
000016ef  OrbitOledRopAnd                
000016cb  OrbitOledRopOr                 
000016a1  OrbitOledRopSet                
00001713  OrbitOledRopXor                
00002755  OrbitOledSetCharUpdate         
0000269d  OrbitOledSetCursor             
00000f53  OrbitOledSetDrawColor          
00000f8d  OrbitOledSetDrawMode           
00000f7d  OrbitOledSetFillPattern        
00001e29  OrbitOledUpdate                
00002c5d  PIDController                  
00003ea9  PWMGenConfigure                
0000411f  PWMGenEnable                   
000040ab  PWMGenPeriodSet                
00004079  PWMOutputState                 
00003f0b  PWMPulseWidthSet               
00004143  ResetISR                       
UNDEFED   SHT$$INIT_ARRAY$$Base          
UNDEFED   SHT$$INIT_ARRAY$$Limit         
0000418b  SSIBusy                        
000041a5  SSIClockSourceSet              
00003d69  SSIConfigSetExpClk             
0000412b  SSIDataGet                     
00004159  SSIDataPut                     
00004163  SSIEnable                      
0000212d  SW1IntHandler                  
00002081  SW1setup                       
00001ee9  Ssi3PutByte                    
00003115  SysCtlClockGet                 
00003321  SysCtlClockSet                 
000041ab  SysCtlDelay                    
00004015  SysCtlPWMClockSet              
00003e49  SysCtlPeripheralEnable         
00003da5  SysCtlPeripheralReady          
00003ad9  SysCtlPeripheralReset          
000040bd  SysCtlReset                    
00004029  SysTickEnable                  
0000403d  SysTickIntEnable               
00002489  SysTickIntHandler              
00003f29  SysTickIntRegister             
000040cd  SysTickPeriodSet               
000038cd  TimerConfigure                 
000040eb  TimerEnable                    
0000416d  TimerValueGet                  
00002d09  UART                           
00004177  UARTCharPut                    
00003c59  UARTConfigSetExpClk            
00003ecd  UARTDisable                    
00004051  UARTEnable                     
00004181  UARTFIFOEnable                 
00002cbd  UARTSend                       
00002937  YawIntHandler                  
200007fc  __STACK_END                    
00000200  __STACK_SIZE                   
200007fc  __STACK_TOP                    
00000200  __SYSMEM_SIZE                  
00004840  __TI_CINIT_Base                
00004858  __TI_CINIT_Limit               
00004824  __TI_Handler_Table_Base        
00004830  __TI_Handler_Table_Limit       
00003721  __TI_auto_init                 
20000a00  __TI_cleanup_ptr               
00003865  __TI_decompress_lzss           
000040f9  __TI_decompress_none           
20000a04  __TI_dtors_ptr                 
20000a08  __TI_enable_exit_profile_output
ffffffff  __TI_pprof_out_hndl            
ffffffff  __TI_prof_data_size            
ffffffff  __TI_prof_data_start           
00000000  __TI_static_base__             
00004137  __TI_zero_init                 
00003c11  __aeabi_d2iz                   
00003225  __aeabi_dmul                   
00003ddd  __aeabi_f2d                    
00003113  __aeabi_idiv0                  
000036a7  __aeabi_memclr                 
000036a7  __aeabi_memclr4                
000036a7  __aeabi_memclr8                
00003591  __aeabi_memcpy                 
00003591  __aeabi_memcpy4                
00003591  __aeabi_memcpy8                
000036a9  __aeabi_memset                 
000036a9  __aeabi_memset4                
000036a9  __aeabi_memset8                
00003d29  __aeabi_uidiv                  
00003d29  __aeabi_uidivmod               
ffffffff  __binit__                      
ffffffff  __c_args__                     
00003c9f  __mpu_init                     
200005fc  __stack                        
00003fa5  _args_main                     
000039e1  _c_int00                       
20000a24  _lock                          
00004073  _nop                           
0000406b  _register_lock                 
00004065  _register_unlock               
20000800  _sys_memory                    
00003ecb  _system_post_cinit             
000041b1  _system_pre_init               
20000a28  _unlock                        
00003a39  abort                          
200005f4  altitude                       
ffffffff  binit                          
200005a4  bnOledCur                      
00002055  buttonControllerInit           
0000206d  buttonControllerLoop           
000024f7  calculateRobustMeanValue       
00001be1  calloc                         
00001ffd  checkAndDecrementAltitude      
00002031  checkAndDecrementYaw           
00001fdf  checkAndIncrementAltitude      
0000201b  checkAndIncrementYaw           
00002401  checkButton                    
000021a7  checkLanded                    
200005f6  clrOledCur                     
00003bc5  copy_in                        
00002545  displayMeanVal                 
200005a8  dxcoOledFontCur                
200005ac  dycoOledFontCur                
20000a18  error_integrated_main          
20000a1c  error_integrated_tail          
00003a41  exit                           
200005b0  fOledCharUpdate                
0000192b  free                           
0000356b  freeCircBuf                    
2000056c  g_inBuffer                     
20000000  g_pfnRAMVectors                
00000000  g_pfnVectors                   
200005b4  g_ulSampCnt                    
00002047  getAltitudePercentSetPoint     
000020a3  getSW1Position                 
000020cd  getSW1mode                     
00002cdd  getSW1modeString               
0000204d  getYawDegreesSetPoint          
20000a40  heliMode                       
00003791  initADC                        
0000221d  initButtons                    
000034d9  initCircBuf                    
000024c5  initClock                      
000024ef  initDisplay                    
000020ef  initGPIOAPinChangeInterrupts   
00001fb1  initSetPoints                  
000028cf  initYaw                        
00002c85  initialiseUSB_UART             
000025eb  initializeHelicopterOperations 
00002ed3  initializePWM                  
00002173  initializeRef                  
20000a2c  interupt_value                 
00003415  main                           
00002aa5  mainProportional               
20000a20  main_control                   
200005b8  main_duty                      
20000a38  main_func_sp                   
000018c1  malloc                         
00001af5  memalign                       
00003591  memcpy                         
000036af  memset                         
00001841  minit                          
200005bc  modOledCur                     
200005c0  pbOledCur                      
200005c4  pbOledFontCur                  
200005c8  pbOledFontUser                 
200005cc  pbOledPatCur                   
200005d0  pfnDoRop                       
00003537  readCircBuf                    
000019eb  realloc                        
000025df  resetHelicopterOperations      
000020d3  resetPeriphButtons             
00002f69  resetPeripheralPWM             
00001fcd  resetSoft                      
00004748  rgbFillPat                     
2000026c  rgbOledBmp                     
000041b4  rgbOledFont0                   
2000046c  rgbOledFontUser                
00002f85  setOutputOnline                
00002e41  setPWM                         
00002e35  setPWMClocks                   
2000059c  setPoints                      
000020b9  setSW1mode                     
200005f7  slowTick                       
000021d7  startLanding                   
200005f8  state                          
20000a41  switchFlipIndex                
00002b3b  tailProportional               
200005d4  tail_duty                      
00000751  ulocaltime                     
0000094f  umktime                        
0000230f  updateButtons                  
000025cb  updateDisplay                  
00000ec9  urand                          
00000721  usnprintf                      
000006ef  usprintf                       
00000eb9  usrand                         
00000e31  ustrcasecmp                    
00000ea5  ustrcmp                        
00000d35  ustrlen                        
00000d8d  ustrncasecmp                   
00000e45  ustrncmp                       
0000026d  ustrncpy                       
00000d57  ustrstr                        
00000afd  ustrtof                        
000009c5  ustrtoul                       
000002c5  uvsnprintf                     
00003503  writeCircBuf                   
200005d8  xchOledCur                     
200005dc  xchOledMax                     
200005e0  xcoOledCur                     
200005e4  yaw                            
00001f8d  yawDegreeConvert               
000028a1  yaw_ref                        
200005e8  ychOledCur                     
200005ec  ychOledMax                     
200005f0  ycoOledCur                     
20000a30  yi                             


GLOBAL SYMBOLS: SORTED BY Symbol Address 

address   name                           
-------   ----                           
00000000  __TI_static_base__             
00000000  g_pfnVectors                   
00000200  __STACK_SIZE                   
00000200  __SYSMEM_SIZE                  
0000026d  ustrncpy                       
000002c5  uvsnprintf                     
000006ef  usprintf                       
00000721  usnprintf                      
00000751  ulocaltime                     
0000094f  umktime                        
000009c5  ustrtoul                       
00000afd  ustrtof                        
00000d35  ustrlen                        
00000d57  ustrstr                        
00000d8d  ustrncasecmp                   
00000e31  ustrcasecmp                    
00000e45  ustrncmp                       
00000ea5  ustrcmp                        
00000eb9  usrand                         
00000ec9  urand                          
00000ef1  OrbitOledMoveTo                
00000f37  OrbitOledGetPos                
00000f53  OrbitOledSetDrawColor          
00000f6b  OrbitOledGetStdPattern         
00000f7d  OrbitOledSetFillPattern        
00000f8d  OrbitOledSetDrawMode           
00000fe1  OrbitOledGetDrawMode           
00000fe7  OrbitOledDrawPixel             
00001013  OrbitOledGetPixel              
0000102d  OrbitOledLineTo                
0000112d  OrbitOledDrawRect              
000011b1  OrbitOledFillRect              
000012f5  OrbitOledGetBmp                
00001455  OrbitOledPutBmp                
00001623  OrbitOledDrawChar              
00001683  OrbitOledDrawString            
000016a1  OrbitOledRopSet                
000016cb  OrbitOledRopOr                 
000016ef  OrbitOledRopAnd                
00001713  OrbitOledRopXor                
00001741  OrbitOledMoveUp                
00001779  OrbitOledMoveDown              
000017af  OrbitOledMoveLeft              
000017c7  OrbitOledMoveRight             
000017e1  OrbitOledClampXco              
00001801  OrbitOledClampYco              
00001841  minit                          
000018c1  malloc                         
0000192b  free                           
000019eb  realloc                        
00001af5  memalign                       
00001be1  calloc                         
00001c11  OrbitOledInit                  
00001c25  OrbitOledHostInit              
00001cef  OrbitOledDvrInit               
00001d69  OrbitOledDevInit               
00001ded  OrbitOledClear                 
00001df9  OrbitOledClearBuffer           
00001e29  OrbitOledUpdate                
00001e83  OrbitOledPutBuffer             
00001ee9  Ssi3PutByte                    
00001f8d  yawDegreeConvert               
00001fb1  initSetPoints                  
00001fcd  resetSoft                      
00001fdf  checkAndIncrementAltitude      
00001ffd  checkAndDecrementAltitude      
0000201b  checkAndIncrementYaw           
00002031  checkAndDecrementYaw           
00002047  getAltitudePercentSetPoint     
0000204d  getYawDegreesSetPoint          
00002055  buttonControllerInit           
0000206d  buttonControllerLoop           
00002081  SW1setup                       
000020a3  getSW1Position                 
000020b9  setSW1mode                     
000020cd  getSW1mode                     
000020d3  resetPeriphButtons             
000020ef  initGPIOAPinChangeInterrupts   
0000212d  SW1IntHandler                  
00002173  initializeRef                  
000021a7  checkLanded                    
000021d7  startLanding                   
0000221d  initButtons                    
0000230f  updateButtons                  
00002401  checkButton                    
00002489  SysTickIntHandler              
000024c5  initClock                      
000024ef  initDisplay                    
000024f7  calculateRobustMeanValue       
00002545  displayMeanVal                 
000025cb  updateDisplay                  
000025df  resetHelicopterOperations      
000025eb  initializeHelicopterOperations 
0000269d  OrbitOledSetCursor             
000026e9  OrbitOledGetCursor             
00002705  OrbitOledDefUserChar           
00002755  OrbitOledSetCharUpdate         
0000276d  OrbitOledGetCharUpdate         
00002773  OrbitOledPutChar               
00002791  OrbitOledPutString             
000027bd  OrbitOledDrawGlyph             
00002835  OrbitOledAdvanceCursor         
000028a1  yaw_ref                        
000028cf  initYaw                        
00002937  YawIntHandler                  
00002aa5  mainProportional               
00002b3b  tailProportional               
00002c5d  PIDController                  
00002c85  initialiseUSB_UART             
00002cbd  UARTSend                       
00002cdd  getSW1modeString               
00002d09  UART                           
00002e35  setPWMClocks                   
00002e41  setPWM                         
00002ed3  initializePWM                  
00002f69  resetPeripheralPWM             
00002f85  setOutputOnline                
00002fe1  GPIOPadConfigSet               
00003113  __aeabi_idiv0                  
00003115  SysCtlClockGet                 
00003225  __aeabi_dmul                   
00003321  SysCtlClockSet                 
00003415  main                           
000034d9  initCircBuf                    
00003503  writeCircBuf                   
00003537  readCircBuf                    
0000356b  freeCircBuf                    
00003591  __aeabi_memcpy                 
00003591  __aeabi_memcpy4                
00003591  __aeabi_memcpy8                
00003591  memcpy                         
0000362d  ADCSequenceStepConfigure       
000036a7  __aeabi_memclr                 
000036a7  __aeabi_memclr4                
000036a7  __aeabi_memclr8                
000036a9  __aeabi_memset                 
000036a9  __aeabi_memset4                
000036a9  __aeabi_memset8                
000036af  memset                         
00003721  __TI_auto_init                 
00003791  initADC                        
000037cd  ADCIntHandler                  
000037fd  IntEnable                      
00003865  __TI_decompress_lzss           
000038cd  TimerConfigure                 
0000392d  DelayInit                      
00003947  DelayMs                        
00003989  GPIOIntTypeSet                 
000039e1  _c_int00                       
00003a35  C$$EXIT                        
00003a39  abort                          
00003a41  exit                           
00003a89  ADCSequenceConfigure           
00003ad9  SysCtlPeripheralReset          
00003b79  GPIOPinConfigure               
00003bc5  copy_in                        
00003c11  __aeabi_d2iz                   
00003c59  UARTConfigSetExpClk            
00003c9f  __mpu_init                     
00003ca1  OLEDStringDraw                 
00003cc7  OLEDInitialise                 
00003d29  __aeabi_uidiv                  
00003d29  __aeabi_uidivmod               
00003d69  SSIConfigSetExpClk             
00003da5  SysCtlPeripheralReady          
00003ddd  __aeabi_f2d                    
00003e15  IntRegister                    
00003e49  SysCtlPeripheralEnable         
00003e7d  GPIODirModeSet                 
00003ea9  PWMGenConfigure                
00003ecb  _system_post_cinit             
00003ecd  UARTDisable                    
00003eed  ADCSequenceDataGet             
00003f0b  PWMPulseWidthSet               
00003f29  SysTickIntRegister             
00003f45  ADCIntRegister                 
00003f5d  ADCProcessorTrigger            
00003f75  GPIOIntRegister                
00003f8d  GPIOPinTypeGPIOOutput          
00003fa5  _args_main                     
00003fbd  GPIOPinTypeGPIOInput           
00003fd3  GPIOPinTypePWM                 
00003fe9  GPIOPinTypeSSI                 
00003fff  GPIOPinTypeUART                
00004015  SysCtlPWMClockSet              
00004029  SysTickEnable                  
0000403d  SysTickIntEnable               
00004051  UARTEnable                     
00004065  _register_unlock               
0000406b  _register_lock                 
00004073  _nop                           
00004079  PWMOutputState                 
0000408b  ADCIntEnable                   
0000409b  IntMasterEnable                
000040ab  PWMGenPeriodSet                
000040bd  SysCtlReset                    
000040cd  SysTickPeriodSet               
000040dd  ADCSequenceEnable              
000040eb  TimerEnable                    
000040f9  __TI_decompress_none           
00004107  CPUcpsie                       
00004113  GPIOIntEnable                  
0000411f  PWMGenEnable                   
0000412b  SSIDataGet                     
00004137  __TI_zero_init                 
00004143  ResetISR                       
0000414f  ADCIntClear                    
00004159  SSIDataPut                     
00004163  SSIEnable                      
0000416d  TimerValueGet                  
00004177  UARTCharPut                    
00004181  UARTFIFOEnable                 
0000418b  SSIBusy                        
00004193  GPIOIntClear                   
00004199  GPIOPinRead                    
0000419f  GPIOPinWrite                   
000041a5  SSIClockSourceSet              
000041ab  SysCtlDelay                    
000041b1  _system_pre_init               
000041b4  rgbOledFont0                   
00004748  rgbFillPat                     
00004824  __TI_Handler_Table_Base        
00004830  __TI_Handler_Table_Limit       
00004840  __TI_CINIT_Base                
00004858  __TI_CINIT_Limit               
20000000  g_pfnRAMVectors                
2000026c  rgbOledBmp                     
2000046c  rgbOledFontUser                
2000056c  g_inBuffer                     
2000059c  setPoints                      
200005a4  bnOledCur                      
200005a8  dxcoOledFontCur                
200005ac  dycoOledFontCur                
200005b0  fOledCharUpdate                
200005b4  g_ulSampCnt                    
200005b8  main_duty                      
200005bc  modOledCur                     
200005c0  pbOledCur                      
200005c4  pbOledFontCur                  
200005c8  pbOledFontUser                 
200005cc  pbOledPatCur                   
200005d0  pfnDoRop                       
200005d4  tail_duty                      
200005d8  xchOledCur                     
200005dc  xchOledMax                     
200005e0  xcoOledCur                     
200005e4  yaw                            
200005e8  ychOledCur                     
200005ec  ychOledMax                     
200005f0  ycoOledCur                     
200005f4  altitude                       
200005f6  clrOledCur                     
200005f7  slowTick                       
200005f8  state                          
200005fc  __stack                        
200007fc  __STACK_END                    
200007fc  __STACK_TOP                    
20000800  _sys_memory                    
20000a00  __TI_cleanup_ptr               
20000a04  __TI_dtors_ptr                 
20000a08  __TI_enable_exit_profile_output
20000a18  error_integrated_main          
20000a1c  error_integrated_tail          
20000a20  main_control                   
20000a24  _lock                          
20000a28  _unlock                        
20000a2c  interupt_value                 
20000a30  yi                             
20000a38  main_func_sp                   
20000a40  heliMode                       
20000a41  switchFlipIndex                
ffffffff  __TI_pprof_out_hndl            
ffffffff  __TI_prof_data_size            
ffffffff  __TI_prof_data_start           
ffffffff  __binit__                      
ffffffff  __c_args__                     
ffffffff  binit                          
UNDEFED   SHT$$INIT_ARRAY$$Base          
UNDEFED   SHT$$INIT_ARRAY$$Limit         

[279 symbols]
