******************************************************************************
                  TI ARM Linker PC v16.9.6                     
******************************************************************************
>> Linked Tue May 29 15:40:45 2018

OUTPUT FILE NAME:   <Milestone.out>
ENTRY POINT SYMBOL: "_c_int00"  address: 000039d1


MEMORY CONFIGURATION

         name            origin    length      used     unused   attr    fill
----------------------  --------  ---------  --------  --------  ----  --------
  FLASH                 00000000   00040000  00004844  0003b7bc  R  X
  SRAM                  20000000   00008000  00000a3e  000075c2  RW X


SEGMENT ALLOCATION MAP

run origin  load origin   length   init length attrs members
----------  ----------- ---------- ----------- ----- -------
00000000    00000000    00004848   00004848    r-x
  00000000    00000000    0000026c   0000026c    r-- .intvecs
  0000026c    0000026c    00003f38   00003f38    r-x .text
  000041a4    000041a4    00000648   00000648    r-- .const
  000047f0    000047f0    00000058   00000058    r-- .cinit
20000000    20000000    00000a45   00000000    rw-
  20000000    20000000    0000026c   00000000    rw- .vtable
  2000026c    2000026c    0000038d   00000000    rw- .bss
  200005fc    200005fc    00000200   00000000    rw- .stack
  20000800    20000800    00000200   00000000    rw- .sysmem
  20000a00    20000a00    00000045   00000000    rw- .data


SECTION ALLOCATION MAP

 output                                  attributes/
section   page    origin      length       input sections
--------  ----  ----------  ----------   ----------------
.intvecs   0    00000000    0000026c     
                  00000000    0000026c     tm4c123gh6pm_startup_ccs.obj (.intvecs)

.text      0    0000026c    00003f38     
                  0000026c    00000c84     ustdlib.obj (.text)
                  00000ef0    00000950     OrbitOledGrph.obj (.text)
                  00001840    000003d0     rtsv7M4_T_le_v4SPD16_eabi.lib : memory.obj (.text)
                  00001c10    0000037c     OrbitOled.obj (.text)
                  00001f8c    000002d4     ButtonControl.obj (.text)
                  00002260    0000026c     heliYAW.obj (.text)
                  000024cc    00000220     buttons4.obj (.text)
                  000026ec    00000214     Helicopter.obj (.text)
                  00002900    00000204     OrbitOledChar.obj (.text)
                  00002b04    000001bc     heliPWM.obj (.text)
                  00002cc0    000001bc     heliUART.obj (.text)
                  00002e7c    00000132     driverlib.lib : gpio.obj (.text:GPIOPadConfigSet)
                  00002fae    00000002     rtsv7M4_T_le_v4SPD16_eabi.lib : i_div0.obj (.text)
                  00002fb0    00000120     heliPID.obj (.text)
                  000030d0    00000110     driverlib.lib : sysctl.obj (.text:SysCtlClockGet)
                  000031e0    000000fc     rtsv7M4_T_le_v4SPD16_eabi.lib : fd_mul_t2.obj (.text)
                  000032dc    000000f8     main.obj (.text)
                  000033d4    000000f4     driverlib.lib : sysctl.obj (.text:SysCtlClockSet)
                  000034c8    000000b8     circBufT.obj (.text)
                  00003580    0000009c     rtsv7M4_T_le_v4SPD16_eabi.lib : memcpy_t2.obj (.text)
                  0000361c    0000007a     driverlib.lib : adc.obj (.text:ADCSequenceStepConfigure)
                  00003696    0000007a     rtsv7M4_T_le_v4SPD16_eabi.lib : memset_t2.obj (.text)
                  00003710    00000070                                   : autoinit.obj (.text)
                  00003780    0000006c     heliADC.obj (.text)
                  000037ec    00000068     driverlib.lib : interrupt.obj (.text:IntEnable)
                  00003854    00000068     rtsv7M4_T_le_v4SPD16_eabi.lib : copy_decompress_lzss.obj (.text:decompress:lzss)
                  000038bc    00000060     driverlib.lib : timer.obj (.text:TimerConfigure)
                  0000391c    0000005c     delay.obj (.text)
                  00003978    00000058     driverlib.lib : gpio.obj (.text:GPIOIntTypeSet)
                  000039d0    00000054     rtsv7M4_T_le_v4SPD16_eabi.lib : boot.obj (.text)
                  00003a24    00000054                                   : exit.obj (.text)
                  00003a78    00000050     driverlib.lib : adc.obj (.text:ADCSequenceConfigure)
                  00003ac8    00000050                   : sysctl.obj (.text:SysCtlPeripheralReset)
                  00003b18    00000050                   : adc.obj (.text:_ADCIntNumberGet)
                  00003b68    0000004c                   : gpio.obj (.text:GPIOPinConfigure)
                  00003bb4    0000004c     rtsv7M4_T_le_v4SPD16_eabi.lib : cpy_tbl.obj (.text)
                  00003c00    00000048                                   : fd_toi_t2.obj (.text)
                  00003c48    00000046     driverlib.lib : uart.obj (.text:UARTConfigSetExpClk)
                  00003c8e    00000002     rtsv7M4_T_le_v4SPD16_eabi.lib : mpu_init.obj (.text)
                  00003c90    00000044     OrbitOLEDInterface.obj (.text)
                  00003cd4    00000044     driverlib.lib : gpio.obj (.text:_GPIOIntNumberGet)
                  00003d18    00000040     rtsv7M4_T_le_v4SPD16_eabi.lib : u_divt2.obj (.text)
                  00003d58    0000003c     driverlib.lib : ssi.obj (.text:SSIConfigSetExpClk)
                  00003d94    00000038                   : sysctl.obj (.text:SysCtlPeripheralReady)
                  00003dcc    00000038     rtsv7M4_T_le_v4SPD16_eabi.lib : fs_tod_t2.obj (.text)
                  00003e04    00000034     driverlib.lib : interrupt.obj (.text:IntRegister)
                  00003e38    00000034                   : sysctl.obj (.text:SysCtlPeripheralEnable)
                  00003e6c    0000002c                   : gpio.obj (.text:GPIODirModeSet)
                  00003e98    00000022                   : pwm.obj (.text:PWMGenConfigure)
                  00003eba    00000002     rtsv7M4_T_le_v4SPD16_eabi.lib : startup.obj (.text)
                  00003ebc    00000020     driverlib.lib : uart.obj (.text:UARTDisable)
                  00003edc    0000001e                   : adc.obj (.text:ADCSequenceDataGet)
                  00003efa    0000001e                   : pwm.obj (.text:PWMPulseWidthSet)
                  00003f18    0000001c                   : systick.obj (.text:SysTickIntRegister)
                  00003f34    00000018                   : adc.obj (.text:ADCIntRegister)
                  00003f4c    00000018                   : adc.obj (.text:ADCProcessorTrigger)
                  00003f64    00000018                   : gpio.obj (.text:GPIOIntRegister)
                  00003f7c    00000018                   : gpio.obj (.text:GPIOPinTypeGPIOOutput)
                  00003f94    00000018     rtsv7M4_T_le_v4SPD16_eabi.lib : args_main.obj (.text)
                  00003fac    00000016     driverlib.lib : gpio.obj (.text:GPIOPinTypeGPIOInput)
                  00003fc2    00000016                   : gpio.obj (.text:GPIOPinTypePWM)
                  00003fd8    00000016                   : gpio.obj (.text:GPIOPinTypeSSI)
                  00003fee    00000016                   : gpio.obj (.text:GPIOPinTypeUART)
                  00004004    00000014                   : sysctl.obj (.text:SysCtlPWMClockSet)
                  00004018    00000014                   : systick.obj (.text:SysTickEnable)
                  0000402c    00000014                   : systick.obj (.text:SysTickIntEnable)
                  00004040    00000014                   : uart.obj (.text:UARTEnable)
                  00004054    00000014     rtsv7M4_T_le_v4SPD16_eabi.lib : _lock.obj (.text)
                  00004068    00000012     driverlib.lib : pwm.obj (.text:PWMOutputState)
                  0000407a    00000010                   : adc.obj (.text:ADCIntEnable)
                  0000408a    00000010                   : interrupt.obj (.text:IntMasterEnable)
                  0000409a    00000010                   : pwm.obj (.text:PWMGenPeriodSet)
                  000040aa    00000002     --HOLE-- [fill = 0]
                  000040ac    00000010                   : sysctl.obj (.text:SysCtlReset)
                  000040bc    00000010                   : systick.obj (.text:SysTickPeriodSet)
                  000040cc    0000000e                   : adc.obj (.text:ADCSequenceEnable)
                  000040da    0000000e                   : timer.obj (.text:TimerEnable)
                  000040e8    0000000e     rtsv7M4_T_le_v4SPD16_eabi.lib : copy_decompress_none.obj (.text:decompress:none)
                  000040f6    0000000c     driverlib.lib : cpu.obj (.text:CPUcpsie)
                  00004102    0000000c                   : gpio.obj (.text:GPIOIntEnable)
                  0000410e    0000000c                   : pwm.obj (.text:PWMGenEnable)
                  0000411a    0000000c                   : ssi.obj (.text:SSIDataGet)
                  00004126    0000000c     rtsv7M4_T_le_v4SPD16_eabi.lib : copy_zero_init.obj (.text:decompress:ZI)
                  00004132    0000000c     tm4c123gh6pm_startup_ccs.obj (.text)
                  0000413e    0000000a     driverlib.lib : adc.obj (.text:ADCIntClear)
                  00004148    0000000a                   : ssi.obj (.text:SSIDataPut)
                  00004152    0000000a                   : ssi.obj (.text:SSIEnable)
                  0000415c    0000000a                   : timer.obj (.text:TimerValueGet)
                  00004166    0000000a                   : uart.obj (.text:UARTCharPut)
                  00004170    0000000a                   : uart.obj (.text:UARTFIFOEnable)
                  0000417a    00000008                   : ssi.obj (.text:SSIBusy)
                  00004182    00000006                   : gpio.obj (.text:GPIOIntClear)
                  00004188    00000006                   : gpio.obj (.text:GPIOPinRead)
                  0000418e    00000006                   : gpio.obj (.text:GPIOPinWrite)
                  00004194    00000006                   : ssi.obj (.text:SSIClockSourceSet)
                  0000419a    00000006                   : sysctl.obj (.text:SysCtlDelay)
                  000041a0    00000004     rtsv7M4_T_le_v4SPD16_eabi.lib : pre_init.obj (.text)

.const     0    000041a4    00000648     
                  000041a4    00000300     ChrFont0.obj (.const:.string:rgbOledFont0)
                  000044a4    000000d8     driverlib.lib : gpio.obj (.const:g_ppui32GPIOIntMapSnowflake)
                  0000457c    000000c0                   : gpio.obj (.const:g_ppui32GPIOIntMapBlizzard)
                  0000463c    00000090                   : gpio.obj (.const:g_pui32GPIOBaseAddrs)
                  000046cc    0000006c                   : sysctl.obj (.const:g_pui32Xtals)
                  00004738    00000040     FillPat.obj (.const:.string:rgbFillPat)
                  00004778    00000030     ustdlib.obj (.const:g_psDaysToMonth)
                  000047a8    00000018     ustdlib.obj (.const:g_pfExponents)
                  000047c0    00000014     driverlib.lib : interrupt.obj (.const:g_pui32EnRegs)
                  000047d4    00000012     ustdlib.obj (.const:.string)
                  000047e6    00000002     --HOLE-- [fill = 0]
                  000047e8    00000004     ustdlib.obj (.const)

.cinit     0    000047f0    00000058     
                  000047f0    00000022     (.cinit..data.load) [load image, compression = lzss]
                  00004812    00000002     --HOLE-- [fill = 0]
                  00004814    0000000c     (__TI_handler_table)
                  00004820    00000008     (.cinit..bss.load) [load image, compression = zero_init]
                  00004828    00000008     (.cinit..vtable.load) [load image, compression = zero_init]
                  00004830    00000018     (__TI_cinit_table)

.init_array 
*          0    00000000    00000000     UNINITIALIZED

.vtable    0    20000000    0000026c     UNINITIALIZED
                  20000000    0000026c     driverlib.lib : interrupt.obj (.vtable)

.bss       0    2000026c    0000038d     UNINITIALIZED
                  2000026c    00000200     (.common:rgbOledBmp)
                  2000046c    00000100     (.common:rgbOledFontUser)
                  2000056c    00000010     (.common:g_inBuffer)
                  2000057c    00000008     buttons4.obj (.bss:but_count)
                  20000584    00000008     buttons4.obj (.bss:but_flag)
                  2000058c    00000008     buttons4.obj (.bss:but_normal)
                  20000594    00000008     buttons4.obj (.bss:but_state)
                  2000059c    00000008     (.common:setPoints)
                  200005a4    00000004     (.common:bnOledCur)
                  200005a8    00000004     (.common:dxcoOledFontCur)
                  200005ac    00000004     (.common:dycoOledFontCur)
                  200005b0    00000004     (.common:fOledCharUpdate)
                  200005b4    00000004     (.common:g_ulSampCnt)
                  200005b8    00000004     (.common:main_duty)
                  200005bc    00000004     (.common:modOledCur)
                  200005c0    00000004     (.common:pbOledCur)
                  200005c4    00000004     (.common:pbOledFontCur)
                  200005c8    00000004     (.common:pbOledFontUser)
                  200005cc    00000004     (.common:pbOledPatCur)
                  200005d0    00000004     (.common:pfnDoRop)
                  200005d4    00000004     (.common:tail_duty)
                  200005d8    00000004     (.common:xchOledCur)
                  200005dc    00000004     (.common:xchOledMax)
                  200005e0    00000004     (.common:xcoOledCur)
                  200005e4    00000004     (.common:yaw)
                  200005e8    00000004     (.common:ychOledCur)
                  200005ec    00000004     (.common:ychOledMax)
                  200005f0    00000004     (.common:ycoOledCur)
                  200005f4    00000002     (.common:altitude)
                  200005f6    00000001     (.common:clrOledCur)
                  200005f7    00000001     (.common:slowTick)
                  200005f8    00000001     (.common:state)

.stack     0    200005fc    00000200     UNINITIALIZED
                  200005fc    00000200     --HOLE--

.sysmem    0    20000800    00000200     UNINITIALIZED
                  20000800    00000008     rtsv7M4_T_le_v4SPD16_eabi.lib : memory.obj (.sysmem)
                  20000808    000001f8     --HOLE--

.data      0    20000a00    00000045     UNINITIALIZED
                  20000a00    0000000d     heliYAW.obj (.data)
                  20000a0d    00000003     ButtonControl.obj (.data)
                  20000a10    0000000c     rtsv7M4_T_le_v4SPD16_eabi.lib : exit.obj (.data:$O1$$)
                  20000a1c    0000000c                                   : memory.obj (.data:$O1$$)
                  20000a28    00000008                                   : _lock.obj (.data:$O1$$)
                  20000a30    00000008     heliPID.obj (.data)
                  20000a38    00000004     main.obj (.data)
                  20000a3c    00000004     rtsv7M4_T_le_v4SPD16_eabi.lib : stkdepth_vars.obj (.data)
                  20000a40    00000004     ustdlib.obj (.data)
                  20000a44    00000001     Helicopter.obj (.data)

MODULE SUMMARY

       Module                         code    ro data   rw data
       ------                         ----    -------   -------
    .\
       ustdlib.obj                    3204    94        4      
       ButtonControl.obj              724     0         20     
       heliYAW.obj                    620     0         13     
       tm4c123gh6pm_startup_ccs.obj   12      620       0      
       buttons4.obj                   544     0         32     
       Helicopter.obj                 532     0         28     
       heliPWM.obj                    444     0         0      
       heliUART.obj                   444     0         0      
       heliPID.obj                    288     0         8      
       main.obj                       248     0         4      
       circBufT.obj                   184     0         0      
       heliADC.obj                    108     0         0      
    +--+------------------------------+-------+---------+---------+
       Total:                         7352    714       109    
                                                               
    .\OrbitOLED\
       OrbitOLEDInterface.obj         68      0         0      
    +--+------------------------------+-------+---------+---------+
       Total:                         68      0         0      
                                                               
    .\OrbitOLED\lib_OrbitOled\
       OrbitOledGrph.obj              2384    0         8      
       OrbitOled.obj                  892     0         553    
       OrbitOledChar.obj              516     0         272    
       ChrFont0.obj                   0       768       0      
       delay.obj                      92      0         0      
       FillPat.obj                    0       64        0      
    +--+------------------------------+-------+---------+---------+
       Total:                         3884    832       833    
                                                               
    C:/ti/TivaWare_C_Series-2.1.4.178/driverlib/ccs/Debug/driverlib.lib
       gpio.obj                       748     552       0      
       sysctl.obj                     746     108       0      
       interrupt.obj                  172     20        620    
       adc.obj                        400     0         0      
       uart.obj                       142     0         0      
       timer.obj                      120     0         0      
       pwm.obj                        110     0         0      
       ssi.obj                        106     0         0      
       systick.obj                    84      0         0      
       cpu.obj                        12      0         0      
    +--+------------------------------+-------+---------+---------+
       Total:                         2640    680       620    
                                                               
    C:\ti\ccsv7\tools\compiler\ti-cgt-arm_16.9.6.LTS\lib\rtsv7M4_T_le_v4SPD16_eabi.lib
       memory.obj                     976     0         12     
       fd_mul_t2.obj                  252     0         0      
       memcpy_t2.obj                  156     0         0      
       memset_t2.obj                  122     0         0      
       autoinit.obj                   112     0         0      
       copy_decompress_lzss.obj       104     0         0      
       exit.obj                       84      0         12     
       boot.obj                       84      0         0      
       cpy_tbl.obj                    76      0         0      
       fd_toi_t2.obj                  72      0         0      
       u_divt2.obj                    64      0         0      
       fs_tod_t2.obj                  56      0         0      
       _lock.obj                      20      0         8      
       args_main.obj                  24      0         0      
       copy_decompress_none.obj       14      0         0      
       copy_zero_init.obj             12      0         0      
       pre_init.obj                   4       0         0      
       stkdepth_vars.obj              0       0         4      
       i_div0.obj                     2       0         0      
       mpu_init.obj                   2       0         0      
       startup.obj                    2       0         0      
    +--+------------------------------+-------+---------+---------+
       Total:                         2238    0         36     
                                                               
       Heap:                          0       0         512    
       Stack:                         0       0         512    
       Linker Generated:              0       86        0      
    +--+------------------------------+-------+---------+---------+
       Grand Total:                   16182   2312      2622   


LINKER GENERATED COPY TABLES

__TI_cinit_table @ 00004830 records: 3, size/record: 8, table size: 24
	.data: load addr=000047f0, load size=00000022 bytes, run addr=20000a00, run size=00000045 bytes, compression=lzss
	.bss: load addr=00004820, load size=00000008 bytes, run addr=2000026c, run size=0000038d bytes, compression=zero_init
	.vtable: load addr=00004828, load size=00000008 bytes, run addr=20000000, run size=0000026c bytes, compression=zero_init


LINKER GENERATED HANDLER TABLE

__TI_handler_table @ 00004814 records: 3, size/record: 4, table size: 12
	index: 0, handler: __TI_zero_init
	index: 1, handler: __TI_decompress_lzss
	index: 2, handler: __TI_decompress_none


GLOBAL SYMBOLS: SORTED ALPHABETICALLY BY Name 

address   name                           
-------   ----                           
0000413f  ADCIntClear                    
0000407b  ADCIntEnable                   
000037bd  ADCIntHandler                  
00003f35  ADCIntRegister                 
00003f4d  ADCProcessorTrigger            
00003a79  ADCSequenceConfigure           
00003edd  ADCSequenceDataGet             
000040cd  ADCSequenceEnable              
0000361d  ADCSequenceStepConfigure       
00003a25  C$$EXIT                        
000040f7  CPUcpsie                       
0000391d  DelayInit                      
00003937  DelayMs                        
00003e6d  GPIODirModeSet                 
00004183  GPIOIntClear                   
00004103  GPIOIntEnable                  
00003f65  GPIOIntRegister                
00003979  GPIOIntTypeSet                 
00002e7d  GPIOPadConfigSet               
00003b69  GPIOPinConfigure               
00004189  GPIOPinRead                    
00003fad  GPIOPinTypeGPIOInput           
00003f7d  GPIOPinTypeGPIOOutput          
00003fc3  GPIOPinTypePWM                 
00003fd9  GPIOPinTypeSSI                 
00003fef  GPIOPinTypeUART                
0000418f  GPIOPinWrite                   
000037ed  IntEnable                      
0000408b  IntMasterEnable                
00003e05  IntRegister                    
00003cb7  OLEDInitialise                 
00003c91  OLEDStringDraw                 
00002a99  OrbitOledAdvanceCursor         
000017e1  OrbitOledClampXco              
00001801  OrbitOledClampYco              
00001ded  OrbitOledClear                 
00001df9  OrbitOledClearBuffer           
00002969  OrbitOledDefUserChar           
00001d69  OrbitOledDevInit               
00001623  OrbitOledDrawChar              
00002a21  OrbitOledDrawGlyph             
00000fe7  OrbitOledDrawPixel             
0000112d  OrbitOledDrawRect              
00001683  OrbitOledDrawString            
00001cef  OrbitOledDvrInit               
000011b1  OrbitOledFillRect              
000012f5  OrbitOledGetBmp                
000029d1  OrbitOledGetCharUpdate         
0000294d  OrbitOledGetCursor             
00000fe1  OrbitOledGetDrawMode           
00001013  OrbitOledGetPixel              
00000f37  OrbitOledGetPos                
00000f6b  OrbitOledGetStdPattern         
00001c25  OrbitOledHostInit              
00001c11  OrbitOledInit                  
0000102d  OrbitOledLineTo                
00001779  OrbitOledMoveDown              
000017af  OrbitOledMoveLeft              
000017c7  OrbitOledMoveRight             
00000ef1  OrbitOledMoveTo                
00001741  OrbitOledMoveUp                
00001455  OrbitOledPutBmp                
00001e83  OrbitOledPutBuffer             
000029d7  OrbitOledPutChar               
000029f5  OrbitOledPutString             
000016ef  OrbitOledRopAnd                
000016cb  OrbitOledRopOr                 
000016a1  OrbitOledRopSet                
00001713  OrbitOledRopXor                
000029b9  OrbitOledSetCharUpdate         
00002901  OrbitOledSetCursor             
00000f53  OrbitOledSetDrawColor          
00000f8d  OrbitOledSetDrawMode           
00000f7d  OrbitOledSetFillPattern        
00001e29  OrbitOledUpdate                
00002fb1  PIDController                  
00003e99  PWMGenConfigure                
0000410f  PWMGenEnable                   
0000409b  PWMGenPeriodSet                
00004069  PWMOutputState                 
00003efb  PWMPulseWidthSet               
00004133  ResetISR                       
UNDEFED   SHT$$INIT_ARRAY$$Base          
UNDEFED   SHT$$INIT_ARRAY$$Limit         
0000417b  SSIBusy                        
00004195  SSIClockSourceSet              
00003d59  SSIConfigSetExpClk             
0000411b  SSIDataGet                     
00004149  SSIDataPut                     
00004153  SSIEnable                      
00002159  SW1IntHandler                  
000020ad  SW1setup                       
00001ee9  Ssi3PutByte                    
000030d1  SysCtlClockGet                 
000033d5  SysCtlClockSet                 
0000419b  SysCtlDelay                    
00004005  SysCtlPWMClockSet              
00003e39  SysCtlPeripheralEnable         
00003d95  SysCtlPeripheralReady          
00003ac9  SysCtlPeripheralReset          
000040ad  SysCtlReset                    
00004019  SysTickEnable                  
0000402d  SysTickIntEnable               
000026ed  SysTickIntHandler              
00003f19  SysTickIntRegister             
000040bd  SysTickPeriodSet               
000038bd  TimerConfigure                 
000040db  TimerEnable                    
0000415d  TimerValueGet                  
00002d45  UART                           
00004167  UARTCharPut                    
00003c49  UARTConfigSetExpClk            
00003ebd  UARTDisable                    
00004041  UARTEnable                     
00004171  UARTFIFOEnable                 
00002cf9  UARTSend                       
00002359  YawIntHandler                  
200007fc  __STACK_END                    
00000200  __STACK_SIZE                   
200007fc  __STACK_TOP                    
00000200  __SYSMEM_SIZE                  
00004830  __TI_CINIT_Base                
00004848  __TI_CINIT_Limit               
00004814  __TI_Handler_Table_Base        
00004820  __TI_Handler_Table_Limit       
00003711  __TI_auto_init                 
20000a10  __TI_cleanup_ptr               
00003855  __TI_decompress_lzss           
000040e9  __TI_decompress_none           
20000a14  __TI_dtors_ptr                 
20000a18  __TI_enable_exit_profile_output
ffffffff  __TI_pprof_out_hndl            
ffffffff  __TI_prof_data_size            
ffffffff  __TI_prof_data_start           
00000000  __TI_static_base__             
00004127  __TI_zero_init                 
00003c01  __aeabi_d2iz                   
000031e1  __aeabi_dmul                   
00003dcd  __aeabi_f2d                    
00002faf  __aeabi_idiv0                  
00003697  __aeabi_memclr                 
00003697  __aeabi_memclr4                
00003697  __aeabi_memclr8                
00003581  __aeabi_memcpy                 
00003581  __aeabi_memcpy4                
00003581  __aeabi_memcpy8                
00003699  __aeabi_memset                 
00003699  __aeabi_memset4                
00003699  __aeabi_memset8                
00003d19  __aeabi_uidiv                  
00003d19  __aeabi_uidivmod               
ffffffff  __binit__                      
ffffffff  __c_args__                     
00003c8f  __mpu_init                     
200005fc  __stack                        
00003f95  _args_main                     
000039d1  _c_int00                       
20000a28  _lock                          
00004063  _nop                           
0000405b  _register_lock                 
00004055  _register_unlock               
20000800  _sys_memory                    
00003ebb  _system_post_cinit             
000041a1  _system_pre_init               
20000a2c  _unlock                        
00003a29  abort                          
200005f4  altitude                       
ffffffff  binit                          
200005a4  bnOledCur                      
00002081  buttonControllerInit           
00002099  buttonControllerLoop           
0000275b  calculateRobustMeanValue       
00001be1  calloc                         
00002029  checkAndDecrementAltitude      
0000205d  checkAndDecrementYaw           
0000200b  checkAndIncrementAltitude      
00002047  checkAndIncrementYaw           
0000266f  checkButton                    
0000219f  checkLanded                    
200005f6  clrOledCur                     
00003bb5  copy_in                        
000027a9  displayMeanVal                 
200005a8  dxcoOledFontCur                
200005ac  dycoOledFontCur                
20000a30  error_integrated_main          
20000a34  error_integrated_tail          
00003a31  exit                           
200005b0  fOledCharUpdate                
0000192b  free                           
0000355b  freeCircBuf                    
2000056c  g_inBuffer                     
20000000  g_pfnRAMVectors                
00000000  g_pfnVectors                   
200005b4  g_ulSampCnt                    
00002073  getAltitudePercentSetPoint     
000020cf  getSW1Position                 
000020f9  getSW1mode                     
00002d19  getSW1modeString               
00002079  getYawDegreesSetPoint          
20000a0d  heliMode                       
00003781  initADC                        
000024cd  initButtons                    
000034c9  initCircBuf                    
00002729  initClock                      
00002753  initDisplay                    
0000211b  initGPIOAPinChangeInterrupts   
00001fcd  initResetButton                
00001fb1  initSetPoints                  
000022ed  initYaw                        
00002323  initYawReference               
00002cc1  initialiseUSB_UART             
0000284f  initializeHelicopterOperations 
00002bb9  initializePWM                  
0000228d  initializeRef                  
20000a00  interupt_value                 
20000a0c  lock                           
000032dd  main                           
200005b8  main_duty                      
20000a3c  main_func_sp                   
000018c1  malloc                         
00001af5  memalign                       
00003581  memcpy                         
0000369f  memset                         
00001841  minit                          
200005bc  modOledCur                     
200005c0  pbOledCur                      
200005c4  pbOledFontCur                  
200005c8  pbOledFontUser                 
200005cc  pbOledPatCur                   
200005d0  pfnDoRop                       
00003527  readCircBuf                    
000019eb  realloc                        
00002843  resetHelicopterOperations      
000020ff  resetPeriphButtons             
00002c49  resetPeripheralPWM             
00001fef  resetSoft                      
00004738  rgbFillPat                     
2000026c  rgbOledBmp                     
000041a4  rgbOledFont0                   
2000046c  rgbOledFontUser                
00002c65  setOutputOnline                
00002b11  setPWM                         
00002b05  setPWMClocks                   
2000059c  setPoints                      
000020e5  setSW1mode                     
200005f7  slowTick                       
000021cf  startLanding                   
200005f8  state                          
20000a0e  switchFlipIndex                
200005d4  tail_duty                      
20000a0f  tempAlt                        
00000751  ulocaltime                     
0000094f  umktime                        
0000259b  updateButtons                  
0000282f  updateDisplay                  
00000ec9  urand                          
00000721  usnprintf                      
000006ef  usprintf                       
00000eb9  usrand                         
00000e31  ustrcasecmp                    
00000ea5  ustrcmp                        
00000d35  ustrlen                        
00000d8d  ustrncasecmp                   
00000e45  ustrncmp                       
0000026d  ustrncpy                       
00000d57  ustrstr                        
00000afd  ustrtof                        
000009c5  ustrtoul                       
000002c5  uvsnprintf                     
20000a08  val                            
000034f3  writeCircBuf                   
200005d8  xchOledCur                     
200005dc  xchOledMax                     
200005e0  xcoOledCur                     
200005e4  yaw                            
00001f8d  yawDegreeConvert               
00002261  yaw_ref                        
200005e8  ychOledCur                     
200005ec  ychOledMax                     
200005f0  ycoOledCur                     


GLOBAL SYMBOLS: SORTED BY Symbol Address 

address   name                           
-------   ----                           
00000000  __TI_static_base__             
00000000  g_pfnVectors                   
00000200  __STACK_SIZE                   
00000200  __SYSMEM_SIZE                  
0000026d  ustrncpy                       
000002c5  uvsnprintf                     
000006ef  usprintf                       
00000721  usnprintf                      
00000751  ulocaltime                     
0000094f  umktime                        
000009c5  ustrtoul                       
00000afd  ustrtof                        
00000d35  ustrlen                        
00000d57  ustrstr                        
00000d8d  ustrncasecmp                   
00000e31  ustrcasecmp                    
00000e45  ustrncmp                       
00000ea5  ustrcmp                        
00000eb9  usrand                         
00000ec9  urand                          
00000ef1  OrbitOledMoveTo                
00000f37  OrbitOledGetPos                
00000f53  OrbitOledSetDrawColor          
00000f6b  OrbitOledGetStdPattern         
00000f7d  OrbitOledSetFillPattern        
00000f8d  OrbitOledSetDrawMode           
00000fe1  OrbitOledGetDrawMode           
00000fe7  OrbitOledDrawPixel             
00001013  OrbitOledGetPixel              
0000102d  OrbitOledLineTo                
0000112d  OrbitOledDrawRect              
000011b1  OrbitOledFillRect              
000012f5  OrbitOledGetBmp                
00001455  OrbitOledPutBmp                
00001623  OrbitOledDrawChar              
00001683  OrbitOledDrawString            
000016a1  OrbitOledRopSet                
000016cb  OrbitOledRopOr                 
000016ef  OrbitOledRopAnd                
00001713  OrbitOledRopXor                
00001741  OrbitOledMoveUp                
00001779  OrbitOledMoveDown              
000017af  OrbitOledMoveLeft              
000017c7  OrbitOledMoveRight             
000017e1  OrbitOledClampXco              
00001801  OrbitOledClampYco              
00001841  minit                          
000018c1  malloc                         
0000192b  free                           
000019eb  realloc                        
00001af5  memalign                       
00001be1  calloc                         
00001c11  OrbitOledInit                  
00001c25  OrbitOledHostInit              
00001cef  OrbitOledDvrInit               
00001d69  OrbitOledDevInit               
00001ded  OrbitOledClear                 
00001df9  OrbitOledClearBuffer           
00001e29  OrbitOledUpdate                
00001e83  OrbitOledPutBuffer             
00001ee9  Ssi3PutByte                    
00001f8d  yawDegreeConvert               
00001fb1  initSetPoints                  
00001fcd  initResetButton                
00001fef  resetSoft                      
0000200b  checkAndIncrementAltitude      
00002029  checkAndDecrementAltitude      
00002047  checkAndIncrementYaw           
0000205d  checkAndDecrementYaw           
00002073  getAltitudePercentSetPoint     
00002079  getYawDegreesSetPoint          
00002081  buttonControllerInit           
00002099  buttonControllerLoop           
000020ad  SW1setup                       
000020cf  getSW1Position                 
000020e5  setSW1mode                     
000020f9  getSW1mode                     
000020ff  resetPeriphButtons             
0000211b  initGPIOAPinChangeInterrupts   
00002159  SW1IntHandler                  
0000219f  checkLanded                    
000021cf  startLanding                   
00002261  yaw_ref                        
0000228d  initializeRef                  
000022ed  initYaw                        
00002323  initYawReference               
00002359  YawIntHandler                  
000024cd  initButtons                    
0000259b  updateButtons                  
0000266f  checkButton                    
000026ed  SysTickIntHandler              
00002729  initClock                      
00002753  initDisplay                    
0000275b  calculateRobustMeanValue       
000027a9  displayMeanVal                 
0000282f  updateDisplay                  
00002843  resetHelicopterOperations      
0000284f  initializeHelicopterOperations 
00002901  OrbitOledSetCursor             
0000294d  OrbitOledGetCursor             
00002969  OrbitOledDefUserChar           
000029b9  OrbitOledSetCharUpdate         
000029d1  OrbitOledGetCharUpdate         
000029d7  OrbitOledPutChar               
000029f5  OrbitOledPutString             
00002a21  OrbitOledDrawGlyph             
00002a99  OrbitOledAdvanceCursor         
00002b05  setPWMClocks                   
00002b11  setPWM                         
00002bb9  initializePWM                  
00002c49  resetPeripheralPWM             
00002c65  setOutputOnline                
00002cc1  initialiseUSB_UART             
00002cf9  UARTSend                       
00002d19  getSW1modeString               
00002d45  UART                           
00002e7d  GPIOPadConfigSet               
00002faf  __aeabi_idiv0                  
00002fb1  PIDController                  
000030d1  SysCtlClockGet                 
000031e1  __aeabi_dmul                   
000032dd  main                           
000033d5  SysCtlClockSet                 
000034c9  initCircBuf                    
000034f3  writeCircBuf                   
00003527  readCircBuf                    
0000355b  freeCircBuf                    
00003581  __aeabi_memcpy                 
00003581  __aeabi_memcpy4                
00003581  __aeabi_memcpy8                
00003581  memcpy                         
0000361d  ADCSequenceStepConfigure       
00003697  __aeabi_memclr                 
00003697  __aeabi_memclr4                
00003697  __aeabi_memclr8                
00003699  __aeabi_memset                 
00003699  __aeabi_memset4                
00003699  __aeabi_memset8                
0000369f  memset                         
00003711  __TI_auto_init                 
00003781  initADC                        
000037bd  ADCIntHandler                  
000037ed  IntEnable                      
00003855  __TI_decompress_lzss           
000038bd  TimerConfigure                 
0000391d  DelayInit                      
00003937  DelayMs                        
00003979  GPIOIntTypeSet                 
000039d1  _c_int00                       
00003a25  C$$EXIT                        
00003a29  abort                          
00003a31  exit                           
00003a79  ADCSequenceConfigure           
00003ac9  SysCtlPeripheralReset          
00003b69  GPIOPinConfigure               
00003bb5  copy_in                        
00003c01  __aeabi_d2iz                   
00003c49  UARTConfigSetExpClk            
00003c8f  __mpu_init                     
00003c91  OLEDStringDraw                 
00003cb7  OLEDInitialise                 
00003d19  __aeabi_uidiv                  
00003d19  __aeabi_uidivmod               
00003d59  SSIConfigSetExpClk             
00003d95  SysCtlPeripheralReady          
00003dcd  __aeabi_f2d                    
00003e05  IntRegister                    
00003e39  SysCtlPeripheralEnable         
00003e6d  GPIODirModeSet                 
00003e99  PWMGenConfigure                
00003ebb  _system_post_cinit             
00003ebd  UARTDisable                    
00003edd  ADCSequenceDataGet             
00003efb  PWMPulseWidthSet               
00003f19  SysTickIntRegister             
00003f35  ADCIntRegister                 
00003f4d  ADCProcessorTrigger            
00003f65  GPIOIntRegister                
00003f7d  GPIOPinTypeGPIOOutput          
00003f95  _args_main                     
00003fad  GPIOPinTypeGPIOInput           
00003fc3  GPIOPinTypePWM                 
00003fd9  GPIOPinTypeSSI                 
00003fef  GPIOPinTypeUART                
00004005  SysCtlPWMClockSet              
00004019  SysTickEnable                  
0000402d  SysTickIntEnable               
00004041  UARTEnable                     
00004055  _register_unlock               
0000405b  _register_lock                 
00004063  _nop                           
00004069  PWMOutputState                 
0000407b  ADCIntEnable                   
0000408b  IntMasterEnable                
0000409b  PWMGenPeriodSet                
000040ad  SysCtlReset                    
000040bd  SysTickPeriodSet               
000040cd  ADCSequenceEnable              
000040db  TimerEnable                    
000040e9  __TI_decompress_none           
000040f7  CPUcpsie                       
00004103  GPIOIntEnable                  
0000410f  PWMGenEnable                   
0000411b  SSIDataGet                     
00004127  __TI_zero_init                 
00004133  ResetISR                       
0000413f  ADCIntClear                    
00004149  SSIDataPut                     
00004153  SSIEnable                      
0000415d  TimerValueGet                  
00004167  UARTCharPut                    
00004171  UARTFIFOEnable                 
0000417b  SSIBusy                        
00004183  GPIOIntClear                   
00004189  GPIOPinRead                    
0000418f  GPIOPinWrite                   
00004195  SSIClockSourceSet              
0000419b  SysCtlDelay                    
000041a1  _system_pre_init               
000041a4  rgbOledFont0                   
00004738  rgbFillPat                     
00004814  __TI_Handler_Table_Base        
00004820  __TI_Handler_Table_Limit       
00004830  __TI_CINIT_Base                
00004848  __TI_CINIT_Limit               
20000000  g_pfnRAMVectors                
2000026c  rgbOledBmp                     
2000046c  rgbOledFontUser                
2000056c  g_inBuffer                     
2000059c  setPoints                      
200005a4  bnOledCur                      
200005a8  dxcoOledFontCur                
200005ac  dycoOledFontCur                
200005b0  fOledCharUpdate                
200005b4  g_ulSampCnt                    
200005b8  main_duty                      
200005bc  modOledCur                     
200005c0  pbOledCur                      
200005c4  pbOledFontCur                  
200005c8  pbOledFontUser                 
200005cc  pbOledPatCur                   
200005d0  pfnDoRop                       
200005d4  tail_duty                      
200005d8  xchOledCur                     
200005dc  xchOledMax                     
200005e0  xcoOledCur                     
200005e4  yaw                            
200005e8  ychOledCur                     
200005ec  ychOledMax                     
200005f0  ycoOledCur                     
200005f4  altitude                       
200005f6  clrOledCur                     
200005f7  slowTick                       
200005f8  state                          
200005fc  __stack                        
200007fc  __STACK_END                    
200007fc  __STACK_TOP                    
20000800  _sys_memory                    
20000a00  interupt_value                 
20000a08  val                            
20000a0c  lock                           
20000a0d  heliMode                       
20000a0e  switchFlipIndex                
20000a0f  tempAlt                        
20000a10  __TI_cleanup_ptr               
20000a14  __TI_dtors_ptr                 
20000a18  __TI_enable_exit_profile_output
20000a28  _lock                          
20000a2c  _unlock                        
20000a30  error_integrated_main          
20000a34  error_integrated_tail          
20000a3c  main_func_sp                   
ffffffff  __TI_pprof_out_hndl            
ffffffff  __TI_prof_data_size            
ffffffff  __TI_prof_data_start           
ffffffff  __binit__                      
ffffffff  __c_args__                     
ffffffff  binit                          
UNDEFED   SHT$$INIT_ARRAY$$Base          
UNDEFED   SHT$$INIT_ARRAY$$Limit         

[280 symbols]
