******************************************************************************
                  TI ARM Linker PC v16.9.6                     
******************************************************************************
>> Linked Sat May 26 16:40:46 2018

OUTPUT FILE NAME:   <Milestone.out>
ENTRY POINT SYMBOL: "_c_int00"  address: 00003c2d


MEMORY CONFIGURATION

         name            origin    length      used     unused   attr    fill
----------------------  --------  ---------  --------  --------  ----  --------
  FLASH                 00000000   00040000  00004abc  0003b544  R  X
  SRAM                  20000000   00008000  00000a28  000075d8  RW X


SEGMENT ALLOCATION MAP

run origin  load origin   length   init length attrs members
----------  ----------- ---------- ----------- ----- -------
00000000    00000000    00004ac0   00004ac0    r-x
  00000000    00000000    0000026c   0000026c    r-- .intvecs
  0000026c    0000026c    000041b0   000041b0    r-x .text
  0000441c    0000441c    00000648   00000648    r-- .const
  00004a68    00004a68    00000058   00000058    r-- .cinit
20000000    20000000    00000a2f   00000000    rw-
  20000000    20000000    0000026c   00000000    rw- .vtable
  2000026c    2000026c    0000037d   00000000    rw- .bss
  200005ec    200005ec    00000200   00000000    rw- .stack
  200007f0    200007f0    00000200   00000000    rw- .sysmem
  200009f0    200009f0    0000003f   00000000    rw- .data


SECTION ALLOCATION MAP

 output                                  attributes/
section   page    origin      length       input sections
--------  ----  ----------  ----------   ----------------
.intvecs   0    00000000    0000026c     
                  00000000    0000026c     tm4c123gh6pm_startup_ccs.obj (.intvecs)

.text      0    0000026c    000041b0     
                  0000026c    00000c84     ustdlib.obj (.text)
                  00000ef0    00000950     OrbitOledGrph.obj (.text)
                  00001840    000003d0     rtsv7M4_T_le_v4SPD16_eabi.lib : memory.obj (.text)
                  00001c10    0000037c     OrbitOled.obj (.text)
                  00001f8c    00000290     ButtonControl.obj (.text)
                  0000221c    00000268     heliPID.obj (.text)
                  00002484    00000220     buttons4.obj (.text)
                  000026a4    00000214     Helicopter.obj (.text)
                  000028b8    00000204     OrbitOledChar.obj (.text)
                  00002abc    000001f8     heliYAW.obj (.text)
                  00002cb4    000001b6     rtsv7M4_T_le_v4SPD16_eabi.lib : fd_add_t2.obj (.text)
                  00002e6a    00000002                                   : i_div0.obj (.text)
                  00002e6c    000001ac     heliPWM.obj (.text)
                  00003018    0000018c     heliUART.obj (.text)
                  000031a4    00000132     driverlib.lib : gpio.obj (.text:GPIOPadConfigSet)
                  000032d6    00000002     rtsv7M4_T_le_v4SPD16_eabi.lib : mpu_init.obj (.text)
                  000032d8    00000110     driverlib.lib : sysctl.obj (.text:SysCtlClockGet)
                  000033e8    000000fc     rtsv7M4_T_le_v4SPD16_eabi.lib : fd_mul_t2.obj (.text)
                  000034e4    000000f4     driverlib.lib : sysctl.obj (.text:SysCtlClockSet)
                  000035d8    000000c4     main.obj (.text)
                  0000369c    000000b8     circBufT.obj (.text)
                  00003754    0000009c     rtsv7M4_T_le_v4SPD16_eabi.lib : memcpy_t2.obj (.text)
                  000037f0    00000086                                   : fd_cmp_t2.obj (.text:__aeabi_cdrcmple)
                  00003876    0000007a     driverlib.lib : adc.obj (.text:ADCSequenceStepConfigure)
                  000038f0    0000007a     rtsv7M4_T_le_v4SPD16_eabi.lib : memset_t2.obj (.text)
                  0000396a    00000002                                   : startup.obj (.text)
                  0000396c    00000070                                   : autoinit.obj (.text)
                  000039dc    0000006c     heliADC.obj (.text)
                  00003a48    00000068     driverlib.lib : interrupt.obj (.text:IntEnable)
                  00003ab0    00000068     rtsv7M4_T_le_v4SPD16_eabi.lib : copy_decompress_lzss.obj (.text:decompress:lzss)
                  00003b18    00000060     driverlib.lib : timer.obj (.text:TimerConfigure)
                  00003b78    0000005c     delay.obj (.text)
                  00003bd4    00000058     driverlib.lib : gpio.obj (.text:GPIOIntTypeSet)
                  00003c2c    00000054     rtsv7M4_T_le_v4SPD16_eabi.lib : boot.obj (.text)
                  00003c80    00000054                                   : exit.obj (.text)
                  00003cd4    00000050     driverlib.lib : adc.obj (.text:ADCSequenceConfigure)
                  00003d24    00000050                   : sysctl.obj (.text:SysCtlPeripheralReset)
                  00003d74    00000050                   : adc.obj (.text:_ADCIntNumberGet)
                  00003dc4    0000004c                   : gpio.obj (.text:GPIOPinConfigure)
                  00003e10    0000004c     rtsv7M4_T_le_v4SPD16_eabi.lib : cpy_tbl.obj (.text)
                  00003e5c    00000048                                   : fd_toi_t2.obj (.text)
                  00003ea4    00000046     driverlib.lib : uart.obj (.text:UARTConfigSetExpClk)
                  00003eea    00000002     --HOLE-- [fill = 0]
                  00003eec    00000044     OrbitOLEDInterface.obj (.text)
                  00003f30    00000044     driverlib.lib : gpio.obj (.text:_GPIOIntNumberGet)
                  00003f74    00000040     rtsv7M4_T_le_v4SPD16_eabi.lib : u_divt2.obj (.text)
                  00003fb4    0000003c     driverlib.lib : ssi.obj (.text:SSIConfigSetExpClk)
                  00003ff0    00000038                   : sysctl.obj (.text:SysCtlPeripheralReady)
                  00004028    00000038     rtsv7M4_T_le_v4SPD16_eabi.lib : fs_tod_t2.obj (.text)
                  00004060    00000034     driverlib.lib : interrupt.obj (.text:IntRegister)
                  00004094    00000034                   : sysctl.obj (.text:SysCtlPeripheralEnable)
                  000040c8    0000002e     rtsv7M4_T_le_v4SPD16_eabi.lib : i_tofd_t2.obj (.text)
                  000040f6    0000002c     driverlib.lib : gpio.obj (.text:GPIODirModeSet)
                  00004122    00000022                   : pwm.obj (.text:PWMGenConfigure)
                  00004144    00000020                   : uart.obj (.text:UARTDisable)
                  00004164    0000001e                   : adc.obj (.text:ADCSequenceDataGet)
                  00004182    0000001e                   : pwm.obj (.text:PWMPulseWidthSet)
                  000041a0    0000001c                   : systick.obj (.text:SysTickIntRegister)
                  000041bc    00000018                   : adc.obj (.text:ADCIntRegister)
                  000041d4    00000018                   : adc.obj (.text:ADCProcessorTrigger)
                  000041ec    00000018                   : gpio.obj (.text:GPIOIntRegister)
                  00004204    00000018                   : gpio.obj (.text:GPIOPinTypeGPIOOutput)
                  0000421c    00000018     rtsv7M4_T_le_v4SPD16_eabi.lib : args_main.obj (.text)
                  00004234    00000016     driverlib.lib : gpio.obj (.text:GPIOPinTypeGPIOInput)
                  0000424a    00000016                   : gpio.obj (.text:GPIOPinTypePWM)
                  00004260    00000016                   : gpio.obj (.text:GPIOPinTypeSSI)
                  00004276    00000016                   : gpio.obj (.text:GPIOPinTypeUART)
                  0000428c    00000014                   : sysctl.obj (.text:SysCtlPWMClockSet)
                  000042a0    00000014                   : systick.obj (.text:SysTickEnable)
                  000042b4    00000014                   : systick.obj (.text:SysTickIntEnable)
                  000042c8    00000014                   : uart.obj (.text:UARTEnable)
                  000042dc    00000014     rtsv7M4_T_le_v4SPD16_eabi.lib : _lock.obj (.text)
                  000042f0    00000012     driverlib.lib : pwm.obj (.text:PWMOutputState)
                  00004302    00000010                   : adc.obj (.text:ADCIntEnable)
                  00004312    00000010                   : interrupt.obj (.text:IntMasterEnable)
                  00004322    00000010                   : pwm.obj (.text:PWMGenPeriodSet)
                  00004332    00000002     --HOLE-- [fill = 0]
                  00004334    00000010                   : systick.obj (.text:SysTickPeriodSet)
                  00004344    0000000e                   : adc.obj (.text:ADCSequenceEnable)
                  00004352    0000000e                   : timer.obj (.text:TimerEnable)
                  00004360    0000000e     rtsv7M4_T_le_v4SPD16_eabi.lib : copy_decompress_none.obj (.text:decompress:none)
                  0000436e    0000000c     driverlib.lib : cpu.obj (.text:CPUcpsie)
                  0000437a    0000000c                   : gpio.obj (.text:GPIOIntEnable)
                  00004386    0000000c                   : pwm.obj (.text:PWMGenEnable)
                  00004392    0000000c                   : ssi.obj (.text:SSIDataGet)
                  0000439e    0000000c     rtsv7M4_T_le_v4SPD16_eabi.lib : copy_zero_init.obj (.text:decompress:ZI)
                  000043aa    0000000c     tm4c123gh6pm_startup_ccs.obj (.text)
                  000043b6    0000000a     driverlib.lib : adc.obj (.text:ADCIntClear)
                  000043c0    0000000a                   : ssi.obj (.text:SSIDataPut)
                  000043ca    0000000a                   : ssi.obj (.text:SSIEnable)
                  000043d4    0000000a                   : timer.obj (.text:TimerValueGet)
                  000043de    0000000a                   : uart.obj (.text:UARTCharPut)
                  000043e8    0000000a                   : uart.obj (.text:UARTFIFOEnable)
                  000043f2    00000008                   : ssi.obj (.text:SSIBusy)
                  000043fa    00000006                   : gpio.obj (.text:GPIOIntClear)
                  00004400    00000006                   : gpio.obj (.text:GPIOPinRead)
                  00004406    00000006                   : gpio.obj (.text:GPIOPinWrite)
                  0000440c    00000006                   : ssi.obj (.text:SSIClockSourceSet)
                  00004412    00000006                   : sysctl.obj (.text:SysCtlDelay)
                  00004418    00000004     rtsv7M4_T_le_v4SPD16_eabi.lib : pre_init.obj (.text)

.const     0    0000441c    00000648     
                  0000441c    00000300     ChrFont0.obj (.const:.string:rgbOledFont0)
                  0000471c    000000d8     driverlib.lib : gpio.obj (.const:g_ppui32GPIOIntMapSnowflake)
                  000047f4    000000c0                   : gpio.obj (.const:g_ppui32GPIOIntMapBlizzard)
                  000048b4    00000090                   : gpio.obj (.const:g_pui32GPIOBaseAddrs)
                  00004944    0000006c                   : sysctl.obj (.const:g_pui32Xtals)
                  000049b0    00000040     FillPat.obj (.const:.string:rgbFillPat)
                  000049f0    00000030     ustdlib.obj (.const:g_psDaysToMonth)
                  00004a20    00000018     ustdlib.obj (.const:g_pfExponents)
                  00004a38    00000014     driverlib.lib : interrupt.obj (.const:g_pui32EnRegs)
                  00004a4c    00000012     ustdlib.obj (.const:.string)
                  00004a5e    00000002     --HOLE-- [fill = 0]
                  00004a60    00000004     ustdlib.obj (.const)

.cinit     0    00004a68    00000058     
                  00004a68    00000024     (.cinit..data.load) [load image, compression = lzss]
                  00004a8c    0000000c     (__TI_handler_table)
                  00004a98    00000008     (.cinit..bss.load) [load image, compression = zero_init]
                  00004aa0    00000008     (.cinit..vtable.load) [load image, compression = zero_init]
                  00004aa8    00000018     (__TI_cinit_table)

.init_array 
*          0    00000000    00000000     UNINITIALIZED

.vtable    0    20000000    0000026c     UNINITIALIZED
                  20000000    0000026c     driverlib.lib : interrupt.obj (.vtable)

.bss       0    2000026c    0000037d     UNINITIALIZED
                  2000026c    00000200     (.common:rgbOledBmp)
                  2000046c    00000100     (.common:rgbOledFontUser)
                  2000056c    00000010     (.common:g_inBuffer)
                  2000057c    00000008     (.common:setPoints)
                  20000584    00000004     buttons4.obj (.bss:but_count)
                  20000588    00000004     buttons4.obj (.bss:but_flag)
                  2000058c    00000004     buttons4.obj (.bss:but_normal)
                  20000590    00000004     buttons4.obj (.bss:but_state)
                  20000594    00000004     (.common:bnOledCur)
                  20000598    00000004     (.common:dxcoOledFontCur)
                  2000059c    00000004     (.common:dycoOledFontCur)
                  200005a0    00000004     (.common:fOledCharUpdate)
                  200005a4    00000004     (.common:g_ulSampCnt)
                  200005a8    00000004     (.common:main_duty)
                  200005ac    00000004     (.common:modOledCur)
                  200005b0    00000004     (.common:pbOledCur)
                  200005b4    00000004     (.common:pbOledFontCur)
                  200005b8    00000004     (.common:pbOledFontUser)
                  200005bc    00000004     (.common:pbOledPatCur)
                  200005c0    00000004     (.common:pfnDoRop)
                  200005c4    00000004     (.common:tail_duty)
                  200005c8    00000004     (.common:xchOledCur)
                  200005cc    00000004     (.common:xchOledMax)
                  200005d0    00000004     (.common:xcoOledCur)
                  200005d4    00000004     (.common:yaw)
                  200005d8    00000004     (.common:ychOledCur)
                  200005dc    00000004     (.common:ychOledMax)
                  200005e0    00000004     (.common:ycoOledCur)
                  200005e4    00000002     (.common:altitude)
                  200005e6    00000001     (.common:clrOledCur)
                  200005e7    00000001     (.common:slowTick)
                  200005e8    00000001     (.common:state)

.stack     0    200005ec    00000200     UNINITIALIZED
                  200005ec    00000200     --HOLE--

.sysmem    0    200007f0    00000200     UNINITIALIZED
                  200007f0    00000008     rtsv7M4_T_le_v4SPD16_eabi.lib : memory.obj (.sysmem)
                  200007f8    000001f8     --HOLE--

.data      0    200009f0    0000003f     UNINITIALIZED
                  200009f0    0000000c     rtsv7M4_T_le_v4SPD16_eabi.lib : exit.obj (.data:$O1$$)
                  200009fc    0000000c                                   : memory.obj (.data:$O1$$)
                  20000a08    00000008                                   : _lock.obj (.data:$O1$$)
                  20000a10    00000008     heliPID.obj (.data)
                  20000a18    00000008     heliYAW.obj (.data)
                  20000a20    00000004     main.obj (.data)
                  20000a24    00000004     rtsv7M4_T_le_v4SPD16_eabi.lib : stkdepth_vars.obj (.data)
                  20000a28    00000004     ustdlib.obj (.data)
                  20000a2c    00000002     ButtonControl.obj (.data)
                  20000a2e    00000001     Helicopter.obj (.data)

MODULE SUMMARY

       Module                         code    ro data   rw data
       ------                         ----    -------   -------
    .\
       ustdlib.obj                    3204    94        4      
       ButtonControl.obj              656     0         19     
       tm4c123gh6pm_startup_ccs.obj   12      620       0      
       heliPID.obj                    616     0         8      
       Helicopter.obj                 532     0         28     
       buttons4.obj                   544     0         16     
       heliYAW.obj                    504     0         8      
       heliPWM.obj                    428     0         0      
       heliUART.obj                   396     0         0      
       main.obj                       196     0         4      
       circBufT.obj                   184     0         0      
       heliADC.obj                    108     0         0      
    +--+------------------------------+-------+---------+---------+
       Total:                         7380    714       87     
                                                               
    .\OrbitOLED\
       OrbitOLEDInterface.obj         68      0         0      
    +--+------------------------------+-------+---------+---------+
       Total:                         68      0         0      
                                                               
    .\OrbitOLED\lib_OrbitOled\
       OrbitOledGrph.obj              2384    0         8      
       OrbitOled.obj                  892     0         553    
       OrbitOledChar.obj              516     0         272    
       ChrFont0.obj                   0       768       0      
       delay.obj                      92      0         0      
       FillPat.obj                    0       64        0      
    +--+------------------------------+-------+---------+---------+
       Total:                         3884    832       833    
                                                               
    C:/ti/TivaWare_C_Series-2.1.4.178/driverlib/ccs/Debug/driverlib.lib
       gpio.obj                       748     552       0      
       sysctl.obj                     730     108       0      
       interrupt.obj                  172     20        620    
       adc.obj                        400     0         0      
       uart.obj                       142     0         0      
       timer.obj                      120     0         0      
       pwm.obj                        110     0         0      
       ssi.obj                        106     0         0      
       systick.obj                    84      0         0      
       cpu.obj                        12      0         0      
    +--+------------------------------+-------+---------+---------+
       Total:                         2624    680       620    
                                                               
    C:\ti\ccsv7\tools\compiler\ti-cgt-arm_16.9.6.LTS\lib\rtsv7M4_T_le_v4SPD16_eabi.lib
       memory.obj                     976     0         12     
       fd_add_t2.obj                  438     0         0      
       fd_mul_t2.obj                  252     0         0      
       memcpy_t2.obj                  156     0         0      
       fd_cmp_t2.obj                  134     0         0      
       memset_t2.obj                  122     0         0      
       autoinit.obj                   112     0         0      
       copy_decompress_lzss.obj       104     0         0      
       exit.obj                       84      0         12     
       boot.obj                       84      0         0      
       cpy_tbl.obj                    76      0         0      
       fd_toi_t2.obj                  72      0         0      
       u_divt2.obj                    64      0         0      
       fs_tod_t2.obj                  56      0         0      
       i_tofd_t2.obj                  46      0         0      
       _lock.obj                      20      0         8      
       args_main.obj                  24      0         0      
       copy_decompress_none.obj       14      0         0      
       copy_zero_init.obj             12      0         0      
       pre_init.obj                   4       0         0      
       stkdepth_vars.obj              0       0         4      
       i_div0.obj                     2       0         0      
       mpu_init.obj                   2       0         0      
       startup.obj                    2       0         0      
    +--+------------------------------+-------+---------+---------+
       Total:                         2856    0         36     
                                                               
       Heap:                          0       0         512    
       Stack:                         0       0         512    
       Linker Generated:              0       88        0      
    +--+------------------------------+-------+---------+---------+
       Grand Total:                   16812   2314      2600   


LINKER GENERATED COPY TABLES

__TI_cinit_table @ 00004aa8 records: 3, size/record: 8, table size: 24
	.data: load addr=00004a68, load size=00000024 bytes, run addr=200009f0, run size=0000003f bytes, compression=lzss
	.bss: load addr=00004a98, load size=00000008 bytes, run addr=2000026c, run size=0000037d bytes, compression=zero_init
	.vtable: load addr=00004aa0, load size=00000008 bytes, run addr=20000000, run size=0000026c bytes, compression=zero_init


LINKER GENERATED HANDLER TABLE

__TI_handler_table @ 00004a8c records: 3, size/record: 4, table size: 12
	index: 0, handler: __TI_zero_init
	index: 1, handler: __TI_decompress_lzss
	index: 2, handler: __TI_decompress_none


GLOBAL SYMBOLS: SORTED ALPHABETICALLY BY Name 

address   name                           
-------   ----                           
000043b7  ADCIntClear                    
00004303  ADCIntEnable                   
00003a19  ADCIntHandler                  
000041bd  ADCIntRegister                 
000041d5  ADCProcessorTrigger            
00003cd5  ADCSequenceConfigure           
00004165  ADCSequenceDataGet             
00004345  ADCSequenceEnable              
00003877  ADCSequenceStepConfigure       
00003c81  C$$EXIT                        
0000436f  CPUcpsie                       
00003b79  DelayInit                      
00003b93  DelayMs                        
000040f7  GPIODirModeSet                 
000043fb  GPIOIntClear                   
0000437b  GPIOIntEnable                  
000041ed  GPIOIntRegister                
00003bd5  GPIOIntTypeSet                 
000031a5  GPIOPadConfigSet               
00003dc5  GPIOPinConfigure               
00004401  GPIOPinRead                    
00004235  GPIOPinTypeGPIOInput           
00004205  GPIOPinTypeGPIOOutput          
0000424b  GPIOPinTypePWM                 
00004261  GPIOPinTypeSSI                 
00004277  GPIOPinTypeUART                
00004407  GPIOPinWrite                   
00003a49  IntEnable                      
00004313  IntMasterEnable                
00004061  IntRegister                    
00003f13  OLEDInitialise                 
00003eed  OLEDStringDraw                 
00002a51  OrbitOledAdvanceCursor         
000017e1  OrbitOledClampXco              
00001801  OrbitOledClampYco              
00001ded  OrbitOledClear                 
00001df9  OrbitOledClearBuffer           
00002921  OrbitOledDefUserChar           
00001d69  OrbitOledDevInit               
00001623  OrbitOledDrawChar              
000029d9  OrbitOledDrawGlyph             
00000fe7  OrbitOledDrawPixel             
0000112d  OrbitOledDrawRect              
00001683  OrbitOledDrawString            
00001cef  OrbitOledDvrInit               
000011b1  OrbitOledFillRect              
000012f5  OrbitOledGetBmp                
00002989  OrbitOledGetCharUpdate         
00002905  OrbitOledGetCursor             
00000fe1  OrbitOledGetDrawMode           
00001013  OrbitOledGetPixel              
00000f37  OrbitOledGetPos                
00000f6b  OrbitOledGetStdPattern         
00001c25  OrbitOledHostInit              
00001c11  OrbitOledInit                  
0000102d  OrbitOledLineTo                
00001779  OrbitOledMoveDown              
000017af  OrbitOledMoveLeft              
000017c7  OrbitOledMoveRight             
00000ef1  OrbitOledMoveTo                
00001741  OrbitOledMoveUp                
00001455  OrbitOledPutBmp                
00001e83  OrbitOledPutBuffer             
0000298f  OrbitOledPutChar               
000029ad  OrbitOledPutString             
000016ef  OrbitOledRopAnd                
000016cb  OrbitOledRopOr                 
000016a1  OrbitOledRopSet                
00001713  OrbitOledRopXor                
00002971  OrbitOledSetCharUpdate         
000028b9  OrbitOledSetCursor             
00000f53  OrbitOledSetDrawColor          
00000f8d  OrbitOledSetDrawMode           
00000f7d  OrbitOledSetFillPattern        
00001e29  OrbitOledUpdate                
00002457  PIDController                  
00004123  PWMGenConfigure                
00004387  PWMGenEnable                   
00004323  PWMGenPeriodSet                
000042f1  PWMOutputState                 
00004183  PWMPulseWidthSet               
000043ab  ResetISR                       
UNDEFED   SHT$$INIT_ARRAY$$Base          
UNDEFED   SHT$$INIT_ARRAY$$Limit         
000043f3  SSIBusy                        
0000440d  SSIClockSourceSet              
00003fb5  SSIConfigSetExpClk             
00004393  SSIDataGet                     
000043c1  SSIDataPut                     
000043cb  SSIEnable                      
0000211b  SW1IntHandler                  
0000206f  SW1setup                       
00001ee9  Ssi3PutByte                    
000032d9  SysCtlClockGet                 
000034e5  SysCtlClockSet                 
00004413  SysCtlDelay                    
0000428d  SysCtlPWMClockSet              
00004095  SysCtlPeripheralEnable         
00003ff1  SysCtlPeripheralReady          
00003d25  SysCtlPeripheralReset          
000042a1  SysTickEnable                  
000042b5  SysTickIntEnable               
000026a5  SysTickIntHandler              
000041a1  SysTickIntRegister             
00004335  SysTickPeriodSet               
00003b19  TimerConfigure                 
00004353  TimerEnable                    
000043d5  TimerValueGet                  
0000309d  UART                           
000043df  UARTCharPut                    
00003ea5  UARTConfigSetExpClk            
00004145  UARTDisable                    
000042c9  UARTEnable                     
000043e9  UARTFIFOEnable                 
00003051  UARTSend                       
00002b49  YawIntHandler                  
200007ec  __STACK_END                    
00000200  __STACK_SIZE                   
200007ec  __STACK_TOP                    
00000200  __SYSMEM_SIZE                  
00004aa8  __TI_CINIT_Base                
00004ac0  __TI_CINIT_Limit               
00004a8c  __TI_Handler_Table_Base        
00004a98  __TI_Handler_Table_Limit       
0000396d  __TI_auto_init                 
200009f0  __TI_cleanup_ptr               
00003ab1  __TI_decompress_lzss           
00004361  __TI_decompress_none           
200009f4  __TI_dtors_ptr                 
200009f8  __TI_enable_exit_profile_output
ffffffff  __TI_pprof_out_hndl            
ffffffff  __TI_prof_data_size            
ffffffff  __TI_prof_data_start           
00000000  __TI_static_base__             
0000439f  __TI_zero_init                 
000037f1  __aeabi_cdrcmple               
00003e5d  __aeabi_d2iz                   
00002cbf  __aeabi_dadd                   
000033e9  __aeabi_dmul                   
00002cb5  __aeabi_dsub                   
00004029  __aeabi_f2d                    
000040c9  __aeabi_i2d                    
00002e6b  __aeabi_idiv0                  
000038f1  __aeabi_memclr                 
000038f1  __aeabi_memclr4                
000038f1  __aeabi_memclr8                
00003755  __aeabi_memcpy                 
00003755  __aeabi_memcpy4                
00003755  __aeabi_memcpy8                
000038f3  __aeabi_memset                 
000038f3  __aeabi_memset4                
000038f3  __aeabi_memset8                
00003f75  __aeabi_uidiv                  
00003f75  __aeabi_uidivmod               
ffffffff  __binit__                      
ffffffff  __c_args__                     
000032d7  __mpu_init                     
200005ec  __stack                        
0000421d  _args_main                     
00003c2d  _c_int00                       
20000a08  _lock                          
000042eb  _nop                           
000042e3  _register_lock                 
000042dd  _register_unlock               
200007f0  _sys_memory                    
0000396b  _system_post_cinit             
00004419  _system_pre_init               
20000a0c  _unlock                        
00003c85  abort                          
200005e4  altitude                       
ffffffff  binit                          
20000594  bnOledCur                      
00002043  buttonControllerInit           
0000205b  buttonControllerLoop           
00002713  calculateRobustMeanValue       
00001be1  calloc                         
00001feb  checkAndDecrementAltitude      
0000201f  checkAndDecrementYaw           
00001fcd  checkAndIncrementAltitude      
00002009  checkAndIncrementYaw           
00002627  checkButton                    
00002161  checkLanded                    
200005e6  clrOledCur                     
00003e11  copy_in                        
00002761  displayMeanVal                 
20000598  dxcoOledFontCur                
2000059c  dycoOledFontCur                
00003c8d  exit                           
200005a0  fOledCharUpdate                
0000192b  free                           
0000372f  freeCircBuf                    
2000056c  g_inBuffer                     
20000000  g_pfnRAMVectors                
00000000  g_pfnVectors                   
200005a4  g_ulSampCnt                    
00002035  getAltitudePercentSetPoint     
00002091  getSW1Position                 
000020bb  getSW1mode                     
00003071  getSW1modeString               
0000203b  getYawDegreesSetPoint          
20000a2c  heliMode                       
000039dd  initADC                        
00002485  initButtons                    
0000369d  initCircBuf                    
000026e1  initClock                      
0000270b  initDisplay                    
000020dd  initGPIOAPinChangeInterrupts   
00001fb1  initSetPoints                  
00002aeb  initYaw                        
00003019  initialiseUSB_UART             
00002807  initializeHelicopterOperations 
00002f0b  initializePWM                  
20000a18  interupt_value                 
000035d9  main                           
0000221d  mainProportional               
200005a8  main_duty                      
20000a24  main_func_sp                   
000018c1  malloc                         
00001af5  memalign                       
00003755  memcpy                         
000038f9  memset                         
00001841  minit                          
200005ac  modOledCur                     
200005b0  pbOledCur                      
200005b4  pbOledFontCur                  
200005b8  pbOledFontUser                 
200005bc  pbOledPatCur                   
200005c0  pfnDoRop                       
000036fb  readCircBuf                    
000019eb  realloc                        
000027fb  resetHelicopterOperations      
000020c1  resetPeriphButtons             
00002fa1  resetPeripheralPWM             
000049b0  rgbFillPat                     
2000026c  rgbOledBmp                     
0000441c  rgbOledFont0                   
2000046c  rgbOledFontUser                
00002fbd  setOutputOnline                
00002e79  setPWM                         
00002e6d  setPWMClocks                   
2000057c  setPoints                      
000020a7  setSW1mode                     
200005e7  slowTick                       
0000218d  startLanding                   
200005e8  state                          
20000a2d  switchFlipIndex                
000022db  tailProportional               
200005c4  tail_duty                      
00000751  ulocaltime                     
0000094f  umktime                        
00002553  updateButtons                  
000027e7  updateDisplay                  
00000ec9  urand                          
00000721  usnprintf                      
000006ef  usprintf                       
00000eb9  usrand                         
00000e31  ustrcasecmp                    
00000ea5  ustrcmp                        
00000d35  ustrlen                        
00000d8d  ustrncasecmp                   
00000e45  ustrncmp                       
0000026d  ustrncpy                       
00000d57  ustrstr                        
00000afd  ustrtof                        
000009c5  ustrtoul                       
000002c5  uvsnprintf                     
000036c7  writeCircBuf                   
200005c8  xchOledCur                     
200005cc  xchOledMax                     
200005d0  xcoOledCur                     
200005d4  yaw                            
00001f8d  yawDegreeConvert               
00002abd  yaw_ref                        
200005d8  ychOledCur                     
200005dc  ychOledMax                     
200005e0  ycoOledCur                     
20000a1c  yi                             


GLOBAL SYMBOLS: SORTED BY Symbol Address 

address   name                           
-------   ----                           
00000000  __TI_static_base__             
00000000  g_pfnVectors                   
00000200  __STACK_SIZE                   
00000200  __SYSMEM_SIZE                  
0000026d  ustrncpy                       
000002c5  uvsnprintf                     
000006ef  usprintf                       
00000721  usnprintf                      
00000751  ulocaltime                     
0000094f  umktime                        
000009c5  ustrtoul                       
00000afd  ustrtof                        
00000d35  ustrlen                        
00000d57  ustrstr                        
00000d8d  ustrncasecmp                   
00000e31  ustrcasecmp                    
00000e45  ustrncmp                       
00000ea5  ustrcmp                        
00000eb9  usrand                         
00000ec9  urand                          
00000ef1  OrbitOledMoveTo                
00000f37  OrbitOledGetPos                
00000f53  OrbitOledSetDrawColor          
00000f6b  OrbitOledGetStdPattern         
00000f7d  OrbitOledSetFillPattern        
00000f8d  OrbitOledSetDrawMode           
00000fe1  OrbitOledGetDrawMode           
00000fe7  OrbitOledDrawPixel             
00001013  OrbitOledGetPixel              
0000102d  OrbitOledLineTo                
0000112d  OrbitOledDrawRect              
000011b1  OrbitOledFillRect              
000012f5  OrbitOledGetBmp                
00001455  OrbitOledPutBmp                
00001623  OrbitOledDrawChar              
00001683  OrbitOledDrawString            
000016a1  OrbitOledRopSet                
000016cb  OrbitOledRopOr                 
000016ef  OrbitOledRopAnd                
00001713  OrbitOledRopXor                
00001741  OrbitOledMoveUp                
00001779  OrbitOledMoveDown              
000017af  OrbitOledMoveLeft              
000017c7  OrbitOledMoveRight             
000017e1  OrbitOledClampXco              
00001801  OrbitOledClampYco              
00001841  minit                          
000018c1  malloc                         
0000192b  free                           
000019eb  realloc                        
00001af5  memalign                       
00001be1  calloc                         
00001c11  OrbitOledInit                  
00001c25  OrbitOledHostInit              
00001cef  OrbitOledDvrInit               
00001d69  OrbitOledDevInit               
00001ded  OrbitOledClear                 
00001df9  OrbitOledClearBuffer           
00001e29  OrbitOledUpdate                
00001e83  OrbitOledPutBuffer             
00001ee9  Ssi3PutByte                    
00001f8d  yawDegreeConvert               
00001fb1  initSetPoints                  
00001fcd  checkAndIncrementAltitude      
00001feb  checkAndDecrementAltitude      
00002009  checkAndIncrementYaw           
0000201f  checkAndDecrementYaw           
00002035  getAltitudePercentSetPoint     
0000203b  getYawDegreesSetPoint          
00002043  buttonControllerInit           
0000205b  buttonControllerLoop           
0000206f  SW1setup                       
00002091  getSW1Position                 
000020a7  setSW1mode                     
000020bb  getSW1mode                     
000020c1  resetPeriphButtons             
000020dd  initGPIOAPinChangeInterrupts   
0000211b  SW1IntHandler                  
00002161  checkLanded                    
0000218d  startLanding                   
0000221d  mainProportional               
000022db  tailProportional               
00002457  PIDController                  
00002485  initButtons                    
00002553  updateButtons                  
00002627  checkButton                    
000026a5  SysTickIntHandler              
000026e1  initClock                      
0000270b  initDisplay                    
00002713  calculateRobustMeanValue       
00002761  displayMeanVal                 
000027e7  updateDisplay                  
000027fb  resetHelicopterOperations      
00002807  initializeHelicopterOperations 
000028b9  OrbitOledSetCursor             
00002905  OrbitOledGetCursor             
00002921  OrbitOledDefUserChar           
00002971  OrbitOledSetCharUpdate         
00002989  OrbitOledGetCharUpdate         
0000298f  OrbitOledPutChar               
000029ad  OrbitOledPutString             
000029d9  OrbitOledDrawGlyph             
00002a51  OrbitOledAdvanceCursor         
00002abd  yaw_ref                        
00002aeb  initYaw                        
00002b49  YawIntHandler                  
00002cb5  __aeabi_dsub                   
00002cbf  __aeabi_dadd                   
00002e6b  __aeabi_idiv0                  
00002e6d  setPWMClocks                   
00002e79  setPWM                         
00002f0b  initializePWM                  
00002fa1  resetPeripheralPWM             
00002fbd  setOutputOnline                
00003019  initialiseUSB_UART             
00003051  UARTSend                       
00003071  getSW1modeString               
0000309d  UART                           
000031a5  GPIOPadConfigSet               
000032d7  __mpu_init                     
000032d9  SysCtlClockGet                 
000033e9  __aeabi_dmul                   
000034e5  SysCtlClockSet                 
000035d9  main                           
0000369d  initCircBuf                    
000036c7  writeCircBuf                   
000036fb  readCircBuf                    
0000372f  freeCircBuf                    
00003755  __aeabi_memcpy                 
00003755  __aeabi_memcpy4                
00003755  __aeabi_memcpy8                
00003755  memcpy                         
000037f1  __aeabi_cdrcmple               
00003877  ADCSequenceStepConfigure       
000038f1  __aeabi_memclr                 
000038f1  __aeabi_memclr4                
000038f1  __aeabi_memclr8                
000038f3  __aeabi_memset                 
000038f3  __aeabi_memset4                
000038f3  __aeabi_memset8                
000038f9  memset                         
0000396b  _system_post_cinit             
0000396d  __TI_auto_init                 
000039dd  initADC                        
00003a19  ADCIntHandler                  
00003a49  IntEnable                      
00003ab1  __TI_decompress_lzss           
00003b19  TimerConfigure                 
00003b79  DelayInit                      
00003b93  DelayMs                        
00003bd5  GPIOIntTypeSet                 
00003c2d  _c_int00                       
00003c81  C$$EXIT                        
00003c85  abort                          
00003c8d  exit                           
00003cd5  ADCSequenceConfigure           
00003d25  SysCtlPeripheralReset          
00003dc5  GPIOPinConfigure               
00003e11  copy_in                        
00003e5d  __aeabi_d2iz                   
00003ea5  UARTConfigSetExpClk            
00003eed  OLEDStringDraw                 
00003f13  OLEDInitialise                 
00003f75  __aeabi_uidiv                  
00003f75  __aeabi_uidivmod               
00003fb5  SSIConfigSetExpClk             
00003ff1  SysCtlPeripheralReady          
00004029  __aeabi_f2d                    
00004061  IntRegister                    
00004095  SysCtlPeripheralEnable         
000040c9  __aeabi_i2d                    
000040f7  GPIODirModeSet                 
00004123  PWMGenConfigure                
00004145  UARTDisable                    
00004165  ADCSequenceDataGet             
00004183  PWMPulseWidthSet               
000041a1  SysTickIntRegister             
000041bd  ADCIntRegister                 
000041d5  ADCProcessorTrigger            
000041ed  GPIOIntRegister                
00004205  GPIOPinTypeGPIOOutput          
0000421d  _args_main                     
00004235  GPIOPinTypeGPIOInput           
0000424b  GPIOPinTypePWM                 
00004261  GPIOPinTypeSSI                 
00004277  GPIOPinTypeUART                
0000428d  SysCtlPWMClockSet              
000042a1  SysTickEnable                  
000042b5  SysTickIntEnable               
000042c9  UARTEnable                     
000042dd  _register_unlock               
000042e3  _register_lock                 
000042eb  _nop                           
000042f1  PWMOutputState                 
00004303  ADCIntEnable                   
00004313  IntMasterEnable                
00004323  PWMGenPeriodSet                
00004335  SysTickPeriodSet               
00004345  ADCSequenceEnable              
00004353  TimerEnable                    
00004361  __TI_decompress_none           
0000436f  CPUcpsie                       
0000437b  GPIOIntEnable                  
00004387  PWMGenEnable                   
00004393  SSIDataGet                     
0000439f  __TI_zero_init                 
000043ab  ResetISR                       
000043b7  ADCIntClear                    
000043c1  SSIDataPut                     
000043cb  SSIEnable                      
000043d5  TimerValueGet                  
000043df  UARTCharPut                    
000043e9  UARTFIFOEnable                 
000043f3  SSIBusy                        
000043fb  GPIOIntClear                   
00004401  GPIOPinRead                    
00004407  GPIOPinWrite                   
0000440d  SSIClockSourceSet              
00004413  SysCtlDelay                    
00004419  _system_pre_init               
0000441c  rgbOledFont0                   
000049b0  rgbFillPat                     
00004a8c  __TI_Handler_Table_Base        
00004a98  __TI_Handler_Table_Limit       
00004aa8  __TI_CINIT_Base                
00004ac0  __TI_CINIT_Limit               
20000000  g_pfnRAMVectors                
2000026c  rgbOledBmp                     
2000046c  rgbOledFontUser                
2000056c  g_inBuffer                     
2000057c  setPoints                      
20000594  bnOledCur                      
20000598  dxcoOledFontCur                
2000059c  dycoOledFontCur                
200005a0  fOledCharUpdate                
200005a4  g_ulSampCnt                    
200005a8  main_duty                      
200005ac  modOledCur                     
200005b0  pbOledCur                      
200005b4  pbOledFontCur                  
200005b8  pbOledFontUser                 
200005bc  pbOledPatCur                   
200005c0  pfnDoRop                       
200005c4  tail_duty                      
200005c8  xchOledCur                     
200005cc  xchOledMax                     
200005d0  xcoOledCur                     
200005d4  yaw                            
200005d8  ychOledCur                     
200005dc  ychOledMax                     
200005e0  ycoOledCur                     
200005e4  altitude                       
200005e6  clrOledCur                     
200005e7  slowTick                       
200005e8  state                          
200005ec  __stack                        
200007ec  __STACK_END                    
200007ec  __STACK_TOP                    
200007f0  _sys_memory                    
200009f0  __TI_cleanup_ptr               
200009f4  __TI_dtors_ptr                 
200009f8  __TI_enable_exit_profile_output
20000a08  _lock                          
20000a0c  _unlock                        
20000a18  interupt_value                 
20000a1c  yi                             
20000a24  main_func_sp                   
20000a2c  heliMode                       
20000a2d  switchFlipIndex                
ffffffff  __TI_pprof_out_hndl            
ffffffff  __TI_prof_data_size            
ffffffff  __TI_prof_data_start           
ffffffff  __binit__                      
ffffffff  __c_args__                     
ffffffff  binit                          
UNDEFED   SHT$$INIT_ARRAY$$Base          
UNDEFED   SHT$$INIT_ARRAY$$Limit         

[277 symbols]
