******************************************************************************
                  TI ARM Linker PC v16.9.6                     
******************************************************************************
>> Linked Tue May 01 17:46:45 2018

OUTPUT FILE NAME:   <Milestone.out>
ENTRY POINT SYMBOL: "_c_int00"  address: 00002f6d


MEMORY CONFIGURATION

         name            origin    length      used     unused   attr    fill
----------------------  --------  ---------  --------  --------  ----  --------
  FLASH                 00000000   00040000  00003c3a  0003c3c6  R  X
  SRAM                  20000000   00008000  000009f5  0000760b  RW X


SEGMENT ALLOCATION MAP

run origin  load origin   length   init length attrs members
----------  ----------- ---------- ----------- ----- -------
00000000    00000000    00003c40   00003c40    r-x
  00000000    00000000    0000026c   0000026c    r-- .intvecs
  0000026c    0000026c    00003336   00003336    r-x .text
  000035a4    000035a4    00000648   00000648    r-- .const
  00003bf0    00003bf0    00000050   00000050    r-- .cinit
20000000    20000000    000009f8   00000000    rw-
  20000000    20000000    0000026c   00000000    rw- .vtable
  2000026c    2000026c    00000361   00000000    rw- .bss
  200005d0    200005d0    00000200   00000000    rw- .stack
  200007d0    200007d0    00000200   00000000    rw- .sysmem
  200009d0    200009d0    00000028   00000000    rw- .data


SECTION ALLOCATION MAP

 output                                  attributes/
section   page    origin      length       input sections
--------  ----  ----------  ----------   ----------------
.intvecs   0    00000000    0000026c     
                  00000000    0000026c     tm4c123gh6pm_startup_ccs.obj (.intvecs)

.text      0    0000026c    00003336     
                  0000026c    00000c84     ustdlib.obj (.text)
                  00000ef0    00000950     OrbitOledGrph.obj (.text)
                  00001840    0000050c     Helicopter.obj (.text)
                  00001d4c    000003d0     rtsv7M4_T_le_v4SPD16_eabi.lib : memory.obj (.text)
                  0000211c    0000037c     OrbitOled.obj (.text)
                  00002498    00000204     OrbitOledChar.obj (.text)
                  0000269c    00000132     driverlib.lib : gpio.obj (.text:GPIOPadConfigSet)
                  000027ce    00000002     rtsv7M4_T_le_v4SPD16_eabi.lib : i_div0.obj (.text)
                  000027d0    00000110     driverlib.lib : sysctl.obj (.text:SysCtlClockGet)
                  000028e0    000000fc     rtsv7M4_T_le_v4SPD16_eabi.lib : fd_mul_t2.obj (.text)
                  000029dc    000000f4     driverlib.lib : sysctl.obj (.text:SysCtlClockSet)
                  00002ad0    000000b8     circBufT.obj (.text)
                  00002b88    0000009c     rtsv7M4_T_le_v4SPD16_eabi.lib : memcpy_t2.obj (.text)
                  00002c24    0000007a     driverlib.lib : adc.obj (.text:ADCSequenceStepConfigure)
                  00002c9e    0000007a     rtsv7M4_T_le_v4SPD16_eabi.lib : memset_t2.obj (.text)
                  00002d18    00000070                                   : autoinit.obj (.text)
                  00002d88    00000068     driverlib.lib : interrupt.obj (.text:IntEnable)
                  00002df0    00000068     rtsv7M4_T_le_v4SPD16_eabi.lib : copy_decompress_lzss.obj (.text:decompress:lzss)
                  00002e58    00000060     driverlib.lib : timer.obj (.text:TimerConfigure)
                  00002eb8    0000005c     delay.obj (.text)
                  00002f14    00000058     driverlib.lib : gpio.obj (.text:GPIOIntTypeSet)
                  00002f6c    00000054     rtsv7M4_T_le_v4SPD16_eabi.lib : boot.obj (.text)
                  00002fc0    00000054                                   : exit.obj (.text)
                  00003014    00000050     driverlib.lib : adc.obj (.text:ADCSequenceConfigure)
                  00003064    00000050                   : adc.obj (.text:_ADCIntNumberGet)
                  000030b4    0000004c                   : gpio.obj (.text:GPIOPinConfigure)
                  00003100    0000004c     rtsv7M4_T_le_v4SPD16_eabi.lib : cpy_tbl.obj (.text)
                  0000314c    00000048                                   : fd_toi_t2.obj (.text)
                  00003194    00000044     OrbitOLEDInterface.obj (.text)
                  000031d8    00000044     driverlib.lib : gpio.obj (.text:_GPIOIntNumberGet)
                  0000321c    00000040     rtsv7M4_T_le_v4SPD16_eabi.lib : u_divt2.obj (.text)
                  0000325c    0000003c     driverlib.lib : ssi.obj (.text:SSIConfigSetExpClk)
                  00003298    00000038                   : sysctl.obj (.text:SysCtlPeripheralReady)
                  000032d0    00000038     rtsv7M4_T_le_v4SPD16_eabi.lib : fs_tod_t2.obj (.text)
                  00003308    00000034     driverlib.lib : interrupt.obj (.text:IntRegister)
                  0000333c    00000034                   : sysctl.obj (.text:SysCtlPeripheralEnable)
                  00003370    0000002c                   : gpio.obj (.text:GPIODirModeSet)
                  0000339c    0000001e                   : adc.obj (.text:ADCSequenceDataGet)
                  000033ba    00000002     rtsv7M4_T_le_v4SPD16_eabi.lib : mpu_init.obj (.text)
                  000033bc    0000001c     driverlib.lib : systick.obj (.text:SysTickIntRegister)
                  000033d8    00000018                   : adc.obj (.text:ADCIntRegister)
                  000033f0    00000018                   : adc.obj (.text:ADCProcessorTrigger)
                  00003408    00000018                   : gpio.obj (.text:GPIOIntRegister)
                  00003420    00000018                   : gpio.obj (.text:GPIOPinTypeGPIOOutput)
                  00003438    00000018     rtsv7M4_T_le_v4SPD16_eabi.lib : args_main.obj (.text)
                  00003450    00000016     driverlib.lib : gpio.obj (.text:GPIOPinTypeGPIOInput)
                  00003466    00000016                   : gpio.obj (.text:GPIOPinTypeSSI)
                  0000347c    00000014                   : systick.obj (.text:SysTickEnable)
                  00003490    00000014                   : systick.obj (.text:SysTickIntEnable)
                  000034a4    00000014     rtsv7M4_T_le_v4SPD16_eabi.lib : _lock.obj (.text)
                  000034b8    00000010     driverlib.lib : adc.obj (.text:ADCIntEnable)
                  000034c8    00000010                   : interrupt.obj (.text:IntMasterEnable)
                  000034d8    00000010                   : systick.obj (.text:SysTickPeriodSet)
                  000034e8    0000000e                   : adc.obj (.text:ADCSequenceEnable)
                  000034f6    0000000e                   : timer.obj (.text:TimerEnable)
                  00003504    0000000e     rtsv7M4_T_le_v4SPD16_eabi.lib : copy_decompress_none.obj (.text:decompress:none)
                  00003512    0000000c     driverlib.lib : cpu.obj (.text:CPUcpsie)
                  0000351e    0000000c                   : gpio.obj (.text:GPIOIntEnable)
                  0000352a    0000000c                   : ssi.obj (.text:SSIDataGet)
                  00003536    0000000c     rtsv7M4_T_le_v4SPD16_eabi.lib : copy_zero_init.obj (.text:decompress:ZI)
                  00003542    0000000c     tm4c123gh6pm_startup_ccs.obj (.text)
                  0000354e    0000000a     driverlib.lib : adc.obj (.text:ADCIntClear)
                  00003558    0000000a                   : ssi.obj (.text:SSIDataPut)
                  00003562    0000000a                   : ssi.obj (.text:SSIEnable)
                  0000356c    0000000a                   : timer.obj (.text:TimerValueGet)
                  00003576    00000008                   : ssi.obj (.text:SSIBusy)
                  0000357e    00000006                   : gpio.obj (.text:GPIOIntClear)
                  00003584    00000006                   : gpio.obj (.text:GPIOPinRead)
                  0000358a    00000006                   : gpio.obj (.text:GPIOPinWrite)
                  00003590    00000006                   : ssi.obj (.text:SSIClockSourceSet)
                  00003596    00000006                   : sysctl.obj (.text:SysCtlDelay)
                  0000359c    00000004     rtsv7M4_T_le_v4SPD16_eabi.lib : pre_init.obj (.text)
                  000035a0    00000002                                   : startup.obj (.text)

.const     0    000035a4    00000648     
                  000035a4    00000300     ChrFont0.obj (.const:.string:rgbOledFont0)
                  000038a4    000000d8     driverlib.lib : gpio.obj (.const:g_ppui32GPIOIntMapSnowflake)
                  0000397c    000000c0                   : gpio.obj (.const:g_ppui32GPIOIntMapBlizzard)
                  00003a3c    00000090                   : gpio.obj (.const:g_pui32GPIOBaseAddrs)
                  00003acc    0000006c                   : sysctl.obj (.const:g_pui32Xtals)
                  00003b38    00000040     FillPat.obj (.const:.string:rgbFillPat)
                  00003b78    00000030     ustdlib.obj (.const:g_psDaysToMonth)
                  00003ba8    00000018     ustdlib.obj (.const:g_pfExponents)
                  00003bc0    00000014     driverlib.lib : interrupt.obj (.const:g_pui32EnRegs)
                  00003bd4    00000012     ustdlib.obj (.const:.string)
                  00003be6    00000002     --HOLE-- [fill = 0]
                  00003be8    00000004     ustdlib.obj (.const)

.cinit     0    00003bf0    00000050     
                  00003bf0    0000001b     (.cinit..data.load) [load image, compression = lzss]
                  00003c0b    00000001     --HOLE-- [fill = 0]
                  00003c0c    0000000c     (__TI_handler_table)
                  00003c18    00000008     (.cinit..bss.load) [load image, compression = zero_init]
                  00003c20    00000008     (.cinit..vtable.load) [load image, compression = zero_init]
                  00003c28    00000018     (__TI_cinit_table)

.init_array 
*          0    00000000    00000000     UNINITIALIZED

.vtable    0    20000000    0000026c     UNINITIALIZED
                  20000000    0000026c     driverlib.lib : interrupt.obj (.vtable)

.bss       0    2000026c    00000361     UNINITIALIZED
                  2000026c    00000200     (.common:rgbOledBmp)
                  2000046c    00000100     (.common:rgbOledFontUser)
                  2000056c    00000010     Helicopter.obj (.bss)
                  2000057c    00000010     Helicopter.obj (.bss:g_inBuffer)
                  2000058c    00000004     (.common:bnOledCur)
                  20000590    00000004     (.common:dxcoOledFontCur)
                  20000594    00000004     (.common:dycoOledFontCur)
                  20000598    00000004     (.common:fOledCharUpdate)
                  2000059c    00000004     (.common:modOledCur)
                  200005a0    00000004     (.common:pbOledCur)
                  200005a4    00000004     (.common:pbOledFontCur)
                  200005a8    00000004     (.common:pbOledFontUser)
                  200005ac    00000004     (.common:pbOledPatCur)
                  200005b0    00000004     (.common:pfnDoRop)
                  200005b4    00000004     (.common:xchOledCur)
                  200005b8    00000004     (.common:xchOledMax)
                  200005bc    00000004     (.common:xcoOledCur)
                  200005c0    00000004     (.common:ychOledCur)
                  200005c4    00000004     (.common:ychOledMax)
                  200005c8    00000004     (.common:ycoOledCur)
                  200005cc    00000001     (.common:clrOledCur)

.stack     0    200005d0    00000200     UNINITIALIZED
                  200005d0    00000200     --HOLE--

.sysmem    0    200007d0    00000200     UNINITIALIZED
                  200007d0    00000008     rtsv7M4_T_le_v4SPD16_eabi.lib : memory.obj (.sysmem)
                  200007d8    000001f8     --HOLE--

.data      0    200009d0    00000028     UNINITIALIZED
                  200009d0    0000000c     rtsv7M4_T_le_v4SPD16_eabi.lib : exit.obj (.data:$O1$$)
                  200009dc    0000000c                                   : memory.obj (.data:$O1$$)
                  200009e8    00000008                                   : _lock.obj (.data:$O1$$)
                  200009f0    00000004                                   : stkdepth_vars.obj (.data)
                  200009f4    00000004     ustdlib.obj (.data)

MODULE SUMMARY

       Module                         code    ro data   rw data
       ------                         ----    -------   -------
    .\
       ustdlib.obj                    3204    94        4      
       Helicopter.obj                 1292    0         32     
       tm4c123gh6pm_startup_ccs.obj   12      620       0      
       circBufT.obj                   184     0         0      
    +--+------------------------------+-------+---------+---------+
       Total:                         4692    714       36     
                                                               
    .\OrbitOLED\
       OrbitOLEDInterface.obj         68      0         0      
    +--+------------------------------+-------+---------+---------+
       Total:                         68      0         0      
                                                               
    .\OrbitOLED\lib_OrbitOled\
       OrbitOledGrph.obj              2384    0         8      
       OrbitOled.obj                  892     0         553    
       OrbitOledChar.obj              516     0         272    
       ChrFont0.obj                   0       768       0      
       delay.obj                      92      0         0      
       FillPat.obj                    0       64        0      
    +--+------------------------------+-------+---------+---------+
       Total:                         3884    832       833    
                                                               
    C:/ti/TivaWare_C_Series-2.1.4.178/driverlib/ccs/Debug/driverlib.lib
       gpio.obj                       704     552       0      
       interrupt.obj                  172     20        620    
       sysctl.obj                     630     108       0      
       adc.obj                        400     0         0      
       timer.obj                      120     0         0      
       ssi.obj                        106     0         0      
       systick.obj                    84      0         0      
       cpu.obj                        12      0         0      
    +--+------------------------------+-------+---------+---------+
       Total:                         2228    680       620    
                                                               
    C:\ti\ccsv7\tools\compiler\ti-cgt-arm_16.9.6.LTS\lib\rtsv7M4_T_le_v4SPD16_eabi.lib
       memory.obj                     976     0         12     
       fd_mul_t2.obj                  252     0         0      
       memcpy_t2.obj                  156     0         0      
       memset_t2.obj                  122     0         0      
       autoinit.obj                   112     0         0      
       copy_decompress_lzss.obj       104     0         0      
       exit.obj                       84      0         12     
       boot.obj                       84      0         0      
       cpy_tbl.obj                    76      0         0      
       fd_toi_t2.obj                  72      0         0      
       u_divt2.obj                    64      0         0      
       fs_tod_t2.obj                  56      0         0      
       _lock.obj                      20      0         8      
       args_main.obj                  24      0         0      
       copy_decompress_none.obj       14      0         0      
       copy_zero_init.obj             12      0         0      
       pre_init.obj                   4       0         0      
       stkdepth_vars.obj              0       0         4      
       i_div0.obj                     2       0         0      
       mpu_init.obj                   2       0         0      
       startup.obj                    2       0         0      
    +--+------------------------------+-------+---------+---------+
       Total:                         2238    0         36     
                                                               
       Heap:                          0       0         512    
       Stack:                         0       0         512    
       Linker Generated:              0       79        0      
    +--+------------------------------+-------+---------+---------+
       Grand Total:                   13110   2305      2549   


LINKER GENERATED COPY TABLES

__TI_cinit_table @ 00003c28 records: 3, size/record: 8, table size: 24
	.data: load addr=00003bf0, load size=0000001b bytes, run addr=200009d0, run size=00000028 bytes, compression=lzss
	.bss: load addr=00003c18, load size=00000008 bytes, run addr=2000026c, run size=00000361 bytes, compression=zero_init
	.vtable: load addr=00003c20, load size=00000008 bytes, run addr=20000000, run size=0000026c bytes, compression=zero_init


LINKER GENERATED HANDLER TABLE

__TI_handler_table @ 00003c0c records: 3, size/record: 4, table size: 12
	index: 0, handler: __TI_zero_init
	index: 1, handler: __TI_decompress_lzss
	index: 2, handler: __TI_decompress_none


GLOBAL SYMBOLS: SORTED ALPHABETICALLY BY Name 

address   name                           
-------   ----                           
0000354f  ADCIntClear                    
000034b9  ADCIntEnable                   
00001855  ADCIntHandler                  
000033d9  ADCIntRegister                 
000033f1  ADCProcessorTrigger            
00003015  ADCSequenceConfigure           
0000339d  ADCSequenceDataGet             
000034e9  ADCSequenceEnable              
00002c25  ADCSequenceStepConfigure       
00002fc1  C$$EXIT                        
00003513  CPUcpsie                       
00002eb9  DelayInit                      
00002ed3  DelayMs                        
00003371  GPIODirModeSet                 
0000357f  GPIOIntClear                   
0000351f  GPIOIntEnable                  
00003409  GPIOIntRegister                
00002f15  GPIOIntTypeSet                 
0000269d  GPIOPadConfigSet               
000030b5  GPIOPinConfigure               
00003585  GPIOPinRead                    
00003451  GPIOPinTypeGPIOInput           
00003421  GPIOPinTypeGPIOOutput          
00003467  GPIOPinTypeSSI                 
0000358b  GPIOPinWrite                   
00002d89  IntEnable                      
000034c9  IntMasterEnable                
00003309  IntRegister                    
000031bb  OLEDInitialise                 
00003195  OLEDStringDraw                 
00002631  OrbitOledAdvanceCursor         
000017e1  OrbitOledClampXco              
00001801  OrbitOledClampYco              
000022f9  OrbitOledClear                 
00002305  OrbitOledClearBuffer           
00002501  OrbitOledDefUserChar           
00002275  OrbitOledDevInit               
00001623  OrbitOledDrawChar              
000025b9  OrbitOledDrawGlyph             
00000fe7  OrbitOledDrawPixel             
0000112d  OrbitOledDrawRect              
00001683  OrbitOledDrawString            
000021fb  OrbitOledDvrInit               
000011b1  OrbitOledFillRect              
000012f5  OrbitOledGetBmp                
00002569  OrbitOledGetCharUpdate         
000024e5  OrbitOledGetCursor             
00000fe1  OrbitOledGetDrawMode           
00001013  OrbitOledGetPixel              
00000f37  OrbitOledGetPos                
00000f6b  OrbitOledGetStdPattern         
00002131  OrbitOledHostInit              
0000211d  OrbitOledInit                  
0000102d  OrbitOledLineTo                
00001779  OrbitOledMoveDown              
000017af  OrbitOledMoveLeft              
000017c7  OrbitOledMoveRight             
00000ef1  OrbitOledMoveTo                
00001741  OrbitOledMoveUp                
00001455  OrbitOledPutBmp                
0000238f  OrbitOledPutBuffer             
0000256f  OrbitOledPutChar               
0000258d  OrbitOledPutString             
000016ef  OrbitOledRopAnd                
000016cb  OrbitOledRopOr                 
000016a1  OrbitOledRopSet                
00001713  OrbitOledRopXor                
00002551  OrbitOledSetCharUpdate         
00002499  OrbitOledSetCursor             
00000f53  OrbitOledSetDrawColor          
00000f8d  OrbitOledSetDrawMode           
00000f7d  OrbitOledSetFillPattern        
00002335  OrbitOledUpdate                
00003543  ResetISR                       
UNDEFED   SHT$$INIT_ARRAY$$Base          
UNDEFED   SHT$$INIT_ARRAY$$Limit         
00003577  SSIBusy                        
00003591  SSIClockSourceSet              
0000325d  SSIConfigSetExpClk             
0000352b  SSIDataGet                     
00003559  SSIDataPut                     
00003563  SSIEnable                      
000023f5  Ssi3PutByte                    
000027d1  SysCtlClockGet                 
000029dd  SysCtlClockSet                 
00003597  SysCtlDelay                    
0000333d  SysCtlPeripheralEnable         
00003299  SysCtlPeripheralReady          
0000347d  SysTickEnable                  
00003491  SysTickIntEnable               
00001841  SysTickIntHandler              
000033bd  SysTickIntRegister             
000034d9  SysTickPeriodSet               
00002e59  TimerConfigure                 
000034f7  TimerEnable                    
0000356d  TimerValueGet                  
00001a93  YawDegCalc                     
00001b11  YawIntHandler                  
200007d0  __STACK_END                    
00000200  __STACK_SIZE                   
200007d0  __STACK_TOP                    
00000200  __SYSMEM_SIZE                  
00003c28  __TI_CINIT_Base                
00003c40  __TI_CINIT_Limit               
00003c0c  __TI_Handler_Table_Base        
00003c18  __TI_Handler_Table_Limit       
00002d19  __TI_auto_init                 
200009d0  __TI_cleanup_ptr               
00002df1  __TI_decompress_lzss           
00003505  __TI_decompress_none           
200009d4  __TI_dtors_ptr                 
200009d8  __TI_enable_exit_profile_output
ffffffff  __TI_pprof_out_hndl            
ffffffff  __TI_prof_data_size            
ffffffff  __TI_prof_data_start           
00000000  __TI_static_base__             
00003537  __TI_zero_init                 
0000314d  __aeabi_d2iz                   
000028e1  __aeabi_dmul                   
000032d1  __aeabi_f2d                    
000027cf  __aeabi_idiv0                  
00002c9f  __aeabi_memclr                 
00002c9f  __aeabi_memclr4                
00002c9f  __aeabi_memclr8                
00002b89  __aeabi_memcpy                 
00002b89  __aeabi_memcpy4                
00002b89  __aeabi_memcpy8                
00002ca1  __aeabi_memset                 
00002ca1  __aeabi_memset4                
00002ca1  __aeabi_memset8                
0000321d  __aeabi_uidiv                  
0000321d  __aeabi_uidivmod               
ffffffff  __binit__                      
ffffffff  __c_args__                     
000033bb  __mpu_init                     
200005d0  __stack                        
00003439  _args_main                     
00002f6d  _c_int00                       
200009e8  _lock                          
000034b3  _nop                           
000034ab  _register_lock                 
000034a5  _register_unlock               
200007d0  _sys_memory                    
000035a1  _system_post_cinit             
0000359d  _system_pre_init               
200009ec  _unlock                        
00002fc5  abort                          
ffffffff  binit                          
2000058c  bnOledCur                      
000020ed  calloc                         
200005cc  clrOledCur                     
00003101  copy_in                        
00001975  displayMeanVal                 
20000590  dxcoOledFontCur                
20000594  dycoOledFontCur                
00002fcd  exit                           
20000598  fOledCharUpdate                
00001e37  free                           
00002b63  freeCircBuf                    
20000000  g_pfnRAMVectors                
00000000  g_pfnVectors                   
00001899  initADC                        
0000193b  initButtonConfiguration        
00002ad1  initCircBuf                    
00001873  initClock                      
000018d5  initDisplay                    
00001905  initGPIOInterrupts             
00001c65  main                           
200009f0  main_func_sp                   
00001dcd  malloc                         
00002001  memalign                       
00002b89  memcpy                         
00002ca7  memset                         
00001d4d  minit                          
2000059c  modOledCur                     
200005a0  pbOledCur                      
200005a4  pbOledFontCur                  
200005a8  pbOledFontUser                 
200005ac  pbOledPatCur                   
200005b0  pfnDoRop                       
00002b2f  readCircBuf                    
00001ef7  realloc                        
00003b38  rgbFillPat                     
2000026c  rgbOledBmp                     
000035a4  rgbOledFont0                   
2000046c  rgbOledFontUser                
00000751  ulocaltime                     
0000094f  umktime                        
00000ec9  urand                          
00000721  usnprintf                      
000006ef  usprintf                       
00000eb9  usrand                         
00000e31  ustrcasecmp                    
00000ea5  ustrcmp                        
00000d35  ustrlen                        
00000d8d  ustrncasecmp                   
00000e45  ustrncmp                       
0000026d  ustrncpy                       
00000d57  ustrstr                        
00000afd  ustrtof                        
000009c5  ustrtoul                       
000002c5  uvsnprintf                     
00002afb  writeCircBuf                   
200005b4  xchOledCur                     
200005b8  xchOledMax                     
200005bc  xcoOledCur                     
200005c0  ychOledCur                     
200005c4  ychOledMax                     
200005c8  ycoOledCur                     


GLOBAL SYMBOLS: SORTED BY Symbol Address 

address   name                           
-------   ----                           
00000000  __TI_static_base__             
00000000  g_pfnVectors                   
00000200  __STACK_SIZE                   
00000200  __SYSMEM_SIZE                  
0000026d  ustrncpy                       
000002c5  uvsnprintf                     
000006ef  usprintf                       
00000721  usnprintf                      
00000751  ulocaltime                     
0000094f  umktime                        
000009c5  ustrtoul                       
00000afd  ustrtof                        
00000d35  ustrlen                        
00000d57  ustrstr                        
00000d8d  ustrncasecmp                   
00000e31  ustrcasecmp                    
00000e45  ustrncmp                       
00000ea5  ustrcmp                        
00000eb9  usrand                         
00000ec9  urand                          
00000ef1  OrbitOledMoveTo                
00000f37  OrbitOledGetPos                
00000f53  OrbitOledSetDrawColor          
00000f6b  OrbitOledGetStdPattern         
00000f7d  OrbitOledSetFillPattern        
00000f8d  OrbitOledSetDrawMode           
00000fe1  OrbitOledGetDrawMode           
00000fe7  OrbitOledDrawPixel             
00001013  OrbitOledGetPixel              
0000102d  OrbitOledLineTo                
0000112d  OrbitOledDrawRect              
000011b1  OrbitOledFillRect              
000012f5  OrbitOledGetBmp                
00001455  OrbitOledPutBmp                
00001623  OrbitOledDrawChar              
00001683  OrbitOledDrawString            
000016a1  OrbitOledRopSet                
000016cb  OrbitOledRopOr                 
000016ef  OrbitOledRopAnd                
00001713  OrbitOledRopXor                
00001741  OrbitOledMoveUp                
00001779  OrbitOledMoveDown              
000017af  OrbitOledMoveLeft              
000017c7  OrbitOledMoveRight             
000017e1  OrbitOledClampXco              
00001801  OrbitOledClampYco              
00001841  SysTickIntHandler              
00001855  ADCIntHandler                  
00001873  initClock                      
00001899  initADC                        
000018d5  initDisplay                    
00001905  initGPIOInterrupts             
0000193b  initButtonConfiguration        
00001975  displayMeanVal                 
00001a93  YawDegCalc                     
00001b11  YawIntHandler                  
00001c65  main                           
00001d4d  minit                          
00001dcd  malloc                         
00001e37  free                           
00001ef7  realloc                        
00002001  memalign                       
000020ed  calloc                         
0000211d  OrbitOledInit                  
00002131  OrbitOledHostInit              
000021fb  OrbitOledDvrInit               
00002275  OrbitOledDevInit               
000022f9  OrbitOledClear                 
00002305  OrbitOledClearBuffer           
00002335  OrbitOledUpdate                
0000238f  OrbitOledPutBuffer             
000023f5  Ssi3PutByte                    
00002499  OrbitOledSetCursor             
000024e5  OrbitOledGetCursor             
00002501  OrbitOledDefUserChar           
00002551  OrbitOledSetCharUpdate         
00002569  OrbitOledGetCharUpdate         
0000256f  OrbitOledPutChar               
0000258d  OrbitOledPutString             
000025b9  OrbitOledDrawGlyph             
00002631  OrbitOledAdvanceCursor         
0000269d  GPIOPadConfigSet               
000027cf  __aeabi_idiv0                  
000027d1  SysCtlClockGet                 
000028e1  __aeabi_dmul                   
000029dd  SysCtlClockSet                 
00002ad1  initCircBuf                    
00002afb  writeCircBuf                   
00002b2f  readCircBuf                    
00002b63  freeCircBuf                    
00002b89  __aeabi_memcpy                 
00002b89  __aeabi_memcpy4                
00002b89  __aeabi_memcpy8                
00002b89  memcpy                         
00002c25  ADCSequenceStepConfigure       
00002c9f  __aeabi_memclr                 
00002c9f  __aeabi_memclr4                
00002c9f  __aeabi_memclr8                
00002ca1  __aeabi_memset                 
00002ca1  __aeabi_memset4                
00002ca1  __aeabi_memset8                
00002ca7  memset                         
00002d19  __TI_auto_init                 
00002d89  IntEnable                      
00002df1  __TI_decompress_lzss           
00002e59  TimerConfigure                 
00002eb9  DelayInit                      
00002ed3  DelayMs                        
00002f15  GPIOIntTypeSet                 
00002f6d  _c_int00                       
00002fc1  C$$EXIT                        
00002fc5  abort                          
00002fcd  exit                           
00003015  ADCSequenceConfigure           
000030b5  GPIOPinConfigure               
00003101  copy_in                        
0000314d  __aeabi_d2iz                   
00003195  OLEDStringDraw                 
000031bb  OLEDInitialise                 
0000321d  __aeabi_uidiv                  
0000321d  __aeabi_uidivmod               
0000325d  SSIConfigSetExpClk             
00003299  SysCtlPeripheralReady          
000032d1  __aeabi_f2d                    
00003309  IntRegister                    
0000333d  SysCtlPeripheralEnable         
00003371  GPIODirModeSet                 
0000339d  ADCSequenceDataGet             
000033bb  __mpu_init                     
000033bd  SysTickIntRegister             
000033d9  ADCIntRegister                 
000033f1  ADCProcessorTrigger            
00003409  GPIOIntRegister                
00003421  GPIOPinTypeGPIOOutput          
00003439  _args_main                     
00003451  GPIOPinTypeGPIOInput           
00003467  GPIOPinTypeSSI                 
0000347d  SysTickEnable                  
00003491  SysTickIntEnable               
000034a5  _register_unlock               
000034ab  _register_lock                 
000034b3  _nop                           
000034b9  ADCIntEnable                   
000034c9  IntMasterEnable                
000034d9  SysTickPeriodSet               
000034e9  ADCSequenceEnable              
000034f7  TimerEnable                    
00003505  __TI_decompress_none           
00003513  CPUcpsie                       
0000351f  GPIOIntEnable                  
0000352b  SSIDataGet                     
00003537  __TI_zero_init                 
00003543  ResetISR                       
0000354f  ADCIntClear                    
00003559  SSIDataPut                     
00003563  SSIEnable                      
0000356d  TimerValueGet                  
00003577  SSIBusy                        
0000357f  GPIOIntClear                   
00003585  GPIOPinRead                    
0000358b  GPIOPinWrite                   
00003591  SSIClockSourceSet              
00003597  SysCtlDelay                    
0000359d  _system_pre_init               
000035a1  _system_post_cinit             
000035a4  rgbOledFont0                   
00003b38  rgbFillPat                     
00003c0c  __TI_Handler_Table_Base        
00003c18  __TI_Handler_Table_Limit       
00003c28  __TI_CINIT_Base                
00003c40  __TI_CINIT_Limit               
20000000  g_pfnRAMVectors                
2000026c  rgbOledBmp                     
2000046c  rgbOledFontUser                
2000058c  bnOledCur                      
20000590  dxcoOledFontCur                
20000594  dycoOledFontCur                
20000598  fOledCharUpdate                
2000059c  modOledCur                     
200005a0  pbOledCur                      
200005a4  pbOledFontCur                  
200005a8  pbOledFontUser                 
200005ac  pbOledPatCur                   
200005b0  pfnDoRop                       
200005b4  xchOledCur                     
200005b8  xchOledMax                     
200005bc  xcoOledCur                     
200005c0  ychOledCur                     
200005c4  ychOledMax                     
200005c8  ycoOledCur                     
200005cc  clrOledCur                     
200005d0  __stack                        
200007d0  __STACK_END                    
200007d0  __STACK_TOP                    
200007d0  _sys_memory                    
200009d0  __TI_cleanup_ptr               
200009d4  __TI_dtors_ptr                 
200009d8  __TI_enable_exit_profile_output
200009e8  _lock                          
200009ec  _unlock                        
200009f0  main_func_sp                   
ffffffff  __TI_pprof_out_hndl            
ffffffff  __TI_prof_data_size            
ffffffff  __TI_prof_data_start           
ffffffff  __binit__                      
ffffffff  __c_args__                     
ffffffff  binit                          
UNDEFED   SHT$$INIT_ARRAY$$Base          
UNDEFED   SHT$$INIT_ARRAY$$Limit         

[209 symbols]
