<?xml version="1.0"?>
<link_info>
   <banner>TI ARM Linker PC v16.9.6.LTS</banner>
   <copyright>Copyright (c) 1996-2017 Texas Instruments Incorporated</copyright>
   <link_time>0x5b03ff29</link_time>
   <link_errors>0x0</link_errors>
   <output_file>Milestone.out</output_file>
   <entry_point>
      <name>_c_int00</name>
      <address>0x39a9</address>
   </entry_point>
   <input_file_list>
      <input_file id="fl-2">
         <path>.\</path>
         <kind>object</kind>
         <file>ButtonControl.obj</file>
         <name>ButtonControl.obj</name>
      </input_file>
      <input_file id="fl-3">
         <path>.\</path>
         <kind>object</kind>
         <file>Helicopter.obj</file>
         <name>Helicopter.obj</name>
      </input_file>
      <input_file id="fl-4">
         <path>.\</path>
         <kind>object</kind>
         <file>UART.obj</file>
         <name>UART.obj</name>
      </input_file>
      <input_file id="fl-5">
         <path>.\</path>
         <kind>object</kind>
         <file>buttons4.obj</file>
         <name>buttons4.obj</name>
      </input_file>
      <input_file id="fl-6">
         <path>.\</path>
         <kind>object</kind>
         <file>circBufT.obj</file>
         <name>circBufT.obj</name>
      </input_file>
      <input_file id="fl-7">
         <path>.\</path>
         <kind>object</kind>
         <file>heliADC.obj</file>
         <name>heliADC.obj</name>
      </input_file>
      <input_file id="fl-8">
         <path>.\</path>
         <kind>object</kind>
         <file>heliPID.obj</file>
         <name>heliPID.obj</name>
      </input_file>
      <input_file id="fl-9">
         <path>.\</path>
         <kind>object</kind>
         <file>heliPWM.obj</file>
         <name>heliPWM.obj</name>
      </input_file>
      <input_file id="fl-a">
         <path>.\</path>
         <kind>object</kind>
         <file>heliYAW.obj</file>
         <name>heliYAW.obj</name>
      </input_file>
      <input_file id="fl-b">
         <path>.\</path>
         <kind>object</kind>
         <file>main.obj</file>
         <name>main.obj</name>
      </input_file>
      <input_file id="fl-c">
         <path>.\</path>
         <kind>object</kind>
         <file>pacer.obj</file>
         <name>pacer.obj</name>
      </input_file>
      <input_file id="fl-d">
         <path>.\</path>
         <kind>object</kind>
         <file>tm4c123gh6pm_startup_ccs.obj</file>
         <name>tm4c123gh6pm_startup_ccs.obj</name>
      </input_file>
      <input_file id="fl-e">
         <path>.\</path>
         <kind>object</kind>
         <file>ustdlib.obj</file>
         <name>ustdlib.obj</name>
      </input_file>
      <input_file id="fl-f">
         <path>.\OrbitOLED\</path>
         <kind>object</kind>
         <file>OrbitOLEDInterface.obj</file>
         <name>OrbitOLEDInterface.obj</name>
      </input_file>
      <input_file id="fl-10">
         <path>.\OrbitOLED\lib_OrbitOled\</path>
         <kind>object</kind>
         <file>ChrFont0.obj</file>
         <name>ChrFont0.obj</name>
      </input_file>
      <input_file id="fl-11">
         <path>.\OrbitOLED\lib_OrbitOled\</path>
         <kind>object</kind>
         <file>FillPat.obj</file>
         <name>FillPat.obj</name>
      </input_file>
      <input_file id="fl-12">
         <path>.\OrbitOLED\lib_OrbitOled\</path>
         <kind>object</kind>
         <file>OrbitOled.obj</file>
         <name>OrbitOled.obj</name>
      </input_file>
      <input_file id="fl-13">
         <path>.\OrbitOLED\lib_OrbitOled\</path>
         <kind>object</kind>
         <file>OrbitOledChar.obj</file>
         <name>OrbitOledChar.obj</name>
      </input_file>
      <input_file id="fl-14">
         <path>.\OrbitOLED\lib_OrbitOled\</path>
         <kind>object</kind>
         <file>OrbitOledGrph.obj</file>
         <name>OrbitOledGrph.obj</name>
      </input_file>
      <input_file id="fl-15">
         <path>.\OrbitOLED\lib_OrbitOled\</path>
         <kind>object</kind>
         <file>delay.obj</file>
         <name>delay.obj</name>
      </input_file>
      <input_file id="fl-1a">
         <kind>object</kind>
         <file>&lt;internal&gt;</file>
         <name>&lt;internal&gt;</name>
      </input_file>
      <input_file id="fl-d0">
         <path>C:\ti\ccsv7\tools\compiler\ti-cgt-arm_16.9.6.LTS\lib\</path>
         <kind>archive</kind>
         <file>rtsv7M4_T_le_v4SPD16_eabi.lib</file>
         <name>boot.obj</name>
      </input_file>
      <input_file id="fl-d1">
         <path>C:\ti\ccsv7\tools\compiler\ti-cgt-arm_16.9.6.LTS\lib\</path>
         <kind>archive</kind>
         <file>rtsv7M4_T_le_v4SPD16_eabi.lib</file>
         <name>copy_decompress_lzss.obj</name>
      </input_file>
      <input_file id="fl-d2">
         <path>C:\ti\ccsv7\tools\compiler\ti-cgt-arm_16.9.6.LTS\lib\</path>
         <kind>archive</kind>
         <file>rtsv7M4_T_le_v4SPD16_eabi.lib</file>
         <name>copy_decompress_none.obj</name>
      </input_file>
      <input_file id="fl-d3">
         <path>C:\ti\ccsv7\tools\compiler\ti-cgt-arm_16.9.6.LTS\lib\</path>
         <kind>archive</kind>
         <file>rtsv7M4_T_le_v4SPD16_eabi.lib</file>
         <name>copy_zero_init.obj</name>
      </input_file>
      <input_file id="fl-d4">
         <path>C:\ti\ccsv7\tools\compiler\ti-cgt-arm_16.9.6.LTS\lib\</path>
         <kind>archive</kind>
         <file>rtsv7M4_T_le_v4SPD16_eabi.lib</file>
         <name>exit.obj</name>
      </input_file>
      <input_file id="fl-d5">
         <path>C:\ti\ccsv7\tools\compiler\ti-cgt-arm_16.9.6.LTS\lib\</path>
         <kind>archive</kind>
         <file>rtsv7M4_T_le_v4SPD16_eabi.lib</file>
         <name>fd_div_t2.obj</name>
      </input_file>
      <input_file id="fl-d6">
         <path>C:\ti\ccsv7\tools\compiler\ti-cgt-arm_16.9.6.LTS\lib\</path>
         <kind>archive</kind>
         <file>rtsv7M4_T_le_v4SPD16_eabi.lib</file>
         <name>fd_mul_t2.obj</name>
      </input_file>
      <input_file id="fl-d7">
         <path>C:\ti\ccsv7\tools\compiler\ti-cgt-arm_16.9.6.LTS\lib\</path>
         <kind>archive</kind>
         <file>rtsv7M4_T_le_v4SPD16_eabi.lib</file>
         <name>fd_toi_t2.obj</name>
      </input_file>
      <input_file id="fl-d8">
         <path>C:\ti\ccsv7\tools\compiler\ti-cgt-arm_16.9.6.LTS\lib\</path>
         <kind>archive</kind>
         <file>rtsv7M4_T_le_v4SPD16_eabi.lib</file>
         <name>fs_tod_t2.obj</name>
      </input_file>
      <input_file id="fl-d9">
         <path>C:\ti\ccsv7\tools\compiler\ti-cgt-arm_16.9.6.LTS\lib\</path>
         <kind>archive</kind>
         <file>rtsv7M4_T_le_v4SPD16_eabi.lib</file>
         <name>i_tofd_t2.obj</name>
      </input_file>
      <input_file id="fl-da">
         <path>C:\ti\ccsv7\tools\compiler\ti-cgt-arm_16.9.6.LTS\lib\</path>
         <kind>archive</kind>
         <file>rtsv7M4_T_le_v4SPD16_eabi.lib</file>
         <name>memcpy_t2.obj</name>
      </input_file>
      <input_file id="fl-db">
         <path>C:\ti\ccsv7\tools\compiler\ti-cgt-arm_16.9.6.LTS\lib\</path>
         <kind>archive</kind>
         <file>rtsv7M4_T_le_v4SPD16_eabi.lib</file>
         <name>memory.obj</name>
      </input_file>
      <input_file id="fl-dc">
         <path>C:\ti\ccsv7\tools\compiler\ti-cgt-arm_16.9.6.LTS\lib\</path>
         <kind>archive</kind>
         <file>rtsv7M4_T_le_v4SPD16_eabi.lib</file>
         <name>memset_t2.obj</name>
      </input_file>
      <input_file id="fl-dd">
         <path>C:\ti\ccsv7\tools\compiler\ti-cgt-arm_16.9.6.LTS\lib\</path>
         <kind>archive</kind>
         <file>rtsv7M4_T_le_v4SPD16_eabi.lib</file>
         <name>mpu_init.obj</name>
      </input_file>
      <input_file id="fl-de">
         <path>C:\ti\ccsv7\tools\compiler\ti-cgt-arm_16.9.6.LTS\lib\</path>
         <kind>archive</kind>
         <file>rtsv7M4_T_le_v4SPD16_eabi.lib</file>
         <name>pre_init.obj</name>
      </input_file>
      <input_file id="fl-df">
         <path>C:\ti\ccsv7\tools\compiler\ti-cgt-arm_16.9.6.LTS\lib\</path>
         <kind>archive</kind>
         <file>rtsv7M4_T_le_v4SPD16_eabi.lib</file>
         <name>stkdepth_vars.obj</name>
      </input_file>
      <input_file id="fl-e0">
         <path>C:\ti\ccsv7\tools\compiler\ti-cgt-arm_16.9.6.LTS\lib\</path>
         <kind>archive</kind>
         <file>rtsv7M4_T_le_v4SPD16_eabi.lib</file>
         <name>u_divt2.obj</name>
      </input_file>
      <input_file id="fl-e1">
         <path>C:\ti\ccsv7\tools\compiler\ti-cgt-arm_16.9.6.LTS\lib\</path>
         <kind>archive</kind>
         <file>rtsv7M4_T_le_v4SPD16_eabi.lib</file>
         <name>u_tofd_t2.obj</name>
      </input_file>
      <input_file id="fl-e2">
         <path>C:\ti\ccsv7\tools\compiler\ti-cgt-arm_16.9.6.LTS\lib\</path>
         <kind>archive</kind>
         <file>rtsv7M4_T_le_v4SPD16_eabi.lib</file>
         <name>_lock.obj</name>
      </input_file>
      <input_file id="fl-e3">
         <path>C:\ti\ccsv7\tools\compiler\ti-cgt-arm_16.9.6.LTS\lib\</path>
         <kind>archive</kind>
         <file>rtsv7M4_T_le_v4SPD16_eabi.lib</file>
         <name>args_main.obj</name>
      </input_file>
      <input_file id="fl-e4">
         <path>C:\ti\ccsv7\tools\compiler\ti-cgt-arm_16.9.6.LTS\lib\</path>
         <kind>archive</kind>
         <file>rtsv7M4_T_le_v4SPD16_eabi.lib</file>
         <name>autoinit.obj</name>
      </input_file>
      <input_file id="fl-e5">
         <path>C:\ti\ccsv7\tools\compiler\ti-cgt-arm_16.9.6.LTS\lib\</path>
         <kind>archive</kind>
         <file>rtsv7M4_T_le_v4SPD16_eabi.lib</file>
         <name>cpy_tbl.obj</name>
      </input_file>
      <input_file id="fl-e6">
         <path>C:\ti\ccsv7\tools\compiler\ti-cgt-arm_16.9.6.LTS\lib\</path>
         <kind>archive</kind>
         <file>rtsv7M4_T_le_v4SPD16_eabi.lib</file>
         <name>i_div0.obj</name>
      </input_file>
      <input_file id="fl-e7">
         <path>C:\ti\ccsv7\tools\compiler\ti-cgt-arm_16.9.6.LTS\lib\</path>
         <kind>archive</kind>
         <file>rtsv7M4_T_le_v4SPD16_eabi.lib</file>
         <name>startup.obj</name>
      </input_file>
      <input_file id="fl-e8">
         <path>C:\ti\TivaWare_C_Series-2.1.4.178\driverlib\ccs\Debug\</path>
         <kind>archive</kind>
         <file>driverlib.lib</file>
         <name>adc.obj</name>
      </input_file>
      <input_file id="fl-e9">
         <path>C:\ti\TivaWare_C_Series-2.1.4.178\driverlib\ccs\Debug\</path>
         <kind>archive</kind>
         <file>driverlib.lib</file>
         <name>gpio.obj</name>
      </input_file>
      <input_file id="fl-ea">
         <path>C:\ti\TivaWare_C_Series-2.1.4.178\driverlib\ccs\Debug\</path>
         <kind>archive</kind>
         <file>driverlib.lib</file>
         <name>interrupt.obj</name>
      </input_file>
      <input_file id="fl-eb">
         <path>C:\ti\TivaWare_C_Series-2.1.4.178\driverlib\ccs\Debug\</path>
         <kind>archive</kind>
         <file>driverlib.lib</file>
         <name>pwm.obj</name>
      </input_file>
      <input_file id="fl-ec">
         <path>C:\ti\TivaWare_C_Series-2.1.4.178\driverlib\ccs\Debug\</path>
         <kind>archive</kind>
         <file>driverlib.lib</file>
         <name>ssi.obj</name>
      </input_file>
      <input_file id="fl-ed">
         <path>C:\ti\TivaWare_C_Series-2.1.4.178\driverlib\ccs\Debug\</path>
         <kind>archive</kind>
         <file>driverlib.lib</file>
         <name>sysctl.obj</name>
      </input_file>
      <input_file id="fl-ee">
         <path>C:\ti\TivaWare_C_Series-2.1.4.178\driverlib\ccs\Debug\</path>
         <kind>archive</kind>
         <file>driverlib.lib</file>
         <name>systick.obj</name>
      </input_file>
      <input_file id="fl-ef">
         <path>C:\ti\TivaWare_C_Series-2.1.4.178\driverlib\ccs\Debug\</path>
         <kind>archive</kind>
         <file>driverlib.lib</file>
         <name>timer.obj</name>
      </input_file>
      <input_file id="fl-f0">
         <path>C:\ti\TivaWare_C_Series-2.1.4.178\driverlib\ccs\Debug\</path>
         <kind>archive</kind>
         <file>driverlib.lib</file>
         <name>uart.obj</name>
      </input_file>
      <input_file id="fl-f1">
         <path>C:\ti\TivaWare_C_Series-2.1.4.178\driverlib\ccs\Debug\</path>
         <kind>archive</kind>
         <file>driverlib.lib</file>
         <name>cpu.obj</name>
      </input_file>
   </input_file_list>
   <object_component_list>
      <object_component id="oc-f">
         <name>.intvecs</name>
         <load_address>0x0</load_address>
         <run_address>0x0</run_address>
         <size>0x26c</size>
         <input_file_ref idref="fl-d"/>
      </object_component>
      <object_component id="oc-188">
         <name>.text</name>
         <load_address>0x26c</load_address>
         <run_address>0x26c</run_address>
         <size>0xc84</size>
         <input_file_ref idref="fl-e"/>
      </object_component>
      <object_component id="oc-391">
         <name>.text</name>
         <load_address>0xef0</load_address>
         <run_address>0xef0</run_address>
         <size>0x950</size>
         <input_file_ref idref="fl-14"/>
      </object_component>
      <object_component id="oc-1fc">
         <name>.text</name>
         <load_address>0x1840</load_address>
         <run_address>0x1840</run_address>
         <size>0x3d0</size>
         <input_file_ref idref="fl-db"/>
      </object_component>
      <object_component id="oc-29f">
         <name>.text</name>
         <load_address>0x1c10</load_address>
         <run_address>0x1c10</run_address>
         <size>0x37c</size>
         <input_file_ref idref="fl-12"/>
      </object_component>
      <object_component id="oc-e3">
         <name>.text</name>
         <load_address>0x1f8c</load_address>
         <run_address>0x1f8c</run_address>
         <size>0x26c</size>
         <input_file_ref idref="fl-3"/>
      </object_component>
      <object_component id="oc-e9">
         <name>.text</name>
         <load_address>0x21f8</load_address>
         <run_address>0x21f8</run_address>
         <size>0x22c</size>
         <input_file_ref idref="fl-2"/>
      </object_component>
      <object_component id="oc-13e">
         <name>.text</name>
         <load_address>0x2424</load_address>
         <run_address>0x2424</run_address>
         <size>0x220</size>
         <input_file_ref idref="fl-5"/>
      </object_component>
      <object_component id="oc-299">
         <name>.text</name>
         <load_address>0x2644</load_address>
         <run_address>0x2644</run_address>
         <size>0x204</size>
         <input_file_ref idref="fl-13"/>
      </object_component>
      <object_component id="oc-195">
         <name>.text</name>
         <load_address>0x2848</load_address>
         <run_address>0x2848</run_address>
         <size>0x1f4</size>
         <input_file_ref idref="fl-a"/>
      </object_component>
      <object_component id="oc-15c">
         <name>.text</name>
         <load_address>0x2a3c</load_address>
         <run_address>0x2a3c</run_address>
         <size>0x1a4</size>
         <input_file_ref idref="fl-9"/>
      </object_component>
      <object_component id="oc-107">
         <name>.text</name>
         <load_address>0x2be0</load_address>
         <run_address>0x2be0</run_address>
         <size>0x188</size>
         <input_file_ref idref="fl-4"/>
      </object_component>
      <object_component id="oc-179">
         <name>.text</name>
         <load_address>0x2d68</load_address>
         <run_address>0x2d68</run_address>
         <size>0x136</size>
         <input_file_ref idref="fl-d5"/>
      </object_component>
      <object_component id="oc-1cb">
         <name>.text:GPIOPadConfigSet</name>
         <load_address>0x2e9e</load_address>
         <run_address>0x2e9e</run_address>
         <size>0x132</size>
         <input_file_ref idref="fl-e9"/>
      </object_component>
      <object_component id="oc-14a">
         <name>.text:SysCtlClockGet</name>
         <load_address>0x2fd0</load_address>
         <run_address>0x2fd0</run_address>
         <size>0x110</size>
         <input_file_ref idref="fl-ed"/>
      </object_component>
      <object_component id="oc-17e">
         <name>.text</name>
         <load_address>0x30e0</load_address>
         <run_address>0x30e0</run_address>
         <size>0xfc</size>
         <input_file_ref idref="fl-d6"/>
      </object_component>
      <object_component id="oc-144">
         <name>.text:SysCtlClockSet</name>
         <load_address>0x31dc</load_address>
         <run_address>0x31dc</run_address>
         <size>0xf4</size>
         <input_file_ref idref="fl-ed"/>
      </object_component>
      <object_component id="oc-101">
         <name>.text</name>
         <load_address>0x32d0</load_address>
         <run_address>0x32d0</run_address>
         <size>0xf0</size>
         <input_file_ref idref="fl-8"/>
      </object_component>
      <object_component id="oc-ae">
         <name>.text</name>
         <load_address>0x33c0</load_address>
         <run_address>0x33c0</run_address>
         <size>0xe0</size>
         <input_file_ref idref="fl-b"/>
      </object_component>
      <object_component id="oc-f5">
         <name>.text</name>
         <load_address>0x34a0</load_address>
         <run_address>0x34a0</run_address>
         <size>0xb8</size>
         <input_file_ref idref="fl-6"/>
      </object_component>
      <object_component id="oc-42">
         <name>.text</name>
         <load_address>0x3558</load_address>
         <run_address>0x3558</run_address>
         <size>0x9c</size>
         <input_file_ref idref="fl-da"/>
      </object_component>
      <object_component id="oc-2ce">
         <name>.text:ADCSequenceStepConfigure</name>
         <load_address>0x35f4</load_address>
         <run_address>0x35f4</run_address>
         <size>0x7a</size>
         <input_file_ref idref="fl-e8"/>
      </object_component>
      <object_component id="oc-4e">
         <name>.text</name>
         <load_address>0x366e</load_address>
         <run_address>0x366e</run_address>
         <size>0x7a</size>
         <input_file_ref idref="fl-dc"/>
      </object_component>
      <object_component id="oc-66">
         <name>.text</name>
         <load_address>0x36e8</load_address>
         <run_address>0x36e8</run_address>
         <size>0x70</size>
         <input_file_ref idref="fl-e4"/>
      </object_component>
      <object_component id="oc-18f">
         <name>.text</name>
         <load_address>0x3758</load_address>
         <run_address>0x3758</run_address>
         <size>0x6c</size>
         <input_file_ref idref="fl-7"/>
      </object_component>
      <object_component id="oc-339">
         <name>.text:IntEnable</name>
         <load_address>0x37c4</load_address>
         <run_address>0x37c4</run_address>
         <size>0x68</size>
         <input_file_ref idref="fl-ea"/>
      </object_component>
      <object_component id="oc-12">
         <name>.text:decompress:lzss</name>
         <load_address>0x382c</load_address>
         <run_address>0x382c</run_address>
         <size>0x68</size>
         <input_file_ref idref="fl-d1"/>
      </object_component>
      <object_component id="oc-441">
         <name>.text:TimerConfigure</name>
         <load_address>0x3894</load_address>
         <run_address>0x3894</run_address>
         <size>0x60</size>
         <input_file_ref idref="fl-ef"/>
      </object_component>
      <object_component id="oc-3a6">
         <name>.text</name>
         <load_address>0x38f4</load_address>
         <run_address>0x38f4</run_address>
         <size>0x5c</size>
         <input_file_ref idref="fl-15"/>
      </object_component>
      <object_component id="oc-1e3">
         <name>.text:GPIOIntTypeSet</name>
         <load_address>0x3950</load_address>
         <run_address>0x3950</run_address>
         <size>0x58</size>
         <input_file_ref idref="fl-e9"/>
      </object_component>
      <object_component id="oc-24">
         <name>.text</name>
         <load_address>0x39a8</load_address>
         <run_address>0x39a8</run_address>
         <size>0x54</size>
         <input_file_ref idref="fl-d0"/>
      </object_component>
      <object_component id="oc-72">
         <name>.text</name>
         <load_address>0x39fc</load_address>
         <run_address>0x39fc</run_address>
         <size>0x54</size>
         <input_file_ref idref="fl-d4"/>
      </object_component>
      <object_component id="oc-2c8">
         <name>.text:ADCSequenceConfigure</name>
         <load_address>0x3a50</load_address>
         <run_address>0x3a50</run_address>
         <size>0x50</size>
         <input_file_ref idref="fl-e8"/>
      </object_component>
      <object_component id="oc-1d1">
         <name>.text:SysCtlPeripheralReset</name>
         <load_address>0x3aa0</load_address>
         <run_address>0x3aa0</run_address>
         <size>0x50</size>
         <input_file_ref idref="fl-ed"/>
      </object_component>
      <object_component id="oc-404">
         <name>.text:_ADCIntNumberGet</name>
         <load_address>0x3af0</load_address>
         <run_address>0x3af0</run_address>
         <size>0x50</size>
         <input_file_ref idref="fl-e8"/>
      </object_component>
      <object_component id="oc-275">
         <name>.text:GPIOPinConfigure</name>
         <load_address>0x3b40</load_address>
         <run_address>0x3b40</run_address>
         <size>0x4c</size>
         <input_file_ref idref="fl-e9"/>
      </object_component>
      <object_component id="oc-a0">
         <name>.text</name>
         <load_address>0x3b8c</load_address>
         <run_address>0x3b8c</run_address>
         <size>0x4c</size>
         <input_file_ref idref="fl-e5"/>
      </object_component>
      <object_component id="oc-183">
         <name>.text</name>
         <load_address>0x3bd8</load_address>
         <run_address>0x3bd8</run_address>
         <size>0x48</size>
         <input_file_ref idref="fl-d7"/>
      </object_component>
      <object_component id="oc-218">
         <name>.text:UARTConfigSetExpClk</name>
         <load_address>0x3c20</load_address>
         <run_address>0x3c20</run_address>
         <size>0x46</size>
         <input_file_ref idref="fl-f0"/>
      </object_component>
      <object_component id="oc-3ef">
         <name>.text</name>
         <load_address>0x3c66</load_address>
         <run_address>0x3c66</run_address>
         <size>0x2</size>
         <input_file_ref idref="fl-e6"/>
      </object_component>
      <object_component id="oc-16e">
         <name>.text</name>
         <load_address>0x3c68</load_address>
         <run_address>0x3c68</run_address>
         <size>0x44</size>
         <input_file_ref idref="fl-f"/>
      </object_component>
      <object_component id="oc-333">
         <name>.text:_GPIOIntNumberGet</name>
         <load_address>0x3cac</load_address>
         <run_address>0x3cac</run_address>
         <size>0x44</size>
         <input_file_ref idref="fl-e9"/>
      </object_component>
      <object_component id="oc-2ab">
         <name>.text</name>
         <load_address>0x3cf0</load_address>
         <run_address>0x3cf0</run_address>
         <size>0x40</size>
         <input_file_ref idref="fl-e0"/>
      </object_component>
      <object_component id="oc-3b8">
         <name>.text:SSIConfigSetExpClk</name>
         <load_address>0x3d30</load_address>
         <run_address>0x3d30</run_address>
         <size>0x3c</size>
         <input_file_ref idref="fl-ec"/>
      </object_component>
      <object_component id="oc-1d7">
         <name>.text:SysCtlPeripheralReady</name>
         <load_address>0x3d6c</load_address>
         <run_address>0x3d6c</run_address>
         <size>0x38</size>
         <input_file_ref idref="fl-ed"/>
      </object_component>
      <object_component id="oc-174">
         <name>.text</name>
         <load_address>0x3da4</load_address>
         <run_address>0x3da4</run_address>
         <size>0x38</size>
         <input_file_ref idref="fl-d8"/>
      </object_component>
      <object_component id="oc-25c">
         <name>.text:IntRegister</name>
         <load_address>0x3ddc</load_address>
         <run_address>0x3ddc</run_address>
         <size>0x34</size>
         <input_file_ref idref="fl-ea"/>
      </object_component>
      <object_component id="oc-1bf">
         <name>.text:SysCtlPeripheralEnable</name>
         <load_address>0x3e10</load_address>
         <run_address>0x3e10</run_address>
         <size>0x34</size>
         <input_file_ref idref="fl-ed"/>
      </object_component>
      <object_component id="oc-1ba">
         <name>.text</name>
         <load_address>0x3e44</load_address>
         <run_address>0x3e44</run_address>
         <size>0x2e</size>
         <input_file_ref idref="fl-d9"/>
      </object_component>
      <object_component id="oc-329">
         <name>.text:GPIODirModeSet</name>
         <load_address>0x3e72</load_address>
         <run_address>0x3e72</run_address>
         <size>0x2c</size>
         <input_file_ref idref="fl-e9"/>
      </object_component>
      <object_component id="oc-281">
         <name>.text:PWMGenConfigure</name>
         <load_address>0x3e9e</load_address>
         <run_address>0x3e9e</run_address>
         <size>0x22</size>
         <input_file_ref idref="fl-eb"/>
      </object_component>
      <object_component id="oc-35b">
         <name>.text:UARTDisable</name>
         <load_address>0x3ec0</load_address>
         <run_address>0x3ec0</run_address>
         <size>0x20</size>
         <input_file_ref idref="fl-f0"/>
      </object_component>
      <object_component id="oc-20c">
         <name>.text</name>
         <load_address>0x3ee0</load_address>
         <run_address>0x3ee0</run_address>
         <size>0x20</size>
         <input_file_ref idref="fl-e1"/>
      </object_component>
      <object_component id="oc-2e6">
         <name>.text:ADCSequenceDataGet</name>
         <load_address>0x3f00</load_address>
         <run_address>0x3f00</run_address>
         <size>0x1e</size>
         <input_file_ref idref="fl-e8"/>
      </object_component>
      <object_component id="oc-26f">
         <name>.text:PWMPulseWidthSet</name>
         <load_address>0x3f1e</load_address>
         <run_address>0x3f1e</run_address>
         <size>0x1e</size>
         <input_file_ref idref="fl-eb"/>
      </object_component>
      <object_component id="oc-156">
         <name>.text:SysTickIntRegister</name>
         <load_address>0x3f3c</load_address>
         <run_address>0x3f3c</run_address>
         <size>0x1c</size>
         <input_file_ref idref="fl-ee"/>
      </object_component>
      <object_component id="oc-206">
         <name>.text</name>
         <load_address>0x3f58</load_address>
         <run_address>0x3f58</run_address>
         <size>0x1c</size>
         <input_file_ref idref="fl-c"/>
      </object_component>
      <object_component id="oc-2da">
         <name>.text:ADCIntRegister</name>
         <load_address>0x3f74</load_address>
         <run_address>0x3f74</run_address>
         <size>0x18</size>
         <input_file_ref idref="fl-e8"/>
      </object_component>
      <object_component id="oc-138">
         <name>.text:ADCProcessorTrigger</name>
         <load_address>0x3f8c</load_address>
         <run_address>0x3f8c</run_address>
         <size>0x18</size>
         <input_file_ref idref="fl-e8"/>
      </object_component>
      <object_component id="oc-1dd">
         <name>.text:GPIOIntRegister</name>
         <load_address>0x3fa4</load_address>
         <run_address>0x3fa4</run_address>
         <size>0x18</size>
         <input_file_ref idref="fl-e9"/>
      </object_component>
      <object_component id="oc-3ca">
         <name>.text:GPIOPinTypeGPIOOutput</name>
         <load_address>0x3fbc</load_address>
         <run_address>0x3fbc</run_address>
         <size>0x18</size>
         <input_file_ref idref="fl-e9"/>
      </object_component>
      <object_component id="oc-6c">
         <name>.text</name>
         <load_address>0x3fd4</load_address>
         <run_address>0x3fd4</run_address>
         <size>0x18</size>
         <input_file_ref idref="fl-e3"/>
      </object_component>
      <object_component id="oc-1c5">
         <name>.text:GPIOPinTypeGPIOInput</name>
         <load_address>0x3fec</load_address>
         <run_address>0x3fec</run_address>
         <size>0x16</size>
         <input_file_ref idref="fl-e9"/>
      </object_component>
      <object_component id="oc-27b">
         <name>.text:GPIOPinTypePWM</name>
         <load_address>0x4002</load_address>
         <run_address>0x4002</run_address>
         <size>0x16</size>
         <input_file_ref idref="fl-e9"/>
      </object_component>
      <object_component id="oc-3ac">
         <name>.text:GPIOPinTypeSSI</name>
         <load_address>0x4018</load_address>
         <run_address>0x4018</run_address>
         <size>0x16</size>
         <input_file_ref idref="fl-e9"/>
      </object_component>
      <object_component id="oc-212">
         <name>.text:GPIOPinTypeUART</name>
         <load_address>0x402e</load_address>
         <run_address>0x402e</run_address>
         <size>0x16</size>
         <input_file_ref idref="fl-e9"/>
      </object_component>
      <object_component id="oc-263">
         <name>.text:SysCtlPWMClockSet</name>
         <load_address>0x4044</load_address>
         <run_address>0x4044</run_address>
         <size>0x14</size>
         <input_file_ref idref="fl-ed"/>
      </object_component>
      <object_component id="oc-168">
         <name>.text:SysTickEnable</name>
         <load_address>0x4058</load_address>
         <run_address>0x4058</run_address>
         <size>0x14</size>
         <input_file_ref idref="fl-ee"/>
      </object_component>
      <object_component id="oc-162">
         <name>.text:SysTickIntEnable</name>
         <load_address>0x406c</load_address>
         <run_address>0x406c</run_address>
         <size>0x14</size>
         <input_file_ref idref="fl-ee"/>
      </object_component>
      <object_component id="oc-224">
         <name>.text:UARTEnable</name>
         <load_address>0x4080</load_address>
         <run_address>0x4080</run_address>
         <size>0x14</size>
         <input_file_ref idref="fl-f0"/>
      </object_component>
      <object_component id="oc-120">
         <name>.text</name>
         <load_address>0x4094</load_address>
         <run_address>0x4094</run_address>
         <size>0x14</size>
         <input_file_ref idref="fl-e2"/>
      </object_component>
      <object_component id="oc-28d">
         <name>.text:PWMOutputState</name>
         <load_address>0x40a8</load_address>
         <run_address>0x40a8</run_address>
         <size>0x12</size>
         <input_file_ref idref="fl-eb"/>
      </object_component>
      <object_component id="oc-2e0">
         <name>.text:ADCIntEnable</name>
         <load_address>0x40ba</load_address>
         <run_address>0x40ba</run_address>
         <size>0x10</size>
         <input_file_ref idref="fl-e8"/>
      </object_component>
      <object_component id="oc-352">
         <name>.text:IntMasterDisable</name>
         <load_address>0x40ca</load_address>
         <run_address>0x40ca</run_address>
         <size>0x10</size>
         <input_file_ref idref="fl-ea"/>
      </object_component>
      <object_component id="oc-ef">
         <name>.text:IntMasterEnable</name>
         <load_address>0x40da</load_address>
         <run_address>0x40da</run_address>
         <size>0x10</size>
         <input_file_ref idref="fl-ea"/>
      </object_component>
      <object_component id="oc-269">
         <name>.text:PWMGenPeriodSet</name>
         <load_address>0x40ea</load_address>
         <run_address>0x40ea</run_address>
         <size>0x10</size>
         <input_file_ref idref="fl-eb"/>
      </object_component>
      <object_component id="oc-5a">
         <name>.text</name>
         <load_address>0x40fa</load_address>
         <run_address>0x40fa</run_address>
         <size>0x2</size>
         <input_file_ref idref="fl-dd"/>
      </object_component>
      <object_component id="oc-150">
         <name>.text:SysTickPeriodSet</name>
         <load_address>0x40fc</load_address>
         <run_address>0x40fc</run_address>
         <size>0x10</size>
         <input_file_ref idref="fl-ee"/>
      </object_component>
      <object_component id="oc-2d4">
         <name>.text:ADCSequenceEnable</name>
         <load_address>0x410c</load_address>
         <run_address>0x410c</run_address>
         <size>0xe</size>
         <input_file_ref idref="fl-e8"/>
      </object_component>
      <object_component id="oc-447">
         <name>.text:TimerEnable</name>
         <load_address>0x411a</load_address>
         <run_address>0x411a</run_address>
         <size>0xe</size>
         <input_file_ref idref="fl-ef"/>
      </object_component>
      <object_component id="oc-18">
         <name>.text:decompress:none</name>
         <load_address>0x4128</load_address>
         <run_address>0x4128</run_address>
         <size>0xe</size>
         <input_file_ref idref="fl-d2"/>
      </object_component>
      <object_component id="oc-423">
         <name>.text:CPUcpsid</name>
         <load_address>0x4136</load_address>
         <run_address>0x4136</run_address>
         <size>0xc</size>
         <input_file_ref idref="fl-f1"/>
      </object_component>
      <object_component id="oc-1f5">
         <name>.text:CPUcpsie</name>
         <load_address>0x4142</load_address>
         <run_address>0x4142</run_address>
         <size>0xc</size>
         <input_file_ref idref="fl-f1"/>
      </object_component>
      <object_component id="oc-1e9">
         <name>.text:GPIOIntEnable</name>
         <load_address>0x414e</load_address>
         <run_address>0x414e</run_address>
         <size>0xc</size>
         <input_file_ref idref="fl-e9"/>
      </object_component>
      <object_component id="oc-287">
         <name>.text:PWMGenEnable</name>
         <load_address>0x415a</load_address>
         <run_address>0x415a</run_address>
         <size>0xc</size>
         <input_file_ref idref="fl-eb"/>
      </object_component>
      <object_component id="oc-3dc">
         <name>.text:SSIDataGet</name>
         <load_address>0x4166</load_address>
         <run_address>0x4166</run_address>
         <size>0xc</size>
         <input_file_ref idref="fl-ec"/>
      </object_component>
      <object_component id="oc-1e">
         <name>.text:decompress:ZI</name>
         <load_address>0x4172</load_address>
         <run_address>0x4172</run_address>
         <size>0xc</size>
         <input_file_ref idref="fl-d3"/>
      </object_component>
      <object_component id="oc-2e">
         <name>.text</name>
         <load_address>0x417e</load_address>
         <run_address>0x417e</run_address>
         <size>0xc</size>
         <input_file_ref idref="fl-d"/>
      </object_component>
      <object_component id="oc-2ec">
         <name>.text:ADCIntClear</name>
         <load_address>0x418a</load_address>
         <run_address>0x418a</run_address>
         <size>0xa</size>
         <input_file_ref idref="fl-e8"/>
      </object_component>
      <object_component id="oc-3d6">
         <name>.text:SSIDataPut</name>
         <load_address>0x4194</load_address>
         <run_address>0x4194</run_address>
         <size>0xa</size>
         <input_file_ref idref="fl-ec"/>
      </object_component>
      <object_component id="oc-3be">
         <name>.text:SSIEnable</name>
         <load_address>0x419e</load_address>
         <run_address>0x419e</run_address>
         <size>0xa</size>
         <input_file_ref idref="fl-ec"/>
      </object_component>
      <object_component id="oc-44d">
         <name>.text:TimerValueGet</name>
         <load_address>0x41a8</load_address>
         <run_address>0x41a8</run_address>
         <size>0xa</size>
         <input_file_ref idref="fl-ef"/>
      </object_component>
      <object_component id="oc-22a">
         <name>.text:UARTCharPut</name>
         <load_address>0x41b2</load_address>
         <run_address>0x41b2</run_address>
         <size>0xa</size>
         <input_file_ref idref="fl-f0"/>
      </object_component>
      <object_component id="oc-21e">
         <name>.text:UARTFIFOEnable</name>
         <load_address>0x41bc</load_address>
         <run_address>0x41bc</run_address>
         <size>0xa</size>
         <input_file_ref idref="fl-f0"/>
      </object_component>
      <object_component id="oc-3d0">
         <name>.text:SSIBusy</name>
         <load_address>0x41c6</load_address>
         <run_address>0x41c6</run_address>
         <size>0x8</size>
         <input_file_ref idref="fl-ec"/>
      </object_component>
      <object_component id="oc-2f6">
         <name>.text:GPIOIntClear</name>
         <load_address>0x41ce</load_address>
         <run_address>0x41ce</run_address>
         <size>0x6</size>
         <input_file_ref idref="fl-e9"/>
      </object_component>
      <object_component id="oc-fb">
         <name>.text:GPIOPinRead</name>
         <load_address>0x41d4</load_address>
         <run_address>0x41d4</run_address>
         <size>0x6</size>
         <input_file_ref idref="fl-e9"/>
      </object_component>
      <object_component id="oc-3c4">
         <name>.text:GPIOPinWrite</name>
         <load_address>0x41da</load_address>
         <run_address>0x41da</run_address>
         <size>0x6</size>
         <input_file_ref idref="fl-e9"/>
      </object_component>
      <object_component id="oc-3b2">
         <name>.text:SSIClockSourceSet</name>
         <load_address>0x41e0</load_address>
         <run_address>0x41e0</run_address>
         <size>0x6</size>
         <input_file_ref idref="fl-ec"/>
      </object_component>
      <object_component id="oc-18e">
         <name>.text:SysCtlDelay</name>
         <load_address>0x41e6</load_address>
         <run_address>0x41e6</run_address>
         <size>0x6</size>
         <input_file_ref idref="fl-ed"/>
      </object_component>
      <object_component id="oc-60">
         <name>.text</name>
         <load_address>0x41ec</load_address>
         <run_address>0x41ec</run_address>
         <size>0x4</size>
         <input_file_ref idref="fl-de"/>
      </object_component>
      <object_component id="oc-a6">
         <name>.text</name>
         <load_address>0x41f0</load_address>
         <run_address>0x41f0</run_address>
         <size>0x2</size>
         <input_file_ref idref="fl-e7"/>
      </object_component>
      <object_component id="oc-3e2">
         <name>.const:.string:rgbOledFont0</name>
         <load_address>0x41f4</load_address>
         <run_address>0x41f4</run_address>
         <size>0x300</size>
         <input_file_ref idref="fl-10"/>
      </object_component>
      <object_component id="oc-419">
         <name>.const:g_ppui32GPIOIntMapSnowflake</name>
         <load_address>0x44f4</load_address>
         <run_address>0x44f4</run_address>
         <size>0xd8</size>
         <input_file_ref idref="fl-e9"/>
      </object_component>
      <object_component id="oc-416">
         <name>.const:g_ppui32GPIOIntMapBlizzard</name>
         <load_address>0x45cc</load_address>
         <run_address>0x45cc</run_address>
         <size>0xc0</size>
         <input_file_ref idref="fl-e9"/>
      </object_component>
      <object_component id="oc-387">
         <name>.const:g_pui32GPIOBaseAddrs</name>
         <load_address>0x468c</load_address>
         <run_address>0x468c</run_address>
         <size>0x90</size>
         <input_file_ref idref="fl-e9"/>
      </object_component>
      <object_component id="oc-256">
         <name>.const:g_pui32Xtals</name>
         <load_address>0x471c</load_address>
         <run_address>0x471c</run_address>
         <size>0x6c</size>
         <input_file_ref idref="fl-ed"/>
      </object_component>
      <object_component id="oc-3e8">
         <name>.const:.string:rgbFillPat</name>
         <load_address>0x4788</load_address>
         <run_address>0x4788</run_address>
         <size>0x40</size>
         <input_file_ref idref="fl-11"/>
      </object_component>
      <object_component id="oc-2b3">
         <name>.const:g_psDaysToMonth</name>
         <load_address>0x47c8</load_address>
         <run_address>0x47c8</run_address>
         <size>0x30</size>
         <input_file_ref idref="fl-e"/>
      </object_component>
      <object_component id="oc-2b6">
         <name>.const:g_pfExponents</name>
         <load_address>0x47f8</load_address>
         <run_address>0x47f8</run_address>
         <size>0x18</size>
         <input_file_ref idref="fl-e"/>
      </object_component>
      <object_component id="oc-41d">
         <name>.const:g_pui32EnRegs</name>
         <load_address>0x4810</load_address>
         <run_address>0x4810</run_address>
         <size>0x14</size>
         <input_file_ref idref="fl-ea"/>
      </object_component>
      <object_component id="oc-3f6">
         <name>.const:.string</name>
         <load_address>0x4824</load_address>
         <run_address>0x4824</run_address>
         <size>0x12</size>
         <input_file_ref idref="fl-e"/>
      </object_component>
      <object_component id="oc-2b0">
         <name>.const</name>
         <load_address>0x4838</load_address>
         <run_address>0x4838</run_address>
         <size>0x4</size>
         <input_file_ref idref="fl-e"/>
      </object_component>
      <object_component id="oc-49d">
         <name>.cinit..data.load</name>
         <load_address>0x4840</load_address>
         <run_address>0x4840</run_address>
         <size>0x1e</size>
      </object_component>
      <object_component id="oc-49a">
         <name>__TI_handler_table</name>
         <load_address>0x4860</load_address>
         <run_address>0x4860</run_address>
         <size>0xc</size>
      </object_component>
      <object_component id="oc-49e">
         <name>.cinit..bss.load</name>
         <load_address>0x4870</load_address>
         <run_address>0x4870</run_address>
         <size>0x8</size>
      </object_component>
      <object_component id="oc-49c">
         <name>.cinit..vtable.load</name>
         <load_address>0x4878</load_address>
         <run_address>0x4878</run_address>
         <size>0x8</size>
      </object_component>
      <object_component id="oc-49b">
         <name>__TI_cinit_table</name>
         <load_address>0x4880</load_address>
         <run_address>0x4880</run_address>
         <size>0x18</size>
      </object_component>
      <object_component id="oc-37e">
         <name>.vtable</name>
         <uninitialized>true</uninitialized>
         <run_address>0x20000000</run_address>
         <size>0x26c</size>
         <input_file_ref idref="fl-ea"/>
      </object_component>
      <object_component id="oc-1f0">
         <name>.data</name>
         <load_address>0x20000a40</load_address>
         <run_address>0x20000a40</run_address>
         <size>0x5</size>
         <input_file_ref idref="fl-2"/>
      </object_component>
      <object_component id="oc-19e">
         <name>.data</name>
         <load_address>0x20000a48</load_address>
         <run_address>0x20000a48</run_address>
         <size>0x5</size>
         <input_file_ref idref="fl-3"/>
      </object_component>
      <object_component id="oc-233">
         <name>.data</name>
         <load_address>0x20000a50</load_address>
         <run_address>0x20000a50</run_address>
         <size>0x4</size>
         <input_file_ref idref="fl-4"/>
      </object_component>
      <object_component id="oc-293">
         <name>.data</name>
         <load_address>0x20000a38</load_address>
         <run_address>0x20000a38</run_address>
         <size>0x8</size>
         <input_file_ref idref="fl-9"/>
      </object_component>
      <object_component id="oc-2fc">
         <name>.data</name>
         <load_address>0x20000a54</load_address>
         <run_address>0x20000a54</run_address>
         <size>0x4</size>
         <input_file_ref idref="fl-a"/>
      </object_component>
      <object_component id="oc-10d">
         <name>.data</name>
         <load_address>0x20000a58</load_address>
         <run_address>0x20000a58</run_address>
         <size>0x4</size>
         <input_file_ref idref="fl-b"/>
      </object_component>
      <object_component id="oc-2b9">
         <name>.data</name>
         <load_address>0x20000a60</load_address>
         <run_address>0x20000a60</run_address>
         <size>0x4</size>
         <input_file_ref idref="fl-e"/>
      </object_component>
      <object_component id="oc-b6">
         <name>.data:$O1$$</name>
         <load_address>0x20000a18</load_address>
         <run_address>0x20000a18</run_address>
         <size>0xc</size>
         <input_file_ref idref="fl-d4"/>
      </object_component>
      <object_component id="oc-345">
         <name>.data:$O1$$</name>
         <load_address>0x20000a24</load_address>
         <run_address>0x20000a24</run_address>
         <size>0xc</size>
         <input_file_ref idref="fl-db"/>
      </object_component>
      <object_component id="oc-78">
         <name>.data</name>
         <load_address>0x20000a5c</load_address>
         <run_address>0x20000a5c</run_address>
         <size>0x4</size>
         <input_file_ref idref="fl-df"/>
      </object_component>
      <object_component id="oc-b9">
         <name>.data:$O1$$</name>
         <load_address>0x20000a30</load_address>
         <run_address>0x20000a30</run_address>
         <size>0x8</size>
         <input_file_ref idref="fl-e2"/>
      </object_component>
      <object_component id="oc-1b6">
         <name>.bss:g_inBuffer</name>
         <uninitialized>true</uninitialized>
         <run_address>0x2000056c</run_address>
         <size>0x10</size>
         <input_file_ref idref="fl-3"/>
      </object_component>
      <object_component id="oc-19b">
         <name>.bss</name>
         <uninitialized>true</uninitialized>
         <run_address>0x2000059c</run_address>
         <size>0x8</size>
         <input_file_ref idref="fl-3"/>
      </object_component>
      <object_component id="oc-230">
         <name>.bss</name>
         <uninitialized>true</uninitialized>
         <run_address>0x200005bc</run_address>
         <size>0x4</size>
         <input_file_ref idref="fl-4"/>
      </object_component>
      <object_component id="oc-24a">
         <name>.bss:but_state</name>
         <uninitialized>true</uninitialized>
         <run_address>0x200005cc</run_address>
         <size>0x4</size>
         <input_file_ref idref="fl-5"/>
      </object_component>
      <object_component id="oc-24d">
         <name>.bss:but_count</name>
         <uninitialized>true</uninitialized>
         <run_address>0x200005c0</run_address>
         <size>0x4</size>
         <input_file_ref idref="fl-5"/>
      </object_component>
      <object_component id="oc-250">
         <name>.bss:but_flag</name>
         <uninitialized>true</uninitialized>
         <run_address>0x200005c4</run_address>
         <size>0x4</size>
         <input_file_ref idref="fl-5"/>
      </object_component>
      <object_component id="oc-247">
         <name>.bss:but_normal</name>
         <uninitialized>true</uninitialized>
         <run_address>0x200005c8</run_address>
         <size>0x4</size>
         <input_file_ref idref="fl-5"/>
      </object_component>
      <object_component id="oc-2f2">
         <name>.bss:g_inBuffer</name>
         <uninitialized>true</uninitialized>
         <run_address>0x2000057c</run_address>
         <size>0x10</size>
         <input_file_ref idref="fl-7"/>
      </object_component>
      <object_component id="oc-2ff">
         <name>.bss</name>
         <uninitialized>true</uninitialized>
         <run_address>0x200005b4</run_address>
         <size>0x5</size>
         <input_file_ref idref="fl-a"/>
      </object_component>
      <object_component id="oc-113">
         <name>.bss:g_inBuffer</name>
         <uninitialized>true</uninitialized>
         <run_address>0x2000058c</run_address>
         <size>0x10</size>
         <input_file_ref idref="fl-b"/>
      </object_component>
      <object_component id="oc-110">
         <name>.bss</name>
         <uninitialized>true</uninitialized>
         <run_address>0x200005a4</run_address>
         <size>0x8</size>
         <input_file_ref idref="fl-b"/>
      </object_component>
      <object_component id="oc-1a1">
         <name>.common:slowTick</name>
         <uninitialized>true</uninitialized>
         <run_address>0x200005ba</run_address>
         <size>0x1</size>
      </object_component>
      <object_component id="oc-1f3">
         <name>.common:interupt_value</name>
         <uninitialized>true</uninitialized>
         <run_address>0x200005e0</run_address>
         <size>0x4</size>
      </object_component>
      <object_component id="oc-1ef">
         <name>.common:setPoints</name>
         <uninitialized>true</uninitialized>
         <run_address>0x200005ac</run_address>
         <size>0x8</size>
      </object_component>
      <object_component id="oc-435">
         <name>.common:xcoOledCur</name>
         <uninitialized>true</uninitialized>
         <run_address>0x20000604</run_address>
         <size>0x4</size>
      </object_component>
      <object_component id="oc-436">
         <name>.common:ycoOledCur</name>
         <uninitialized>true</uninitialized>
         <run_address>0x20000610</run_address>
         <size>0x4</size>
      </object_component>
      <object_component id="oc-3a4">
         <name>.common:pbOledCur</name>
         <uninitialized>true</uninitialized>
         <run_address>0x200005e8</run_address>
         <size>0x4</size>
      </object_component>
      <object_component id="oc-437">
         <name>.common:bnOledCur</name>
         <uninitialized>true</uninitialized>
         <run_address>0x200005d0</run_address>
         <size>0x4</size>
      </object_component>
      <object_component id="oc-3e6">
         <name>.common:clrOledCur</name>
         <uninitialized>true</uninitialized>
         <run_address>0x200005b9</run_address>
         <size>0x1</size>
      </object_component>
      <object_component id="oc-3e7">
         <name>.common:pbOledPatCur</name>
         <uninitialized>true</uninitialized>
         <run_address>0x200005f4</run_address>
         <size>0x4</size>
      </object_component>
      <object_component id="oc-3a2">
         <name>.common:fOledCharUpdate</name>
         <uninitialized>true</uninitialized>
         <run_address>0x200005dc</run_address>
         <size>0x4</size>
      </object_component>
      <object_component id="oc-39d">
         <name>.common:dxcoOledFontCur</name>
         <uninitialized>true</uninitialized>
         <run_address>0x200005d4</run_address>
         <size>0x4</size>
      </object_component>
      <object_component id="oc-3a0">
         <name>.common:dycoOledFontCur</name>
         <uninitialized>true</uninitialized>
         <run_address>0x200005d8</run_address>
         <size>0x4</size>
      </object_component>
      <object_component id="oc-3a3">
         <name>.common:pbOledFontCur</name>
         <uninitialized>true</uninitialized>
         <run_address>0x200005ec</run_address>
         <size>0x4</size>
      </object_component>
      <object_component id="oc-3a1">
         <name>.common:pbOledFontUser</name>
         <uninitialized>true</uninitialized>
         <run_address>0x200005f0</run_address>
         <size>0x4</size>
      </object_component>
      <object_component id="oc-3eb">
         <name>.common:rgbOledBmp</name>
         <uninitialized>true</uninitialized>
         <run_address>0x2000026c</run_address>
         <size>0x200</size>
      </object_component>
      <object_component id="oc-39b">
         <name>.common:xchOledCur</name>
         <uninitialized>true</uninitialized>
         <run_address>0x200005fc</run_address>
         <size>0x4</size>
      </object_component>
      <object_component id="oc-39c">
         <name>.common:ychOledCur</name>
         <uninitialized>true</uninitialized>
         <run_address>0x20000608</run_address>
         <size>0x4</size>
      </object_component>
      <object_component id="oc-397">
         <name>.common:xchOledMax</name>
         <uninitialized>true</uninitialized>
         <run_address>0x20000600</run_address>
         <size>0x4</size>
      </object_component>
      <object_component id="oc-39a">
         <name>.common:ychOledMax</name>
         <uninitialized>true</uninitialized>
         <run_address>0x2000060c</run_address>
         <size>0x4</size>
      </object_component>
      <object_component id="oc-3e5">
         <name>.common:rgbOledFontUser</name>
         <uninitialized>true</uninitialized>
         <run_address>0x2000046c</run_address>
         <size>0x100</size>
      </object_component>
      <object_component id="oc-43b">
         <name>.common:pfnDoRop</name>
         <uninitialized>true</uninitialized>
         <run_address>0x200005f8</run_address>
         <size>0x4</size>
      </object_component>
      <object_component id="oc-438">
         <name>.common:modOledCur</name>
         <uninitialized>true</uninitialized>
         <run_address>0x200005e4</run_address>
         <size>0x4</size>
      </object_component>
      <object_component id="oc-2b">
         <name>.sysmem</name>
         <uninitialized>true</uninitialized>
         <run_address>0x20000818</run_address>
         <size>0x8</size>
         <input_file_ref idref="fl-db"/>
      </object_component>
      <object_component id="oc-4a0">
         <name>.sysmem</name>
         <uninitialized>true</uninitialized>
         <run_address>0x20000818</run_address>
         <size>0x0</size>
      </object_component>
      <object_component id="oc-2a">
         <name>.stack</name>
         <uninitialized>true</uninitialized>
         <run_address>0x20000614</run_address>
         <size>0x0</size>
         <input_file_ref idref="fl-d0"/>
      </object_component>
      <object_component id="oc-49f">
         <name>.stack</name>
         <uninitialized>true</uninitialized>
         <run_address>0x20000614</run_address>
         <size>0x0</size>
      </object_component>
      <object_component id="oc-1a2">
         <name>.debug_info</name>
         <load_address>0x0</load_address>
         <run_address>0x0</run_address>
         <size>0x551</size>
         <input_file_ref idref="fl-2"/>
      </object_component>
      <object_component id="oc-1f1">
         <name>.debug_info</name>
         <load_address>0x551</load_address>
         <run_address>0x551</run_address>
         <size>0xea</size>
         <input_file_ref idref="fl-2"/>
      </object_component>
      <object_component id="oc-ea">
         <name>.debug_info</name>
         <load_address>0x63b</load_address>
         <run_address>0x63b</run_address>
         <size>0xd62</size>
         <input_file_ref idref="fl-2"/>
      </object_component>
      <object_component id="oc-2be">
         <name>.debug_info</name>
         <load_address>0x139d</load_address>
         <run_address>0x139d</run_address>
         <size>0x196</size>
         <input_file_ref idref="fl-2"/>
      </object_component>
      <object_component id="oc-23d">
         <name>.debug_info</name>
         <load_address>0x1533</load_address>
         <run_address>0x1533</run_address>
         <size>0x86</size>
         <input_file_ref idref="fl-2"/>
      </object_component>
      <object_component id="oc-cd">
         <name>.debug_info</name>
         <load_address>0x15b9</load_address>
         <run_address>0x15b9</run_address>
         <size>0x8b</size>
         <input_file_ref idref="fl-2"/>
      </object_component>
      <object_component id="oc-83">
         <name>.debug_info</name>
         <load_address>0x1644</load_address>
         <run_address>0x1644</run_address>
         <size>0x18b</size>
         <input_file_ref idref="fl-2"/>
      </object_component>
      <object_component id="oc-2c3">
         <name>.debug_info</name>
         <load_address>0x17cf</load_address>
         <run_address>0x17cf</run_address>
         <size>0x4e</size>
         <input_file_ref idref="fl-2"/>
      </object_component>
      <object_component id="oc-309">
         <name>.debug_info</name>
         <load_address>0x181d</load_address>
         <run_address>0x181d</run_address>
         <size>0x75</size>
         <input_file_ref idref="fl-2"/>
      </object_component>
      <object_component id="oc-1a4">
         <name>.debug_info</name>
         <load_address>0x1892</load_address>
         <run_address>0x1892</run_address>
         <size>0x731</size>
         <input_file_ref idref="fl-3"/>
      </object_component>
      <object_component id="oc-1b7">
         <name>.debug_info</name>
         <load_address>0x1fc3</load_address>
         <run_address>0x1fc3</run_address>
         <size>0xd3</size>
         <input_file_ref idref="fl-3"/>
      </object_component>
      <object_component id="oc-19c">
         <name>.debug_info</name>
         <load_address>0x2096</load_address>
         <run_address>0x2096</run_address>
         <size>0xeb</size>
         <input_file_ref idref="fl-3"/>
      </object_component>
      <object_component id="oc-19f">
         <name>.debug_info</name>
         <load_address>0x2181</load_address>
         <run_address>0x2181</run_address>
         <size>0xcf</size>
         <input_file_ref idref="fl-3"/>
      </object_component>
      <object_component id="oc-e5">
         <name>.debug_info</name>
         <load_address>0x2250</load_address>
         <run_address>0x2250</run_address>
         <size>0x90d</size>
         <input_file_ref idref="fl-3"/>
      </object_component>
      <object_component id="oc-1a6">
         <name>.debug_info</name>
         <load_address>0x2b5d</load_address>
         <run_address>0x2b5d</run_address>
         <size>0x560</size>
         <input_file_ref idref="fl-4"/>
      </object_component>
      <object_component id="oc-231">
         <name>.debug_info</name>
         <load_address>0x30bd</load_address>
         <run_address>0x30bd</run_address>
         <size>0xbf</size>
         <input_file_ref idref="fl-4"/>
      </object_component>
      <object_component id="oc-234">
         <name>.debug_info</name>
         <load_address>0x317c</load_address>
         <run_address>0x317c</run_address>
         <size>0xc9</size>
         <input_file_ref idref="fl-4"/>
      </object_component>
      <object_component id="oc-109">
         <name>.debug_info</name>
         <load_address>0x3245</load_address>
         <run_address>0x3245</run_address>
         <size>0x431</size>
         <input_file_ref idref="fl-4"/>
      </object_component>
      <object_component id="oc-3d">
         <name>.debug_info</name>
         <load_address>0x3676</load_address>
         <run_address>0x3676</run_address>
         <size>0x84</size>
         <input_file_ref idref="fl-4"/>
      </object_component>
      <object_component id="oc-1a8">
         <name>.debug_info</name>
         <load_address>0x36fa</load_address>
         <run_address>0x36fa</run_address>
         <size>0x400</size>
         <input_file_ref idref="fl-5"/>
      </object_component>
      <object_component id="oc-24b">
         <name>.debug_info</name>
         <load_address>0x3afa</load_address>
         <run_address>0x3afa</run_address>
         <size>0xec</size>
         <input_file_ref idref="fl-5"/>
      </object_component>
      <object_component id="oc-24e">
         <name>.debug_info</name>
         <load_address>0x3be6</load_address>
         <run_address>0x3be6</run_address>
         <size>0xec</size>
         <input_file_ref idref="fl-5"/>
      </object_component>
      <object_component id="oc-251">
         <name>.debug_info</name>
         <load_address>0x3cd2</load_address>
         <run_address>0x3cd2</run_address>
         <size>0xea</size>
         <input_file_ref idref="fl-5"/>
      </object_component>
      <object_component id="oc-248">
         <name>.debug_info</name>
         <load_address>0x3dbc</load_address>
         <run_address>0x3dbc</run_address>
         <size>0xee</size>
         <input_file_ref idref="fl-5"/>
      </object_component>
      <object_component id="oc-13f">
         <name>.debug_info</name>
         <load_address>0x3eaa</load_address>
         <run_address>0x3eaa</run_address>
         <size>0x462</size>
         <input_file_ref idref="fl-5"/>
      </object_component>
      <object_component id="oc-203">
         <name>.debug_info</name>
         <load_address>0x430c</load_address>
         <run_address>0x430c</run_address>
         <size>0x2c8</size>
         <input_file_ref idref="fl-6"/>
      </object_component>
      <object_component id="oc-f6">
         <name>.debug_info</name>
         <load_address>0x45d4</load_address>
         <run_address>0x45d4</run_address>
         <size>0x325</size>
         <input_file_ref idref="fl-6"/>
      </object_component>
      <object_component id="oc-34b">
         <name>.debug_info</name>
         <load_address>0x48f9</load_address>
         <run_address>0x48f9</run_address>
         <size>0x110</size>
         <input_file_ref idref="fl-6"/>
      </object_component>
      <object_component id="oc-1aa">
         <name>.debug_info</name>
         <load_address>0x4a09</load_address>
         <run_address>0x4a09</run_address>
         <size>0x51c</size>
         <input_file_ref idref="fl-7"/>
      </object_component>
      <object_component id="oc-2f3">
         <name>.debug_info</name>
         <load_address>0x4f25</load_address>
         <run_address>0x4f25</run_address>
         <size>0xeb</size>
         <input_file_ref idref="fl-7"/>
      </object_component>
      <object_component id="oc-191">
         <name>.debug_info</name>
         <load_address>0x5010</load_address>
         <run_address>0x5010</run_address>
         <size>0x2c2</size>
         <input_file_ref idref="fl-7"/>
      </object_component>
      <object_component id="oc-316">
         <name>.debug_info</name>
         <load_address>0x52d2</load_address>
         <run_address>0x52d2</run_address>
         <size>0x75</size>
         <input_file_ref idref="fl-7"/>
      </object_component>
      <object_component id="oc-1ac">
         <name>.debug_info</name>
         <load_address>0x5347</load_address>
         <run_address>0x5347</run_address>
         <size>0x3a4</size>
         <input_file_ref idref="fl-8"/>
      </object_component>
      <object_component id="oc-105">
         <name>.debug_info</name>
         <load_address>0x56eb</load_address>
         <run_address>0x56eb</run_address>
         <size>0x57a</size>
         <input_file_ref idref="fl-8"/>
      </object_component>
      <object_component id="oc-1ae">
         <name>.debug_info</name>
         <load_address>0x5c65</load_address>
         <run_address>0x5c65</run_address>
         <size>0x54a</size>
         <input_file_ref idref="fl-9"/>
      </object_component>
      <object_component id="oc-294">
         <name>.debug_info</name>
         <load_address>0x61af</load_address>
         <run_address>0x61af</run_address>
         <size>0x10d</size>
         <input_file_ref idref="fl-9"/>
      </object_component>
      <object_component id="oc-15e">
         <name>.debug_info</name>
         <load_address>0x62bc</load_address>
         <run_address>0x62bc</run_address>
         <size>0x767</size>
         <input_file_ref idref="fl-9"/>
      </object_component>
      <object_component id="oc-1b0">
         <name>.debug_info</name>
         <load_address>0x6a23</load_address>
         <run_address>0x6a23</run_address>
         <size>0x4b6</size>
         <input_file_ref idref="fl-a"/>
      </object_component>
      <object_component id="oc-300">
         <name>.debug_info</name>
         <load_address>0x6ed9</load_address>
         <run_address>0x6ed9</run_address>
         <size>0xf7</size>
         <input_file_ref idref="fl-a"/>
      </object_component>
      <object_component id="oc-2fd">
         <name>.debug_info</name>
         <load_address>0x6fd0</load_address>
         <run_address>0x6fd0</run_address>
         <size>0xdc</size>
         <input_file_ref idref="fl-a"/>
      </object_component>
      <object_component id="oc-198">
         <name>.debug_info</name>
         <load_address>0x70ac</load_address>
         <run_address>0x70ac</run_address>
         <size>0x476</size>
         <input_file_ref idref="fl-a"/>
      </object_component>
      <object_component id="oc-1b4">
         <name>.debug_info</name>
         <load_address>0x7522</load_address>
         <run_address>0x7522</run_address>
         <size>0x572</size>
         <input_file_ref idref="fl-b"/>
      </object_component>
      <object_component id="oc-114">
         <name>.debug_info</name>
         <load_address>0x7a94</load_address>
         <run_address>0x7a94</run_address>
         <size>0xe8</size>
         <input_file_ref idref="fl-b"/>
      </object_component>
      <object_component id="oc-111">
         <name>.debug_info</name>
         <load_address>0x7b7c</load_address>
         <run_address>0x7b7c</run_address>
         <size>0x100</size>
         <input_file_ref idref="fl-b"/>
      </object_component>
      <object_component id="oc-10e">
         <name>.debug_info</name>
         <load_address>0x7c7c</load_address>
         <run_address>0x7c7c</run_address>
         <size>0xe4</size>
         <input_file_ref idref="fl-b"/>
      </object_component>
      <object_component id="oc-b0">
         <name>.debug_info</name>
         <load_address>0x7d60</load_address>
         <run_address>0x7d60</run_address>
         <size>0x2fa</size>
         <input_file_ref idref="fl-b"/>
      </object_component>
      <object_component id="oc-1b2">
         <name>.debug_info</name>
         <load_address>0x805a</load_address>
         <run_address>0x805a</run_address>
         <size>0x37c</size>
         <input_file_ref idref="fl-c"/>
      </object_component>
      <object_component id="oc-208">
         <name>.debug_info</name>
         <load_address>0x83d6</load_address>
         <run_address>0x83d6</run_address>
         <size>0x14d</size>
         <input_file_ref idref="fl-c"/>
      </object_component>
      <object_component id="oc-36">
         <name>.debug_info</name>
         <load_address>0x8523</load_address>
         <run_address>0x8523</run_address>
         <size>0x295</size>
         <input_file_ref idref="fl-d"/>
      </object_component>
      <object_component id="oc-10">
         <name>.debug_info</name>
         <load_address>0x87b8</load_address>
         <run_address>0x87b8</run_address>
         <size>0xe6</size>
         <input_file_ref idref="fl-d"/>
      </object_component>
      <object_component id="oc-2f">
         <name>.debug_info</name>
         <load_address>0x889e</load_address>
         <run_address>0x889e</run_address>
         <size>0x262</size>
         <input_file_ref idref="fl-d"/>
      </object_component>
      <object_component id="oc-2bd">
         <name>.debug_info</name>
         <load_address>0x8b00</load_address>
         <run_address>0x8b00</run_address>
         <size>0x2d6</size>
         <input_file_ref idref="fl-e"/>
      </object_component>
      <object_component id="oc-2b1">
         <name>.debug_info</name>
         <load_address>0x8dd6</load_address>
         <run_address>0x8dd6</run_address>
         <size>0xef</size>
         <input_file_ref idref="fl-e"/>
      </object_component>
      <object_component id="oc-2b4">
         <name>.debug_info</name>
         <load_address>0x8ec5</load_address>
         <run_address>0x8ec5</run_address>
         <size>0x100</size>
         <input_file_ref idref="fl-e"/>
      </object_component>
      <object_component id="oc-2b7">
         <name>.debug_info</name>
         <load_address>0x8fc5</load_address>
         <run_address>0x8fc5</run_address>
         <size>0xfc</size>
         <input_file_ref idref="fl-e"/>
      </object_component>
      <object_component id="oc-2ba">
         <name>.debug_info</name>
         <load_address>0x90c1</load_address>
         <run_address>0x90c1</run_address>
         <size>0xfc</size>
         <input_file_ref idref="fl-e"/>
      </object_component>
      <object_component id="oc-18b">
         <name>.debug_info</name>
         <load_address>0x91bd</load_address>
         <run_address>0x91bd</run_address>
         <size>0x1358</size>
         <input_file_ref idref="fl-e"/>
      </object_component>
      <object_component id="oc-2a6">
         <name>.debug_info</name>
         <load_address>0xa515</load_address>
         <run_address>0xa515</run_address>
         <size>0x333</size>
         <input_file_ref idref="fl-f"/>
      </object_component>
      <object_component id="oc-16f">
         <name>.debug_info</name>
         <load_address>0xa848</load_address>
         <run_address>0xa848</run_address>
         <size>0x2f0</size>
         <input_file_ref idref="fl-f"/>
      </object_component>
      <object_component id="oc-460">
         <name>.debug_info</name>
         <load_address>0xab38</load_address>
         <run_address>0xab38</run_address>
         <size>0xda</size>
         <input_file_ref idref="fl-10"/>
      </object_component>
      <object_component id="oc-3e3">
         <name>.debug_info</name>
         <load_address>0xac12</load_address>
         <run_address>0xac12</run_address>
         <size>0xee</size>
         <input_file_ref idref="fl-10"/>
      </object_component>
      <object_component id="oc-463">
         <name>.debug_info</name>
         <load_address>0xad00</load_address>
         <run_address>0xad00</run_address>
         <size>0xd7</size>
         <input_file_ref idref="fl-11"/>
      </object_component>
      <object_component id="oc-3e9">
         <name>.debug_info</name>
         <load_address>0xadd7</load_address>
         <run_address>0xadd7</run_address>
         <size>0xe9</size>
         <input_file_ref idref="fl-11"/>
      </object_component>
      <object_component id="oc-39e">
         <name>.debug_info</name>
         <load_address>0xaec0</load_address>
         <run_address>0xaec0</run_address>
         <size>0x835</size>
         <input_file_ref idref="fl-12"/>
      </object_component>
      <object_component id="oc-2a3">
         <name>.debug_info</name>
         <load_address>0xb6f5</load_address>
         <run_address>0xb6f5</run_address>
         <size>0xbd5</size>
         <input_file_ref idref="fl-12"/>
      </object_component>
      <object_component id="oc-398">
         <name>.debug_info</name>
         <load_address>0xc2ca</load_address>
         <run_address>0xc2ca</run_address>
         <size>0x4b2</size>
         <input_file_ref idref="fl-13"/>
      </object_component>
      <object_component id="oc-29b">
         <name>.debug_info</name>
         <load_address>0xc77c</load_address>
         <run_address>0xc77c</run_address>
         <size>0x8a8</size>
         <input_file_ref idref="fl-13"/>
      </object_component>
      <object_component id="oc-439">
         <name>.debug_info</name>
         <load_address>0xd024</load_address>
         <run_address>0xd024</run_address>
         <size>0x4a5</size>
         <input_file_ref idref="fl-14"/>
      </object_component>
      <object_component id="oc-392">
         <name>.debug_info</name>
         <load_address>0xd4c9</load_address>
         <run_address>0xd4c9</run_address>
         <size>0x1b40</size>
         <input_file_ref idref="fl-14"/>
      </object_component>
      <object_component id="oc-3a9">
         <name>.debug_info</name>
         <load_address>0xf009</load_address>
         <run_address>0xf009</run_address>
         <size>0x23b</size>
         <input_file_ref idref="fl-15"/>
      </object_component>
      <object_component id="oc-27">
         <name>.debug_info</name>
         <load_address>0xf244</load_address>
         <run_address>0xf244</run_address>
         <size>0x160</size>
         <input_file_ref idref="fl-d0"/>
      </object_component>
      <object_component id="oc-8d">
         <name>.debug_info</name>
         <load_address>0xf3a4</load_address>
         <run_address>0xf3a4</run_address>
         <size>0x293</size>
         <input_file_ref idref="fl-d1"/>
      </object_component>
      <object_component id="oc-15">
         <name>.debug_info</name>
         <load_address>0xf637</load_address>
         <run_address>0xf637</run_address>
         <size>0x245</size>
         <input_file_ref idref="fl-d1"/>
      </object_component>
      <object_component id="oc-38">
         <name>.debug_info</name>
         <load_address>0xf87c</load_address>
         <run_address>0xf87c</run_address>
         <size>0x60</size>
         <input_file_ref idref="fl-d1"/>
      </object_component>
      <object_component id="oc-88">
         <name>.debug_info</name>
         <load_address>0xf8dc</load_address>
         <run_address>0xf8dc</run_address>
         <size>0x46</size>
         <input_file_ref idref="fl-d1"/>
      </object_component>
      <object_component id="oc-4d">
         <name>.debug_info</name>
         <load_address>0xf922</load_address>
         <run_address>0xf922</run_address>
         <size>0x2da</size>
         <input_file_ref idref="fl-d2"/>
      </object_component>
      <object_component id="oc-19">
         <name>.debug_info</name>
         <load_address>0xfbfc</load_address>
         <run_address>0xfbfc</run_address>
         <size>0x1df</size>
         <input_file_ref idref="fl-d2"/>
      </object_component>
      <object_component id="oc-48">
         <name>.debug_info</name>
         <load_address>0xfddb</load_address>
         <run_address>0xfddb</run_address>
         <size>0x46</size>
         <input_file_ref idref="fl-d2"/>
      </object_component>
      <object_component id="oc-8f">
         <name>.debug_info</name>
         <load_address>0xfe21</load_address>
         <run_address>0xfe21</run_address>
         <size>0x2c</size>
         <input_file_ref idref="fl-d2"/>
      </object_component>
      <object_component id="oc-59">
         <name>.debug_info</name>
         <load_address>0xfe4d</load_address>
         <run_address>0xfe4d</run_address>
         <size>0x2c9</size>
         <input_file_ref idref="fl-d3"/>
      </object_component>
      <object_component id="oc-1f">
         <name>.debug_info</name>
         <load_address>0x10116</load_address>
         <run_address>0x10116</run_address>
         <size>0x1aa</size>
         <input_file_ref idref="fl-d3"/>
      </object_component>
      <object_component id="oc-54">
         <name>.debug_info</name>
         <load_address>0x102c0</load_address>
         <run_address>0x102c0</run_address>
         <size>0x46</size>
         <input_file_ref idref="fl-d3"/>
      </object_component>
      <object_component id="oc-97">
         <name>.debug_info</name>
         <load_address>0x10306</load_address>
         <run_address>0x10306</run_address>
         <size>0x2c</size>
         <input_file_ref idref="fl-d3"/>
      </object_component>
      <object_component id="oc-bd">
         <name>.debug_info</name>
         <load_address>0x10332</load_address>
         <run_address>0x10332</run_address>
         <size>0x3ce</size>
         <input_file_ref idref="fl-d4"/>
      </object_component>
      <object_component id="oc-b7">
         <name>.debug_info</name>
         <load_address>0x10700</load_address>
         <run_address>0x10700</run_address>
         <size>0x185</size>
         <input_file_ref idref="fl-d4"/>
      </object_component>
      <object_component id="oc-74">
         <name>.debug_info</name>
         <load_address>0x10885</load_address>
         <run_address>0x10885</run_address>
         <size>0x214</size>
         <input_file_ref idref="fl-d4"/>
      </object_component>
      <object_component id="oc-17c">
         <name>.debug_info</name>
         <load_address>0x10a99</load_address>
         <run_address>0x10a99</run_address>
         <size>0x132</size>
         <input_file_ref idref="fl-d5"/>
      </object_component>
      <object_component id="oc-180">
         <name>.debug_info</name>
         <load_address>0x10bcb</load_address>
         <run_address>0x10bcb</run_address>
         <size>0x132</size>
         <input_file_ref idref="fl-d6"/>
      </object_component>
      <object_component id="oc-184">
         <name>.debug_info</name>
         <load_address>0x10cfd</load_address>
         <run_address>0x10cfd</run_address>
         <size>0x126</size>
         <input_file_ref idref="fl-d7"/>
      </object_component>
      <object_component id="oc-176">
         <name>.debug_info</name>
         <load_address>0x10e23</load_address>
         <run_address>0x10e23</run_address>
         <size>0x124</size>
         <input_file_ref idref="fl-d8"/>
      </object_component>
      <object_component id="oc-1bc">
         <name>.debug_info</name>
         <load_address>0x10f47</load_address>
         <run_address>0x10f47</run_address>
         <size>0x124</size>
         <input_file_ref idref="fl-d9"/>
      </object_component>
      <object_component id="oc-44">
         <name>.debug_info</name>
         <load_address>0x1106b</load_address>
         <run_address>0x1106b</run_address>
         <size>0x111</size>
         <input_file_ref idref="fl-da"/>
      </object_component>
      <object_component id="oc-7e">
         <name>.debug_info</name>
         <load_address>0x1117c</load_address>
         <run_address>0x1117c</run_address>
         <size>0x3bc</size>
         <input_file_ref idref="fl-db"/>
      </object_component>
      <object_component id="oc-2c">
         <name>.debug_info</name>
         <load_address>0x11538</load_address>
         <run_address>0x11538</run_address>
         <size>0x101</size>
         <input_file_ref idref="fl-db"/>
      </object_component>
      <object_component id="oc-346">
         <name>.debug_info</name>
         <load_address>0x11639</load_address>
         <run_address>0x11639</run_address>
         <size>0x14c</size>
         <input_file_ref idref="fl-db"/>
      </object_component>
      <object_component id="oc-1fd">
         <name>.debug_info</name>
         <load_address>0x11785</load_address>
         <run_address>0x11785</run_address>
         <size>0x885</size>
         <input_file_ref idref="fl-db"/>
      </object_component>
      <object_component id="oc-c3">
         <name>.debug_info</name>
         <load_address>0x1200a</load_address>
         <run_address>0x1200a</run_address>
         <size>0x2c</size>
         <input_file_ref idref="fl-db"/>
      </object_component>
      <object_component id="oc-c8">
         <name>.debug_info</name>
         <load_address>0x12036</load_address>
         <run_address>0x12036</run_address>
         <size>0x62</size>
         <input_file_ref idref="fl-db"/>
      </object_component>
      <object_component id="oc-51">
         <name>.debug_info</name>
         <load_address>0x12098</load_address>
         <run_address>0x12098</run_address>
         <size>0x13f</size>
         <input_file_ref idref="fl-dc"/>
      </object_component>
      <object_component id="oc-5b">
         <name>.debug_info</name>
         <load_address>0x121d7</load_address>
         <run_address>0x121d7</run_address>
         <size>0x138</size>
         <input_file_ref idref="fl-dd"/>
      </object_component>
      <object_component id="oc-61">
         <name>.debug_info</name>
         <load_address>0x1230f</load_address>
         <run_address>0x1230f</run_address>
         <size>0x148</size>
         <input_file_ref idref="fl-de"/>
      </object_component>
      <object_component id="oc-79">
         <name>.debug_info</name>
         <load_address>0x12457</load_address>
         <run_address>0x12457</run_address>
         <size>0x109</size>
         <input_file_ref idref="fl-df"/>
      </object_component>
[...]
         <value>0x112d</value>
         <object_component_ref idref="oc-391"/>
      </symbol>
      <symbol id="sm-4d7">
         <name>OrbitOledClampYco</name>
         <value>0x1801</value>
         <object_component_ref idref="oc-391"/>
      </symbol>
      <symbol id="sm-4d8">
         <name>OrbitOledGetPos</name>
         <value>0xf37</value>
         <object_component_ref idref="oc-391"/>
      </symbol>
      <symbol id="sm-4d9">
         <name>OrbitOledRopSet</name>
         <value>0x16a1</value>
         <object_component_ref idref="oc-391"/>
      </symbol>
      <symbol id="sm-4da">
         <name>OrbitOledRopXor</name>
         <value>0x1713</value>
         <object_component_ref idref="oc-391"/>
      </symbol>
      <symbol id="sm-4db">
         <name>OrbitOledGetBmp</name>
         <value>0x12f5</value>
         <object_component_ref idref="oc-391"/>
      </symbol>
      <symbol id="sm-4dc">
         <name>OrbitOledMoveLeft</name>
         <value>0x17af</value>
         <object_component_ref idref="oc-391"/>
      </symbol>
      <symbol id="sm-4dd">
         <name>OrbitOledRopAnd</name>
         <value>0x16ef</value>
         <object_component_ref idref="oc-391"/>
      </symbol>
      <symbol id="sm-4de">
         <name>OrbitOledPutBmp</name>
         <value>0x1455</value>
         <object_component_ref idref="oc-391"/>
      </symbol>
      <symbol id="sm-4df">
         <name>OrbitOledSetDrawMode</name>
         <value>0xf8d</value>
         <object_component_ref idref="oc-391"/>
      </symbol>
      <symbol id="sm-4e0">
         <name>OrbitOledClampXco</name>
         <value>0x17e1</value>
         <object_component_ref idref="oc-391"/>
      </symbol>
      <symbol id="sm-4e1">
         <name>OrbitOledSetFillPattern</name>
         <value>0xf7d</value>
         <object_component_ref idref="oc-391"/>
      </symbol>
      <symbol id="sm-4e2">
         <name>OrbitOledRopOr</name>
         <value>0x16cb</value>
         <object_component_ref idref="oc-391"/>
      </symbol>
      <symbol id="sm-4f4">
         <name>DelayMs</name>
         <value>0x390f</value>
         <object_component_ref idref="oc-3a6"/>
      </symbol>
      <symbol id="sm-4f5">
         <name>DelayInit</name>
         <value>0x38f5</value>
         <object_component_ref idref="oc-3a6"/>
      </symbol>
      <symbol id="sm-506">
         <name>_c_int00</name>
         <value>0x39a9</value>
         <object_component_ref idref="oc-24"/>
      </symbol>
      <symbol id="sm-507">
         <name>__stack</name>
         <value>0x20000614</value>
         <object_component_ref idref="oc-2a"/>
      </symbol>
      <symbol id="sm-525">
         <name>__TI_decompress_lzss</name>
         <value>0x382d</value>
         <object_component_ref idref="oc-12"/>
      </symbol>
      <symbol id="sm-53c">
         <name>__TI_decompress_none</name>
         <value>0x4129</value>
         <object_component_ref idref="oc-18"/>
      </symbol>
      <symbol id="sm-553">
         <name>__TI_zero_init</name>
         <value>0x4173</value>
         <object_component_ref idref="oc-1e"/>
      </symbol>
      <symbol id="sm-574">
         <name>C$$EXIT</name>
         <value>0x39fd</value>
         <object_component_ref idref="oc-72"/>
      </symbol>
      <symbol id="sm-575">
         <name>abort</name>
         <value>0x3a01</value>
         <object_component_ref idref="oc-72"/>
      </symbol>
      <symbol id="sm-576">
         <name>exit</name>
         <value>0x3a09</value>
         <object_component_ref idref="oc-72"/>
      </symbol>
      <symbol id="sm-577">
         <name>__TI_dtors_ptr</name>
         <value>0x20000a1c</value>
         <object_component_ref idref="oc-b6"/>
      </symbol>
      <symbol id="sm-578">
         <name>__TI_cleanup_ptr</name>
         <value>0x20000a18</value>
         <object_component_ref idref="oc-b6"/>
      </symbol>
      <symbol id="sm-579">
         <name>__TI_enable_exit_profile_output</name>
         <value>0x20000a20</value>
         <object_component_ref idref="oc-b6"/>
      </symbol>
      <symbol id="sm-58d">
         <name>__aeabi_ddiv</name>
         <value>0x2d69</value>
         <object_component_ref idref="oc-179"/>
      </symbol>
      <symbol id="sm-598">
         <name>__aeabi_dmul</name>
         <value>0x30e1</value>
         <object_component_ref idref="oc-17e"/>
      </symbol>
      <symbol id="sm-5a2">
         <name>__aeabi_d2iz</name>
         <value>0x3bd9</value>
         <object_component_ref idref="oc-183"/>
      </symbol>
      <symbol id="sm-5ad">
         <name>__aeabi_f2d</name>
         <value>0x3da5</value>
         <object_component_ref idref="oc-174"/>
      </symbol>
      <symbol id="sm-5b7">
         <name>__aeabi_i2d</name>
         <value>0x3e45</value>
         <object_component_ref idref="oc-1ba"/>
      </symbol>
      <symbol id="sm-5d2">
         <name>memcpy</name>
         <value>0x3559</value>
         <object_component_ref idref="oc-42"/>
      </symbol>
      <symbol id="sm-5d3">
         <name>__aeabi_memcpy</name>
         <value>0x3559</value>
         <object_component_ref idref="oc-42"/>
      </symbol>
      <symbol id="sm-5d4">
         <name>__aeabi_memcpy8</name>
         <value>0x3559</value>
         <object_component_ref idref="oc-42"/>
      </symbol>
      <symbol id="sm-5d5">
         <name>__aeabi_memcpy4</name>
         <value>0x3559</value>
         <object_component_ref idref="oc-42"/>
      </symbol>
      <symbol id="sm-64c">
         <name>_sys_memory</name>
         <value>0x20000818</value>
         <object_component_ref idref="oc-2b"/>
      </symbol>
      <symbol id="sm-64d">
         <name>free</name>
         <value>0x192b</value>
         <object_component_ref idref="oc-1fc"/>
      </symbol>
      <symbol id="sm-64e">
         <name>realloc</name>
         <value>0x19eb</value>
         <object_component_ref idref="oc-1fc"/>
      </symbol>
      <symbol id="sm-64f">
         <name>memalign</name>
         <value>0x1af5</value>
         <object_component_ref idref="oc-1fc"/>
      </symbol>
      <symbol id="sm-650">
         <name>calloc</name>
         <value>0x1be1</value>
         <object_component_ref idref="oc-1fc"/>
      </symbol>
      <symbol id="sm-651">
         <name>malloc</name>
         <value>0x18c1</value>
         <object_component_ref idref="oc-1fc"/>
      </symbol>
      <symbol id="sm-652">
         <name>minit</name>
         <value>0x1841</value>
         <object_component_ref idref="oc-1fc"/>
      </symbol>
      <symbol id="sm-661">
         <name>__aeabi_memset</name>
         <value>0x3671</value>
         <object_component_ref idref="oc-4e"/>
      </symbol>
      <symbol id="sm-662">
         <name>memset</name>
         <value>0x3677</value>
         <object_component_ref idref="oc-4e"/>
      </symbol>
      <symbol id="sm-663">
         <name>__aeabi_memset8</name>
         <value>0x3671</value>
         <object_component_ref idref="oc-4e"/>
      </symbol>
      <symbol id="sm-664">
         <name>__aeabi_memset4</name>
         <value>0x3671</value>
         <object_component_ref idref="oc-4e"/>
      </symbol>
      <symbol id="sm-665">
         <name>__aeabi_memclr8</name>
         <value>0x366f</value>
         <object_component_ref idref="oc-4e"/>
      </symbol>
      <symbol id="sm-666">
         <name>__aeabi_memclr4</name>
         <value>0x366f</value>
         <object_component_ref idref="oc-4e"/>
      </symbol>
      <symbol id="sm-667">
         <name>__aeabi_memclr</name>
         <value>0x366f</value>
         <object_component_ref idref="oc-4e"/>
      </symbol>
      <symbol id="sm-671">
         <name>__mpu_init</name>
         <value>0x40fb</value>
         <object_component_ref idref="oc-5a"/>
      </symbol>
      <symbol id="sm-67b">
         <name>_system_pre_init</name>
         <value>0x41ed</value>
         <object_component_ref idref="oc-60"/>
      </symbol>
      <symbol id="sm-683">
         <name>main_func_sp</name>
         <value>0x20000a5c</value>
         <object_component_ref idref="oc-78"/>
      </symbol>
      <symbol id="sm-692">
         <name>__aeabi_uidivmod</name>
         <value>0x3cf1</value>
         <object_component_ref idref="oc-2ab"/>
      </symbol>
      <symbol id="sm-693">
         <name>__aeabi_uidiv</name>
         <value>0x3cf1</value>
         <object_component_ref idref="oc-2ab"/>
      </symbol>
      <symbol id="sm-69d">
         <name>__aeabi_ui2d</name>
         <value>0x3ee1</value>
         <object_component_ref idref="oc-20c"/>
      </symbol>
      <symbol id="sm-6b6">
         <name>_nop</name>
         <value>0x40a3</value>
         <object_component_ref idref="oc-120"/>
      </symbol>
      <symbol id="sm-6b7">
         <name>_lock</name>
         <value>0x20000a30</value>
         <object_component_ref idref="oc-b9"/>
      </symbol>
      <symbol id="sm-6b8">
         <name>_unlock</name>
         <value>0x20000a34</value>
         <object_component_ref idref="oc-b9"/>
      </symbol>
      <symbol id="sm-6b9">
         <name>_register_lock</name>
         <value>0x409b</value>
         <object_component_ref idref="oc-120"/>
      </symbol>
      <symbol id="sm-6ba">
         <name>_register_unlock</name>
         <value>0x4095</value>
         <object_component_ref idref="oc-120"/>
      </symbol>
      <symbol id="sm-6ce">
         <name>_args_main</name>
         <value>0x3fd5</value>
         <object_component_ref idref="oc-6c"/>
      </symbol>
      <symbol id="sm-6f8">
         <name>__TI_auto_init</name>
         <value>0x36e9</value>
         <object_component_ref idref="oc-66"/>
      </symbol>
      <symbol id="sm-712">
         <name>copy_in</name>
         <value>0x3b8d</value>
         <object_component_ref idref="oc-a0"/>
      </symbol>
      <symbol id="sm-71c">
         <name>__aeabi_idiv0</name>
         <value>0x3c67</value>
         <object_component_ref idref="oc-3ef"/>
      </symbol>
      <symbol id="sm-726">
         <name>_system_post_cinit</name>
         <value>0x41f1</value>
         <object_component_ref idref="oc-a6"/>
      </symbol>
      <symbol id="sm-784">
         <name>ADCProcessorTrigger</name>
         <value>0x3f8d</value>
         <object_component_ref idref="oc-138"/>
      </symbol>
      <symbol id="sm-785">
         <name>ADCSequenceEnable</name>
         <value>0x410d</value>
         <object_component_ref idref="oc-2d4"/>
      </symbol>
      <symbol id="sm-786">
         <name>ADCSequenceConfigure</name>
         <value>0x3a51</value>
         <object_component_ref idref="oc-2c8"/>
      </symbol>
      <symbol id="sm-787">
         <name>ADCIntEnable</name>
         <value>0x40bb</value>
         <object_component_ref idref="oc-2e0"/>
      </symbol>
      <symbol id="sm-788">
         <name>ADCSequenceStepConfigure</name>
         <value>0x35f5</value>
         <object_component_ref idref="oc-2ce"/>
      </symbol>
      <symbol id="sm-789">
         <name>ADCIntClear</name>
         <value>0x418b</value>
         <object_component_ref idref="oc-2ec"/>
      </symbol>
      <symbol id="sm-78a">
         <name>ADCIntRegister</name>
         <value>0x3f75</value>
         <object_component_ref idref="oc-2da"/>
      </symbol>
      <symbol id="sm-78b">
         <name>ADCSequenceDataGet</name>
         <value>0x3f01</value>
         <object_component_ref idref="oc-2e6"/>
      </symbol>
      <symbol id="sm-82d">
         <name>GPIOPinTypePWM</name>
         <value>0x4003</value>
         <object_component_ref idref="oc-27b"/>
      </symbol>
      <symbol id="sm-82e">
         <name>GPIOIntRegister</name>
         <value>0x3fa5</value>
         <object_component_ref idref="oc-1dd"/>
      </symbol>
      <symbol id="sm-82f">
         <name>GPIOPinConfigure</name>
         <value>0x3b41</value>
         <object_component_ref idref="oc-275"/>
      </symbol>
      <symbol id="sm-830">
         <name>GPIOIntEnable</name>
         <value>0x414f</value>
         <object_component_ref idref="oc-1e9"/>
      </symbol>
      <symbol id="sm-831">
         <name>GPIOIntTypeSet</name>
         <value>0x3951</value>
         <object_component_ref idref="oc-1e3"/>
      </symbol>
      <symbol id="sm-832">
         <name>GPIOPinTypeGPIOInput</name>
         <value>0x3fed</value>
         <object_component_ref idref="oc-1c5"/>
      </symbol>
      <symbol id="sm-833">
         <name>GPIOIntClear</name>
         <value>0x41cf</value>
         <object_component_ref idref="oc-2f6"/>
      </symbol>
      <symbol id="sm-834">
         <name>GPIOPinTypeUART</name>
         <value>0x402f</value>
         <object_component_ref idref="oc-212"/>
      </symbol>
      <symbol id="sm-835">
         <name>GPIOPinTypeGPIOOutput</name>
         <value>0x3fbd</value>
         <object_component_ref idref="oc-3ca"/>
      </symbol>
      <symbol id="sm-836">
         <name>GPIOPinRead</name>
         <value>0x41d5</value>
         <object_component_ref idref="oc-fb"/>
      </symbol>
      <symbol id="sm-837">
         <name>GPIODirModeSet</name>
         <value>0x3e73</value>
         <object_component_ref idref="oc-329"/>
      </symbol>
      <symbol id="sm-838">
         <name>GPIOPinWrite</name>
         <value>0x41db</value>
         <object_component_ref idref="oc-3c4"/>
      </symbol>
      <symbol id="sm-839">
         <name>GPIOPadConfigSet</name>
         <value>0x2e9f</value>
         <object_component_ref idref="oc-1cb"/>
      </symbol>
      <symbol id="sm-83a">
         <name>GPIOPinTypeSSI</name>
         <value>0x4019</value>
         <object_component_ref idref="oc-3ac"/>
      </symbol>
      <symbol id="sm-87d">
         <name>IntEnable</name>
         <value>0x37c5</value>
         <object_component_ref idref="oc-339"/>
      </symbol>
      <symbol id="sm-87e">
         <name>IntRegister</name>
         <value>0x3ddd</value>
         <object_component_ref idref="oc-25c"/>
      </symbol>
      <symbol id="sm-87f">
         <name>IntMasterDisable</name>
         <value>0x40cb</value>
         <object_component_ref idref="oc-352"/>
      </symbol>
      <symbol id="sm-880">
         <name>g_pfnRAMVectors</name>
         <value>0x20000000</value>
         <object_component_ref idref="oc-37e"/>
      </symbol>
      <symbol id="sm-881">
         <name>IntMasterEnable</name>
         <value>0x40db</value>
         <object_component_ref idref="oc-ef"/>
      </symbol>
      <symbol id="sm-8ae">
         <name>PWMGenPeriodSet</name>
         <value>0x40eb</value>
         <object_component_ref idref="oc-269"/>
      </symbol>
      <symbol id="sm-8af">
         <name>PWMPulseWidthSet</name>
         <value>0x3f1f</value>
         <object_component_ref idref="oc-26f"/>
      </symbol>
      <symbol id="sm-8b0">
         <name>PWMOutputState</name>
         <value>0x40a9</value>
         <object_component_ref idref="oc-28d"/>
      </symbol>
      <symbol id="sm-8b1">
         <name>PWMGenEnable</name>
         <value>0x415b</value>
         <object_component_ref idref="oc-287"/>
      </symbol>
      <symbol id="sm-8b2">
         <name>PWMGenConfigure</name>
         <value>0x3e9f</value>
         <object_component_ref idref="oc-281"/>
      </symbol>
      <symbol id="sm-8ea">
         <name>SSIDataPut</name>
         <value>0x4195</value>
         <object_component_ref idref="oc-3d6"/>
      </symbol>
      <symbol id="sm-8eb">
         <name>SSIDataGet</name>
         <value>0x4167</value>
         <object_component_ref idref="oc-3dc"/>
      </symbol>
      <symbol id="sm-8ec">
         <name>SSIConfigSetExpClk</name>
         <value>0x3d31</value>
         <object_component_ref idref="oc-3b8"/>
      </symbol>
      <symbol id="sm-8ed">
         <name>SSIEnable</name>
         <value>0x419f</value>
         <object_component_ref idref="oc-3be"/>
      </symbol>
      <symbol id="sm-8ee">
         <name>SSIClockSourceSet</name>
         <value>0x41e1</value>
         <object_component_ref idref="oc-3b2"/>
      </symbol>
      <symbol id="sm-8ef">
         <name>SSIBusy</name>
         <value>0x41c7</value>
         <object_component_ref idref="oc-3d0"/>
      </symbol>
      <symbol id="sm-961">
         <name>SysCtlClockSet</name>
         <value>0x31dd</value>
         <object_component_ref idref="oc-144"/>
      </symbol>
      <symbol id="sm-962">
         <name>SysCtlDelay</name>
         <value>0x41e7</value>
         <object_component_ref idref="oc-18e"/>
      </symbol>
      <symbol id="sm-963">
         <name>SysCtlPeripheralEnable</name>
         <value>0x3e11</value>
         <object_component_ref idref="oc-1bf"/>
      </symbol>
      <symbol id="sm-964">
         <name>SysCtlClockGet</name>
         <value>0x2fd1</value>
         <object_component_ref idref="oc-14a"/>
      </symbol>
      <symbol id="sm-965">
         <name>SysCtlPWMClockSet</name>
         <value>0x4045</value>
         <object_component_ref idref="oc-263"/>
      </symbol>
      <symbol id="sm-966">
         <name>SysCtlPeripheralReady</name>
         <value>0x3d6d</value>
         <object_component_ref idref="oc-1d7"/>
      </symbol>
      <symbol id="sm-967">
         <name>SysCtlPeripheralReset</name>
         <value>0x3aa1</value>
         <object_component_ref idref="oc-1d1"/>
      </symbol>
      <symbol id="sm-994">
         <name>SysTickEnable</name>
         <value>0x4059</value>
         <object_component_ref idref="oc-168"/>
      </symbol>
      <symbol id="sm-995">
         <name>SysTickIntRegister</name>
         <value>0x3f3d</value>
         <object_component_ref idref="oc-156"/>
      </symbol>
      <symbol id="sm-996">
         <name>SysTickIntEnable</name>
         <value>0x406d</value>
         <object_component_ref idref="oc-162"/>
      </symbol>
      <symbol id="sm-997">
         <name>SysTickPeriodSet</name>
         <value>0x40fd</value>
         <object_component_ref idref="oc-150"/>
      </symbol>
      <symbol id="sm-9bb">
         <name>TimerEnable</name>
         <value>0x411b</value>
         <object_component_ref idref="oc-447"/>
      </symbol>
      <symbol id="sm-9bc">
         <name>TimerValueGet</name>
         <value>0x41a9</value>
         <object_component_ref idref="oc-44d"/>
      </symbol>
      <symbol id="sm-9bd">
         <name>TimerConfigure</name>
         <value>0x3895</value>
         <object_component_ref idref="oc-441"/>
      </symbol>
      <symbol id="sm-9ef">
         <name>UARTConfigSetExpClk</name>
         <value>0x3c21</value>
         <object_component_ref idref="oc-218"/>
      </symbol>
      <symbol id="sm-9f0">
         <name>UARTDisable</name>
         <value>0x3ec1</value>
         <object_component_ref idref="oc-35b"/>
      </symbol>
      <symbol id="sm-9f1">
         <name>UARTCharPut</name>
         <value>0x41b3</value>
         <object_component_ref idref="oc-22a"/>
      </symbol>
      <symbol id="sm-9f2">
         <name>UARTEnable</name>
         <value>0x4081</value>
         <object_component_ref idref="oc-224"/>
      </symbol>
      <symbol id="sm-9f3">
         <name>UARTFIFOEnable</name>
         <value>0x41bd</value>
         <object_component_ref idref="oc-21e"/>
      </symbol>
      <symbol id="sm-a05">
         <name>CPUcpsie</name>
         <value>0x4143</value>
         <object_component_ref idref="oc-1f5"/>
      </symbol>
      <symbol id="sm-a06">
         <name>CPUcpsid</name>
         <value>0x4137</value>
         <object_component_ref idref="oc-423"/>
      </symbol>
      <symbol id="sm-a07">
         <name>__TI_static_base__</name>
         <value>0x0</value>
      </symbol>
      <symbol id="sm-a0a">
         <name>SHT$$INIT_ARRAY$$Limit</name>
         <value>0x0</value>
      </symbol>
      <symbol id="sm-a0b">
         <name>SHT$$INIT_ARRAY$$Base</name>
         <value>0x0</value>
      </symbol>
   </symbol_table>
   <title>Link successful</title>
</link_info>
