******************************************************************************
                  TI ARM Linker PC v16.9.6                     
******************************************************************************
>> Linked Wed May 23 18:11:31 2018

OUTPUT FILE NAME:   <Milestone.out>
ENTRY POINT SYMBOL: "_c_int00"  address: 000037f1


MEMORY CONFIGURATION

         name            origin    length      used     unused   attr    fill
----------------------  --------  ---------  --------  --------  ----  --------
  FLASH                 00000000   00040000  00004678  0003b988  R  X
  SRAM                  20000000   00008000  00000a1b  000075e5  RW X


SEGMENT ALLOCATION MAP

run origin  load origin   length   init length attrs members
----------  ----------- ---------- ----------- ----- -------
00000000    00000000    00004678   00004678    r-x
  00000000    00000000    0000026c   0000026c    r-- .intvecs
  0000026c    0000026c    00003d74   00003d74    r-x .text
  00003fe0    00003fe0    00000648   00000648    r-- .const
  00004628    00004628    00000050   00000050    r-- .cinit
20000000    20000000    00000a1e   00000000    rw-
  20000000    20000000    0000026c   00000000    rw- .vtable
  2000026c    2000026c    00000381   00000000    rw- .bss
  200005f0    200005f0    00000200   00000000    rw- .stack
  200007f0    200007f0    00000200   00000000    rw- .sysmem
  200009f0    200009f0    0000002e   00000000    rw- .data


SECTION ALLOCATION MAP

 output                                  attributes/
section   page    origin      length       input sections
--------  ----  ----------  ----------   ----------------
.intvecs   0    00000000    0000026c     
                  00000000    0000026c     tm4c123gh6pm_startup_ccs.obj (.intvecs)

.text      0    0000026c    00003d74     
                  0000026c    00000c84     ustdlib.obj (.text)
                  00000ef0    00000950     OrbitOledGrph.obj (.text)
                  00001840    000003d0     rtsv7M4_T_le_v4SPD16_eabi.lib : memory.obj (.text)
                  00001c10    0000037c     OrbitOled.obj (.text)
                  00001f8c    00000254     ButtonControl.obj (.text)
                  000021e0    00000220     buttons4.obj (.text)
                  00002400    00000214     Helicopter.obj (.text)
                  00002614    00000204     OrbitOledChar.obj (.text)
                  00002818    000001ac     heliPWM.obj (.text)
                  000029c4    00000190     heliYAW.obj (.text)
                  00002b54    0000018c     heliUART.obj (.text)
                  00002ce0    00000132     driverlib.lib : gpio.obj (.text:GPIOPadConfigSet)
                  00002e12    00000002     rtsv7M4_T_le_v4SPD16_eabi.lib : i_div0.obj (.text)
                  00002e14    00000114     heliPID.obj (.text)
                  00002f28    00000110     driverlib.lib : sysctl.obj (.text:SysCtlClockGet)
                  00003038    000000fc     rtsv7M4_T_le_v4SPD16_eabi.lib : fd_mul_t2.obj (.text)
                  00003134    000000f4     driverlib.lib : sysctl.obj (.text:SysCtlClockSet)
                  00003228    000000c0     main.obj (.text)
                  000032e8    000000b8     circBufT.obj (.text)
                  000033a0    0000009c     rtsv7M4_T_le_v4SPD16_eabi.lib : memcpy_t2.obj (.text)
                  0000343c    0000007a     driverlib.lib : adc.obj (.text:ADCSequenceStepConfigure)
                  000034b6    0000007a     rtsv7M4_T_le_v4SPD16_eabi.lib : memset_t2.obj (.text)
                  00003530    00000070                                   : autoinit.obj (.text)
                  000035a0    0000006c     heliADC.obj (.text)
                  0000360c    00000068     driverlib.lib : interrupt.obj (.text:IntEnable)
                  00003674    00000068     rtsv7M4_T_le_v4SPD16_eabi.lib : copy_decompress_lzss.obj (.text:decompress:lzss)
                  000036dc    00000060     driverlib.lib : timer.obj (.text:TimerConfigure)
                  0000373c    0000005c     delay.obj (.text)
                  00003798    00000058     driverlib.lib : gpio.obj (.text:GPIOIntTypeSet)
                  000037f0    00000054     rtsv7M4_T_le_v4SPD16_eabi.lib : boot.obj (.text)
                  00003844    00000054                                   : exit.obj (.text)
                  00003898    00000050     driverlib.lib : adc.obj (.text:ADCSequenceConfigure)
                  000038e8    00000050                   : sysctl.obj (.text:SysCtlPeripheralReset)
                  00003938    00000050                   : adc.obj (.text:_ADCIntNumberGet)
                  00003988    0000004c                   : gpio.obj (.text:GPIOPinConfigure)
                  000039d4    0000004c     rtsv7M4_T_le_v4SPD16_eabi.lib : cpy_tbl.obj (.text)
                  00003a20    00000048                                   : fd_toi_t2.obj (.text)
                  00003a68    00000046     driverlib.lib : uart.obj (.text:UARTConfigSetExpClk)
                  00003aae    00000002     rtsv7M4_T_le_v4SPD16_eabi.lib : mpu_init.obj (.text)
                  00003ab0    00000044     OrbitOLEDInterface.obj (.text)
                  00003af4    00000044     driverlib.lib : gpio.obj (.text:_GPIOIntNumberGet)
                  00003b38    00000040     rtsv7M4_T_le_v4SPD16_eabi.lib : u_divt2.obj (.text)
                  00003b78    0000003c     driverlib.lib : ssi.obj (.text:SSIConfigSetExpClk)
                  00003bb4    00000038                   : sysctl.obj (.text:SysCtlPeripheralReady)
                  00003bec    00000038     rtsv7M4_T_le_v4SPD16_eabi.lib : fs_tod_t2.obj (.text)
                  00003c24    00000034     driverlib.lib : interrupt.obj (.text:IntRegister)
                  00003c58    00000034                   : sysctl.obj (.text:SysCtlPeripheralEnable)
                  00003c8c    0000002e     rtsv7M4_T_le_v4SPD16_eabi.lib : i_tofd_t2.obj (.text)
                  00003cba    0000002c     driverlib.lib : gpio.obj (.text:GPIODirModeSet)
                  00003ce6    00000022                   : pwm.obj (.text:PWMGenConfigure)
                  00003d08    00000020                   : uart.obj (.text:UARTDisable)
                  00003d28    0000001e                   : adc.obj (.text:ADCSequenceDataGet)
                  00003d46    0000001e                   : pwm.obj (.text:PWMPulseWidthSet)
                  00003d64    0000001c                   : systick.obj (.text:SysTickIntRegister)
                  00003d80    00000018                   : adc.obj (.text:ADCIntRegister)
                  00003d98    00000018                   : adc.obj (.text:ADCProcessorTrigger)
                  00003db0    00000018                   : gpio.obj (.text:GPIOIntRegister)
                  00003dc8    00000018                   : gpio.obj (.text:GPIOPinTypeGPIOOutput)
                  00003de0    00000018     rtsv7M4_T_le_v4SPD16_eabi.lib : args_main.obj (.text)
                  00003df8    00000016     driverlib.lib : gpio.obj (.text:GPIOPinTypeGPIOInput)
                  00003e0e    00000016                   : gpio.obj (.text:GPIOPinTypePWM)
                  00003e24    00000016                   : gpio.obj (.text:GPIOPinTypeSSI)
                  00003e3a    00000016                   : gpio.obj (.text:GPIOPinTypeUART)
                  00003e50    00000014                   : sysctl.obj (.text:SysCtlPWMClockSet)
                  00003e64    00000014                   : systick.obj (.text:SysTickEnable)
                  00003e78    00000014                   : systick.obj (.text:SysTickIntEnable)
                  00003e8c    00000014                   : uart.obj (.text:UARTEnable)
                  00003ea0    00000014     rtsv7M4_T_le_v4SPD16_eabi.lib : _lock.obj (.text)
                  00003eb4    00000012     driverlib.lib : pwm.obj (.text:PWMOutputState)
                  00003ec6    00000010                   : adc.obj (.text:ADCIntEnable)
                  00003ed6    00000010                   : interrupt.obj (.text:IntMasterEnable)
                  00003ee6    00000010                   : pwm.obj (.text:PWMGenPeriodSet)
                  00003ef6    00000002     rtsv7M4_T_le_v4SPD16_eabi.lib : startup.obj (.text)
                  00003ef8    00000010     driverlib.lib : systick.obj (.text:SysTickPeriodSet)
                  00003f08    0000000e                   : adc.obj (.text:ADCSequenceEnable)
                  00003f16    0000000e                   : timer.obj (.text:TimerEnable)
                  00003f24    0000000e     rtsv7M4_T_le_v4SPD16_eabi.lib : copy_decompress_none.obj (.text:decompress:none)
                  00003f32    0000000c     driverlib.lib : cpu.obj (.text:CPUcpsie)
                  00003f3e    0000000c                   : gpio.obj (.text:GPIOIntEnable)
                  00003f4a    0000000c                   : pwm.obj (.text:PWMGenEnable)
                  00003f56    0000000c                   : ssi.obj (.text:SSIDataGet)
                  00003f62    0000000c     rtsv7M4_T_le_v4SPD16_eabi.lib : copy_zero_init.obj (.text:decompress:ZI)
                  00003f6e    0000000c     tm4c123gh6pm_startup_ccs.obj (.text)
                  00003f7a    0000000a     driverlib.lib : adc.obj (.text:ADCIntClear)
                  00003f84    0000000a                   : ssi.obj (.text:SSIDataPut)
                  00003f8e    0000000a                   : ssi.obj (.text:SSIEnable)
                  00003f98    0000000a                   : timer.obj (.text:TimerValueGet)
                  00003fa2    0000000a                   : uart.obj (.text:UARTCharPut)
                  00003fac    0000000a                   : uart.obj (.text:UARTFIFOEnable)
                  00003fb6    00000008                   : ssi.obj (.text:SSIBusy)
                  00003fbe    00000006                   : gpio.obj (.text:GPIOIntClear)
                  00003fc4    00000006                   : gpio.obj (.text:GPIOPinRead)
                  00003fca    00000006                   : gpio.obj (.text:GPIOPinWrite)
                  00003fd0    00000006                   : ssi.obj (.text:SSIClockSourceSet)
                  00003fd6    00000006                   : sysctl.obj (.text:SysCtlDelay)
                  00003fdc    00000004     rtsv7M4_T_le_v4SPD16_eabi.lib : pre_init.obj (.text)

.const     0    00003fe0    00000648     
                  00003fe0    00000300     ChrFont0.obj (.const:.string:rgbOledFont0)
                  000042e0    000000d8     driverlib.lib : gpio.obj (.const:g_ppui32GPIOIntMapSnowflake)
                  000043b8    000000c0                   : gpio.obj (.const:g_ppui32GPIOIntMapBlizzard)
                  00004478    00000090                   : gpio.obj (.const:g_pui32GPIOBaseAddrs)
                  00004508    0000006c                   : sysctl.obj (.const:g_pui32Xtals)
                  00004574    00000040     FillPat.obj (.const:.string:rgbFillPat)
                  000045b4    00000030     ustdlib.obj (.const:g_psDaysToMonth)
                  000045e4    00000018     ustdlib.obj (.const:g_pfExponents)
                  000045fc    00000014     driverlib.lib : interrupt.obj (.const:g_pui32EnRegs)
                  00004610    00000012     ustdlib.obj (.const:.string)
                  00004622    00000002     --HOLE-- [fill = 0]
                  00004624    00000004     ustdlib.obj (.const)

.cinit     0    00004628    00000050     
                  00004628    0000001c     (.cinit..data.load) [load image, compression = lzss]
                  00004644    0000000c     (__TI_handler_table)
                  00004650    00000008     (.cinit..bss.load) [load image, compression = zero_init]
                  00004658    00000008     (.cinit..vtable.load) [load image, compression = zero_init]
                  00004660    00000018     (__TI_cinit_table)

.init_array 
*          0    00000000    00000000     UNINITIALIZED

.vtable    0    20000000    0000026c     UNINITIALIZED
                  20000000    0000026c     driverlib.lib : interrupt.obj (.vtable)

.bss       0    2000026c    00000381     UNINITIALIZED
                  2000026c    00000200     (.common:rgbOledBmp)
                  2000046c    00000100     (.common:rgbOledFontUser)
                  2000056c    00000010     (.common:g_inBuffer)
                  2000057c    00000008     (.common:setPoints)
                  20000584    00000004     buttons4.obj (.bss:but_count)
                  20000588    00000004     buttons4.obj (.bss:but_flag)
                  2000058c    00000004     buttons4.obj (.bss:but_normal)
                  20000590    00000004     buttons4.obj (.bss:but_state)
                  20000594    00000004     (.common:bnOledCur)
                  20000598    00000004     (.common:dxcoOledFontCur)
                  2000059c    00000004     (.common:dycoOledFontCur)
                  200005a0    00000004     (.common:fOledCharUpdate)
                  200005a4    00000004     (.common:g_ulSampCnt)
                  200005a8    00000004     (.common:interupt_value)
                  200005ac    00000004     (.common:main_duty)
                  200005b0    00000004     (.common:modOledCur)
                  200005b4    00000004     (.common:pbOledCur)
                  200005b8    00000004     (.common:pbOledFontCur)
                  200005bc    00000004     (.common:pbOledFontUser)
                  200005c0    00000004     (.common:pbOledPatCur)
                  200005c4    00000004     (.common:pfnDoRop)
                  200005c8    00000004     (.common:tail_duty)
                  200005cc    00000004     (.common:xchOledCur)
                  200005d0    00000004     (.common:xchOledMax)
                  200005d4    00000004     (.common:xcoOledCur)
                  200005d8    00000004     (.common:yaw)
                  200005dc    00000004     (.common:ychOledCur)
                  200005e0    00000004     (.common:ychOledMax)
                  200005e4    00000004     (.common:ycoOledCur)
                  200005e8    00000002     (.common:altitude)
                  200005ea    00000001     (.common:clrOledCur)
                  200005eb    00000001     (.common:slowTick)
                  200005ec    00000001     (.common:state)

.stack     0    200005f0    00000200     UNINITIALIZED
                  200005f0    00000200     --HOLE--

.sysmem    0    200007f0    00000200     UNINITIALIZED
                  200007f0    00000008     rtsv7M4_T_le_v4SPD16_eabi.lib : memory.obj (.sysmem)
                  200007f8    000001f8     --HOLE--

.data      0    200009f0    0000002e     UNINITIALIZED
                  200009f0    0000000c     rtsv7M4_T_le_v4SPD16_eabi.lib : exit.obj (.data:$O1$$)
                  200009fc    0000000c                                   : memory.obj (.data:$O1$$)
                  20000a08    00000008                                   : _lock.obj (.data:$O1$$)
                  20000a10    00000004     main.obj (.data)
                  20000a14    00000004     rtsv7M4_T_le_v4SPD16_eabi.lib : stkdepth_vars.obj (.data)
                  20000a18    00000004     ustdlib.obj (.data)
                  20000a1c    00000001     ButtonControl.obj (.data)
                  20000a1d    00000001     Helicopter.obj (.data)

MODULE SUMMARY

       Module                         code    ro data   rw data
       ------                         ----    -------   -------
    .\
       ustdlib.obj                    3204    94        4      
       tm4c123gh6pm_startup_ccs.obj   12      620       0      
       ButtonControl.obj              596     0         22     
       Helicopter.obj                 532     0         28     
       buttons4.obj                   544     0         16     
       heliPWM.obj                    428     0         0      
       heliYAW.obj                    400     0         0      
       heliUART.obj                   396     0         0      
       heliPID.obj                    276     0         0      
       main.obj                       192     0         4      
       circBufT.obj                   184     0         0      
       heliADC.obj                    108     0         0      
    +--+------------------------------+-------+---------+---------+
       Total:                         6872    714       74     
                                                               
    .\OrbitOLED\
       OrbitOLEDInterface.obj         68      0         0      
    +--+------------------------------+-------+---------+---------+
       Total:                         68      0         0      
                                                               
    .\OrbitOLED\lib_OrbitOled\
       OrbitOledGrph.obj              2384    0         8      
       OrbitOled.obj                  892     0         553    
       OrbitOledChar.obj              516     0         272    
       ChrFont0.obj                   0       768       0      
       delay.obj                      92      0         0      
       FillPat.obj                    0       64        0      
    +--+------------------------------+-------+---------+---------+
       Total:                         3884    832       833    
                                                               
    C:/ti/TivaWare_C_Series-2.1.4.178/driverlib/ccs/Debug/driverlib.lib
       gpio.obj                       748     552       0      
       sysctl.obj                     730     108       0      
       interrupt.obj                  172     20        620    
       adc.obj                        400     0         0      
       uart.obj                       142     0         0      
       timer.obj                      120     0         0      
       pwm.obj                        110     0         0      
       ssi.obj                        106     0         0      
       systick.obj                    84      0         0      
       cpu.obj                        12      0         0      
    +--+------------------------------+-------+---------+---------+
       Total:                         2624    680       620    
                                                               
    C:\ti\ccsv7\tools\compiler\ti-cgt-arm_16.9.6.LTS\lib\rtsv7M4_T_le_v4SPD16_eabi.lib
       memory.obj                     976     0         12     
       fd_mul_t2.obj                  252     0         0      
       memcpy_t2.obj                  156     0         0      
       memset_t2.obj                  122     0         0      
       autoinit.obj                   112     0         0      
       copy_decompress_lzss.obj       104     0         0      
       exit.obj                       84      0         12     
       boot.obj                       84      0         0      
       cpy_tbl.obj                    76      0         0      
       fd_toi_t2.obj                  72      0         0      
       u_divt2.obj                    64      0         0      
       fs_tod_t2.obj                  56      0         0      
       i_tofd_t2.obj                  46      0         0      
       _lock.obj                      20      0         8      
       args_main.obj                  24      0         0      
       copy_decompress_none.obj       14      0         0      
       copy_zero_init.obj             12      0         0      
       pre_init.obj                   4       0         0      
       stkdepth_vars.obj              0       0         4      
       i_div0.obj                     2       0         0      
       mpu_init.obj                   2       0         0      
       startup.obj                    2       0         0      
    +--+------------------------------+-------+---------+---------+
       Total:                         2284    0         36     
                                                               
       Heap:                          0       0         512    
       Stack:                         0       0         512    
       Linker Generated:              0       80        0      
    +--+------------------------------+-------+---------+---------+
       Grand Total:                   15732   2306      2587   


LINKER GENERATED COPY TABLES

__TI_cinit_table @ 00004660 records: 3, size/record: 8, table size: 24
	.data: load addr=00004628, load size=0000001c bytes, run addr=200009f0, run size=0000002e bytes, compression=lzss
	.bss: load addr=00004650, load size=00000008 bytes, run addr=2000026c, run size=00000381 bytes, compression=zero_init
	.vtable: load addr=00004658, load size=00000008 bytes, run addr=20000000, run size=0000026c bytes, compression=zero_init


LINKER GENERATED HANDLER TABLE

__TI_handler_table @ 00004644 records: 3, size/record: 4, table size: 12
	index: 0, handler: __TI_zero_init
	index: 1, handler: __TI_decompress_lzss
	index: 2, handler: __TI_decompress_none


GLOBAL SYMBOLS: SORTED ALPHABETICALLY BY Name 

address   name                           
-------   ----                           
00003f7b  ADCIntClear                    
00003ec7  ADCIntEnable                   
000035dd  ADCIntHandler                  
00003d81  ADCIntRegister                 
00003d99  ADCProcessorTrigger            
00003899  ADCSequenceConfigure           
00003d29  ADCSequenceDataGet             
00003f09  ADCSequenceEnable              
0000343d  ADCSequenceStepConfigure       
00003845  C$$EXIT                        
00003f33  CPUcpsie                       
0000373d  DelayInit                      
00003757  DelayMs                        
00003cbb  GPIODirModeSet                 
00003fbf  GPIOIntClear                   
00003f3f  GPIOIntEnable                  
00003db1  GPIOIntRegister                
00003799  GPIOIntTypeSet                 
00002ce1  GPIOPadConfigSet               
00003989  GPIOPinConfigure               
00003fc5  GPIOPinRead                    
00003df9  GPIOPinTypeGPIOInput           
00003dc9  GPIOPinTypeGPIOOutput          
00003e0f  GPIOPinTypePWM                 
00003e25  GPIOPinTypeSSI                 
00003e3b  GPIOPinTypeUART                
00003fcb  GPIOPinWrite                   
0000360d  IntEnable                      
00003ed7  IntMasterEnable                
00003c25  IntRegister                    
00003ad7  OLEDInitialise                 
00003ab1  OLEDStringDraw                 
000027ad  OrbitOledAdvanceCursor         
000017e1  OrbitOledClampXco              
00001801  OrbitOledClampYco              
00001ded  OrbitOledClear                 
00001df9  OrbitOledClearBuffer           
0000267d  OrbitOledDefUserChar           
00001d69  OrbitOledDevInit               
00001623  OrbitOledDrawChar              
00002735  OrbitOledDrawGlyph             
00000fe7  OrbitOledDrawPixel             
0000112d  OrbitOledDrawRect              
00001683  OrbitOledDrawString            
00001cef  OrbitOledDvrInit               
000011b1  OrbitOledFillRect              
000012f5  OrbitOledGetBmp                
000026e5  OrbitOledGetCharUpdate         
00002661  OrbitOledGetCursor             
00000fe1  OrbitOledGetDrawMode           
00001013  OrbitOledGetPixel              
00000f37  OrbitOledGetPos                
00000f6b  OrbitOledGetStdPattern         
00001c25  OrbitOledHostInit              
00001c11  OrbitOledInit                  
0000102d  OrbitOledLineTo                
00001779  OrbitOledMoveDown              
000017af  OrbitOledMoveLeft              
000017c7  OrbitOledMoveRight             
00000ef1  OrbitOledMoveTo                
00001741  OrbitOledMoveUp                
00001455  OrbitOledPutBmp                
00001e83  OrbitOledPutBuffer             
000026eb  OrbitOledPutChar               
00002709  OrbitOledPutString             
000016ef  OrbitOledRopAnd                
000016cb  OrbitOledRopOr                 
000016a1  OrbitOledRopSet                
00001713  OrbitOledRopXor                
000026cd  OrbitOledSetCharUpdate         
00002615  OrbitOledSetCursor             
00000f53  OrbitOledSetDrawColor          
00000f8d  OrbitOledSetDrawMode           
00000f7d  OrbitOledSetFillPattern        
00001e29  OrbitOledUpdate                
00002f03  PIDController                  
00003ce7  PWMGenConfigure                
00003f4b  PWMGenEnable                   
00003ee7  PWMGenPeriodSet                
00003eb5  PWMOutputState                 
00003d47  PWMPulseWidthSet               
00003f6f  ResetISR                       
UNDEFED   SHT$$INIT_ARRAY$$Base          
UNDEFED   SHT$$INIT_ARRAY$$Limit         
00003fb7  SSIBusy                        
00003fd1  SSIClockSourceSet              
00003b79  SSIConfigSetExpClk             
00003f57  SSIDataGet                     
00003f85  SSIDataPut                     
00003f8f  SSIEnable                      
0000211b  SW1IntHandler                  
0000206f  SW1setup                       
00001ee9  Ssi3PutByte                    
00002f29  SysCtlClockGet                 
00003135  SysCtlClockSet                 
00003fd7  SysCtlDelay                    
00003e51  SysCtlPWMClockSet              
00003c59  SysCtlPeripheralEnable         
00003bb5  SysCtlPeripheralReady          
000038e9  SysCtlPeripheralReset          
00003e65  SysTickEnable                  
00003e79  SysTickIntEnable               
00002401  SysTickIntHandler              
00003d65  SysTickIntRegister             
00003ef9  SysTickPeriodSet               
000036dd  TimerConfigure                 
00003f17  TimerEnable                    
00003f99  TimerValueGet                  
00002bd9  UART                           
00003fa3  UARTCharPut                    
00003a69  UARTConfigSetExpClk            
00003d09  UARTDisable                    
00003e8d  UARTEnable                     
00003fad  UARTFIFOEnable                 
00002b8d  UARTSend                       
000029fb  YawIntHandler                  
200007f0  __STACK_END                    
00000200  __STACK_SIZE                   
200007f0  __STACK_TOP                    
00000200  __SYSMEM_SIZE                  
00004660  __TI_CINIT_Base                
00004678  __TI_CINIT_Limit               
00004644  __TI_Handler_Table_Base        
00004650  __TI_Handler_Table_Limit       
00003531  __TI_auto_init                 
200009f0  __TI_cleanup_ptr               
00003675  __TI_decompress_lzss           
00003f25  __TI_decompress_none           
200009f4  __TI_dtors_ptr                 
200009f8  __TI_enable_exit_profile_output
ffffffff  __TI_pprof_out_hndl            
ffffffff  __TI_prof_data_size            
ffffffff  __TI_prof_data_start           
00000000  __TI_static_base__             
00003f63  __TI_zero_init                 
00003a21  __aeabi_d2iz                   
00003039  __aeabi_dmul                   
00003bed  __aeabi_f2d                    
00003c8d  __aeabi_i2d                    
00002e13  __aeabi_idiv0                  
000034b7  __aeabi_memclr                 
000034b7  __aeabi_memclr4                
000034b7  __aeabi_memclr8                
000033a1  __aeabi_memcpy                 
000033a1  __aeabi_memcpy4                
000033a1  __aeabi_memcpy8                
000034b9  __aeabi_memset                 
000034b9  __aeabi_memset4                
000034b9  __aeabi_memset8                
00003b39  __aeabi_uidiv                  
00003b39  __aeabi_uidivmod               
ffffffff  __binit__                      
ffffffff  __c_args__                     
00003aaf  __mpu_init                     
200005f0  __stack                        
00003de1  _args_main                     
000037f1  _c_int00                       
20000a08  _lock                          
00003eaf  _nop                           
00003ea7  _register_lock                 
00003ea1  _register_unlock               
200007f0  _sys_memory                    
00003ef7  _system_post_cinit             
00003fdd  _system_pre_init               
20000a0c  _unlock                        
00003849  abort                          
200005e8  altitude                       
ffffffff  binit                          
20000594  bnOledCur                      
00002043  buttonControllerInit           
0000205b  buttonControllerLoop           
0000246f  calculateRobustMeanValue       
00001be1  calloc                         
00001feb  checkAndDecrementAltitude      
0000201f  checkAndDecrementYaw           
00001fcd  checkAndIncrementAltitude      
00002009  checkAndIncrementYaw           
00002383  checkButton                    
00002161  checkLanded                    
200005ea  clrOledCur                     
000039d5  copy_in                        
000024bd  displayMeanVal                 
20000598  dxcoOledFontCur                
2000059c  dycoOledFontCur                
00003851  exit                           
200005a0  fOledCharUpdate                
0000192b  free                           
0000337b  freeCircBuf                    
2000056c  g_inBuffer                     
20000000  g_pfnRAMVectors                
00000000  g_pfnVectors                   
200005a4  g_ulSampCnt                    
00002035  getAltitudePercentSetPoint     
00002091  getSW1Position                 
000020bb  getSW1mode                     
00002bad  getSW1modeString               
0000203b  getYawDegreesSetPoint          
20000a1c  heliMode                       
000035a1  initADC                        
000021e1  initButtons                    
000032e9  initCircBuf                    
0000243d  initClock                      
00002467  initDisplay                    
000020dd  initGPIOAPinChangeInterrupts   
00001fb1  initSetPoints                  
000029c5  initYaw                        
00002b55  initialiseUSB_UART             
00002563  initializeHelicopterOperations 
000028b7  initializePWM                  
200005a8  interupt_value                 
00003229  main                           
00002e15  mainProportional               
200005ac  main_duty                      
20000a14  main_func_sp                   
000018c1  malloc                         
00001af5  memalign                       
000033a1  memcpy                         
000034bf  memset                         
00001841  minit                          
200005b0  modOledCur                     
200005b4  pbOledCur                      
200005b8  pbOledFontCur                  
200005bc  pbOledFontUser                 
200005c0  pbOledPatCur                   
00002ed7  pcontrol_update                
200005c4  pfnDoRop                       
00003347  readCircBuf                    
000019eb  realloc                        
00002557  resetHelicopterOperations      
000020c1  resetPeriphButtons             
0000294d  resetPeripheralPWM             
00004574  rgbFillPat                     
2000026c  rgbOledBmp                     
00003fe0  rgbOledFont0                   
2000046c  rgbOledFontUser                
00002969  setOutputOnline                
00002825  setPWM                         
00002819  setPWMClocks                   
2000057c  setPoints                      
000020a7  setSW1mode                     
200005eb  slowTick                       
00002191  startLanding                   
200005ec  state                          
00002e7d  tailProportional               
200005c8  tail_duty                      
00000751  ulocaltime                     
0000094f  umktime                        
000022af  updateButtons                  
00002543  updateDisplay                  
00000ec9  urand                          
00000721  usnprintf                      
000006ef  usprintf                       
00000eb9  usrand                         
00000e31  ustrcasecmp                    
00000ea5  ustrcmp                        
00000d35  ustrlen                        
00000d8d  ustrncasecmp                   
00000e45  ustrncmp                       
0000026d  ustrncpy                       
00000d57  ustrstr                        
00000afd  ustrtof                        
000009c5  ustrtoul                       
000002c5  uvsnprintf                     
00003313  writeCircBuf                   
200005cc  xchOledCur                     
200005d0  xchOledMax                     
200005d4  xcoOledCur                     
200005d8  yaw                            
00001f8d  yawDegreeConvert               
200005dc  ychOledCur                     
200005e0  ychOledMax                     
200005e4  ycoOledCur                     


GLOBAL SYMBOLS: SORTED BY Symbol Address 

address   name                           
-------   ----                           
00000000  __TI_static_base__             
00000000  g_pfnVectors                   
00000200  __STACK_SIZE                   
00000200  __SYSMEM_SIZE                  
0000026d  ustrncpy                       
000002c5  uvsnprintf                     
000006ef  usprintf                       
00000721  usnprintf                      
00000751  ulocaltime                     
0000094f  umktime                        
000009c5  ustrtoul                       
00000afd  ustrtof                        
00000d35  ustrlen                        
00000d57  ustrstr                        
00000d8d  ustrncasecmp                   
00000e31  ustrcasecmp                    
00000e45  ustrncmp                       
00000ea5  ustrcmp                        
00000eb9  usrand                         
00000ec9  urand                          
00000ef1  OrbitOledMoveTo                
00000f37  OrbitOledGetPos                
00000f53  OrbitOledSetDrawColor          
00000f6b  OrbitOledGetStdPattern         
00000f7d  OrbitOledSetFillPattern        
00000f8d  OrbitOledSetDrawMode           
00000fe1  OrbitOledGetDrawMode           
00000fe7  OrbitOledDrawPixel             
00001013  OrbitOledGetPixel              
0000102d  OrbitOledLineTo                
0000112d  OrbitOledDrawRect              
000011b1  OrbitOledFillRect              
000012f5  OrbitOledGetBmp                
00001455  OrbitOledPutBmp                
00001623  OrbitOledDrawChar              
00001683  OrbitOledDrawString            
000016a1  OrbitOledRopSet                
000016cb  OrbitOledRopOr                 
000016ef  OrbitOledRopAnd                
00001713  OrbitOledRopXor                
00001741  OrbitOledMoveUp                
00001779  OrbitOledMoveDown              
000017af  OrbitOledMoveLeft              
000017c7  OrbitOledMoveRight             
000017e1  OrbitOledClampXco              
00001801  OrbitOledClampYco              
00001841  minit                          
000018c1  malloc                         
0000192b  free                           
000019eb  realloc                        
00001af5  memalign                       
00001be1  calloc                         
00001c11  OrbitOledInit                  
00001c25  OrbitOledHostInit              
00001cef  OrbitOledDvrInit               
00001d69  OrbitOledDevInit               
00001ded  OrbitOledClear                 
00001df9  OrbitOledClearBuffer           
00001e29  OrbitOledUpdate                
00001e83  OrbitOledPutBuffer             
00001ee9  Ssi3PutByte                    
00001f8d  yawDegreeConvert               
00001fb1  initSetPoints                  
00001fcd  checkAndIncrementAltitude      
00001feb  checkAndDecrementAltitude      
00002009  checkAndIncrementYaw           
0000201f  checkAndDecrementYaw           
00002035  getAltitudePercentSetPoint     
0000203b  getYawDegreesSetPoint          
00002043  buttonControllerInit           
0000205b  buttonControllerLoop           
0000206f  SW1setup                       
00002091  getSW1Position                 
000020a7  setSW1mode                     
000020bb  getSW1mode                     
000020c1  resetPeriphButtons             
000020dd  initGPIOAPinChangeInterrupts   
0000211b  SW1IntHandler                  
00002161  checkLanded                    
00002191  startLanding                   
000021e1  initButtons                    
000022af  updateButtons                  
00002383  checkButton                    
00002401  SysTickIntHandler              
0000243d  initClock                      
00002467  initDisplay                    
0000246f  calculateRobustMeanValue       
000024bd  displayMeanVal                 
00002543  updateDisplay                  
00002557  resetHelicopterOperations      
00002563  initializeHelicopterOperations 
00002615  OrbitOledSetCursor             
00002661  OrbitOledGetCursor             
0000267d  OrbitOledDefUserChar           
000026cd  OrbitOledSetCharUpdate         
000026e5  OrbitOledGetCharUpdate         
000026eb  OrbitOledPutChar               
00002709  OrbitOledPutString             
00002735  OrbitOledDrawGlyph             
000027ad  OrbitOledAdvanceCursor         
00002819  setPWMClocks                   
00002825  setPWM                         
000028b7  initializePWM                  
0000294d  resetPeripheralPWM             
00002969  setOutputOnline                
000029c5  initYaw                        
000029fb  YawIntHandler                  
00002b55  initialiseUSB_UART             
00002b8d  UARTSend                       
00002bad  getSW1modeString               
00002bd9  UART                           
00002ce1  GPIOPadConfigSet               
00002e13  __aeabi_idiv0                  
00002e15  mainProportional               
00002e7d  tailProportional               
00002ed7  pcontrol_update                
00002f03  PIDController                  
00002f29  SysCtlClockGet                 
00003039  __aeabi_dmul                   
00003135  SysCtlClockSet                 
00003229  main                           
000032e9  initCircBuf                    
00003313  writeCircBuf                   
00003347  readCircBuf                    
0000337b  freeCircBuf                    
000033a1  __aeabi_memcpy                 
000033a1  __aeabi_memcpy4                
000033a1  __aeabi_memcpy8                
000033a1  memcpy                         
0000343d  ADCSequenceStepConfigure       
000034b7  __aeabi_memclr                 
000034b7  __aeabi_memclr4                
000034b7  __aeabi_memclr8                
000034b9  __aeabi_memset                 
000034b9  __aeabi_memset4                
000034b9  __aeabi_memset8                
000034bf  memset                         
00003531  __TI_auto_init                 
000035a1  initADC                        
000035dd  ADCIntHandler                  
0000360d  IntEnable                      
00003675  __TI_decompress_lzss           
000036dd  TimerConfigure                 
0000373d  DelayInit                      
00003757  DelayMs                        
00003799  GPIOIntTypeSet                 
000037f1  _c_int00                       
00003845  C$$EXIT                        
00003849  abort                          
00003851  exit                           
00003899  ADCSequenceConfigure           
000038e9  SysCtlPeripheralReset          
00003989  GPIOPinConfigure               
000039d5  copy_in                        
00003a21  __aeabi_d2iz                   
00003a69  UARTConfigSetExpClk            
00003aaf  __mpu_init                     
00003ab1  OLEDStringDraw                 
00003ad7  OLEDInitialise                 
00003b39  __aeabi_uidiv                  
00003b39  __aeabi_uidivmod               
00003b79  SSIConfigSetExpClk             
00003bb5  SysCtlPeripheralReady          
00003bed  __aeabi_f2d                    
00003c25  IntRegister                    
00003c59  SysCtlPeripheralEnable         
00003c8d  __aeabi_i2d                    
00003cbb  GPIODirModeSet                 
00003ce7  PWMGenConfigure                
00003d09  UARTDisable                    
00003d29  ADCSequenceDataGet             
00003d47  PWMPulseWidthSet               
00003d65  SysTickIntRegister             
00003d81  ADCIntRegister                 
00003d99  ADCProcessorTrigger            
00003db1  GPIOIntRegister                
00003dc9  GPIOPinTypeGPIOOutput          
00003de1  _args_main                     
00003df9  GPIOPinTypeGPIOInput           
00003e0f  GPIOPinTypePWM                 
00003e25  GPIOPinTypeSSI                 
00003e3b  GPIOPinTypeUART                
00003e51  SysCtlPWMClockSet              
00003e65  SysTickEnable                  
00003e79  SysTickIntEnable               
00003e8d  UARTEnable                     
00003ea1  _register_unlock               
00003ea7  _register_lock                 
00003eaf  _nop                           
00003eb5  PWMOutputState                 
00003ec7  ADCIntEnable                   
00003ed7  IntMasterEnable                
00003ee7  PWMGenPeriodSet                
00003ef7  _system_post_cinit             
00003ef9  SysTickPeriodSet               
00003f09  ADCSequenceEnable              
00003f17  TimerEnable                    
00003f25  __TI_decompress_none           
00003f33  CPUcpsie                       
00003f3f  GPIOIntEnable                  
00003f4b  PWMGenEnable                   
00003f57  SSIDataGet                     
00003f63  __TI_zero_init                 
00003f6f  ResetISR                       
00003f7b  ADCIntClear                    
00003f85  SSIDataPut                     
00003f8f  SSIEnable                      
00003f99  TimerValueGet                  
00003fa3  UARTCharPut                    
00003fad  UARTFIFOEnable                 
00003fb7  SSIBusy                        
00003fbf  GPIOIntClear                   
00003fc5  GPIOPinRead                    
00003fcb  GPIOPinWrite                   
00003fd1  SSIClockSourceSet              
00003fd7  SysCtlDelay                    
00003fdd  _system_pre_init               
00003fe0  rgbOledFont0                   
00004574  rgbFillPat                     
00004644  __TI_Handler_Table_Base        
00004650  __TI_Handler_Table_Limit       
00004660  __TI_CINIT_Base                
00004678  __TI_CINIT_Limit               
20000000  g_pfnRAMVectors                
2000026c  rgbOledBmp                     
2000046c  rgbOledFontUser                
2000056c  g_inBuffer                     
2000057c  setPoints                      
20000594  bnOledCur                      
20000598  dxcoOledFontCur                
2000059c  dycoOledFontCur                
200005a0  fOledCharUpdate                
200005a4  g_ulSampCnt                    
200005a8  interupt_value                 
200005ac  main_duty                      
200005b0  modOledCur                     
200005b4  pbOledCur                      
200005b8  pbOledFontCur                  
200005bc  pbOledFontUser                 
200005c0  pbOledPatCur                   
200005c4  pfnDoRop                       
200005c8  tail_duty                      
200005cc  xchOledCur                     
200005d0  xchOledMax                     
200005d4  xcoOledCur                     
200005d8  yaw                            
200005dc  ychOledCur                     
200005e0  ychOledMax                     
200005e4  ycoOledCur                     
200005e8  altitude                       
200005ea  clrOledCur                     
200005eb  slowTick                       
200005ec  state                          
200005f0  __stack                        
200007f0  __STACK_END                    
200007f0  __STACK_TOP                    
200007f0  _sys_memory                    
200009f0  __TI_cleanup_ptr               
200009f4  __TI_dtors_ptr                 
200009f8  __TI_enable_exit_profile_output
20000a08  _lock                          
20000a0c  _unlock                        
20000a14  main_func_sp                   
20000a1c  heliMode                       
ffffffff  __TI_pprof_out_hndl            
ffffffff  __TI_prof_data_size            
ffffffff  __TI_prof_data_start           
ffffffff  __binit__                      
ffffffff  __c_args__                     
ffffffff  binit                          
UNDEFED   SHT$$INIT_ARRAY$$Base          
UNDEFED   SHT$$INIT_ARRAY$$Limit         

[272 symbols]
