******************************************************************************
                  TI ARM Linker PC v16.9.6                     
******************************************************************************
>> Linked Fri May 04 17:00:32 2018

OUTPUT FILE NAME:   <Milestone.out>
ENTRY POINT SYMBOL: "_c_int00"  address: 00002f65


MEMORY CONFIGURATION

         name            origin    length      used     unused   attr    fill
----------------------  --------  ---------  --------  --------  ----  --------
  FLASH                 00000000   00040000  00003c32  0003c3ce  R  X
  SRAM                  20000000   00008000  000009f5  0000760b  RW X


SEGMENT ALLOCATION MAP

run origin  load origin   length   init length attrs members
----------  ----------- ---------- ----------- ----- -------
00000000    00000000    00003c38   00003c38    r-x
  00000000    00000000    0000026c   0000026c    r-- .intvecs
  0000026c    0000026c    0000332e   0000332e    r-x .text
  0000359c    0000359c    00000648   00000648    r-- .const
  00003be8    00003be8    00000050   00000050    r-- .cinit
20000000    20000000    000009f8   00000000    rw-
  20000000    20000000    0000026c   00000000    rw- .vtable
  2000026c    2000026c    00000361   00000000    rw- .bss
  200005d0    200005d0    00000200   00000000    rw- .stack
  200007d0    200007d0    00000200   00000000    rw- .sysmem
  200009d0    200009d0    00000028   00000000    rw- .data


SECTION ALLOCATION MAP

 output                                  attributes/
section   page    origin      length       input sections
--------  ----  ----------  ----------   ----------------
.intvecs   0    00000000    0000026c     
                  00000000    0000026c     tm4c123gh6pm_startup_ccs.obj (.intvecs)

.text      0    0000026c    0000332e     
                  0000026c    00000c84     ustdlib.obj (.text)
                  00000ef0    00000950     OrbitOledGrph.obj (.text)
                  00001840    00000504     Helicopter.obj (.text)
                  00001d44    000003d0     rtsv7M4_T_le_v4SPD16_eabi.lib : memory.obj (.text)
                  00002114    0000037c     OrbitOled.obj (.text)
                  00002490    00000204     OrbitOledChar.obj (.text)
                  00002694    00000132     driverlib.lib : gpio.obj (.text:GPIOPadConfigSet)
                  000027c6    00000002     rtsv7M4_T_le_v4SPD16_eabi.lib : i_div0.obj (.text)
                  000027c8    00000110     driverlib.lib : sysctl.obj (.text:SysCtlClockGet)
                  000028d8    000000fc     rtsv7M4_T_le_v4SPD16_eabi.lib : fd_mul_t2.obj (.text)
                  000029d4    000000f4     driverlib.lib : sysctl.obj (.text:SysCtlClockSet)
                  00002ac8    000000b8     circBufT.obj (.text)
                  00002b80    0000009c     rtsv7M4_T_le_v4SPD16_eabi.lib : memcpy_t2.obj (.text)
                  00002c1c    0000007a     driverlib.lib : adc.obj (.text:ADCSequenceStepConfigure)
                  00002c96    0000007a     rtsv7M4_T_le_v4SPD16_eabi.lib : memset_t2.obj (.text)
                  00002d10    00000070                                   : autoinit.obj (.text)
                  00002d80    00000068     driverlib.lib : interrupt.obj (.text:IntEnable)
                  00002de8    00000068     rtsv7M4_T_le_v4SPD16_eabi.lib : copy_decompress_lzss.obj (.text:decompress:lzss)
                  00002e50    00000060     driverlib.lib : timer.obj (.text:TimerConfigure)
                  00002eb0    0000005c     delay.obj (.text)
                  00002f0c    00000058     driverlib.lib : gpio.obj (.text:GPIOIntTypeSet)
                  00002f64    00000054     rtsv7M4_T_le_v4SPD16_eabi.lib : boot.obj (.text)
                  00002fb8    00000054                                   : exit.obj (.text)
                  0000300c    00000050     driverlib.lib : adc.obj (.text:ADCSequenceConfigure)
                  0000305c    00000050                   : adc.obj (.text:_ADCIntNumberGet)
                  000030ac    0000004c                   : gpio.obj (.text:GPIOPinConfigure)
                  000030f8    0000004c     rtsv7M4_T_le_v4SPD16_eabi.lib : cpy_tbl.obj (.text)
                  00003144    00000048                                   : fd_toi_t2.obj (.text)
                  0000318c    00000044     OrbitOLEDInterface.obj (.text)
                  000031d0    00000044     driverlib.lib : gpio.obj (.text:_GPIOIntNumberGet)
                  00003214    00000040     rtsv7M4_T_le_v4SPD16_eabi.lib : u_divt2.obj (.text)
                  00003254    0000003c     driverlib.lib : ssi.obj (.text:SSIConfigSetExpClk)
                  00003290    00000038                   : sysctl.obj (.text:SysCtlPeripheralReady)
                  000032c8    00000038     rtsv7M4_T_le_v4SPD16_eabi.lib : fs_tod_t2.obj (.text)
                  00003300    00000034     driverlib.lib : interrupt.obj (.text:IntRegister)
                  00003334    00000034                   : sysctl.obj (.text:SysCtlPeripheralEnable)
                  00003368    0000002c                   : gpio.obj (.text:GPIODirModeSet)
                  00003394    0000001e                   : adc.obj (.text:ADCSequenceDataGet)
                  000033b2    00000002     rtsv7M4_T_le_v4SPD16_eabi.lib : mpu_init.obj (.text)
                  000033b4    0000001c     driverlib.lib : systick.obj (.text:SysTickIntRegister)
                  000033d0    00000018                   : adc.obj (.text:ADCIntRegister)
                  000033e8    00000018                   : adc.obj (.text:ADCProcessorTrigger)
                  00003400    00000018                   : gpio.obj (.text:GPIOIntRegister)
                  00003418    00000018                   : gpio.obj (.text:GPIOPinTypeGPIOOutput)
                  00003430    00000018     rtsv7M4_T_le_v4SPD16_eabi.lib : args_main.obj (.text)
                  00003448    00000016     driverlib.lib : gpio.obj (.text:GPIOPinTypeGPIOInput)
                  0000345e    00000016                   : gpio.obj (.text:GPIOPinTypeSSI)
                  00003474    00000014                   : systick.obj (.text:SysTickEnable)
                  00003488    00000014                   : systick.obj (.text:SysTickIntEnable)
                  0000349c    00000014     rtsv7M4_T_le_v4SPD16_eabi.lib : _lock.obj (.text)
                  000034b0    00000010     driverlib.lib : adc.obj (.text:ADCIntEnable)
                  000034c0    00000010                   : interrupt.obj (.text:IntMasterEnable)
                  000034d0    00000010                   : systick.obj (.text:SysTickPeriodSet)
                  000034e0    0000000e                   : adc.obj (.text:ADCSequenceEnable)
                  000034ee    0000000e                   : timer.obj (.text:TimerEnable)
                  000034fc    0000000e     rtsv7M4_T_le_v4SPD16_eabi.lib : copy_decompress_none.obj (.text:decompress:none)
                  0000350a    0000000c     driverlib.lib : cpu.obj (.text:CPUcpsie)
                  00003516    0000000c                   : gpio.obj (.text:GPIOIntEnable)
                  00003522    0000000c                   : ssi.obj (.text:SSIDataGet)
                  0000352e    0000000c     rtsv7M4_T_le_v4SPD16_eabi.lib : copy_zero_init.obj (.text:decompress:ZI)
                  0000353a    0000000c     tm4c123gh6pm_startup_ccs.obj (.text)
                  00003546    0000000a     driverlib.lib : adc.obj (.text:ADCIntClear)
                  00003550    0000000a                   : ssi.obj (.text:SSIDataPut)
                  0000355a    0000000a                   : ssi.obj (.text:SSIEnable)
                  00003564    0000000a                   : timer.obj (.text:TimerValueGet)
                  0000356e    00000008                   : ssi.obj (.text:SSIBusy)
                  00003576    00000006                   : gpio.obj (.text:GPIOIntClear)
                  0000357c    00000006                   : gpio.obj (.text:GPIOPinRead)
                  00003582    00000006                   : gpio.obj (.text:GPIOPinWrite)
                  00003588    00000006                   : ssi.obj (.text:SSIClockSourceSet)
                  0000358e    00000006                   : sysctl.obj (.text:SysCtlDelay)
                  00003594    00000004     rtsv7M4_T_le_v4SPD16_eabi.lib : pre_init.obj (.text)
                  00003598    00000002                                   : startup.obj (.text)

.const     0    0000359c    00000648     
                  0000359c    00000300     ChrFont0.obj (.const:.string:rgbOledFont0)
                  0000389c    000000d8     driverlib.lib : gpio.obj (.const:g_ppui32GPIOIntMapSnowflake)
                  00003974    000000c0                   : gpio.obj (.const:g_ppui32GPIOIntMapBlizzard)
                  00003a34    00000090                   : gpio.obj (.const:g_pui32GPIOBaseAddrs)
                  00003ac4    0000006c                   : sysctl.obj (.const:g_pui32Xtals)
                  00003b30    00000040     FillPat.obj (.const:.string:rgbFillPat)
                  00003b70    00000030     ustdlib.obj (.const:g_psDaysToMonth)
                  00003ba0    00000018     ustdlib.obj (.const:g_pfExponents)
                  00003bb8    00000014     driverlib.lib : interrupt.obj (.const:g_pui32EnRegs)
                  00003bcc    00000012     ustdlib.obj (.const:.string)
                  00003bde    00000002     --HOLE-- [fill = 0]
                  00003be0    00000004     ustdlib.obj (.const)

.cinit     0    00003be8    00000050     
                  00003be8    0000001b     (.cinit..data.load) [load image, compression = lzss]
                  00003c03    00000001     --HOLE-- [fill = 0]
                  00003c04    0000000c     (__TI_handler_table)
                  00003c10    00000008     (.cinit..bss.load) [load image, compression = zero_init]
                  00003c18    00000008     (.cinit..vtable.load) [load image, compression = zero_init]
                  00003c20    00000018     (__TI_cinit_table)

.init_array 
*          0    00000000    00000000     UNINITIALIZED

.vtable    0    20000000    0000026c     UNINITIALIZED
                  20000000    0000026c     driverlib.lib : interrupt.obj (.vtable)

.bss       0    2000026c    00000361     UNINITIALIZED
                  2000026c    00000200     (.common:rgbOledBmp)
                  2000046c    00000100     (.common:rgbOledFontUser)
                  2000056c    00000010     Helicopter.obj (.bss)
                  2000057c    00000010     Helicopter.obj (.bss:g_inBuffer)
                  2000058c    00000004     (.common:bnOledCur)
                  20000590    00000004     (.common:dxcoOledFontCur)
                  20000594    00000004     (.common:dycoOledFontCur)
                  20000598    00000004     (.common:fOledCharUpdate)
                  2000059c    00000004     (.common:modOledCur)
                  200005a0    00000004     (.common:pbOledCur)
                  200005a4    00000004     (.common:pbOledFontCur)
                  200005a8    00000004     (.common:pbOledFontUser)
                  200005ac    00000004     (.common:pbOledPatCur)
                  200005b0    00000004     (.common:pfnDoRop)
                  200005b4    00000004     (.common:xchOledCur)
                  200005b8    00000004     (.common:xchOledMax)
                  200005bc    00000004     (.common:xcoOledCur)
                  200005c0    00000004     (.common:ychOledCur)
                  200005c4    00000004     (.common:ychOledMax)
                  200005c8    00000004     (.common:ycoOledCur)
                  200005cc    00000001     (.common:clrOledCur)

.stack     0    200005d0    00000200     UNINITIALIZED
                  200005d0    00000200     --HOLE--

.sysmem    0    200007d0    00000200     UNINITIALIZED
                  200007d0    00000008     rtsv7M4_T_le_v4SPD16_eabi.lib : memory.obj (.sysmem)
                  200007d8    000001f8     --HOLE--

.data      0    200009d0    00000028     UNINITIALIZED
                  200009d0    0000000c     rtsv7M4_T_le_v4SPD16_eabi.lib : exit.obj (.data:$O1$$)
                  200009dc    0000000c                                   : memory.obj (.data:$O1$$)
                  200009e8    00000008                                   : _lock.obj (.data:$O1$$)
                  200009f0    00000004                                   : stkdepth_vars.obj (.data)
                  200009f4    00000004     ustdlib.obj (.data)

MODULE SUMMARY

       Module                         code    ro data   rw data
       ------                         ----    -------   -------
    .\
       ustdlib.obj                    3204    94        4      
       Helicopter.obj                 1284    0         32     
       tm4c123gh6pm_startup_ccs.obj   12      620       0      
       circBufT.obj                   184     0         0      
    +--+------------------------------+-------+---------+---------+
       Total:                         4684    714       36     
                                                               
    .\OrbitOLED\
       OrbitOLEDInterface.obj         68      0         0      
    +--+------------------------------+-------+---------+---------+
       Total:                         68      0         0      
                                                               
    .\OrbitOLED\lib_OrbitOled\
       OrbitOledGrph.obj              2384    0         8      
       OrbitOled.obj                  892     0         553    
       OrbitOledChar.obj              516     0         272    
       ChrFont0.obj                   0       768       0      
       delay.obj                      92      0         0      
       FillPat.obj                    0       64        0      
    +--+------------------------------+-------+---------+---------+
       Total:                         3884    832       833    
                                                               
    C:/ti/TivaWare_C_Series-2.1.4.178/driverlib/ccs/Debug/driverlib.lib
       gpio.obj                       704     552       0      
       interrupt.obj                  172     20        620    
       sysctl.obj                     630     108       0      
       adc.obj                        400     0         0      
       timer.obj                      120     0         0      
       ssi.obj                        106     0         0      
       systick.obj                    84      0         0      
       cpu.obj                        12      0         0      
    +--+------------------------------+-------+---------+---------+
       Total:                         2228    680       620    
                                                               
    C:\ti\ccsv7\tools\compiler\ti-cgt-arm_16.9.6.LTS\lib\rtsv7M4_T_le_v4SPD16_eabi.lib
       memory.obj                     976     0         12     
       fd_mul_t2.obj                  252     0         0      
       memcpy_t2.obj                  156     0         0      
       memset_t2.obj                  122     0         0      
       autoinit.obj                   112     0         0      
       copy_decompress_lzss.obj       104     0         0      
       exit.obj                       84      0         12     
       boot.obj                       84      0         0      
       cpy_tbl.obj                    76      0         0      
       fd_toi_t2.obj                  72      0         0      
       u_divt2.obj                    64      0         0      
       fs_tod_t2.obj                  56      0         0      
       _lock.obj                      20      0         8      
       args_main.obj                  24      0         0      
       copy_decompress_none.obj       14      0         0      
       copy_zero_init.obj             12      0         0      
       pre_init.obj                   4       0         0      
       stkdepth_vars.obj              0       0         4      
       i_div0.obj                     2       0         0      
       mpu_init.obj                   2       0         0      
       startup.obj                    2       0         0      
    +--+------------------------------+-------+---------+---------+
       Total:                         2238    0         36     
                                                               
       Heap:                          0       0         512    
       Stack:                         0       0         512    
       Linker Generated:              0       79        0      
    +--+------------------------------+-------+---------+---------+
       Grand Total:                   13102   2305      2549   


LINKER GENERATED COPY TABLES

__TI_cinit_table @ 00003c20 records: 3, size/record: 8, table size: 24
	.data: load addr=00003be8, load size=0000001b bytes, run addr=200009d0, run size=00000028 bytes, compression=lzss
	.bss: load addr=00003c10, load size=00000008 bytes, run addr=2000026c, run size=00000361 bytes, compression=zero_init
	.vtable: load addr=00003c18, load size=00000008 bytes, run addr=20000000, run size=0000026c bytes, compression=zero_init


LINKER GENERATED HANDLER TABLE

__TI_handler_table @ 00003c04 records: 3, size/record: 4, table size: 12
	index: 0, handler: __TI_zero_init
	index: 1, handler: __TI_decompress_lzss
	index: 2, handler: __TI_decompress_none


GLOBAL SYMBOLS: SORTED ALPHABETICALLY BY Name 

address   name                           
-------   ----                           
00003547  ADCIntClear                    
000034b1  ADCIntEnable                   
00001855  ADCIntHandler                  
000033d1  ADCIntRegister                 
000033e9  ADCProcessorTrigger            
0000300d  ADCSequenceConfigure           
00003395  ADCSequenceDataGet             
000034e1  ADCSequenceEnable              
00002c1d  ADCSequenceStepConfigure       
00002fb9  C$$EXIT                        
0000350b  CPUcpsie                       
00002eb1  DelayInit                      
00002ecb  DelayMs                        
00003369  GPIODirModeSet                 
00003577  GPIOIntClear                   
00003517  GPIOIntEnable                  
00003401  GPIOIntRegister                
00002f0d  GPIOIntTypeSet                 
00002695  GPIOPadConfigSet               
000030ad  GPIOPinConfigure               
0000357d  GPIOPinRead                    
00003449  GPIOPinTypeGPIOInput           
00003419  GPIOPinTypeGPIOOutput          
0000345f  GPIOPinTypeSSI                 
00003583  GPIOPinWrite                   
00002d81  IntEnable                      
000034c1  IntMasterEnable                
00003301  IntRegister                    
000031b3  OLEDInitialise                 
0000318d  OLEDStringDraw                 
00002629  OrbitOledAdvanceCursor         
000017e1  OrbitOledClampXco              
00001801  OrbitOledClampYco              
000022f1  OrbitOledClear                 
000022fd  OrbitOledClearBuffer           
000024f9  OrbitOledDefUserChar           
0000226d  OrbitOledDevInit               
00001623  OrbitOledDrawChar              
000025b1  OrbitOledDrawGlyph             
00000fe7  OrbitOledDrawPixel             
0000112d  OrbitOledDrawRect              
00001683  OrbitOledDrawString            
000021f3  OrbitOledDvrInit               
000011b1  OrbitOledFillRect              
000012f5  OrbitOledGetBmp                
00002561  OrbitOledGetCharUpdate         
000024dd  OrbitOledGetCursor             
00000fe1  OrbitOledGetDrawMode           
00001013  OrbitOledGetPixel              
00000f37  OrbitOledGetPos                
00000f6b  OrbitOledGetStdPattern         
00002129  OrbitOledHostInit              
00002115  OrbitOledInit                  
0000102d  OrbitOledLineTo                
00001779  OrbitOledMoveDown              
000017af  OrbitOledMoveLeft              
000017c7  OrbitOledMoveRight             
00000ef1  OrbitOledMoveTo                
00001741  OrbitOledMoveUp                
00001455  OrbitOledPutBmp                
00002387  OrbitOledPutBuffer             
00002567  OrbitOledPutChar               
00002585  OrbitOledPutString             
000016ef  OrbitOledRopAnd                
000016cb  OrbitOledRopOr                 
000016a1  OrbitOledRopSet                
00001713  OrbitOledRopXor                
00002549  OrbitOledSetCharUpdate         
00002491  OrbitOledSetCursor             
00000f53  OrbitOledSetDrawColor          
00000f8d  OrbitOledSetDrawMode           
00000f7d  OrbitOledSetFillPattern        
0000232d  OrbitOledUpdate                
0000353b  ResetISR                       
UNDEFED   SHT$$INIT_ARRAY$$Base          
UNDEFED   SHT$$INIT_ARRAY$$Limit         
0000356f  SSIBusy                        
00003589  SSIClockSourceSet              
00003255  SSIConfigSetExpClk             
00003523  SSIDataGet                     
00003551  SSIDataPut                     
0000355b  SSIEnable                      
000023ed  Ssi3PutByte                    
000027c9  SysCtlClockGet                 
000029d5  SysCtlClockSet                 
0000358f  SysCtlDelay                    
00003335  SysCtlPeripheralEnable         
00003291  SysCtlPeripheralReady          
00003475  SysTickEnable                  
00003489  SysTickIntEnable               
00001841  SysTickIntHandler              
000033b5  SysTickIntRegister             
000034d1  SysTickPeriodSet               
00002e51  TimerConfigure                 
000034ef  TimerEnable                    
00003565  TimerValueGet                  
00001a65  YawDegCalc                     
00001ad1  YawIntHandler                  
200007d0  __STACK_END                    
00000200  __STACK_SIZE                   
200007d0  __STACK_TOP                    
00000200  __SYSMEM_SIZE                  
00003c20  __TI_CINIT_Base                
00003c38  __TI_CINIT_Limit               
00003c04  __TI_Handler_Table_Base        
00003c10  __TI_Handler_Table_Limit       
00002d11  __TI_auto_init                 
200009d0  __TI_cleanup_ptr               
00002de9  __TI_decompress_lzss           
000034fd  __TI_decompress_none           
200009d4  __TI_dtors_ptr                 
200009d8  __TI_enable_exit_profile_output
ffffffff  __TI_pprof_out_hndl            
ffffffff  __TI_prof_data_size            
ffffffff  __TI_prof_data_start           
00000000  __TI_static_base__             
0000352f  __TI_zero_init                 
00003145  __aeabi_d2iz                   
000028d9  __aeabi_dmul                   
000032c9  __aeabi_f2d                    
000027c7  __aeabi_idiv0                  
00002c97  __aeabi_memclr                 
00002c97  __aeabi_memclr4                
00002c97  __aeabi_memclr8                
00002b81  __aeabi_memcpy                 
00002b81  __aeabi_memcpy4                
00002b81  __aeabi_memcpy8                
00002c99  __aeabi_memset                 
00002c99  __aeabi_memset4                
00002c99  __aeabi_memset8                
00003215  __aeabi_uidiv                  
00003215  __aeabi_uidivmod               
ffffffff  __binit__                      
ffffffff  __c_args__                     
000033b3  __mpu_init                     
200005d0  __stack                        
00003431  _args_main                     
00002f65  _c_int00                       
200009e8  _lock                          
000034ab  _nop                           
000034a3  _register_lock                 
0000349d  _register_unlock               
200007d0  _sys_memory                    
00003599  _system_post_cinit             
00003595  _system_pre_init               
200009ec  _unlock                        
00002fbd  abort                          
ffffffff  binit                          
2000058c  bnOledCur                      
000020e5  calloc                         
200005cc  clrOledCur                     
000030f9  copy_in                        
00001957  displayMeanVal                 
20000590  dxcoOledFontCur                
20000594  dycoOledFontCur                
00002fc5  exit                           
20000598  fOledCharUpdate                
00001e2f  free                           
00002b5b  freeCircBuf                    
20000000  g_pfnRAMVectors                
00000000  g_pfnVectors                   
00001899  initADC                        
0000191d  initButtonConfiguration        
00002ac9  initCircBuf                    
00001873  initClock                      
000018d5  initDisplay                    
000018e7  initGPIOInterrupts             
00001c55  main                           
200009f0  main_func_sp                   
00001dc5  malloc                         
00001ff9  memalign                       
00002b81  memcpy                         
00002c9f  memset                         
00001d45  minit                          
2000059c  modOledCur                     
200005a0  pbOledCur                      
200005a4  pbOledFontCur                  
200005a8  pbOledFontUser                 
200005ac  pbOledPatCur                   
200005b0  pfnDoRop                       
00002b27  readCircBuf                    
00001eef  realloc                        
00003b30  rgbFillPat                     
2000026c  rgbOledBmp                     
0000359c  rgbOledFont0                   
2000046c  rgbOledFontUser                
00000751  ulocaltime                     
0000094f  umktime                        
00000ec9  urand                          
00000721  usnprintf                      
000006ef  usprintf                       
00000eb9  usrand                         
00000e31  ustrcasecmp                    
00000ea5  ustrcmp                        
00000d35  ustrlen                        
00000d8d  ustrncasecmp                   
00000e45  ustrncmp                       
0000026d  ustrncpy                       
00000d57  ustrstr                        
00000afd  ustrtof                        
000009c5  ustrtoul                       
000002c5  uvsnprintf                     
00002af3  writeCircBuf                   
200005b4  xchOledCur                     
200005b8  xchOledMax                     
200005bc  xcoOledCur                     
200005c0  ychOledCur                     
200005c4  ychOledMax                     
200005c8  ycoOledCur                     


GLOBAL SYMBOLS: SORTED BY Symbol Address 

address   name                           
-------   ----                           
00000000  __TI_static_base__             
00000000  g_pfnVectors                   
00000200  __STACK_SIZE                   
00000200  __SYSMEM_SIZE                  
0000026d  ustrncpy                       
000002c5  uvsnprintf                     
000006ef  usprintf                       
00000721  usnprintf                      
00000751  ulocaltime                     
0000094f  umktime                        
000009c5  ustrtoul                       
00000afd  ustrtof                        
00000d35  ustrlen                        
00000d57  ustrstr                        
00000d8d  ustrncasecmp                   
00000e31  ustrcasecmp                    
00000e45  ustrncmp                       
00000ea5  ustrcmp                        
00000eb9  usrand                         
00000ec9  urand                          
00000ef1  OrbitOledMoveTo                
00000f37  OrbitOledGetPos                
00000f53  OrbitOledSetDrawColor          
00000f6b  OrbitOledGetStdPattern         
00000f7d  OrbitOledSetFillPattern        
00000f8d  OrbitOledSetDrawMode           
00000fe1  OrbitOledGetDrawMode           
00000fe7  OrbitOledDrawPixel             
00001013  OrbitOledGetPixel              
0000102d  OrbitOledLineTo                
0000112d  OrbitOledDrawRect              
000011b1  OrbitOledFillRect              
000012f5  OrbitOledGetBmp                
00001455  OrbitOledPutBmp                
00001623  OrbitOledDrawChar              
00001683  OrbitOledDrawString            
000016a1  OrbitOledRopSet                
000016cb  OrbitOledRopOr                 
000016ef  OrbitOledRopAnd                
00001713  OrbitOledRopXor                
00001741  OrbitOledMoveUp                
00001779  OrbitOledMoveDown              
000017af  OrbitOledMoveLeft              
000017c7  OrbitOledMoveRight             
000017e1  OrbitOledClampXco              
00001801  OrbitOledClampYco              
00001841  SysTickIntHandler              
00001855  ADCIntHandler                  
00001873  initClock                      
00001899  initADC                        
000018d5  initDisplay                    
000018e7  initGPIOInterrupts             
0000191d  initButtonConfiguration        
00001957  displayMeanVal                 
00001a65  YawDegCalc                     
00001ad1  YawIntHandler                  
00001c55  main                           
00001d45  minit                          
00001dc5  malloc                         
00001e2f  free                           
00001eef  realloc                        
00001ff9  memalign                       
000020e5  calloc                         
00002115  OrbitOledInit                  
00002129  OrbitOledHostInit              
000021f3  OrbitOledDvrInit               
0000226d  OrbitOledDevInit               
000022f1  OrbitOledClear                 
000022fd  OrbitOledClearBuffer           
0000232d  OrbitOledUpdate                
00002387  OrbitOledPutBuffer             
000023ed  Ssi3PutByte                    
00002491  OrbitOledSetCursor             
000024dd  OrbitOledGetCursor             
000024f9  OrbitOledDefUserChar           
00002549  OrbitOledSetCharUpdate         
00002561  OrbitOledGetCharUpdate         
00002567  OrbitOledPutChar               
00002585  OrbitOledPutString             
000025b1  OrbitOledDrawGlyph             
00002629  OrbitOledAdvanceCursor         
00002695  GPIOPadConfigSet               
000027c7  __aeabi_idiv0                  
000027c9  SysCtlClockGet                 
000028d9  __aeabi_dmul                   
000029d5  SysCtlClockSet                 
00002ac9  initCircBuf                    
00002af3  writeCircBuf                   
00002b27  readCircBuf                    
00002b5b  freeCircBuf                    
00002b81  __aeabi_memcpy                 
00002b81  __aeabi_memcpy4                
00002b81  __aeabi_memcpy8                
00002b81  memcpy                         
00002c1d  ADCSequenceStepConfigure       
00002c97  __aeabi_memclr                 
00002c97  __aeabi_memclr4                
00002c97  __aeabi_memclr8                
00002c99  __aeabi_memset                 
00002c99  __aeabi_memset4                
00002c99  __aeabi_memset8                
00002c9f  memset                         
00002d11  __TI_auto_init                 
00002d81  IntEnable                      
00002de9  __TI_decompress_lzss           
00002e51  TimerConfigure                 
00002eb1  DelayInit                      
00002ecb  DelayMs                        
00002f0d  GPIOIntTypeSet                 
00002f65  _c_int00                       
00002fb9  C$$EXIT                        
00002fbd  abort                          
00002fc5  exit                           
0000300d  ADCSequenceConfigure           
000030ad  GPIOPinConfigure               
000030f9  copy_in                        
00003145  __aeabi_d2iz                   
0000318d  OLEDStringDraw                 
000031b3  OLEDInitialise                 
00003215  __aeabi_uidiv                  
00003215  __aeabi_uidivmod               
00003255  SSIConfigSetExpClk             
00003291  SysCtlPeripheralReady          
000032c9  __aeabi_f2d                    
00003301  IntRegister                    
00003335  SysCtlPeripheralEnable         
00003369  GPIODirModeSet                 
00003395  ADCSequenceDataGet             
000033b3  __mpu_init                     
000033b5  SysTickIntRegister             
000033d1  ADCIntRegister                 
000033e9  ADCProcessorTrigger            
00003401  GPIOIntRegister                
00003419  GPIOPinTypeGPIOOutput          
00003431  _args_main                     
00003449  GPIOPinTypeGPIOInput           
0000345f  GPIOPinTypeSSI                 
00003475  SysTickEnable                  
00003489  SysTickIntEnable               
0000349d  _register_unlock               
000034a3  _register_lock                 
000034ab  _nop                           
000034b1  ADCIntEnable                   
000034c1  IntMasterEnable                
000034d1  SysTickPeriodSet               
000034e1  ADCSequenceEnable              
000034ef  TimerEnable                    
000034fd  __TI_decompress_none           
0000350b  CPUcpsie                       
00003517  GPIOIntEnable                  
00003523  SSIDataGet                     
0000352f  __TI_zero_init                 
0000353b  ResetISR                       
00003547  ADCIntClear                    
00003551  SSIDataPut                     
0000355b  SSIEnable                      
00003565  TimerValueGet                  
0000356f  SSIBusy                        
00003577  GPIOIntClear                   
0000357d  GPIOPinRead                    
00003583  GPIOPinWrite                   
00003589  SSIClockSourceSet              
0000358f  SysCtlDelay                    
00003595  _system_pre_init               
00003599  _system_post_cinit             
0000359c  rgbOledFont0                   
00003b30  rgbFillPat                     
00003c04  __TI_Handler_Table_Base        
00003c10  __TI_Handler_Table_Limit       
00003c20  __TI_CINIT_Base                
00003c38  __TI_CINIT_Limit               
20000000  g_pfnRAMVectors                
2000026c  rgbOledBmp                     
2000046c  rgbOledFontUser                
2000058c  bnOledCur                      
20000590  dxcoOledFontCur                
20000594  dycoOledFontCur                
20000598  fOledCharUpdate                
2000059c  modOledCur                     
200005a0  pbOledCur                      
200005a4  pbOledFontCur                  
200005a8  pbOledFontUser                 
200005ac  pbOledPatCur                   
200005b0  pfnDoRop                       
200005b4  xchOledCur                     
200005b8  xchOledMax                     
200005bc  xcoOledCur                     
200005c0  ychOledCur                     
200005c4  ychOledMax                     
200005c8  ycoOledCur                     
200005cc  clrOledCur                     
200005d0  __stack                        
200007d0  __STACK_END                    
200007d0  __STACK_TOP                    
200007d0  _sys_memory                    
200009d0  __TI_cleanup_ptr               
200009d4  __TI_dtors_ptr                 
200009d8  __TI_enable_exit_profile_output
200009e8  _lock                          
200009ec  _unlock                        
200009f0  main_func_sp                   
ffffffff  __TI_pprof_out_hndl            
ffffffff  __TI_prof_data_size            
ffffffff  __TI_prof_data_start           
ffffffff  __binit__                      
ffffffff  __c_args__                     
ffffffff  binit                          
UNDEFED   SHT$$INIT_ARRAY$$Base          
UNDEFED   SHT$$INIT_ARRAY$$Limit         

[209 symbols]
