******************************************************************************
                  TI ARM Linker PC v16.9.6                     
******************************************************************************
>> Linked Wed May 23 12:41:10 2018

OUTPUT FILE NAME:   <Milestone.out>
ENTRY POINT SYMBOL: "_c_int00"  address: 000036ed


MEMORY CONFIGURATION

         name            origin    length      used     unused   attr    fill
----------------------  --------  ---------  --------  --------  ----  --------
  FLASH                 00000000   00040000  00004548  0003bab8  R  X
  SRAM                  20000000   00008000  00000a4e  000075b2  RW X


SEGMENT ALLOCATION MAP

run origin  load origin   length   init length attrs members
----------  ----------- ---------- ----------- ----- -------
00000000    00000000    00004548   00004548    r-x
  00000000    00000000    0000026c   0000026c    r-- .intvecs
  0000026c    0000026c    00003c44   00003c44    r-x .text
  00003eb0    00003eb0    00000648   00000648    r-- .const
  000044f8    000044f8    00000050   00000050    r-- .cinit
20000000    20000000    00000a4e   00000000    rw-
  20000000    20000000    0000026c   00000000    rw- .vtable
  2000026c    2000026c    000003b4   00000000    rw- .bss
  20000620    20000620    00000200   00000000    rw- .stack
  20000820    20000820    00000200   00000000    rw- .sysmem
  20000a20    20000a20    0000002e   00000000    rw- .data


SECTION ALLOCATION MAP

 output                                  attributes/
section   page    origin      length       input sections
--------  ----  ----------  ----------   ----------------
.intvecs   0    00000000    0000026c     
                  00000000    0000026c     tm4c123gh6pm_startup_ccs.obj (.intvecs)

.text      0    0000026c    00003c44     
                  0000026c    00000c84     ustdlib.obj (.text)
                  00000ef0    00000950     OrbitOledGrph.obj (.text)
                  00001840    000003d0     rtsv7M4_T_le_v4SPD16_eabi.lib : memory.obj (.text)
                  00001c10    0000037c     OrbitOled.obj (.text)
                  00001f8c    00000250     ButtonControl.obj (.text)
                  000021dc    00000220     buttons4.obj (.text)
                  000023fc    00000210     Helicopter.obj (.text)
                  0000260c    00000204     OrbitOledChar.obj (.text)
                  00002810    000001c4     heliYAW.obj (.text)
                  000029d4    000001a4     heliPWM.obj (.text)
                  00002b78    0000018c     heliUART.obj (.text)
                  00002d04    00000132     driverlib.lib : gpio.obj (.text:GPIOPadConfigSet)
                  00002e36    00000002     rtsv7M4_T_le_v4SPD16_eabi.lib : i_div0.obj (.text)
                  00002e38    00000110     driverlib.lib : sysctl.obj (.text:SysCtlClockGet)
                  00002f48    000000fc     rtsv7M4_T_le_v4SPD16_eabi.lib : fd_mul_t2.obj (.text)
                  00003044    000000f4     driverlib.lib : sysctl.obj (.text:SysCtlClockSet)
                  00003138    000000b8     circBufT.obj (.text)
                  000031f0    000000ac     main.obj (.text)
                  0000329c    0000009c     rtsv7M4_T_le_v4SPD16_eabi.lib : memcpy_t2.obj (.text)
                  00003338    0000007a     driverlib.lib : adc.obj (.text:ADCSequenceStepConfigure)
                  000033b2    0000007a     rtsv7M4_T_le_v4SPD16_eabi.lib : memset_t2.obj (.text)
                  0000342c    00000070                                   : autoinit.obj (.text)
                  0000349c    0000006c     heliADC.obj (.text)
                  00003508    00000068     driverlib.lib : interrupt.obj (.text:IntEnable)
                  00003570    00000068     rtsv7M4_T_le_v4SPD16_eabi.lib : copy_decompress_lzss.obj (.text:decompress:lzss)
                  000035d8    00000060     driverlib.lib : timer.obj (.text:TimerConfigure)
                  00003638    0000005c     delay.obj (.text)
                  00003694    00000058     driverlib.lib : gpio.obj (.text:GPIOIntTypeSet)
                  000036ec    00000054     rtsv7M4_T_le_v4SPD16_eabi.lib : boot.obj (.text)
                  00003740    00000054                                   : exit.obj (.text)
                  00003794    00000050     driverlib.lib : adc.obj (.text:ADCSequenceConfigure)
                  000037e4    00000050                   : sysctl.obj (.text:SysCtlPeripheralReset)
                  00003834    00000050                   : adc.obj (.text:_ADCIntNumberGet)
                  00003884    0000004c                   : gpio.obj (.text:GPIOPinConfigure)
                  000038d0    0000004c     rtsv7M4_T_le_v4SPD16_eabi.lib : cpy_tbl.obj (.text)
                  0000391c    00000048                                   : fd_toi_t2.obj (.text)
                  00003964    00000046     driverlib.lib : uart.obj (.text:UARTConfigSetExpClk)
                  000039aa    00000002     rtsv7M4_T_le_v4SPD16_eabi.lib : mpu_init.obj (.text)
                  000039ac    00000044     OrbitOLEDInterface.obj (.text)
                  000039f0    00000044     driverlib.lib : gpio.obj (.text:_GPIOIntNumberGet)
                  00003a34    00000040     rtsv7M4_T_le_v4SPD16_eabi.lib : u_divt2.obj (.text)
                  00003a74    0000003c     driverlib.lib : ssi.obj (.text:SSIConfigSetExpClk)
                  00003ab0    00000038                   : sysctl.obj (.text:SysCtlPeripheralReady)
                  00003ae8    00000038     rtsv7M4_T_le_v4SPD16_eabi.lib : fs_tod_t2.obj (.text)
                  00003b20    00000034     driverlib.lib : interrupt.obj (.text:IntRegister)
                  00003b54    00000034                   : sysctl.obj (.text:SysCtlPeripheralEnable)
                  00003b88    0000002c                   : gpio.obj (.text:GPIODirModeSet)
                  00003bb4    00000022                   : pwm.obj (.text:PWMGenConfigure)
                  00003bd6    00000002     rtsv7M4_T_le_v4SPD16_eabi.lib : startup.obj (.text)
                  00003bd8    00000020     driverlib.lib : uart.obj (.text:UARTDisable)
                  00003bf8    0000001e                   : adc.obj (.text:ADCSequenceDataGet)
                  00003c16    0000001e                   : pwm.obj (.text:PWMPulseWidthSet)
                  00003c34    0000001c                   : systick.obj (.text:SysTickIntRegister)
                  00003c50    00000018                   : adc.obj (.text:ADCIntRegister)
                  00003c68    00000018                   : adc.obj (.text:ADCProcessorTrigger)
                  00003c80    00000018                   : gpio.obj (.text:GPIOIntRegister)
                  00003c98    00000018                   : gpio.obj (.text:GPIOPinTypeGPIOOutput)
                  00003cb0    00000018     rtsv7M4_T_le_v4SPD16_eabi.lib : args_main.obj (.text)
                  00003cc8    00000016     driverlib.lib : gpio.obj (.text:GPIOPinTypeGPIOInput)
                  00003cde    00000016                   : gpio.obj (.text:GPIOPinTypePWM)
                  00003cf4    00000016                   : gpio.obj (.text:GPIOPinTypeSSI)
                  00003d0a    00000016                   : gpio.obj (.text:GPIOPinTypeUART)
                  00003d20    00000014                   : sysctl.obj (.text:SysCtlPWMClockSet)
                  00003d34    00000014                   : systick.obj (.text:SysTickEnable)
                  00003d48    00000014                   : systick.obj (.text:SysTickIntEnable)
                  00003d5c    00000014                   : uart.obj (.text:UARTEnable)
                  00003d70    00000014     rtsv7M4_T_le_v4SPD16_eabi.lib : _lock.obj (.text)
                  00003d84    00000012     driverlib.lib : pwm.obj (.text:PWMOutputState)
                  00003d96    00000010                   : adc.obj (.text:ADCIntEnable)
                  00003da6    00000010                   : interrupt.obj (.text:IntMasterEnable)
                  00003db6    00000010                   : pwm.obj (.text:PWMGenPeriodSet)
                  00003dc6    00000002     --HOLE-- [fill = 0]
                  00003dc8    00000010                   : systick.obj (.text:SysTickPeriodSet)
                  00003dd8    0000000e                   : adc.obj (.text:ADCSequenceEnable)
                  00003de6    0000000e                   : timer.obj (.text:TimerEnable)
                  00003df4    0000000e     rtsv7M4_T_le_v4SPD16_eabi.lib : copy_decompress_none.obj (.text:decompress:none)
                  00003e02    0000000c     driverlib.lib : cpu.obj (.text:CPUcpsie)
                  00003e0e    0000000c                   : gpio.obj (.text:GPIOIntEnable)
                  00003e1a    0000000c                   : pwm.obj (.text:PWMGenEnable)
                  00003e26    0000000c                   : ssi.obj (.text:SSIDataGet)
                  00003e32    0000000c     rtsv7M4_T_le_v4SPD16_eabi.lib : copy_zero_init.obj (.text:decompress:ZI)
                  00003e3e    0000000c     tm4c123gh6pm_startup_ccs.obj (.text)
                  00003e4a    0000000a     driverlib.lib : adc.obj (.text:ADCIntClear)
                  00003e54    0000000a                   : ssi.obj (.text:SSIDataPut)
                  00003e5e    0000000a                   : ssi.obj (.text:SSIEnable)
                  00003e68    0000000a                   : timer.obj (.text:TimerValueGet)
                  00003e72    0000000a                   : uart.obj (.text:UARTCharPut)
                  00003e7c    0000000a                   : uart.obj (.text:UARTFIFOEnable)
                  00003e86    00000008                   : ssi.obj (.text:SSIBusy)
                  00003e8e    00000006                   : gpio.obj (.text:GPIOIntClear)
                  00003e94    00000006                   : gpio.obj (.text:GPIOPinRead)
                  00003e9a    00000006                   : gpio.obj (.text:GPIOPinWrite)
                  00003ea0    00000006                   : ssi.obj (.text:SSIClockSourceSet)
                  00003ea6    00000006                   : sysctl.obj (.text:SysCtlDelay)
                  00003eac    00000004     rtsv7M4_T_le_v4SPD16_eabi.lib : pre_init.obj (.text)

.const     0    00003eb0    00000648     
                  00003eb0    00000300     ChrFont0.obj (.const:.string:rgbOledFont0)
                  000041b0    000000d8     driverlib.lib : gpio.obj (.const:g_ppui32GPIOIntMapSnowflake)
                  00004288    000000c0                   : gpio.obj (.const:g_ppui32GPIOIntMapBlizzard)
                  00004348    00000090                   : gpio.obj (.const:g_pui32GPIOBaseAddrs)
                  000043d8    0000006c                   : sysctl.obj (.const:g_pui32Xtals)
                  00004444    00000040     FillPat.obj (.const:.string:rgbFillPat)
                  00004484    00000030     ustdlib.obj (.const:g_psDaysToMonth)
                  000044b4    00000018     ustdlib.obj (.const:g_pfExponents)
                  000044cc    00000014     driverlib.lib : interrupt.obj (.const:g_pui32EnRegs)
                  000044e0    00000012     ustdlib.obj (.const:.string)
                  000044f2    00000002     --HOLE-- [fill = 0]
                  000044f4    00000004     ustdlib.obj (.const)

.cinit     0    000044f8    00000050     
                  000044f8    0000001c     (.cinit..data.load) [load image, compression = lzss]
                  00004514    0000000c     (__TI_handler_table)
                  00004520    00000008     (.cinit..bss.load) [load image, compression = zero_init]
                  00004528    00000008     (.cinit..vtable.load) [load image, compression = zero_init]
                  00004530    00000018     (__TI_cinit_table)

.init_array 
*          0    00000000    00000000     UNINITIALIZED

.vtable    0    20000000    0000026c     UNINITIALIZED
                  20000000    0000026c     driverlib.lib : interrupt.obj (.vtable)

.bss       0    2000026c    000003b4     UNINITIALIZED
                  2000026c    00000200     (.common:rgbOledBmp)
                  2000046c    00000100     (.common:rgbOledFontUser)
                  2000056c    00000010     Helicopter.obj (.bss:g_inBuffer)
                  2000057c    00000010     heliADC.obj (.bss:g_inBuffer)
                  2000058c    00000010     main.obj (.bss:g_inBuffer)
                  2000059c    0000000a     Helicopter.obj (.bss)
                  200005a6    00000002     ButtonControl.obj (.bss)
                  200005a8    00000008     (.common:setPoints)
                  200005b0    00000006     heliUART.obj (.bss)
                  200005b6    00000001     (.common:clrOledCur)
                  200005b7    00000001     (.common:slowTick)
                  200005b8    00000005     heliYAW.obj (.bss)
                  200005bd    00000004     buttons4.obj (.bss:but_count)
                  200005c1    00000004     buttons4.obj (.bss:but_flag)
                  200005c5    00000004     buttons4.obj (.bss:but_normal)
                  200005c9    00000004     buttons4.obj (.bss:but_state)
                  200005cd    00000003     --HOLE--
                  200005d0    00000004     main.obj (.bss)
                  200005d4    00000004     (.common:bnOledCur)
                  200005d8    00000004     (.common:dxcoOledFontCur)
                  200005dc    00000004     (.common:dycoOledFontCur)
                  200005e0    00000004     (.common:fOledCharUpdate)
                  200005e4    00000004     (.common:interupt_value)
                  200005e8    00000004     (.common:main_duty)
                  200005ec    00000004     (.common:modOledCur)
                  200005f0    00000004     (.common:pbOledCur)
                  200005f4    00000004     (.common:pbOledFontCur)
                  200005f8    00000004     (.common:pbOledFontUser)
                  200005fc    00000004     (.common:pbOledPatCur)
                  20000600    00000004     (.common:pfnDoRop)
                  20000604    00000004     (.common:tail_duty)
                  20000608    00000004     (.common:xchOledCur)
                  2000060c    00000004     (.common:xchOledMax)
                  20000610    00000004     (.common:xcoOledCur)
                  20000614    00000004     (.common:ychOledCur)
                  20000618    00000004     (.common:ychOledMax)
                  2000061c    00000004     (.common:ycoOledCur)

.stack     0    20000620    00000200     UNINITIALIZED
                  20000620    00000200     --HOLE--

.sysmem    0    20000820    00000200     UNINITIALIZED
                  20000820    00000008     rtsv7M4_T_le_v4SPD16_eabi.lib : memory.obj (.sysmem)
                  20000828    000001f8     --HOLE--

.data      0    20000a20    0000002e     UNINITIALIZED
                  20000a20    0000000c     rtsv7M4_T_le_v4SPD16_eabi.lib : exit.obj (.data:$O1$$)
                  20000a2c    0000000c                                   : memory.obj (.data:$O1$$)
                  20000a38    00000008                                   : _lock.obj (.data:$O1$$)
                  20000a40    00000004     heliYAW.obj (.data)
                  20000a44    00000004     rtsv7M4_T_le_v4SPD16_eabi.lib : stkdepth_vars.obj (.data)
                  20000a48    00000004     ustdlib.obj (.data)
                  20000a4c    00000001     ButtonControl.obj (.data)
                  20000a4d    00000001     Helicopter.obj (.data)

MODULE SUMMARY

       Module                         code    ro data   rw data
       ------                         ----    -------   -------
    .\
       ustdlib.obj                    3204    94        4      
       tm4c123gh6pm_startup_ccs.obj   12      620       0      
       ButtonControl.obj              592     0         24     
       buttons4.obj                   544     0         16     
       Helicopter.obj                 528     0         27     
       heliYAW.obj                    452     0         9      
       heliPWM.obj                    420     0         0      
       heliUART.obj                   396     0         6      
       main.obj                       172     0         20     
       circBufT.obj                   184     0         0      
       heliADC.obj                    108     0         16     
    +--+------------------------------+-------+---------+---------+
       Total:                         6612    714       122    
                                                               
    .\OrbitOLED\
       OrbitOLEDInterface.obj         68      0         0      
    +--+------------------------------+-------+---------+---------+
       Total:                         68      0         0      
                                                               
    .\OrbitOLED\lib_OrbitOled\
       OrbitOledGrph.obj              2384    0         8      
       OrbitOled.obj                  892     0         553    
       OrbitOledChar.obj              516     0         272    
       ChrFont0.obj                   0       768       0      
       delay.obj                      92      0         0      
       FillPat.obj                    0       64        0      
    +--+------------------------------+-------+---------+---------+
       Total:                         3884    832       833    
                                                               
    C:/ti/TivaWare_C_Series-2.1.4.178/driverlib/ccs/Debug/driverlib.lib
       gpio.obj                       748     552       0      
       sysctl.obj                     730     108       0      
       interrupt.obj                  172     20        620    
       adc.obj                        400     0         0      
       uart.obj                       142     0         0      
       timer.obj                      120     0         0      
       pwm.obj                        110     0         0      
       ssi.obj                        106     0         0      
       systick.obj                    84      0         0      
       cpu.obj                        12      0         0      
    +--+------------------------------+-------+---------+---------+
       Total:                         2624    680       620    
                                                               
    C:\ti\ccsv7\tools\compiler\ti-cgt-arm_16.9.6.LTS\lib\rtsv7M4_T_le_v4SPD16_eabi.lib
       memory.obj                     976     0         12     
       fd_mul_t2.obj                  252     0         0      
       memcpy_t2.obj                  156     0         0      
       memset_t2.obj                  122     0         0      
       autoinit.obj                   112     0         0      
       copy_decompress_lzss.obj       104     0         0      
       exit.obj                       84      0         12     
       boot.obj                       84      0         0      
       cpy_tbl.obj                    76      0         0      
       fd_toi_t2.obj                  72      0         0      
       u_divt2.obj                    64      0         0      
       fs_tod_t2.obj                  56      0         0      
       _lock.obj                      20      0         8      
       args_main.obj                  24      0         0      
       copy_decompress_none.obj       14      0         0      
       copy_zero_init.obj             12      0         0      
       pre_init.obj                   4       0         0      
       stkdepth_vars.obj              0       0         4      
       i_div0.obj                     2       0         0      
       mpu_init.obj                   2       0         0      
       startup.obj                    2       0         0      
    +--+------------------------------+-------+---------+---------+
       Total:                         2238    0         36     
                                                               
       Heap:                          0       0         512    
       Stack:                         0       0         512    
       Linker Generated:              0       80        0      
    +--+------------------------------+-------+---------+---------+
       Grand Total:                   15426   2306      2635   


LINKER GENERATED COPY TABLES

__TI_cinit_table @ 00004530 records: 3, size/record: 8, table size: 24
	.data: load addr=000044f8, load size=0000001c bytes, run addr=20000a20, run size=0000002e bytes, compression=lzss
	.bss: load addr=00004520, load size=00000008 bytes, run addr=2000026c, run size=000003b4 bytes, compression=zero_init
	.vtable: load addr=00004528, load size=00000008 bytes, run addr=20000000, run size=0000026c bytes, compression=zero_init


LINKER GENERATED HANDLER TABLE

__TI_handler_table @ 00004514 records: 3, size/record: 4, table size: 12
	index: 0, handler: __TI_zero_init
	index: 1, handler: __TI_decompress_lzss
	index: 2, handler: __TI_decompress_none


GLOBAL SYMBOLS: SORTED ALPHABETICALLY BY Name 

address   name                           
-------   ----                           
00003e4b  ADCIntClear                    
00003d97  ADCIntEnable                   
000034d9  ADCIntHandler                  
00003c51  ADCIntRegister                 
00003c69  ADCProcessorTrigger            
00003795  ADCSequenceConfigure           
00003bf9  ADCSequenceDataGet             
00003dd9  ADCSequenceEnable              
00003339  ADCSequenceStepConfigure       
00003741  C$$EXIT                        
00003e03  CPUcpsie                       
00003639  DelayInit                      
00003653  DelayMs                        
00003b89  GPIODirModeSet                 
00003e8f  GPIOIntClear                   
00003e0f  GPIOIntEnable                  
00003c81  GPIOIntRegister                
00003695  GPIOIntTypeSet                 
00002d05  GPIOPadConfigSet               
00003885  GPIOPinConfigure               
00003e95  GPIOPinRead                    
00003cc9  GPIOPinTypeGPIOInput           
00003c99  GPIOPinTypeGPIOOutput          
00003cdf  GPIOPinTypePWM                 
00003cf5  GPIOPinTypeSSI                 
00003d0b  GPIOPinTypeUART                
00003e9b  GPIOPinWrite                   
00003509  IntEnable                      
00003da7  IntMasterEnable                
00003b21  IntRegister                    
000039d3  OLEDInitialise                 
000039ad  OLEDStringDraw                 
000027a5  OrbitOledAdvanceCursor         
000017e1  OrbitOledClampXco              
00001801  OrbitOledClampYco              
00001ded  OrbitOledClear                 
00001df9  OrbitOledClearBuffer           
00002675  OrbitOledDefUserChar           
00001d69  OrbitOledDevInit               
00001623  OrbitOledDrawChar              
0000272d  OrbitOledDrawGlyph             
00000fe7  OrbitOledDrawPixel             
0000112d  OrbitOledDrawRect              
00001683  OrbitOledDrawString            
00001cef  OrbitOledDvrInit               
000011b1  OrbitOledFillRect              
000012f5  OrbitOledGetBmp                
000026dd  OrbitOledGetCharUpdate         
00002659  OrbitOledGetCursor             
00000fe1  OrbitOledGetDrawMode           
00001013  OrbitOledGetPixel              
00000f37  OrbitOledGetPos                
00000f6b  OrbitOledGetStdPattern         
00001c25  OrbitOledHostInit              
00001c11  OrbitOledInit                  
0000102d  OrbitOledLineTo                
00001779  OrbitOledMoveDown              
000017af  OrbitOledMoveLeft              
000017c7  OrbitOledMoveRight             
00000ef1  OrbitOledMoveTo                
00001741  OrbitOledMoveUp                
00001455  OrbitOledPutBmp                
00001e83  OrbitOledPutBuffer             
000026e3  OrbitOledPutChar               
00002701  OrbitOledPutString             
000016ef  OrbitOledRopAnd                
000016cb  OrbitOledRopOr                 
000016a1  OrbitOledRopSet                
00001713  OrbitOledRopXor                
000026c5  OrbitOledSetCharUpdate         
0000260d  OrbitOledSetCursor             
00000f53  OrbitOledSetDrawColor          
00000f8d  OrbitOledSetDrawMode           
00000f7d  OrbitOledSetFillPattern        
00001e29  OrbitOledUpdate                
00003bb5  PWMGenConfigure                
00003e1b  PWMGenEnable                   
00003db7  PWMGenPeriodSet                
00003d85  PWMOutputState                 
00003c17  PWMPulseWidthSet               
00003e3f  ResetISR                       
UNDEFED   SHT$$INIT_ARRAY$$Base          
UNDEFED   SHT$$INIT_ARRAY$$Limit         
00003e87  SSIBusy                        
00003ea1  SSIClockSourceSet              
00003a75  SSIConfigSetExpClk             
00003e27  SSIDataGet                     
00003e55  SSIDataPut                     
00003e5f  SSIEnable                      
0000211d  SW1IntHandler                  
00002071  SW1setup                       
00001ee9  Ssi3PutByte                    
00002e39  SysCtlClockGet                 
00003045  SysCtlClockSet                 
00003ea7  SysCtlDelay                    
00003d21  SysCtlPWMClockSet              
00003b55  SysCtlPeripheralEnable         
00003ab1  SysCtlPeripheralReady          
000037e5  SysCtlPeripheralReset          
00003d35  SysTickEnable                  
00003d49  SysTickIntEnable               
000023fd  SysTickIntHandler              
00003c35  SysTickIntRegister             
00003dc9  SysTickPeriodSet               
000035d9  TimerConfigure                 
00003de7  TimerEnable                    
00003e69  TimerValueGet                  
00002bfd  UART                           
00003e73  UARTCharPut                    
00003965  UARTConfigSetExpClk            
00003bd9  UARTDisable                    
00003d5d  UARTEnable                     
00003e7d  UARTFIFOEnable                 
00002bb1  UARTSend                       
00002871  YawIntHandler                  
20000820  __STACK_END                    
00000200  __STACK_SIZE                   
20000820  __STACK_TOP                    
00000200  __SYSMEM_SIZE                  
00004530  __TI_CINIT_Base                
00004548  __TI_CINIT_Limit               
00004514  __TI_Handler_Table_Base        
00004520  __TI_Handler_Table_Limit       
0000342d  __TI_auto_init                 
20000a20  __TI_cleanup_ptr               
00003571  __TI_decompress_lzss           
00003df5  __TI_decompress_none           
20000a24  __TI_dtors_ptr                 
20000a28  __TI_enable_exit_profile_output
ffffffff  __TI_pprof_out_hndl            
ffffffff  __TI_prof_data_size            
ffffffff  __TI_prof_data_start           
00000000  __TI_static_base__             
00003e33  __TI_zero_init                 
0000391d  __aeabi_d2iz                   
00002f49  __aeabi_dmul                   
00003ae9  __aeabi_f2d                    
00002e37  __aeabi_idiv0                  
000033b3  __aeabi_memclr                 
000033b3  __aeabi_memclr4                
000033b3  __aeabi_memclr8                
0000329d  __aeabi_memcpy                 
0000329d  __aeabi_memcpy4                
0000329d  __aeabi_memcpy8                
000033b5  __aeabi_memset                 
000033b5  __aeabi_memset4                
000033b5  __aeabi_memset8                
00003a35  __aeabi_uidiv                  
00003a35  __aeabi_uidivmod               
ffffffff  __binit__                      
ffffffff  __c_args__                     
000039ab  __mpu_init                     
20000620  __stack                        
00003cb1  _args_main                     
000036ed  _c_int00                       
20000a38  _lock                          
00003d7f  _nop                           
00003d77  _register_lock                 
00003d71  _register_unlock               
20000820  _sys_memory                    
00003bd7  _system_post_cinit             
00003ead  _system_pre_init               
20000a3c  _unlock                        
00003745  abort                          
ffffffff  binit                          
200005d4  bnOledCur                      
00002045  buttonControllerInit           
0000205d  buttonControllerLoop           
0000246b  calculateRobustMeanValue       
00001be1  calloc                         
00001fed  checkAndDecrementAltitude      
00002021  checkAndDecrementYaw           
00001fcf  checkAndIncrementAltitude      
0000200b  checkAndIncrementYaw           
0000237f  checkButton                    
00002163  checkLanded                    
200005b6  clrOledCur                     
000038d1  copy_in                        
000024b9  displayMeanVal                 
200005d8  dxcoOledFontCur                
200005dc  dycoOledFontCur                
0000374d  exit                           
200005e0  fOledCharUpdate                
0000192b  free                           
000031cb  freeCircBuf                    
20000000  g_pfnRAMVectors                
00000000  g_pfnVectors                   
00002037  getAltitudePercentSetPoint     
00002093  getSW1Position                 
000020bd  getSW1mode                     
00002bd1  getSW1modeString               
0000203d  getYawDegreesSetPoint          
0000349d  initADC                        
000021dd  initButtons                    
00003139  initCircBuf                    
00002439  initClock                      
00002463  initDisplay                    
000020df  initGPIOAPinChangeInterrupts   
00001fb3  initSetPoints                  
0000283b  initYaw                        
00002b79  initialiseUSB_UART             
00002559  initializeHelicopterOperations 
00002a69  initializePWM                  
200005e4  interupt_value                 
000031f1  main                           
200005e8  main_duty                      
20000a44  main_func_sp                   
000018c1  malloc                         
00001af5  memalign                       
0000329d  memcpy                         
000033bb  memset                         
00001841  minit                          
200005ec  modOledCur                     
200005f0  pbOledCur                      
200005f4  pbOledFontCur                  
200005f8  pbOledFontUser                 
200005fc  pbOledPatCur                   
20000600  pfnDoRop                       
00003197  readCircBuf                    
000019eb  realloc                        
0000254d  resetHelicopterOperations      
000020c3  resetPeriphButtons             
00002b03  resetPeripheralPWM             
00004444  rgbFillPat                     
2000026c  rgbOledBmp                     
00003eb0  rgbOledFont0                   
2000046c  rgbOledFontUser                
00002b1f  setOutputOnline                
000029e1  setPWM                         
000029d5  setPWMClocks                   
200005a8  setPoints                      
000020a9  setSW1mode                     
200005b7  slowTick                       
0000218f  startLanding                   
20000604  tail_duty                      
00000751  ulocaltime                     
0000094f  umktime                        
000022ab  updateButtons                  
00002539  updateDisplay                  
00000ec9  urand                          
00000721  usnprintf                      
000006ef  usprintf                       
00000eb9  usrand                         
00000e31  ustrcasecmp                    
00000ea5  ustrcmp                        
00000d35  ustrlen                        
00000d8d  ustrncasecmp                   
00000e45  ustrncmp                       
0000026d  ustrncpy                       
00000d57  ustrstr                        
00000afd  ustrtof                        
000009c5  ustrtoul                       
000002c5  uvsnprintf                     
00003163  writeCircBuf                   
20000608  xchOledCur                     
2000060c  xchOledMax                     
20000610  xcoOledCur                     
00001f8d  yawDegreeConvert               
00002811  yaw_ref                        
20000614  ychOledCur                     
20000618  ychOledMax                     
2000061c  ycoOledCur                     
20000a40  yi                             


GLOBAL SYMBOLS: SORTED BY Symbol Address 

address   name                           
-------   ----                           
00000000  __TI_static_base__             
00000000  g_pfnVectors                   
00000200  __STACK_SIZE                   
00000200  __SYSMEM_SIZE                  
0000026d  ustrncpy                       
000002c5  uvsnprintf                     
000006ef  usprintf                       
00000721  usnprintf                      
00000751  ulocaltime                     
0000094f  umktime                        
000009c5  ustrtoul                       
00000afd  ustrtof                        
00000d35  ustrlen                        
00000d57  ustrstr                        
00000d8d  ustrncasecmp                   
00000e31  ustrcasecmp                    
00000e45  ustrncmp                       
00000ea5  ustrcmp                        
00000eb9  usrand                         
00000ec9  urand                          
00000ef1  OrbitOledMoveTo                
00000f37  OrbitOledGetPos                
00000f53  OrbitOledSetDrawColor          
00000f6b  OrbitOledGetStdPattern         
00000f7d  OrbitOledSetFillPattern        
00000f8d  OrbitOledSetDrawMode           
00000fe1  OrbitOledGetDrawMode           
00000fe7  OrbitOledDrawPixel             
00001013  OrbitOledGetPixel              
0000102d  OrbitOledLineTo                
0000112d  OrbitOledDrawRect              
000011b1  OrbitOledFillRect              
000012f5  OrbitOledGetBmp                
00001455  OrbitOledPutBmp                
00001623  OrbitOledDrawChar              
00001683  OrbitOledDrawString            
000016a1  OrbitOledRopSet                
000016cb  OrbitOledRopOr                 
000016ef  OrbitOledRopAnd                
00001713  OrbitOledRopXor                
00001741  OrbitOledMoveUp                
00001779  OrbitOledMoveDown              
000017af  OrbitOledMoveLeft              
000017c7  OrbitOledMoveRight             
000017e1  OrbitOledClampXco              
00001801  OrbitOledClampYco              
00001841  minit                          
000018c1  malloc                         
0000192b  free                           
000019eb  realloc                        
00001af5  memalign                       
00001be1  calloc                         
00001c11  OrbitOledInit                  
00001c25  OrbitOledHostInit              
00001cef  OrbitOledDvrInit               
00001d69  OrbitOledDevInit               
00001ded  OrbitOledClear                 
00001df9  OrbitOledClearBuffer           
00001e29  OrbitOledUpdate                
00001e83  OrbitOledPutBuffer             
00001ee9  Ssi3PutByte                    
00001f8d  yawDegreeConvert               
00001fb3  initSetPoints                  
00001fcf  checkAndIncrementAltitude      
00001fed  checkAndDecrementAltitude      
0000200b  checkAndIncrementYaw           
00002021  checkAndDecrementYaw           
00002037  getAltitudePercentSetPoint     
0000203d  getYawDegreesSetPoint          
00002045  buttonControllerInit           
0000205d  buttonControllerLoop           
00002071  SW1setup                       
00002093  getSW1Position                 
000020a9  setSW1mode                     
000020bd  getSW1mode                     
000020c3  resetPeriphButtons             
000020df  initGPIOAPinChangeInterrupts   
0000211d  SW1IntHandler                  
00002163  checkLanded                    
0000218f  startLanding                   
000021dd  initButtons                    
000022ab  updateButtons                  
0000237f  checkButton                    
000023fd  SysTickIntHandler              
00002439  initClock                      
00002463  initDisplay                    
0000246b  calculateRobustMeanValue       
000024b9  displayMeanVal                 
00002539  updateDisplay                  
0000254d  resetHelicopterOperations      
00002559  initializeHelicopterOperations 
0000260d  OrbitOledSetCursor             
00002659  OrbitOledGetCursor             
00002675  OrbitOledDefUserChar           
000026c5  OrbitOledSetCharUpdate         
000026dd  OrbitOledGetCharUpdate         
000026e3  OrbitOledPutChar               
00002701  OrbitOledPutString             
0000272d  OrbitOledDrawGlyph             
000027a5  OrbitOledAdvanceCursor         
00002811  yaw_ref                        
0000283b  initYaw                        
00002871  YawIntHandler                  
000029d5  setPWMClocks                   
000029e1  setPWM                         
00002a69  initializePWM                  
00002b03  resetPeripheralPWM             
00002b1f  setOutputOnline                
00002b79  initialiseUSB_UART             
00002bb1  UARTSend                       
00002bd1  getSW1modeString               
00002bfd  UART                           
00002d05  GPIOPadConfigSet               
00002e37  __aeabi_idiv0                  
00002e39  SysCtlClockGet                 
00002f49  __aeabi_dmul                   
00003045  SysCtlClockSet                 
00003139  initCircBuf                    
00003163  writeCircBuf                   
00003197  readCircBuf                    
000031cb  freeCircBuf                    
000031f1  main                           
0000329d  __aeabi_memcpy                 
0000329d  __aeabi_memcpy4                
0000329d  __aeabi_memcpy8                
0000329d  memcpy                         
00003339  ADCSequenceStepConfigure       
000033b3  __aeabi_memclr                 
000033b3  __aeabi_memclr4                
000033b3  __aeabi_memclr8                
000033b5  __aeabi_memset                 
000033b5  __aeabi_memset4                
000033b5  __aeabi_memset8                
000033bb  memset                         
0000342d  __TI_auto_init                 
0000349d  initADC                        
000034d9  ADCIntHandler                  
00003509  IntEnable                      
00003571  __TI_decompress_lzss           
000035d9  TimerConfigure                 
00003639  DelayInit                      
00003653  DelayMs                        
00003695  GPIOIntTypeSet                 
000036ed  _c_int00                       
00003741  C$$EXIT                        
00003745  abort                          
0000374d  exit                           
00003795  ADCSequenceConfigure           
000037e5  SysCtlPeripheralReset          
00003885  GPIOPinConfigure               
000038d1  copy_in                        
0000391d  __aeabi_d2iz                   
00003965  UARTConfigSetExpClk            
000039ab  __mpu_init                     
000039ad  OLEDStringDraw                 
000039d3  OLEDInitialise                 
00003a35  __aeabi_uidiv                  
00003a35  __aeabi_uidivmod               
00003a75  SSIConfigSetExpClk             
00003ab1  SysCtlPeripheralReady          
00003ae9  __aeabi_f2d                    
00003b21  IntRegister                    
00003b55  SysCtlPeripheralEnable         
00003b89  GPIODirModeSet                 
00003bb5  PWMGenConfigure                
00003bd7  _system_post_cinit             
00003bd9  UARTDisable                    
00003bf9  ADCSequenceDataGet             
00003c17  PWMPulseWidthSet               
00003c35  SysTickIntRegister             
00003c51  ADCIntRegister                 
00003c69  ADCProcessorTrigger            
00003c81  GPIOIntRegister                
00003c99  GPIOPinTypeGPIOOutput          
00003cb1  _args_main                     
00003cc9  GPIOPinTypeGPIOInput           
00003cdf  GPIOPinTypePWM                 
00003cf5  GPIOPinTypeSSI                 
00003d0b  GPIOPinTypeUART                
00003d21  SysCtlPWMClockSet              
00003d35  SysTickEnable                  
00003d49  SysTickIntEnable               
00003d5d  UARTEnable                     
00003d71  _register_unlock               
00003d77  _register_lock                 
00003d7f  _nop                           
00003d85  PWMOutputState                 
00003d97  ADCIntEnable                   
00003da7  IntMasterEnable                
00003db7  PWMGenPeriodSet                
00003dc9  SysTickPeriodSet               
00003dd9  ADCSequenceEnable              
00003de7  TimerEnable                    
00003df5  __TI_decompress_none           
00003e03  CPUcpsie                       
00003e0f  GPIOIntEnable                  
00003e1b  PWMGenEnable                   
00003e27  SSIDataGet                     
00003e33  __TI_zero_init                 
00003e3f  ResetISR                       
00003e4b  ADCIntClear                    
00003e55  SSIDataPut                     
00003e5f  SSIEnable                      
00003e69  TimerValueGet                  
00003e73  UARTCharPut                    
00003e7d  UARTFIFOEnable                 
00003e87  SSIBusy                        
00003e8f  GPIOIntClear                   
00003e95  GPIOPinRead                    
00003e9b  GPIOPinWrite                   
00003ea1  SSIClockSourceSet              
00003ea7  SysCtlDelay                    
00003ead  _system_pre_init               
00003eb0  rgbOledFont0                   
00004444  rgbFillPat                     
00004514  __TI_Handler_Table_Base        
00004520  __TI_Handler_Table_Limit       
00004530  __TI_CINIT_Base                
00004548  __TI_CINIT_Limit               
20000000  g_pfnRAMVectors                
2000026c  rgbOledBmp                     
2000046c  rgbOledFontUser                
200005a8  setPoints                      
200005b6  clrOledCur                     
200005b7  slowTick                       
200005d4  bnOledCur                      
200005d8  dxcoOledFontCur                
200005dc  dycoOledFontCur                
200005e0  fOledCharUpdate                
200005e4  interupt_value                 
200005e8  main_duty                      
200005ec  modOledCur                     
200005f0  pbOledCur                      
200005f4  pbOledFontCur                  
200005f8  pbOledFontUser                 
200005fc  pbOledPatCur                   
20000600  pfnDoRop                       
20000604  tail_duty                      
20000608  xchOledCur                     
2000060c  xchOledMax                     
20000610  xcoOledCur                     
20000614  ychOledCur                     
20000618  ychOledMax                     
2000061c  ycoOledCur                     
20000620  __stack                        
20000820  __STACK_END                    
20000820  __STACK_TOP                    
20000820  _sys_memory                    
20000a20  __TI_cleanup_ptr               
20000a24  __TI_dtors_ptr                 
20000a28  __TI_enable_exit_profile_output
20000a38  _lock                          
20000a3c  _unlock                        
20000a40  yi                             
20000a44  main_func_sp                   
ffffffff  __TI_pprof_out_hndl            
ffffffff  __TI_prof_data_size            
ffffffff  __TI_prof_data_start           
ffffffff  __binit__                      
ffffffff  __c_args__                     
ffffffff  binit                          
UNDEFED   SHT$$INIT_ARRAY$$Base          
UNDEFED   SHT$$INIT_ARRAY$$Limit         

[263 symbols]
