******************************************************************************
                  TI ARM Linker PC v16.9.6                     
******************************************************************************
>> Linked Sat May 26 17:12:33 2018

OUTPUT FILE NAME:   <Milestone.out>
ENTRY POINT SYMBOL: "_c_int00"  address: 00003c4d


MEMORY CONFIGURATION

         name            origin    length      used     unused   attr    fill
----------------------  --------  ---------  --------  --------  ----  --------
  FLASH                 00000000   00040000  00004adc  0003b524  R  X
  SRAM                  20000000   00008000  00000a30  000075d0  RW X


SEGMENT ALLOCATION MAP

run origin  load origin   length   init length attrs members
----------  ----------- ---------- ----------- ----- -------
00000000    00000000    00004ae0   00004ae0    r-x
  00000000    00000000    0000026c   0000026c    r-- .intvecs
  0000026c    0000026c    000041d0   000041d0    r-x .text
  0000443c    0000443c    00000648   00000648    r-- .const
  00004a88    00004a88    00000058   00000058    r-- .cinit
20000000    20000000    00000a37   00000000    rw-
  20000000    20000000    0000026c   00000000    rw- .vtable
  2000026c    2000026c    0000037d   00000000    rw- .bss
  200005ec    200005ec    00000200   00000000    rw- .stack
  200007f0    200007f0    00000200   00000000    rw- .sysmem
  200009f0    200009f0    00000047   00000000    rw- .data


SECTION ALLOCATION MAP

 output                                  attributes/
section   page    origin      length       input sections
--------  ----  ----------  ----------   ----------------
.intvecs   0    00000000    0000026c     
                  00000000    0000026c     tm4c123gh6pm_startup_ccs.obj (.intvecs)

.text      0    0000026c    000041d0     
                  0000026c    00000c84     ustdlib.obj (.text)
                  00000ef0    00000950     OrbitOledGrph.obj (.text)
                  00001840    000003d0     rtsv7M4_T_le_v4SPD16_eabi.lib : memory.obj (.text)
                  00001c10    0000037c     OrbitOled.obj (.text)
                  00001f8c    00000290     ButtonControl.obj (.text)
                  0000221c    00000264     heliPID.obj (.text)
                  00002480    00000220     buttons4.obj (.text)
                  000026a0    00000214     Helicopter.obj (.text)
                  000028b4    00000204     OrbitOledChar.obj (.text)
                  00002ab8    000001f8     heliYAW.obj (.text)
                  00002cb0    000001b6     rtsv7M4_T_le_v4SPD16_eabi.lib : fd_add_t2.obj (.text)
                  00002e66    00000002                                   : i_div0.obj (.text)
                  00002e68    000001b0     heliUART.obj (.text)
                  00003018    000001ac     heliPWM.obj (.text)
                  000031c4    00000132     driverlib.lib : gpio.obj (.text:GPIOPadConfigSet)
                  000032f6    00000002     rtsv7M4_T_le_v4SPD16_eabi.lib : mpu_init.obj (.text)
                  000032f8    00000110     driverlib.lib : sysctl.obj (.text:SysCtlClockGet)
                  00003408    000000fc     rtsv7M4_T_le_v4SPD16_eabi.lib : fd_mul_t2.obj (.text)
                  00003504    000000f4     driverlib.lib : sysctl.obj (.text:SysCtlClockSet)
                  000035f8    000000c4     main.obj (.text)
                  000036bc    000000b8     circBufT.obj (.text)
                  00003774    0000009c     rtsv7M4_T_le_v4SPD16_eabi.lib : memcpy_t2.obj (.text)
                  00003810    00000086                                   : fd_cmp_t2.obj (.text:__aeabi_cdrcmple)
                  00003896    0000007a     driverlib.lib : adc.obj (.text:ADCSequenceStepConfigure)
                  00003910    0000007a     rtsv7M4_T_le_v4SPD16_eabi.lib : memset_t2.obj (.text)
                  0000398a    00000002                                   : startup.obj (.text)
                  0000398c    00000070                                   : autoinit.obj (.text)
                  000039fc    0000006c     heliADC.obj (.text)
                  00003a68    00000068     driverlib.lib : interrupt.obj (.text:IntEnable)
                  00003ad0    00000068     rtsv7M4_T_le_v4SPD16_eabi.lib : copy_decompress_lzss.obj (.text:decompress:lzss)
                  00003b38    00000060     driverlib.lib : timer.obj (.text:TimerConfigure)
                  00003b98    0000005c     delay.obj (.text)
                  00003bf4    00000058     driverlib.lib : gpio.obj (.text:GPIOIntTypeSet)
                  00003c4c    00000054     rtsv7M4_T_le_v4SPD16_eabi.lib : boot.obj (.text)
                  00003ca0    00000054                                   : exit.obj (.text)
                  00003cf4    00000050     driverlib.lib : adc.obj (.text:ADCSequenceConfigure)
                  00003d44    00000050                   : sysctl.obj (.text:SysCtlPeripheralReset)
                  00003d94    00000050                   : adc.obj (.text:_ADCIntNumberGet)
                  00003de4    0000004c                   : gpio.obj (.text:GPIOPinConfigure)
                  00003e30    0000004c     rtsv7M4_T_le_v4SPD16_eabi.lib : cpy_tbl.obj (.text)
                  00003e7c    00000048                                   : fd_toi_t2.obj (.text)
                  00003ec4    00000046     driverlib.lib : uart.obj (.text:UARTConfigSetExpClk)
                  00003f0a    00000002     --HOLE-- [fill = 0]
                  00003f0c    00000044     OrbitOLEDInterface.obj (.text)
                  00003f50    00000044     driverlib.lib : gpio.obj (.text:_GPIOIntNumberGet)
                  00003f94    00000040     rtsv7M4_T_le_v4SPD16_eabi.lib : u_divt2.obj (.text)
                  00003fd4    0000003c     driverlib.lib : ssi.obj (.text:SSIConfigSetExpClk)
                  00004010    00000038                   : sysctl.obj (.text:SysCtlPeripheralReady)
                  00004048    00000038     rtsv7M4_T_le_v4SPD16_eabi.lib : fs_tod_t2.obj (.text)
                  00004080    00000034     driverlib.lib : interrupt.obj (.text:IntRegister)
                  000040b4    00000034                   : sysctl.obj (.text:SysCtlPeripheralEnable)
                  000040e8    0000002e     rtsv7M4_T_le_v4SPD16_eabi.lib : i_tofd_t2.obj (.text)
                  00004116    0000002c     driverlib.lib : gpio.obj (.text:GPIODirModeSet)
                  00004142    00000022                   : pwm.obj (.text:PWMGenConfigure)
                  00004164    00000020                   : uart.obj (.text:UARTDisable)
                  00004184    0000001e                   : adc.obj (.text:ADCSequenceDataGet)
                  000041a2    0000001e                   : pwm.obj (.text:PWMPulseWidthSet)
                  000041c0    0000001c                   : systick.obj (.text:SysTickIntRegister)
                  000041dc    00000018                   : adc.obj (.text:ADCIntRegister)
                  000041f4    00000018                   : adc.obj (.text:ADCProcessorTrigger)
                  0000420c    00000018                   : gpio.obj (.text:GPIOIntRegister)
                  00004224    00000018                   : gpio.obj (.text:GPIOPinTypeGPIOOutput)
                  0000423c    00000018     rtsv7M4_T_le_v4SPD16_eabi.lib : args_main.obj (.text)
                  00004254    00000016     driverlib.lib : gpio.obj (.text:GPIOPinTypeGPIOInput)
                  0000426a    00000016                   : gpio.obj (.text:GPIOPinTypePWM)
                  00004280    00000016                   : gpio.obj (.text:GPIOPinTypeSSI)
                  00004296    00000016                   : gpio.obj (.text:GPIOPinTypeUART)
                  000042ac    00000014                   : sysctl.obj (.text:SysCtlPWMClockSet)
                  000042c0    00000014                   : systick.obj (.text:SysTickEnable)
                  000042d4    00000014                   : systick.obj (.text:SysTickIntEnable)
                  000042e8    00000014                   : uart.obj (.text:UARTEnable)
                  000042fc    00000014     rtsv7M4_T_le_v4SPD16_eabi.lib : _lock.obj (.text)
                  00004310    00000012     driverlib.lib : pwm.obj (.text:PWMOutputState)
                  00004322    00000010                   : adc.obj (.text:ADCIntEnable)
                  00004332    00000010                   : interrupt.obj (.text:IntMasterEnable)
                  00004342    00000010                   : pwm.obj (.text:PWMGenPeriodSet)
                  00004352    00000002     --HOLE-- [fill = 0]
                  00004354    00000010                   : systick.obj (.text:SysTickPeriodSet)
                  00004364    0000000e                   : adc.obj (.text:ADCSequenceEnable)
                  00004372    0000000e                   : timer.obj (.text:TimerEnable)
                  00004380    0000000e     rtsv7M4_T_le_v4SPD16_eabi.lib : copy_decompress_none.obj (.text:decompress:none)
                  0000438e    0000000c     driverlib.lib : cpu.obj (.text:CPUcpsie)
                  0000439a    0000000c                   : gpio.obj (.text:GPIOIntEnable)
                  000043a6    0000000c                   : pwm.obj (.text:PWMGenEnable)
                  000043b2    0000000c                   : ssi.obj (.text:SSIDataGet)
                  000043be    0000000c     rtsv7M4_T_le_v4SPD16_eabi.lib : copy_zero_init.obj (.text:decompress:ZI)
                  000043ca    0000000c     tm4c123gh6pm_startup_ccs.obj (.text)
                  000043d6    0000000a     driverlib.lib : adc.obj (.text:ADCIntClear)
                  000043e0    0000000a                   : ssi.obj (.text:SSIDataPut)
                  000043ea    0000000a                   : ssi.obj (.text:SSIEnable)
                  000043f4    0000000a                   : timer.obj (.text:TimerValueGet)
                  000043fe    0000000a                   : uart.obj (.text:UARTCharPut)
                  00004408    0000000a                   : uart.obj (.text:UARTFIFOEnable)
                  00004412    00000008                   : ssi.obj (.text:SSIBusy)
                  0000441a    00000006                   : gpio.obj (.text:GPIOIntClear)
                  00004420    00000006                   : gpio.obj (.text:GPIOPinRead)
                  00004426    00000006                   : gpio.obj (.text:GPIOPinWrite)
                  0000442c    00000006                   : ssi.obj (.text:SSIClockSourceSet)
                  00004432    00000006                   : sysctl.obj (.text:SysCtlDelay)
                  00004438    00000004     rtsv7M4_T_le_v4SPD16_eabi.lib : pre_init.obj (.text)

.const     0    0000443c    00000648     
                  0000443c    00000300     ChrFont0.obj (.const:.string:rgbOledFont0)
                  0000473c    000000d8     driverlib.lib : gpio.obj (.const:g_ppui32GPIOIntMapSnowflake)
                  00004814    000000c0                   : gpio.obj (.const:g_ppui32GPIOIntMapBlizzard)
                  000048d4    00000090                   : gpio.obj (.const:g_pui32GPIOBaseAddrs)
                  00004964    0000006c                   : sysctl.obj (.const:g_pui32Xtals)
                  000049d0    00000040     FillPat.obj (.const:.string:rgbFillPat)
                  00004a10    00000030     ustdlib.obj (.const:g_psDaysToMonth)
                  00004a40    00000018     ustdlib.obj (.const:g_pfExponents)
                  00004a58    00000014     driverlib.lib : interrupt.obj (.const:g_pui32EnRegs)
                  00004a6c    00000012     ustdlib.obj (.const:.string)
                  00004a7e    00000002     --HOLE-- [fill = 0]
                  00004a80    00000004     ustdlib.obj (.const)

.cinit     0    00004a88    00000058     
                  00004a88    00000022     (.cinit..data.load) [load image, compression = lzss]
                  00004aaa    00000002     --HOLE-- [fill = 0]
                  00004aac    0000000c     (__TI_handler_table)
                  00004ab8    00000008     (.cinit..bss.load) [load image, compression = zero_init]
                  00004ac0    00000008     (.cinit..vtable.load) [load image, compression = zero_init]
                  00004ac8    00000018     (__TI_cinit_table)

.init_array 
*          0    00000000    00000000     UNINITIALIZED

.vtable    0    20000000    0000026c     UNINITIALIZED
                  20000000    0000026c     driverlib.lib : interrupt.obj (.vtable)

.bss       0    2000026c    0000037d     UNINITIALIZED
                  2000026c    00000200     (.common:rgbOledBmp)
                  2000046c    00000100     (.common:rgbOledFontUser)
                  2000056c    00000010     (.common:g_inBuffer)
                  2000057c    00000008     (.common:setPoints)
                  20000584    00000004     buttons4.obj (.bss:but_count)
                  20000588    00000004     buttons4.obj (.bss:but_flag)
                  2000058c    00000004     buttons4.obj (.bss:but_normal)
                  20000590    00000004     buttons4.obj (.bss:but_state)
                  20000594    00000004     (.common:bnOledCur)
                  20000598    00000004     (.common:dxcoOledFontCur)
                  2000059c    00000004     (.common:dycoOledFontCur)
                  200005a0    00000004     (.common:fOledCharUpdate)
                  200005a4    00000004     (.common:g_ulSampCnt)
                  200005a8    00000004     (.common:main_duty)
                  200005ac    00000004     (.common:modOledCur)
                  200005b0    00000004     (.common:pbOledCur)
                  200005b4    00000004     (.common:pbOledFontCur)
                  200005b8    00000004     (.common:pbOledFontUser)
                  200005bc    00000004     (.common:pbOledPatCur)
                  200005c0    00000004     (.common:pfnDoRop)
                  200005c4    00000004     (.common:tail_duty)
                  200005c8    00000004     (.common:xchOledCur)
                  200005cc    00000004     (.common:xchOledMax)
                  200005d0    00000004     (.common:xcoOledCur)
                  200005d4    00000004     (.common:yaw)
                  200005d8    00000004     (.common:ychOledCur)
                  200005dc    00000004     (.common:ychOledMax)
                  200005e0    00000004     (.common:ycoOledCur)
                  200005e4    00000002     (.common:altitude)
                  200005e6    00000001     (.common:clrOledCur)
                  200005e7    00000001     (.common:slowTick)
                  200005e8    00000001     (.common:state)

.stack     0    200005ec    00000200     UNINITIALIZED
                  200005ec    00000200     --HOLE--

.sysmem    0    200007f0    00000200     UNINITIALIZED
                  200007f0    00000008     rtsv7M4_T_le_v4SPD16_eabi.lib : memory.obj (.sysmem)
                  200007f8    000001f8     --HOLE--

.data      0    200009f0    00000047     UNINITIALIZED
                  200009f0    00000010     heliPID.obj (.data)
                  20000a00    0000000c     rtsv7M4_T_le_v4SPD16_eabi.lib : exit.obj (.data:$O1$$)
                  20000a0c    0000000c                                   : memory.obj (.data:$O1$$)
                  20000a18    00000008                                   : _lock.obj (.data:$O1$$)
                  20000a20    00000008     heliYAW.obj (.data)
                  20000a28    00000004     main.obj (.data)
                  20000a2c    00000004     rtsv7M4_T_le_v4SPD16_eabi.lib : stkdepth_vars.obj (.data)
                  20000a30    00000004     ustdlib.obj (.data)
                  20000a34    00000002     ButtonControl.obj (.data)
                  20000a36    00000001     Helicopter.obj (.data)

MODULE SUMMARY

       Module                         code    ro data   rw data
       ------                         ----    -------   -------
    .\
       ustdlib.obj                    3204    94        4      
       ButtonControl.obj              656     0         19     
       tm4c123gh6pm_startup_ccs.obj   12      620       0      
       heliPID.obj                    612     0         16     
       Helicopter.obj                 532     0         28     
       buttons4.obj                   544     0         16     
       heliYAW.obj                    504     0         8      
       heliUART.obj                   432     0         0      
       heliPWM.obj                    428     0         0      
       main.obj                       196     0         4      
       circBufT.obj                   184     0         0      
       heliADC.obj                    108     0         0      
    +--+------------------------------+-------+---------+---------+
       Total:                         7412    714       95     
                                                               
    .\OrbitOLED\
       OrbitOLEDInterface.obj         68      0         0      
    +--+------------------------------+-------+---------+---------+
       Total:                         68      0         0      
                                                               
    .\OrbitOLED\lib_OrbitOled\
       OrbitOledGrph.obj              2384    0         8      
       OrbitOled.obj                  892     0         553    
       OrbitOledChar.obj              516     0         272    
       ChrFont0.obj                   0       768       0      
       delay.obj                      92      0         0      
       FillPat.obj                    0       64        0      
    +--+------------------------------+-------+---------+---------+
       Total:                         3884    832       833    
                                                               
    C:/ti/TivaWare_C_Series-2.1.4.178/driverlib/ccs/Debug/driverlib.lib
       gpio.obj                       748     552       0      
       sysctl.obj                     730     108       0      
       interrupt.obj                  172     20        620    
       adc.obj                        400     0         0      
       uart.obj                       142     0         0      
       timer.obj                      120     0         0      
       pwm.obj                        110     0         0      
       ssi.obj                        106     0         0      
       systick.obj                    84      0         0      
       cpu.obj                        12      0         0      
    +--+------------------------------+-------+---------+---------+
       Total:                         2624    680       620    
                                                               
    C:\ti\ccsv7\tools\compiler\ti-cgt-arm_16.9.6.LTS\lib\rtsv7M4_T_le_v4SPD16_eabi.lib
       memory.obj                     976     0         12     
       fd_add_t2.obj                  438     0         0      
       fd_mul_t2.obj                  252     0         0      
       memcpy_t2.obj                  156     0         0      
       fd_cmp_t2.obj                  134     0         0      
       memset_t2.obj                  122     0         0      
       autoinit.obj                   112     0         0      
       copy_decompress_lzss.obj       104     0         0      
       exit.obj                       84      0         12     
       boot.obj                       84      0         0      
       cpy_tbl.obj                    76      0         0      
       fd_toi_t2.obj                  72      0         0      
       u_divt2.obj                    64      0         0      
       fs_tod_t2.obj                  56      0         0      
       i_tofd_t2.obj                  46      0         0      
       _lock.obj                      20      0         8      
       args_main.obj                  24      0         0      
       copy_decompress_none.obj       14      0         0      
       copy_zero_init.obj             12      0         0      
       pre_init.obj                   4       0         0      
       stkdepth_vars.obj              0       0         4      
       i_div0.obj                     2       0         0      
       mpu_init.obj                   2       0         0      
       startup.obj                    2       0         0      
    +--+------------------------------+-------+---------+---------+
       Total:                         2856    0         36     
                                                               
       Heap:                          0       0         512    
       Stack:                         0       0         512    
       Linker Generated:              0       86        0      
    +--+------------------------------+-------+---------+---------+
       Grand Total:                   16844   2312      2608   


LINKER GENERATED COPY TABLES

__TI_cinit_table @ 00004ac8 records: 3, size/record: 8, table size: 24
	.data: load addr=00004a88, load size=00000022 bytes, run addr=200009f0, run size=00000047 bytes, compression=lzss
	.bss: load addr=00004ab8, load size=00000008 bytes, run addr=2000026c, run size=0000037d bytes, compression=zero_init
	.vtable: load addr=00004ac0, load size=00000008 bytes, run addr=20000000, run size=0000026c bytes, compression=zero_init


LINKER GENERATED HANDLER TABLE

__TI_handler_table @ 00004aac records: 3, size/record: 4, table size: 12
	index: 0, handler: __TI_zero_init
	index: 1, handler: __TI_decompress_lzss
	index: 2, handler: __TI_decompress_none


GLOBAL SYMBOLS: SORTED ALPHABETICALLY BY Name 

address   name                           
-------   ----                           
000043d7  ADCIntClear                    
00004323  ADCIntEnable                   
00003a39  ADCIntHandler                  
000041dd  ADCIntRegister                 
000041f5  ADCProcessorTrigger            
00003cf5  ADCSequenceConfigure           
00004185  ADCSequenceDataGet             
00004365  ADCSequenceEnable              
00003897  ADCSequenceStepConfigure       
00003ca1  C$$EXIT                        
0000438f  CPUcpsie                       
00003b99  DelayInit                      
00003bb3  DelayMs                        
00004117  GPIODirModeSet                 
0000441b  GPIOIntClear                   
0000439b  GPIOIntEnable                  
0000420d  GPIOIntRegister                
00003bf5  GPIOIntTypeSet                 
000031c5  GPIOPadConfigSet               
00003de5  GPIOPinConfigure               
00004421  GPIOPinRead                    
00004255  GPIOPinTypeGPIOInput           
00004225  GPIOPinTypeGPIOOutput          
0000426b  GPIOPinTypePWM                 
00004281  GPIOPinTypeSSI                 
00004297  GPIOPinTypeUART                
00004427  GPIOPinWrite                   
00003a69  IntEnable                      
00004333  IntMasterEnable                
00004081  IntRegister                    
00003f33  OLEDInitialise                 
00003f0d  OLEDStringDraw                 
00002a4d  OrbitOledAdvanceCursor         
000017e1  OrbitOledClampXco              
00001801  OrbitOledClampYco              
00001ded  OrbitOledClear                 
00001df9  OrbitOledClearBuffer           
0000291d  OrbitOledDefUserChar           
00001d69  OrbitOledDevInit               
00001623  OrbitOledDrawChar              
000029d5  OrbitOledDrawGlyph             
00000fe7  OrbitOledDrawPixel             
0000112d  OrbitOledDrawRect              
00001683  OrbitOledDrawString            
00001cef  OrbitOledDvrInit               
000011b1  OrbitOledFillRect              
000012f5  OrbitOledGetBmp                
00002985  OrbitOledGetCharUpdate         
00002901  OrbitOledGetCursor             
00000fe1  OrbitOledGetDrawMode           
00001013  OrbitOledGetPixel              
00000f37  OrbitOledGetPos                
00000f6b  OrbitOledGetStdPattern         
00001c25  OrbitOledHostInit              
00001c11  OrbitOledInit                  
0000102d  OrbitOledLineTo                
00001779  OrbitOledMoveDown              
000017af  OrbitOledMoveLeft              
000017c7  OrbitOledMoveRight             
00000ef1  OrbitOledMoveTo                
00001741  OrbitOledMoveUp                
00001455  OrbitOledPutBmp                
00001e83  OrbitOledPutBuffer             
0000298b  OrbitOledPutChar               
000029a9  OrbitOledPutString             
000016ef  OrbitOledRopAnd                
000016cb  OrbitOledRopOr                 
000016a1  OrbitOledRopSet                
00001713  OrbitOledRopXor                
0000296d  OrbitOledSetCharUpdate         
000028b5  OrbitOledSetCursor             
00000f53  OrbitOledSetDrawColor          
00000f8d  OrbitOledSetDrawMode           
00000f7d  OrbitOledSetFillPattern        
00001e29  OrbitOledUpdate                
00002451  PIDController                  
00004143  PWMGenConfigure                
000043a7  PWMGenEnable                   
00004343  PWMGenPeriodSet                
00004311  PWMOutputState                 
000041a3  PWMPulseWidthSet               
000043cb  ResetISR                       
UNDEFED   SHT$$INIT_ARRAY$$Base          
UNDEFED   SHT$$INIT_ARRAY$$Limit         
00004413  SSIBusy                        
0000442d  SSIClockSourceSet              
00003fd5  SSIConfigSetExpClk             
000043b3  SSIDataGet                     
000043e1  SSIDataPut                     
000043eb  SSIEnable                      
0000211b  SW1IntHandler                  
0000206f  SW1setup                       
00001ee9  Ssi3PutByte                    
000032f9  SysCtlClockGet                 
00003505  SysCtlClockSet                 
00004433  SysCtlDelay                    
000042ad  SysCtlPWMClockSet              
000040b5  SysCtlPeripheralEnable         
00004011  SysCtlPeripheralReady          
00003d45  SysCtlPeripheralReset          
000042c1  SysTickEnable                  
000042d5  SysTickIntEnable               
000026a1  SysTickIntHandler              
000041c1  SysTickIntRegister             
00004355  SysTickPeriodSet               
00003b39  TimerConfigure                 
00004373  TimerEnable                    
000043f5  TimerValueGet                  
00002eed  UART                           
000043ff  UARTCharPut                    
00003ec5  UARTConfigSetExpClk            
00004165  UARTDisable                    
000042e9  UARTEnable                     
00004409  UARTFIFOEnable                 
00002ea1  UARTSend                       
00002b45  YawIntHandler                  
200007ec  __STACK_END                    
00000200  __STACK_SIZE                   
200007ec  __STACK_TOP                    
00000200  __SYSMEM_SIZE                  
00004ac8  __TI_CINIT_Base                
00004ae0  __TI_CINIT_Limit               
00004aac  __TI_Handler_Table_Base        
00004ab8  __TI_Handler_Table_Limit       
0000398d  __TI_auto_init                 
20000a00  __TI_cleanup_ptr               
00003ad1  __TI_decompress_lzss           
00004381  __TI_decompress_none           
20000a04  __TI_dtors_ptr                 
20000a08  __TI_enable_exit_profile_output
ffffffff  __TI_pprof_out_hndl            
ffffffff  __TI_prof_data_size            
ffffffff  __TI_prof_data_start           
00000000  __TI_static_base__             
000043bf  __TI_zero_init                 
00003811  __aeabi_cdrcmple               
00003e7d  __aeabi_d2iz                   
00002cbb  __aeabi_dadd                   
00003409  __aeabi_dmul                   
00002cb1  __aeabi_dsub                   
00004049  __aeabi_f2d                    
000040e9  __aeabi_i2d                    
00002e67  __aeabi_idiv0                  
00003911  __aeabi_memclr                 
00003911  __aeabi_memclr4                
00003911  __aeabi_memclr8                
00003775  __aeabi_memcpy                 
00003775  __aeabi_memcpy4                
00003775  __aeabi_memcpy8                
00003913  __aeabi_memset                 
00003913  __aeabi_memset4                
00003913  __aeabi_memset8                
00003f95  __aeabi_uidiv                  
00003f95  __aeabi_uidivmod               
ffffffff  __binit__                      
ffffffff  __c_args__                     
000032f7  __mpu_init                     
200005ec  __stack                        
0000423d  _args_main                     
00003c4d  _c_int00                       
20000a18  _lock                          
0000430b  _nop                           
00004303  _register_lock                 
000042fd  _register_unlock               
200007f0  _sys_memory                    
0000398b  _system_post_cinit             
00004439  _system_pre_init               
20000a1c  _unlock                        
00003ca5  abort                          
200005e4  altitude                       
ffffffff  binit                          
20000594  bnOledCur                      
00002043  buttonControllerInit           
0000205b  buttonControllerLoop           
0000270f  calculateRobustMeanValue       
00001be1  calloc                         
00001feb  checkAndDecrementAltitude      
0000201f  checkAndDecrementYaw           
00001fcd  checkAndIncrementAltitude      
00002009  checkAndIncrementYaw           
00002623  checkButton                    
00002161  checkLanded                    
200005e6  clrOledCur                     
00003e31  copy_in                        
0000275d  displayMeanVal                 
20000598  dxcoOledFontCur                
2000059c  dycoOledFontCur                
00003cad  exit                           
200005a0  fOledCharUpdate                
0000192b  free                           
0000374f  freeCircBuf                    
2000056c  g_inBuffer                     
20000000  g_pfnRAMVectors                
00000000  g_pfnVectors                   
200005a4  g_ulSampCnt                    
00002035  getAltitudePercentSetPoint     
00002091  getSW1Position                 
000020bb  getSW1mode                     
00002ec1  getSW1modeString               
0000203b  getYawDegreesSetPoint          
20000a34  heliMode                       
000039fd  initADC                        
00002481  initButtons                    
000036bd  initCircBuf                    
000026dd  initClock                      
00002707  initDisplay                    
000020dd  initGPIOAPinChangeInterrupts   
00001fb1  initSetPoints                  
00002ae7  initYaw                        
00002e69  initialiseUSB_UART             
00002803  initializeHelicopterOperations 
000030b7  initializePWM                  
20000a20  interupt_value                 
000035f9  main                           
0000221d  mainProportional               
200009f8  main_control                   
200005a8  main_duty                      
20000a2c  main_func_sp                   
000018c1  malloc                         
00001af5  memalign                       
00003775  memcpy                         
00003919  memset                         
00001841  minit                          
200005ac  modOledCur                     
200005b0  pbOledCur                      
200005b4  pbOledFontCur                  
200005b8  pbOledFontUser                 
200005bc  pbOledPatCur                   
200005c0  pfnDoRop                       
0000371b  readCircBuf                    
000019eb  realloc                        
000027f7  resetHelicopterOperations      
000020c1  resetPeriphButtons             
0000314d  resetPeripheralPWM             
000049d0  rgbFillPat                     
2000026c  rgbOledBmp                     
0000443c  rgbOledFont0                   
2000046c  rgbOledFontUser                
00003169  setOutputOnline                
00003025  setPWM                         
00003019  setPWMClocks                   
2000057c  setPoints                      
000020a7  setSW1mode                     
200005e7  slowTick                       
0000218d  startLanding                   
200005e8  state                          
20000a35  switchFlipIndex                
000022db  tailProportional               
200005c4  tail_duty                      
00000751  ulocaltime                     
0000094f  umktime                        
0000254f  updateButtons                  
000027e3  updateDisplay                  
00000ec9  urand                          
00000721  usnprintf                      
000006ef  usprintf                       
00000eb9  usrand                         
00000e31  ustrcasecmp                    
00000ea5  ustrcmp                        
00000d35  ustrlen                        
00000d8d  ustrncasecmp                   
00000e45  ustrncmp                       
0000026d  ustrncpy                       
00000d57  ustrstr                        
00000afd  ustrtof                        
000009c5  ustrtoul                       
000002c5  uvsnprintf                     
000036e7  writeCircBuf                   
200005c8  xchOledCur                     
200005cc  xchOledMax                     
200005d0  xcoOledCur                     
200005d4  yaw                            
00001f8d  yawDegreeConvert               
00002ab9  yaw_ref                        
200005d8  ychOledCur                     
200005dc  ychOledMax                     
200005e0  ycoOledCur                     
20000a24  yi                             


GLOBAL SYMBOLS: SORTED BY Symbol Address 

address   name                           
-------   ----                           
00000000  __TI_static_base__             
00000000  g_pfnVectors                   
00000200  __STACK_SIZE                   
00000200  __SYSMEM_SIZE                  
0000026d  ustrncpy                       
000002c5  uvsnprintf                     
000006ef  usprintf                       
00000721  usnprintf                      
00000751  ulocaltime                     
0000094f  umktime                        
000009c5  ustrtoul                       
00000afd  ustrtof                        
00000d35  ustrlen                        
00000d57  ustrstr                        
00000d8d  ustrncasecmp                   
00000e31  ustrcasecmp                    
00000e45  ustrncmp                       
00000ea5  ustrcmp                        
00000eb9  usrand                         
00000ec9  urand                          
00000ef1  OrbitOledMoveTo                
00000f37  OrbitOledGetPos                
00000f53  OrbitOledSetDrawColor          
00000f6b  OrbitOledGetStdPattern         
00000f7d  OrbitOledSetFillPattern        
00000f8d  OrbitOledSetDrawMode           
00000fe1  OrbitOledGetDrawMode           
00000fe7  OrbitOledDrawPixel             
00001013  OrbitOledGetPixel              
0000102d  OrbitOledLineTo                
0000112d  OrbitOledDrawRect              
000011b1  OrbitOledFillRect              
000012f5  OrbitOledGetBmp                
00001455  OrbitOledPutBmp                
00001623  OrbitOledDrawChar              
00001683  OrbitOledDrawString            
000016a1  OrbitOledRopSet                
000016cb  OrbitOledRopOr                 
000016ef  OrbitOledRopAnd                
00001713  OrbitOledRopXor                
00001741  OrbitOledMoveUp                
00001779  OrbitOledMoveDown              
000017af  OrbitOledMoveLeft              
000017c7  OrbitOledMoveRight             
000017e1  OrbitOledClampXco              
00001801  OrbitOledClampYco              
00001841  minit                          
000018c1  malloc                         
0000192b  free                           
000019eb  realloc                        
00001af5  memalign                       
00001be1  calloc                         
00001c11  OrbitOledInit                  
00001c25  OrbitOledHostInit              
00001cef  OrbitOledDvrInit               
00001d69  OrbitOledDevInit               
00001ded  OrbitOledClear                 
00001df9  OrbitOledClearBuffer           
00001e29  OrbitOledUpdate                
00001e83  OrbitOledPutBuffer             
00001ee9  Ssi3PutByte                    
00001f8d  yawDegreeConvert               
00001fb1  initSetPoints                  
00001fcd  checkAndIncrementAltitude      
00001feb  checkAndDecrementAltitude      
00002009  checkAndIncrementYaw           
0000201f  checkAndDecrementYaw           
00002035  getAltitudePercentSetPoint     
0000203b  getYawDegreesSetPoint          
00002043  buttonControllerInit           
0000205b  buttonControllerLoop           
0000206f  SW1setup                       
00002091  getSW1Position                 
000020a7  setSW1mode                     
000020bb  getSW1mode                     
000020c1  resetPeriphButtons             
000020dd  initGPIOAPinChangeInterrupts   
0000211b  SW1IntHandler                  
00002161  checkLanded                    
0000218d  startLanding                   
0000221d  mainProportional               
000022db  tailProportional               
00002451  PIDController                  
00002481  initButtons                    
0000254f  updateButtons                  
00002623  checkButton                    
000026a1  SysTickIntHandler              
000026dd  initClock                      
00002707  initDisplay                    
0000270f  calculateRobustMeanValue       
0000275d  displayMeanVal                 
000027e3  updateDisplay                  
000027f7  resetHelicopterOperations      
00002803  initializeHelicopterOperations 
000028b5  OrbitOledSetCursor             
00002901  OrbitOledGetCursor             
0000291d  OrbitOledDefUserChar           
0000296d  OrbitOledSetCharUpdate         
00002985  OrbitOledGetCharUpdate         
0000298b  OrbitOledPutChar               
000029a9  OrbitOledPutString             
000029d5  OrbitOledDrawGlyph             
00002a4d  OrbitOledAdvanceCursor         
00002ab9  yaw_ref                        
00002ae7  initYaw                        
00002b45  YawIntHandler                  
00002cb1  __aeabi_dsub                   
00002cbb  __aeabi_dadd                   
00002e67  __aeabi_idiv0                  
00002e69  initialiseUSB_UART             
00002ea1  UARTSend                       
00002ec1  getSW1modeString               
00002eed  UART                           
00003019  setPWMClocks                   
00003025  setPWM                         
000030b7  initializePWM                  
0000314d  resetPeripheralPWM             
00003169  setOutputOnline                
000031c5  GPIOPadConfigSet               
000032f7  __mpu_init                     
000032f9  SysCtlClockGet                 
00003409  __aeabi_dmul                   
00003505  SysCtlClockSet                 
000035f9  main                           
000036bd  initCircBuf                    
000036e7  writeCircBuf                   
0000371b  readCircBuf                    
0000374f  freeCircBuf                    
00003775  __aeabi_memcpy                 
00003775  __aeabi_memcpy4                
00003775  __aeabi_memcpy8                
00003775  memcpy                         
00003811  __aeabi_cdrcmple               
00003897  ADCSequenceStepConfigure       
00003911  __aeabi_memclr                 
00003911  __aeabi_memclr4                
00003911  __aeabi_memclr8                
00003913  __aeabi_memset                 
00003913  __aeabi_memset4                
00003913  __aeabi_memset8                
00003919  memset                         
0000398b  _system_post_cinit             
0000398d  __TI_auto_init                 
000039fd  initADC                        
00003a39  ADCIntHandler                  
00003a69  IntEnable                      
00003ad1  __TI_decompress_lzss           
00003b39  TimerConfigure                 
00003b99  DelayInit                      
00003bb3  DelayMs                        
00003bf5  GPIOIntTypeSet                 
00003c4d  _c_int00                       
00003ca1  C$$EXIT                        
00003ca5  abort                          
00003cad  exit                           
00003cf5  ADCSequenceConfigure           
00003d45  SysCtlPeripheralReset          
00003de5  GPIOPinConfigure               
00003e31  copy_in                        
00003e7d  __aeabi_d2iz                   
00003ec5  UARTConfigSetExpClk            
00003f0d  OLEDStringDraw                 
00003f33  OLEDInitialise                 
00003f95  __aeabi_uidiv                  
00003f95  __aeabi_uidivmod               
00003fd5  SSIConfigSetExpClk             
00004011  SysCtlPeripheralReady          
00004049  __aeabi_f2d                    
00004081  IntRegister                    
000040b5  SysCtlPeripheralEnable         
000040e9  __aeabi_i2d                    
00004117  GPIODirModeSet                 
00004143  PWMGenConfigure                
00004165  UARTDisable                    
00004185  ADCSequenceDataGet             
000041a3  PWMPulseWidthSet               
000041c1  SysTickIntRegister             
000041dd  ADCIntRegister                 
000041f5  ADCProcessorTrigger            
0000420d  GPIOIntRegister                
00004225  GPIOPinTypeGPIOOutput          
0000423d  _args_main                     
00004255  GPIOPinTypeGPIOInput           
0000426b  GPIOPinTypePWM                 
00004281  GPIOPinTypeSSI                 
00004297  GPIOPinTypeUART                
000042ad  SysCtlPWMClockSet              
000042c1  SysTickEnable                  
000042d5  SysTickIntEnable               
000042e9  UARTEnable                     
000042fd  _register_unlock               
00004303  _register_lock                 
0000430b  _nop                           
00004311  PWMOutputState                 
00004323  ADCIntEnable                   
00004333  IntMasterEnable                
00004343  PWMGenPeriodSet                
00004355  SysTickPeriodSet               
00004365  ADCSequenceEnable              
00004373  TimerEnable                    
00004381  __TI_decompress_none           
0000438f  CPUcpsie                       
0000439b  GPIOIntEnable                  
000043a7  PWMGenEnable                   
000043b3  SSIDataGet                     
000043bf  __TI_zero_init                 
000043cb  ResetISR                       
000043d7  ADCIntClear                    
000043e1  SSIDataPut                     
000043eb  SSIEnable                      
000043f5  TimerValueGet                  
000043ff  UARTCharPut                    
00004409  UARTFIFOEnable                 
00004413  SSIBusy                        
0000441b  GPIOIntClear                   
00004421  GPIOPinRead                    
00004427  GPIOPinWrite                   
0000442d  SSIClockSourceSet              
00004433  SysCtlDelay                    
00004439  _system_pre_init               
0000443c  rgbOledFont0                   
000049d0  rgbFillPat                     
00004aac  __TI_Handler_Table_Base        
00004ab8  __TI_Handler_Table_Limit       
00004ac8  __TI_CINIT_Base                
00004ae0  __TI_CINIT_Limit               
20000000  g_pfnRAMVectors                
2000026c  rgbOledBmp                     
2000046c  rgbOledFontUser                
2000056c  g_inBuffer                     
2000057c  setPoints                      
20000594  bnOledCur                      
20000598  dxcoOledFontCur                
2000059c  dycoOledFontCur                
200005a0  fOledCharUpdate                
200005a4  g_ulSampCnt                    
200005a8  main_duty                      
200005ac  modOledCur                     
200005b0  pbOledCur                      
200005b4  pbOledFontCur                  
200005b8  pbOledFontUser                 
200005bc  pbOledPatCur                   
200005c0  pfnDoRop                       
200005c4  tail_duty                      
200005c8  xchOledCur                     
200005cc  xchOledMax                     
200005d0  xcoOledCur                     
200005d4  yaw                            
200005d8  ychOledCur                     
200005dc  ychOledMax                     
200005e0  ycoOledCur                     
200005e4  altitude                       
200005e6  clrOledCur                     
200005e7  slowTick                       
200005e8  state                          
200005ec  __stack                        
200007ec  __STACK_END                    
200007ec  __STACK_TOP                    
200007f0  _sys_memory                    
200009f8  main_control                   
20000a00  __TI_cleanup_ptr               
20000a04  __TI_dtors_ptr                 
20000a08  __TI_enable_exit_profile_output
20000a18  _lock                          
20000a1c  _unlock                        
20000a20  interupt_value                 
20000a24  yi                             
20000a2c  main_func_sp                   
20000a34  heliMode                       
20000a35  switchFlipIndex                
ffffffff  __TI_pprof_out_hndl            
ffffffff  __TI_prof_data_size            
ffffffff  __TI_prof_data_start           
ffffffff  __binit__                      
ffffffff  __c_args__                     
ffffffff  binit                          
UNDEFED   SHT$$INIT_ARRAY$$Base          
UNDEFED   SHT$$INIT_ARRAY$$Limit         

[278 symbols]
