******************************************************************************
                  TI ARM Linker PC v16.9.6                     
******************************************************************************
>> Linked Tue May 22 20:57:40 2018

OUTPUT FILE NAME:   <Milestone.out>
ENTRY POINT SYMBOL: "_c_int00"  address: 00003619


MEMORY CONFIGURATION

         name            origin    length      used     unused   attr    fill
----------------------  --------  ---------  --------  --------  ----  --------
  FLASH                 00000000   00040000  00004406  0003bbfa  R  X
  SRAM                  20000000   00008000  00000a41  000075bf  RW X


SEGMENT ALLOCATION MAP

run origin  load origin   length   init length attrs members
----------  ----------- ---------- ----------- ----- -------
00000000    00000000    00004408   00004408    r-x
  00000000    00000000    0000026c   0000026c    r-- .intvecs
  0000026c    0000026c    00003afa   00003afa    r-x .text
  00003d68    00003d68    00000648   00000648    r-- .const
  000043b0    000043b0    00000058   00000058    r-- .cinit
20000000    20000000    00000a41   00000000    rw-
  20000000    20000000    0000026c   00000000    rw- .vtable
  2000026c    2000026c    000003a4   00000000    rw- .bss
  20000610    20000610    00000200   00000000    rw- .stack
  20000810    20000810    00000200   00000000    rw- .sysmem
  20000a10    20000a10    00000031   00000000    rw- .data


SECTION ALLOCATION MAP

 output                                  attributes/
section   page    origin      length       input sections
--------  ----  ----------  ----------   ----------------
.intvecs   0    00000000    0000026c     
                  00000000    0000026c     tm4c123gh6pm_startup_ccs.obj (.intvecs)

.text      0    0000026c    00003afa     
                  0000026c    00000c84     ustdlib.obj (.text)
                  00000ef0    00000950     OrbitOledGrph.obj (.text)
                  00001840    000003d0     rtsv7M4_T_le_v4SPD16_eabi.lib : memory.obj (.text)
                  00001c10    0000037c     OrbitOled.obj (.text)
                  00001f8c    00000238     Helicopter.obj (.text)
                  000021c4    00000220     buttons4.obj (.text)
                  000023e4    00000204     OrbitOledChar.obj (.text)
                  000025e8    000001ec     ButtonControl.obj (.text)
                  000027d4    000001a4     heliPWM.obj (.text)
                  00002978    00000190     heliYAW.obj (.text)
                  00002b08    00000136     rtsv7M4_T_le_v4SPD16_eabi.lib : fd_div_t2.obj (.text)
                  00002c3e    00000132     driverlib.lib : gpio.obj (.text:GPIOPadConfigSet)
                  00002d70    00000110                   : sysctl.obj (.text:SysCtlClockGet)
                  00002e80    000000fc     rtsv7M4_T_le_v4SPD16_eabi.lib : fd_mul_t2.obj (.text)
                  00002f7c    000000f4     driverlib.lib : sysctl.obj (.text:SysCtlClockSet)
                  00003070    000000b8     circBufT.obj (.text)
                  00003128    000000a0     main.obj (.text)
                  000031c8    0000009c     rtsv7M4_T_le_v4SPD16_eabi.lib : memcpy_t2.obj (.text)
                  00003264    0000007a     driverlib.lib : adc.obj (.text:ADCSequenceStepConfigure)
                  000032de    0000007a     rtsv7M4_T_le_v4SPD16_eabi.lib : memset_t2.obj (.text)
                  00003358    00000070                                   : autoinit.obj (.text)
                  000033c8    0000006c     heliADC.obj (.text)
                  00003434    00000068     driverlib.lib : interrupt.obj (.text:IntEnable)
                  0000349c    00000068     rtsv7M4_T_le_v4SPD16_eabi.lib : copy_decompress_lzss.obj (.text:decompress:lzss)
                  00003504    00000060     driverlib.lib : timer.obj (.text:TimerConfigure)
                  00003564    0000005c     delay.obj (.text)
                  000035c0    00000058     driverlib.lib : gpio.obj (.text:GPIOIntTypeSet)
                  00003618    00000054     rtsv7M4_T_le_v4SPD16_eabi.lib : boot.obj (.text)
                  0000366c    00000054                                   : exit.obj (.text)
                  000036c0    00000050     driverlib.lib : adc.obj (.text:ADCSequenceConfigure)
                  00003710    00000050                   : sysctl.obj (.text:SysCtlPeripheralReset)
                  00003760    00000050                   : adc.obj (.text:_ADCIntNumberGet)
                  000037b0    0000004c                   : gpio.obj (.text:GPIOPinConfigure)
                  000037fc    0000004c     rtsv7M4_T_le_v4SPD16_eabi.lib : cpy_tbl.obj (.text)
                  00003848    00000048                                   : fd_toi_t2.obj (.text)
                  00003890    00000044     OrbitOLEDInterface.obj (.text)
                  000038d4    00000044     driverlib.lib : gpio.obj (.text:_GPIOIntNumberGet)
                  00003918    00000040     rtsv7M4_T_le_v4SPD16_eabi.lib : u_divt2.obj (.text)
                  00003958    0000003c     driverlib.lib : ssi.obj (.text:SSIConfigSetExpClk)
                  00003994    00000038                   : sysctl.obj (.text:SysCtlPeripheralReady)
                  000039cc    00000038     rtsv7M4_T_le_v4SPD16_eabi.lib : fs_tod_t2.obj (.text)
                  00003a04    00000034     driverlib.lib : interrupt.obj (.text:IntRegister)
                  00003a38    00000034                   : sysctl.obj (.text:SysCtlPeripheralEnable)
                  00003a6c    0000002e     rtsv7M4_T_le_v4SPD16_eabi.lib : i_tofd_t2.obj (.text)
                  00003a9a    0000002c     driverlib.lib : gpio.obj (.text:GPIODirModeSet)
                  00003ac6    00000022                   : pwm.obj (.text:PWMGenConfigure)
                  00003ae8    0000001e                   : adc.obj (.text:ADCSequenceDataGet)
                  00003b06    0000001e                   : pwm.obj (.text:PWMPulseWidthSet)
                  00003b24    0000001c                   : systick.obj (.text:SysTickIntRegister)
                  00003b40    00000018                   : adc.obj (.text:ADCIntRegister)
                  00003b58    00000018                   : adc.obj (.text:ADCProcessorTrigger)
                  00003b70    00000018                   : gpio.obj (.text:GPIOIntRegister)
                  00003b88    00000018                   : gpio.obj (.text:GPIOPinTypeGPIOOutput)
                  00003ba0    00000018     rtsv7M4_T_le_v4SPD16_eabi.lib : args_main.obj (.text)
                  00003bb8    00000016     driverlib.lib : gpio.obj (.text:GPIOPinTypeGPIOInput)
                  00003bce    00000016                   : gpio.obj (.text:GPIOPinTypePWM)
                  00003be4    00000016                   : gpio.obj (.text:GPIOPinTypeSSI)
                  00003bfa    00000002     rtsv7M4_T_le_v4SPD16_eabi.lib : i_div0.obj (.text)
                  00003bfc    00000014     driverlib.lib : sysctl.obj (.text:SysCtlPWMClockSet)
                  00003c10    00000014                   : systick.obj (.text:SysTickEnable)
                  00003c24    00000014                   : systick.obj (.text:SysTickIntEnable)
                  00003c38    00000014     rtsv7M4_T_le_v4SPD16_eabi.lib : _lock.obj (.text)
                  00003c4c    00000012     driverlib.lib : pwm.obj (.text:PWMOutputState)
                  00003c5e    00000010                   : adc.obj (.text:ADCIntEnable)
                  00003c6e    00000010                   : interrupt.obj (.text:IntMasterEnable)
                  00003c7e    00000010                   : pwm.obj (.text:PWMGenPeriodSet)
                  00003c8e    00000002     rtsv7M4_T_le_v4SPD16_eabi.lib : mpu_init.obj (.text)
                  00003c90    00000010     driverlib.lib : systick.obj (.text:SysTickPeriodSet)
                  00003ca0    0000000e                   : adc.obj (.text:ADCSequenceEnable)
                  00003cae    0000000e                   : timer.obj (.text:TimerEnable)
                  00003cbc    0000000e     rtsv7M4_T_le_v4SPD16_eabi.lib : copy_decompress_none.obj (.text:decompress:none)
                  00003cca    0000000c     driverlib.lib : cpu.obj (.text:CPUcpsie)
                  00003cd6    0000000c                   : gpio.obj (.text:GPIOIntEnable)
                  00003ce2    0000000c                   : pwm.obj (.text:PWMGenEnable)
                  00003cee    0000000c                   : ssi.obj (.text:SSIDataGet)
                  00003cfa    0000000c     rtsv7M4_T_le_v4SPD16_eabi.lib : copy_zero_init.obj (.text:decompress:ZI)
                  00003d06    0000000c     tm4c123gh6pm_startup_ccs.obj (.text)
                  00003d12    0000000a     driverlib.lib : adc.obj (.text:ADCIntClear)
                  00003d1c    0000000a                   : ssi.obj (.text:SSIDataPut)
                  00003d26    0000000a                   : ssi.obj (.text:SSIEnable)
                  00003d30    0000000a                   : timer.obj (.text:TimerValueGet)
                  00003d3a    00000008                   : ssi.obj (.text:SSIBusy)
                  00003d42    00000006                   : gpio.obj (.text:GPIOIntClear)
                  00003d48    00000006                   : gpio.obj (.text:GPIOPinRead)
                  00003d4e    00000006                   : gpio.obj (.text:GPIOPinWrite)
                  00003d54    00000006                   : ssi.obj (.text:SSIClockSourceSet)
                  00003d5a    00000006                   : sysctl.obj (.text:SysCtlDelay)
                  00003d60    00000004     rtsv7M4_T_le_v4SPD16_eabi.lib : pre_init.obj (.text)
                  00003d64    00000002                                   : startup.obj (.text)

.const     0    00003d68    00000648     
                  00003d68    00000300     ChrFont0.obj (.const:.string:rgbOledFont0)
                  00004068    000000d8     driverlib.lib : gpio.obj (.const:g_ppui32GPIOIntMapSnowflake)
                  00004140    000000c0                   : gpio.obj (.const:g_ppui32GPIOIntMapBlizzard)
                  00004200    00000090                   : gpio.obj (.const:g_pui32GPIOBaseAddrs)
                  00004290    0000006c                   : sysctl.obj (.const:g_pui32Xtals)
                  000042fc    00000040     FillPat.obj (.const:.string:rgbFillPat)
                  0000433c    00000030     ustdlib.obj (.const:g_psDaysToMonth)
                  0000436c    00000018     ustdlib.obj (.const:g_pfExponents)
                  00004384    00000014     driverlib.lib : interrupt.obj (.const:g_pui32EnRegs)
                  00004398    00000012     ustdlib.obj (.const:.string)
                  000043aa    00000002     --HOLE-- [fill = 0]
                  000043ac    00000004     ustdlib.obj (.const)

.cinit     0    000043b0    00000058     
                  000043b0    0000001d     (.cinit..data.load) [load image, compression = lzss]
                  000043cd    00000003     --HOLE-- [fill = 0]
                  000043d0    0000000c     (__TI_handler_table)
                  000043dc    00000004     --HOLE-- [fill = 0]
                  000043e0    00000008     (.cinit..bss.load) [load image, compression = zero_init]
                  000043e8    00000008     (.cinit..vtable.load) [load image, compression = zero_init]
                  000043f0    00000018     (__TI_cinit_table)

.init_array 
*          0    00000000    00000000     UNINITIALIZED

.vtable    0    20000000    0000026c     UNINITIALIZED
                  20000000    0000026c     driverlib.lib : interrupt.obj (.vtable)

.bss       0    2000026c    000003a4     UNINITIALIZED
                  2000026c    00000200     (.common:rgbOledBmp)
                  2000046c    00000100     (.common:rgbOledFontUser)
                  2000056c    00000010     Helicopter.obj (.bss:g_inBuffer)
                  2000057c    00000010     heliADC.obj (.bss:g_inBuffer)
                  2000058c    00000010     main.obj (.bss:g_inBuffer)
                  2000059c    0000000c     Helicopter.obj (.bss)
                  200005a8    00000008     (.common:setPoints)
                  200005b0    00000005     heliYAW.obj (.bss)
                  200005b5    00000001     (.common:clrOledCur)
                  200005b6    00000002     --HOLE--
                  200005b8    00000004     ButtonControl.obj (.bss)
                  200005bc    00000004     buttons4.obj (.bss:but_count)
                  200005c0    00000004     buttons4.obj (.bss:but_flag)
                  200005c4    00000004     buttons4.obj (.bss:but_normal)
                  200005c8    00000004     buttons4.obj (.bss:but_state)
                  200005cc    00000004     main.obj (.bss)
                  200005d0    00000004     (.common:bnOledCur)
                  200005d4    00000004     (.common:dxcoOledFontCur)
                  200005d8    00000004     (.common:dycoOledFontCur)
                  200005dc    00000004     (.common:fOledCharUpdate)
                  200005e0    00000004     (.common:modOledCur)
                  200005e4    00000004     (.common:pbOledCur)
                  200005e8    00000004     (.common:pbOledFontCur)
                  200005ec    00000004     (.common:pbOledFontUser)
                  200005f0    00000004     (.common:pbOledPatCur)
                  200005f4    00000004     (.common:pfnDoRop)
                  200005f8    00000004     (.common:xchOledCur)
                  200005fc    00000004     (.common:xchOledMax)
                  20000600    00000004     (.common:xcoOledCur)
                  20000604    00000004     (.common:ychOledCur)
                  20000608    00000004     (.common:ychOledMax)
                  2000060c    00000004     (.common:ycoOledCur)

.stack     0    20000610    00000200     UNINITIALIZED
                  20000610    00000200     --HOLE--

.sysmem    0    20000810    00000200     UNINITIALIZED
                  20000810    00000008     rtsv7M4_T_le_v4SPD16_eabi.lib : memory.obj (.sysmem)
                  20000818    000001f8     --HOLE--

.data      0    20000a10    00000031     UNINITIALIZED
                  20000a10    0000000c     rtsv7M4_T_le_v4SPD16_eabi.lib : exit.obj (.data:$O1$$)
                  20000a1c    0000000c                                   : memory.obj (.data:$O1$$)
                  20000a28    00000008                                   : _lock.obj (.data:$O1$$)
                  20000a30    00000008     heliPWM.obj (.data)
                  20000a38    00000004     rtsv7M4_T_le_v4SPD16_eabi.lib : stkdepth_vars.obj (.data)
                  20000a3c    00000004     ustdlib.obj (.data)
                  20000a40    00000001     ButtonControl.obj (.data)

MODULE SUMMARY

       Module                         code    ro data   rw data
       ------                         ----    -------   -------
    .\
       ustdlib.obj                    3204    94        4      
       tm4c123gh6pm_startup_ccs.obj   12      620       0      
       Helicopter.obj                 568     0         28     
       buttons4.obj                   544     0         16     
       ButtonControl.obj              492     0         13     
       heliPWM.obj                    420     0         8      
       heliYAW.obj                    400     0         5      
       circBufT.obj                   184     0         0      
       main.obj                       160     0         20     
       heliADC.obj                    108     0         16     
    +--+------------------------------+-------+---------+---------+
       Total:                         6092    714       110    
                                                               
    .\OrbitOLED\
       OrbitOLEDInterface.obj         68      0         0      
    +--+------------------------------+-------+---------+---------+
       Total:                         68      0         0      
                                                               
    .\OrbitOLED\lib_OrbitOled\
       OrbitOledGrph.obj              2384    0         8      
       OrbitOled.obj                  892     0         553    
       OrbitOledChar.obj              516     0         272    
       ChrFont0.obj                   0       768       0      
       delay.obj                      92      0         0      
       FillPat.obj                    0       64        0      
    +--+------------------------------+-------+---------+---------+
       Total:                         3884    832       833    
                                                               
    C:/ti/TivaWare_C_Series-2.1.4.178/driverlib/ccs/Debug/driverlib.lib
       gpio.obj                       726     552       0      
       sysctl.obj                     730     108       0      
       interrupt.obj                  172     20        620    
       adc.obj                        400     0         0      
       timer.obj                      120     0         0      
       pwm.obj                        110     0         0      
       ssi.obj                        106     0         0      
       systick.obj                    84      0         0      
       cpu.obj                        12      0         0      
    +--+------------------------------+-------+---------+---------+
       Total:                         2460    680       620    
                                                               
    C:\ti\ccsv7\tools\compiler\ti-cgt-arm_16.9.6.LTS\lib\rtsv7M4_T_le_v4SPD16_eabi.lib
       memory.obj                     976     0         12     
       fd_div_t2.obj                  310     0         0      
       fd_mul_t2.obj                  252     0         0      
       memcpy_t2.obj                  156     0         0      
       memset_t2.obj                  122     0         0      
       autoinit.obj                   112     0         0      
       copy_decompress_lzss.obj       104     0         0      
       exit.obj                       84      0         12     
       boot.obj                       84      0         0      
       cpy_tbl.obj                    76      0         0      
       fd_toi_t2.obj                  72      0         0      
       u_divt2.obj                    64      0         0      
       fs_tod_t2.obj                  56      0         0      
       i_tofd_t2.obj                  46      0         0      
       _lock.obj                      20      0         8      
       args_main.obj                  24      0         0      
       copy_decompress_none.obj       14      0         0      
       copy_zero_init.obj             12      0         0      
       pre_init.obj                   4       0         0      
       stkdepth_vars.obj              0       0         4      
       i_div0.obj                     2       0         0      
       mpu_init.obj                   2       0         0      
       startup.obj                    2       0         0      
    +--+------------------------------+-------+---------+---------+
       Total:                         2594    0         36     
                                                               
       Heap:                          0       0         512    
       Stack:                         0       0         512    
       Linker Generated:              0       81        0      
    +--+------------------------------+-------+---------+---------+
       Grand Total:                   15098   2307      2623   


LINKER GENERATED COPY TABLES

__TI_cinit_table @ 000043f0 records: 3, size/record: 8, table size: 24
	.data: load addr=000043b0, load size=0000001d bytes, run addr=20000a10, run size=00000031 bytes, compression=lzss
	.bss: load addr=000043e0, load size=00000008 bytes, run addr=2000026c, run size=000003a4 bytes, compression=zero_init
	.vtable: load addr=000043e8, load size=00000008 bytes, run addr=20000000, run size=0000026c bytes, compression=zero_init


LINKER GENERATED HANDLER TABLE

__TI_handler_table @ 000043d0 records: 3, size/record: 4, table size: 12
	index: 0, handler: __TI_zero_init
	index: 1, handler: __TI_decompress_lzss
	index: 2, handler: __TI_decompress_none


GLOBAL SYMBOLS: SORTED ALPHABETICALLY BY Name 

address   name                           
-------   ----                           
00003d13  ADCIntClear                    
00003c5f  ADCIntEnable                   
00003405  ADCIntHandler                  
00003b41  ADCIntRegister                 
00003b59  ADCProcessorTrigger            
000036c1  ADCSequenceConfigure           
00003ae9  ADCSequenceDataGet             
00003ca1  ADCSequenceEnable              
00003265  ADCSequenceStepConfigure       
0000366d  C$$EXIT                        
00003ccb  CPUcpsie                       
0000278d  CheckLanding                   
00003565  DelayInit                      
0000357f  DelayMs                        
00003a9b  GPIODirModeSet                 
00003d43  GPIOIntClear                   
00003cd7  GPIOIntEnable                  
00003b71  GPIOIntRegister                
000035c1  GPIOIntTypeSet                 
00002c3f  GPIOPadConfigSet               
000037b1  GPIOPinConfigure               
00003d49  GPIOPinRead                    
00003bb9  GPIOPinTypeGPIOInput           
00003b89  GPIOPinTypeGPIOOutput          
00003bcf  GPIOPinTypePWM                 
00003be5  GPIOPinTypeSSI                 
00003d4f  GPIOPinWrite                   
00003435  IntEnable                      
00003c6f  IntMasterEnable                
00003a05  IntRegister                    
000038b7  OLEDInitialise                 
00003891  OLEDStringDraw                 
0000257d  OrbitOledAdvanceCursor         
000017e1  OrbitOledClampXco              
00001801  OrbitOledClampYco              
00001ded  OrbitOledClear                 
00001df9  OrbitOledClearBuffer           
0000244d  OrbitOledDefUserChar           
00001d69  OrbitOledDevInit               
00001623  OrbitOledDrawChar              
00002505  OrbitOledDrawGlyph             
00000fe7  OrbitOledDrawPixel             
0000112d  OrbitOledDrawRect              
00001683  OrbitOledDrawString            
00001cef  OrbitOledDvrInit               
000011b1  OrbitOledFillRect              
000012f5  OrbitOledGetBmp                
000024b5  OrbitOledGetCharUpdate         
00002431  OrbitOledGetCursor             
00000fe1  OrbitOledGetDrawMode           
00001013  OrbitOledGetPixel              
00000f37  OrbitOledGetPos                
00000f6b  OrbitOledGetStdPattern         
00001c25  OrbitOledHostInit              
00001c11  OrbitOledInit                  
0000102d  OrbitOledLineTo                
00001779  OrbitOledMoveDown              
000017af  OrbitOledMoveLeft              
000017c7  OrbitOledMoveRight             
00000ef1  OrbitOledMoveTo                
00001741  OrbitOledMoveUp                
00001455  OrbitOledPutBmp                
00001e83  OrbitOledPutBuffer             
000024bb  OrbitOledPutChar               
000024d9  OrbitOledPutString             
000016ef  OrbitOledRopAnd                
000016cb  OrbitOledRopOr                 
000016a1  OrbitOledRopSet                
00001713  OrbitOledRopXor                
0000249d  OrbitOledSetCharUpdate         
000023e5  OrbitOledSetCursor             
00000f53  OrbitOledSetDrawColor          
00000f8d  OrbitOledSetDrawMode           
00000f7d  OrbitOledSetFillPattern        
00001e29  OrbitOledUpdate                
00003ac7  PWMGenConfigure                
00003ce3  PWMGenEnable                   
00003c7f  PWMGenPeriodSet                
00003c4d  PWMOutputState                 
00003b07  PWMPulseWidthSet               
00003d07  ResetISR                       
UNDEFED   SHT$$INIT_ARRAY$$Base          
UNDEFED   SHT$$INIT_ARRAY$$Limit         
00003d3b  SSIBusy                        
00003d55  SSIClockSourceSet              
00003959  SSIConfigSetExpClk             
00003cef  SSIDataGet                     
00003d1d  SSIDataPut                     
00003d27  SSIEnable                      
00002761  SW1IntHandler                  
000026bd  SW1setup                       
00001ee9  Ssi3PutByte                    
00002d71  SysCtlClockGet                 
00002f7d  SysCtlClockSet                 
00003d5b  SysCtlDelay                    
00003bfd  SysCtlPWMClockSet              
00003a39  SysCtlPeripheralEnable         
00003995  SysCtlPeripheralReady          
00003711  SysCtlPeripheralReset          
00003c11  SysTickEnable                  
00003c25  SysTickIntEnable               
00001f8d  SysTickIntHandler              
00003b25  SysTickIntRegister             
00003c91  SysTickPeriodSet               
00003505  TimerConfigure                 
00003caf  TimerEnable                    
00003d31  TimerValueGet                  
000029af  YawIntHandler                  
20000810  __STACK_END                    
00000200  __STACK_SIZE                   
20000810  __STACK_TOP                    
00000200  __SYSMEM_SIZE                  
000043f0  __TI_CINIT_Base                
00004408  __TI_CINIT_Limit               
000043d0  __TI_Handler_Table_Base        
000043dc  __TI_Handler_Table_Limit       
00003359  __TI_auto_init                 
20000a10  __TI_cleanup_ptr               
0000349d  __TI_decompress_lzss           
00003cbd  __TI_decompress_none           
20000a14  __TI_dtors_ptr                 
20000a18  __TI_enable_exit_profile_output
ffffffff  __TI_pprof_out_hndl            
ffffffff  __TI_prof_data_size            
ffffffff  __TI_prof_data_start           
00000000  __TI_static_base__             
00003cfb  __TI_zero_init                 
00003849  __aeabi_d2iz                   
00002b09  __aeabi_ddiv                   
00002e81  __aeabi_dmul                   
000039cd  __aeabi_f2d                    
00003a6d  __aeabi_i2d                    
00003bfb  __aeabi_idiv0                  
000032df  __aeabi_memclr                 
000032df  __aeabi_memclr4                
000032df  __aeabi_memclr8                
000031c9  __aeabi_memcpy                 
000031c9  __aeabi_memcpy4                
000031c9  __aeabi_memcpy8                
000032e1  __aeabi_memset                 
000032e1  __aeabi_memset4                
000032e1  __aeabi_memset8                
00003919  __aeabi_uidiv                  
00003919  __aeabi_uidivmod               
ffffffff  __binit__                      
ffffffff  __c_args__                     
00003c8f  __mpu_init                     
20000610  __stack                        
00003ba1  _args_main                     
00003619  _c_int00                       
20000a28  _lock                          
00003c47  _nop                           
00003c3f  _register_lock                 
00003c39  _register_unlock               
20000810  _sys_memory                    
00003d65  _system_post_cinit             
00003d61  _system_pre_init               
20000a2c  _unlock                        
00003671  abort                          
ffffffff  binit                          
200005d0  bnOledCur                      
00002695  buttonControllerInit           
000026a9  buttonControllerLoop           
00001fd7  calculateRobustMeanValue       
00001be1  calloc                         
0000263d  checkAndDecrementAltitude      
00002671  checkAndDecrementYaw           
0000261f  checkAndIncrementAltitude      
0000265b  checkAndIncrementYaw           
00002367  checkButton                    
200005b5  clrOledCur                     
000037fd  copy_in                        
00002017  displayMeanVal                 
200005d4  dxcoOledFontCur                
200005d8  dycoOledFontCur                
00003679  exit                           
200005dc  fOledCharUpdate                
0000192b  free                           
00003103  freeCircBuf                    
20000000  g_pfnRAMVectors                
00000000  g_pfnVectors                   
00002687  getAltitudePercentSetPoint     
000026df  getSW1Position                 
00002709  getSW1mode                     
0000268d  getYawDegreesSetPoint          
000033c9  initADC                        
000021c5  initButtons                    
00003071  initCircBuf                    
00001fa5  initClock                      
00001fcf  initDisplay                    
0000272b  initGPIOAPinChangeInterrupts   
00002603  initSetPoints                  
00002979  initYaw                        
00002107  initializeHelicopterOperations 
00002869  initializePWM                  
00003129  main                           
20000a30  main_duty                      
20000a38  main_func_sp                   
000018c1  malloc                         
00001af5  memalign                       
000031c9  memcpy                         
000032e7  memset                         
00001841  minit                          
200005e0  modOledCur                     
200005e4  pbOledCur                      
200005e8  pbOledFontCur                  
200005ec  pbOledFontUser                 
200005f0  pbOledPatCur                   
200005f4  pfnDoRop                       
000030cf  readCircBuf                    
000019eb  realloc                        
000020fb  resetHelicopterOperations      
0000270f  resetPeriphButtons             
000028fb  resetPeripheralPWM             
000042fc  rgbFillPat                     
2000026c  rgbOledBmp                     
00003d68  rgbOledFont0                   
2000046c  rgbOledFontUser                
00002917  setOutputOnline                
000027e1  setPWM                         
000027d5  setPWMClocks                   
200005a8  setPoints                      
000026f5  setSW1mode                     
20000a34  tail_duty                      
00000751  ulocaltime                     
0000094f  umktime                        
00002293  updateButtons                  
000020e7  updateDisplay                  
00000ec9  urand                          
00000721  usnprintf                      
000006ef  usprintf                       
00000eb9  usrand                         
00000e31  ustrcasecmp                    
00000ea5  ustrcmp                        
00000d35  ustrlen                        
00000d8d  ustrncasecmp                   
00000e45  ustrncmp                       
0000026d  ustrncpy                       
00000d57  ustrstr                        
00000afd  ustrtof                        
000009c5  ustrtoul                       
000002c5  uvsnprintf                     
0000309b  writeCircBuf                   
200005f8  xchOledCur                     
200005fc  xchOledMax                     
20000600  xcoOledCur                     
000025e9  yawDegreeConvert               
20000604  ychOledCur                     
20000608  ychOledMax                     
2000060c  ycoOledCur                     


GLOBAL SYMBOLS: SORTED BY Symbol Address 

address   name                           
-------   ----                           
00000000  __TI_static_base__             
00000000  g_pfnVectors                   
00000200  __STACK_SIZE                   
00000200  __SYSMEM_SIZE                  
0000026d  ustrncpy                       
000002c5  uvsnprintf                     
000006ef  usprintf                       
00000721  usnprintf                      
00000751  ulocaltime                     
0000094f  umktime                        
000009c5  ustrtoul                       
00000afd  ustrtof                        
00000d35  ustrlen                        
00000d57  ustrstr                        
00000d8d  ustrncasecmp                   
00000e31  ustrcasecmp                    
00000e45  ustrncmp                       
00000ea5  ustrcmp                        
00000eb9  usrand                         
00000ec9  urand                          
00000ef1  OrbitOledMoveTo                
00000f37  OrbitOledGetPos                
00000f53  OrbitOledSetDrawColor          
00000f6b  OrbitOledGetStdPattern         
00000f7d  OrbitOledSetFillPattern        
00000f8d  OrbitOledSetDrawMode           
00000fe1  OrbitOledGetDrawMode           
00000fe7  OrbitOledDrawPixel             
00001013  OrbitOledGetPixel              
0000102d  OrbitOledLineTo                
0000112d  OrbitOledDrawRect              
000011b1  OrbitOledFillRect              
000012f5  OrbitOledGetBmp                
00001455  OrbitOledPutBmp                
00001623  OrbitOledDrawChar              
00001683  OrbitOledDrawString            
000016a1  OrbitOledRopSet                
000016cb  OrbitOledRopOr                 
000016ef  OrbitOledRopAnd                
00001713  OrbitOledRopXor                
00001741  OrbitOledMoveUp                
00001779  OrbitOledMoveDown              
000017af  OrbitOledMoveLeft              
000017c7  OrbitOledMoveRight             
000017e1  OrbitOledClampXco              
00001801  OrbitOledClampYco              
00001841  minit                          
000018c1  malloc                         
0000192b  free                           
000019eb  realloc                        
00001af5  memalign                       
00001be1  calloc                         
00001c11  OrbitOledInit                  
00001c25  OrbitOledHostInit              
00001cef  OrbitOledDvrInit               
00001d69  OrbitOledDevInit               
00001ded  OrbitOledClear                 
00001df9  OrbitOledClearBuffer           
00001e29  OrbitOledUpdate                
00001e83  OrbitOledPutBuffer             
00001ee9  Ssi3PutByte                    
00001f8d  SysTickIntHandler              
00001fa5  initClock                      
00001fcf  initDisplay                    
00001fd7  calculateRobustMeanValue       
00002017  displayMeanVal                 
000020e7  updateDisplay                  
000020fb  resetHelicopterOperations      
00002107  initializeHelicopterOperations 
000021c5  initButtons                    
00002293  updateButtons                  
00002367  checkButton                    
000023e5  OrbitOledSetCursor             
00002431  OrbitOledGetCursor             
0000244d  OrbitOledDefUserChar           
0000249d  OrbitOledSetCharUpdate         
000024b5  OrbitOledGetCharUpdate         
000024bb  OrbitOledPutChar               
000024d9  OrbitOledPutString             
00002505  OrbitOledDrawGlyph             
0000257d  OrbitOledAdvanceCursor         
000025e9  yawDegreeConvert               
00002603  initSetPoints                  
0000261f  checkAndIncrementAltitude      
0000263d  checkAndDecrementAltitude      
0000265b  checkAndIncrementYaw           
00002671  checkAndDecrementYaw           
00002687  getAltitudePercentSetPoint     
0000268d  getYawDegreesSetPoint          
00002695  buttonControllerInit           
000026a9  buttonControllerLoop           
000026bd  SW1setup                       
000026df  getSW1Position                 
000026f5  setSW1mode                     
00002709  getSW1mode                     
0000270f  resetPeriphButtons             
0000272b  initGPIOAPinChangeInterrupts   
00002761  SW1IntHandler                  
0000278d  CheckLanding                   
000027d5  setPWMClocks                   
000027e1  setPWM                         
00002869  initializePWM                  
000028fb  resetPeripheralPWM             
00002917  setOutputOnline                
00002979  initYaw                        
000029af  YawIntHandler                  
00002b09  __aeabi_ddiv                   
00002c3f  GPIOPadConfigSet               
00002d71  SysCtlClockGet                 
00002e81  __aeabi_dmul                   
00002f7d  SysCtlClockSet                 
00003071  initCircBuf                    
0000309b  writeCircBuf                   
000030cf  readCircBuf                    
00003103  freeCircBuf                    
00003129  main                           
000031c9  __aeabi_memcpy                 
000031c9  __aeabi_memcpy4                
000031c9  __aeabi_memcpy8                
000031c9  memcpy                         
00003265  ADCSequenceStepConfigure       
000032df  __aeabi_memclr                 
000032df  __aeabi_memclr4                
000032df  __aeabi_memclr8                
000032e1  __aeabi_memset                 
000032e1  __aeabi_memset4                
000032e1  __aeabi_memset8                
000032e7  memset                         
00003359  __TI_auto_init                 
000033c9  initADC                        
00003405  ADCIntHandler                  
00003435  IntEnable                      
0000349d  __TI_decompress_lzss           
00003505  TimerConfigure                 
00003565  DelayInit                      
0000357f  DelayMs                        
000035c1  GPIOIntTypeSet                 
00003619  _c_int00                       
0000366d  C$$EXIT                        
00003671  abort                          
00003679  exit                           
000036c1  ADCSequenceConfigure           
00003711  SysCtlPeripheralReset          
000037b1  GPIOPinConfigure               
000037fd  copy_in                        
00003849  __aeabi_d2iz                   
00003891  OLEDStringDraw                 
000038b7  OLEDInitialise                 
00003919  __aeabi_uidiv                  
00003919  __aeabi_uidivmod               
00003959  SSIConfigSetExpClk             
00003995  SysCtlPeripheralReady          
000039cd  __aeabi_f2d                    
00003a05  IntRegister                    
00003a39  SysCtlPeripheralEnable         
00003a6d  __aeabi_i2d                    
00003a9b  GPIODirModeSet                 
00003ac7  PWMGenConfigure                
00003ae9  ADCSequenceDataGet             
00003b07  PWMPulseWidthSet               
00003b25  SysTickIntRegister             
00003b41  ADCIntRegister                 
00003b59  ADCProcessorTrigger            
00003b71  GPIOIntRegister                
00003b89  GPIOPinTypeGPIOOutput          
00003ba1  _args_main                     
00003bb9  GPIOPinTypeGPIOInput           
00003bcf  GPIOPinTypePWM                 
00003be5  GPIOPinTypeSSI                 
00003bfb  __aeabi_idiv0                  
00003bfd  SysCtlPWMClockSet              
00003c11  SysTickEnable                  
00003c25  SysTickIntEnable               
00003c39  _register_unlock               
00003c3f  _register_lock                 
00003c47  _nop                           
00003c4d  PWMOutputState                 
00003c5f  ADCIntEnable                   
00003c6f  IntMasterEnable                
00003c7f  PWMGenPeriodSet                
00003c8f  __mpu_init                     
00003c91  SysTickPeriodSet               
00003ca1  ADCSequenceEnable              
00003caf  TimerEnable                    
00003cbd  __TI_decompress_none           
00003ccb  CPUcpsie                       
00003cd7  GPIOIntEnable                  
00003ce3  PWMGenEnable                   
00003cef  SSIDataGet                     
00003cfb  __TI_zero_init                 
00003d07  ResetISR                       
00003d13  ADCIntClear                    
00003d1d  SSIDataPut                     
00003d27  SSIEnable                      
00003d31  TimerValueGet                  
00003d3b  SSIBusy                        
00003d43  GPIOIntClear                   
00003d49  GPIOPinRead                    
00003d4f  GPIOPinWrite                   
00003d55  SSIClockSourceSet              
00003d5b  SysCtlDelay                    
00003d61  _system_pre_init               
00003d65  _system_post_cinit             
00003d68  rgbOledFont0                   
000042fc  rgbFillPat                     
000043d0  __TI_Handler_Table_Base        
000043dc  __TI_Handler_Table_Limit       
000043f0  __TI_CINIT_Base                
00004408  __TI_CINIT_Limit               
20000000  g_pfnRAMVectors                
2000026c  rgbOledBmp                     
2000046c  rgbOledFontUser                
200005a8  setPoints                      
200005b5  clrOledCur                     
200005d0  bnOledCur                      
200005d4  dxcoOledFontCur                
200005d8  dycoOledFontCur                
200005dc  fOledCharUpdate                
200005e0  modOledCur                     
200005e4  pbOledCur                      
200005e8  pbOledFontCur                  
200005ec  pbOledFontUser                 
200005f0  pbOledPatCur                   
200005f4  pfnDoRop                       
200005f8  xchOledCur                     
200005fc  xchOledMax                     
20000600  xcoOledCur                     
20000604  ychOledCur                     
20000608  ychOledMax                     
2000060c  ycoOledCur                     
20000610  __stack                        
20000810  __STACK_END                    
20000810  __STACK_TOP                    
20000810  _sys_memory                    
20000a10  __TI_cleanup_ptr               
20000a14  __TI_dtors_ptr                 
20000a18  __TI_enable_exit_profile_output
20000a28  _lock                          
20000a2c  _unlock                        
20000a30  main_duty                      
20000a34  tail_duty                      
20000a38  main_func_sp                   
ffffffff  __TI_pprof_out_hndl            
ffffffff  __TI_prof_data_size            
ffffffff  __TI_prof_data_start           
ffffffff  __binit__                      
ffffffff  __c_args__                     
ffffffff  binit                          
UNDEFED   SHT$$INIT_ARRAY$$Base          
UNDEFED   SHT$$INIT_ARRAY$$Limit         

[250 symbols]
