******************************************************************************
                  TI ARM Linker PC v16.9.6                     
******************************************************************************
>> Linked Wed May 23 15:38:01 2018

OUTPUT FILE NAME:   <Milestone.out>
ENTRY POINT SYMBOL: "_c_int00"  address: 000037fd


MEMORY CONFIGURATION

         name            origin    length      used     unused   attr    fill
----------------------  --------  ---------  --------  --------  ----  --------
  FLASH                 00000000   00040000  000046e4  0003b91c  R  X
  SRAM                  20000000   00008000  00000a1f  000075e1  RW X


SEGMENT ALLOCATION MAP

run origin  load origin   length   init length attrs members
----------  ----------- ---------- ----------- ----- -------
00000000    00000000    000046e8   000046e8    r-x
  00000000    00000000    0000026c   0000026c    r-- .intvecs
  0000026c    0000026c    00003dd8   00003dd8    r-x .text
  00004044    00004044    00000648   00000648    r-- .const
  00004690    00004690    00000058   00000058    r-- .cinit
20000000    20000000    00000a22   00000000    rw-
  20000000    20000000    0000026c   00000000    rw- .vtable
  2000026c    2000026c    00000381   00000000    rw- .bss
  200005f0    200005f0    00000200   00000000    rw- .stack
  200007f0    200007f0    00000200   00000000    rw- .sysmem
  200009f0    200009f0    00000032   00000000    rw- .data


SECTION ALLOCATION MAP

 output                                  attributes/
section   page    origin      length       input sections
--------  ----  ----------  ----------   ----------------
.intvecs   0    00000000    0000026c     
                  00000000    0000026c     tm4c123gh6pm_startup_ccs.obj (.intvecs)

.text      0    0000026c    00003dd8     
                  0000026c    00000c84     ustdlib.obj (.text)
                  00000ef0    00000950     OrbitOledGrph.obj (.text)
                  00001840    000003d0     rtsv7M4_T_le_v4SPD16_eabi.lib : memory.obj (.text)
                  00001c10    0000037c     OrbitOled.obj (.text)
                  00001f8c    00000250     ButtonControl.obj (.text)
                  000021dc    00000220     buttons4.obj (.text)
                  000023fc    00000214     Helicopter.obj (.text)
                  00002610    00000204     OrbitOledChar.obj (.text)
                  00002814    000001c4     heliYAW.obj (.text)
                  000029d8    000001a4     heliPWM.obj (.text)
                  00002b7c    0000018c     heliUART.obj (.text)
                  00002d08    00000132     driverlib.lib : gpio.obj (.text:GPIOPadConfigSet)
                  00002e3a    00000002     rtsv7M4_T_le_v4SPD16_eabi.lib : i_div0.obj (.text)
                  00002e3c    00000110     driverlib.lib : sysctl.obj (.text:SysCtlClockGet)
                  00002f4c    000000fc     rtsv7M4_T_le_v4SPD16_eabi.lib : fd_mul_t2.obj (.text)
                  00003048    000000f4     driverlib.lib : sysctl.obj (.text:SysCtlClockSet)
                  0000313c    000000f0     heliPID.obj (.text)
                  0000322c    000000c8     main.obj (.text)
                  000032f4    000000b8     circBufT.obj (.text)
                  000033ac    0000009c     rtsv7M4_T_le_v4SPD16_eabi.lib : memcpy_t2.obj (.text)
                  00003448    0000007a     driverlib.lib : adc.obj (.text:ADCSequenceStepConfigure)
                  000034c2    0000007a     rtsv7M4_T_le_v4SPD16_eabi.lib : memset_t2.obj (.text)
                  0000353c    00000070                                   : autoinit.obj (.text)
                  000035ac    0000006c     heliADC.obj (.text)
                  00003618    00000068     driverlib.lib : interrupt.obj (.text:IntEnable)
                  00003680    00000068     rtsv7M4_T_le_v4SPD16_eabi.lib : copy_decompress_lzss.obj (.text:decompress:lzss)
                  000036e8    00000060     driverlib.lib : timer.obj (.text:TimerConfigure)
                  00003748    0000005c     delay.obj (.text)
                  000037a4    00000058     driverlib.lib : gpio.obj (.text:GPIOIntTypeSet)
                  000037fc    00000054     rtsv7M4_T_le_v4SPD16_eabi.lib : boot.obj (.text)
                  00003850    00000054                                   : exit.obj (.text)
                  000038a4    00000050     driverlib.lib : adc.obj (.text:ADCSequenceConfigure)
                  000038f4    00000050                   : sysctl.obj (.text:SysCtlPeripheralReset)
                  00003944    00000050                   : adc.obj (.text:_ADCIntNumberGet)
                  00003994    0000004c                   : gpio.obj (.text:GPIOPinConfigure)
                  000039e0    0000004c     rtsv7M4_T_le_v4SPD16_eabi.lib : cpy_tbl.obj (.text)
                  00003a2c    00000048                                   : fd_toi_t2.obj (.text)
                  00003a74    00000046     driverlib.lib : uart.obj (.text:UARTConfigSetExpClk)
                  00003aba    00000002     rtsv7M4_T_le_v4SPD16_eabi.lib : mpu_init.obj (.text)
                  00003abc    00000044     OrbitOLEDInterface.obj (.text)
                  00003b00    00000044     driverlib.lib : gpio.obj (.text:_GPIOIntNumberGet)
                  00003b44    00000040     rtsv7M4_T_le_v4SPD16_eabi.lib : u_divt2.obj (.text)
                  00003b84    0000003c     driverlib.lib : ssi.obj (.text:SSIConfigSetExpClk)
                  00003bc0    00000038                   : sysctl.obj (.text:SysCtlPeripheralReady)
                  00003bf8    00000038     rtsv7M4_T_le_v4SPD16_eabi.lib : fs_tod_t2.obj (.text)
                  00003c30    00000034     driverlib.lib : interrupt.obj (.text:IntRegister)
                  00003c64    00000034                   : sysctl.obj (.text:SysCtlPeripheralEnable)
                  00003c98    0000002e     rtsv7M4_T_le_v4SPD16_eabi.lib : i_tofd_t2.obj (.text)
                  00003cc6    0000002c     driverlib.lib : gpio.obj (.text:GPIODirModeSet)
                  00003cf2    00000022                   : pwm.obj (.text:PWMGenConfigure)
                  00003d14    00000020                   : uart.obj (.text:UARTDisable)
                  00003d34    00000020     rtsv7M4_T_le_v4SPD16_eabi.lib : u_tofd_t2.obj (.text)
                  00003d54    0000001e     driverlib.lib : adc.obj (.text:ADCSequenceDataGet)
                  00003d72    0000001e                   : pwm.obj (.text:PWMPulseWidthSet)
                  00003d90    0000001c                   : systick.obj (.text:SysTickIntRegister)
                  00003dac    0000001c     pacer.obj (.text)
                  00003dc8    00000018     driverlib.lib : adc.obj (.text:ADCIntRegister)
                  00003de0    00000018                   : adc.obj (.text:ADCProcessorTrigger)
                  00003df8    00000018                   : gpio.obj (.text:GPIOIntRegister)
                  00003e10    00000018                   : gpio.obj (.text:GPIOPinTypeGPIOOutput)
                  00003e28    00000018     rtsv7M4_T_le_v4SPD16_eabi.lib : args_main.obj (.text)
                  00003e40    00000016     driverlib.lib : gpio.obj (.text:GPIOPinTypeGPIOInput)
                  00003e56    00000016                   : gpio.obj (.text:GPIOPinTypePWM)
                  00003e6c    00000016                   : gpio.obj (.text:GPIOPinTypeSSI)
                  00003e82    00000016                   : gpio.obj (.text:GPIOPinTypeUART)
                  00003e98    00000014                   : sysctl.obj (.text:SysCtlPWMClockSet)
                  00003eac    00000014                   : systick.obj (.text:SysTickEnable)
                  00003ec0    00000014                   : systick.obj (.text:SysTickIntEnable)
                  00003ed4    00000014                   : uart.obj (.text:UARTEnable)
                  00003ee8    00000014     rtsv7M4_T_le_v4SPD16_eabi.lib : _lock.obj (.text)
                  00003efc    00000012     driverlib.lib : pwm.obj (.text:PWMOutputState)
                  00003f0e    00000010                   : adc.obj (.text:ADCIntEnable)
                  00003f1e    00000010                   : interrupt.obj (.text:IntMasterDisable)
                  00003f2e    00000010                   : interrupt.obj (.text:IntMasterEnable)
                  00003f3e    00000010                   : pwm.obj (.text:PWMGenPeriodSet)
                  00003f4e    00000002     rtsv7M4_T_le_v4SPD16_eabi.lib : startup.obj (.text)
                  00003f50    00000010     driverlib.lib : systick.obj (.text:SysTickPeriodSet)
                  00003f60    0000000e                   : adc.obj (.text:ADCSequenceEnable)
                  00003f6e    0000000e                   : timer.obj (.text:TimerEnable)
                  00003f7c    0000000e     rtsv7M4_T_le_v4SPD16_eabi.lib : copy_decompress_none.obj (.text:decompress:none)
                  00003f8a    0000000c     driverlib.lib : cpu.obj (.text:CPUcpsid)
                  00003f96    0000000c                   : cpu.obj (.text:CPUcpsie)
                  00003fa2    0000000c                   : gpio.obj (.text:GPIOIntEnable)
                  00003fae    0000000c                   : pwm.obj (.text:PWMGenEnable)
                  00003fba    0000000c                   : ssi.obj (.text:SSIDataGet)
                  00003fc6    0000000c     rtsv7M4_T_le_v4SPD16_eabi.lib : copy_zero_init.obj (.text:decompress:ZI)
                  00003fd2    0000000c     tm4c123gh6pm_startup_ccs.obj (.text)
                  00003fde    0000000a     driverlib.lib : adc.obj (.text:ADCIntClear)
                  00003fe8    0000000a                   : ssi.obj (.text:SSIDataPut)
                  00003ff2    0000000a                   : ssi.obj (.text:SSIEnable)
                  00003ffc    0000000a                   : timer.obj (.text:TimerValueGet)
                  00004006    0000000a                   : uart.obj (.text:UARTCharPut)
                  00004010    0000000a                   : uart.obj (.text:UARTFIFOEnable)
                  0000401a    00000008                   : ssi.obj (.text:SSIBusy)
                  00004022    00000006                   : gpio.obj (.text:GPIOIntClear)
                  00004028    00000006                   : gpio.obj (.text:GPIOPinRead)
                  0000402e    00000006                   : gpio.obj (.text:GPIOPinWrite)
                  00004034    00000006                   : ssi.obj (.text:SSIClockSourceSet)
                  0000403a    00000006                   : sysctl.obj (.text:SysCtlDelay)
                  00004040    00000004     rtsv7M4_T_le_v4SPD16_eabi.lib : pre_init.obj (.text)

.const     0    00004044    00000648     
                  00004044    00000300     ChrFont0.obj (.const:.string:rgbOledFont0)
                  00004344    000000d8     driverlib.lib : gpio.obj (.const:g_ppui32GPIOIntMapSnowflake)
                  0000441c    000000c0                   : gpio.obj (.const:g_ppui32GPIOIntMapBlizzard)
                  000044dc    00000090                   : gpio.obj (.const:g_pui32GPIOBaseAddrs)
                  0000456c    0000006c                   : sysctl.obj (.const:g_pui32Xtals)
                  000045d8    00000040     FillPat.obj (.const:.string:rgbFillPat)
                  00004618    00000030     ustdlib.obj (.const:g_psDaysToMonth)
                  00004648    00000018     ustdlib.obj (.const:g_pfExponents)
                  00004660    00000014     driverlib.lib : interrupt.obj (.const:g_pui32EnRegs)
                  00004674    00000012     ustdlib.obj (.const:.string)
                  00004686    00000002     --HOLE-- [fill = 0]
                  00004688    00000004     ustdlib.obj (.const)

.cinit     0    00004690    00000058     
                  00004690    0000001e     (.cinit..data.load) [load image, compression = lzss]
                  000046ae    00000002     --HOLE-- [fill = 0]
                  000046b0    0000000c     (__TI_handler_table)
                  000046bc    00000004     --HOLE-- [fill = 0]
                  000046c0    00000008     (.cinit..bss.load) [load image, compression = zero_init]
                  000046c8    00000008     (.cinit..vtable.load) [load image, compression = zero_init]
                  000046d0    00000018     (__TI_cinit_table)

.init_array 
*          0    00000000    00000000     UNINITIALIZED

.vtable    0    20000000    0000026c     UNINITIALIZED
                  20000000    0000026c     driverlib.lib : interrupt.obj (.vtable)

.bss       0    2000026c    00000381     UNINITIALIZED
                  2000026c    00000200     (.common:rgbOledBmp)
                  2000046c    00000100     (.common:rgbOledFontUser)
                  2000056c    00000010     (.common:g_inBuffer)
                  2000057c    00000008     (.common:setPoints)
                  20000584    00000004     buttons4.obj (.bss:but_count)
                  20000588    00000004     buttons4.obj (.bss:but_flag)
                  2000058c    00000004     buttons4.obj (.bss:but_normal)
                  20000590    00000004     buttons4.obj (.bss:but_state)
                  20000594    00000004     (.common:bnOledCur)
                  20000598    00000004     (.common:dxcoOledFontCur)
                  2000059c    00000004     (.common:dycoOledFontCur)
                  200005a0    00000004     (.common:fOledCharUpdate)
                  200005a4    00000004     (.common:g_ulSampCnt)
                  200005a8    00000004     (.common:interupt_value)
                  200005ac    00000004     (.common:main_duty)
                  200005b0    00000004     (.common:modOledCur)
                  200005b4    00000004     (.common:pbOledCur)
                  200005b8    00000004     (.common:pbOledFontCur)
                  200005bc    00000004     (.common:pbOledFontUser)
                  200005c0    00000004     (.common:pbOledPatCur)
                  200005c4    00000004     (.common:pfnDoRop)
                  200005c8    00000004     (.common:tail_duty)
                  200005cc    00000004     (.common:xchOledCur)
                  200005d0    00000004     (.common:xchOledMax)
                  200005d4    00000004     (.common:xcoOledCur)
                  200005d8    00000004     (.common:yaw)
                  200005dc    00000004     (.common:ychOledCur)
                  200005e0    00000004     (.common:ychOledMax)
                  200005e4    00000004     (.common:ycoOledCur)
                  200005e8    00000002     (.common:altitude)
                  200005ea    00000001     (.common:clrOledCur)
                  200005eb    00000001     (.common:slowTick)
                  200005ec    00000001     (.common:state)

.stack     0    200005f0    00000200     UNINITIALIZED
                  200005f0    00000200     --HOLE--

.sysmem    0    200007f0    00000200     UNINITIALIZED
                  200007f0    00000008     rtsv7M4_T_le_v4SPD16_eabi.lib : memory.obj (.sysmem)
                  200007f8    000001f8     --HOLE--

.data      0    200009f0    00000032     UNINITIALIZED
                  200009f0    0000000c     rtsv7M4_T_le_v4SPD16_eabi.lib : exit.obj (.data:$O1$$)
                  200009fc    0000000c                                   : memory.obj (.data:$O1$$)
                  20000a08    00000008                                   : _lock.obj (.data:$O1$$)
                  20000a10    00000004     heliYAW.obj (.data)
                  20000a14    00000004     main.obj (.data)
                  20000a18    00000004     rtsv7M4_T_le_v4SPD16_eabi.lib : stkdepth_vars.obj (.data)
                  20000a1c    00000004     ustdlib.obj (.data)
                  20000a20    00000001     ButtonControl.obj (.data)
                  20000a21    00000001     Helicopter.obj (.data)

MODULE SUMMARY

       Module                         code    ro data   rw data
       ------                         ----    -------   -------
    .\
       ustdlib.obj                    3204    94        4      
       tm4c123gh6pm_startup_ccs.obj   12      620       0      
       ButtonControl.obj              592     0         22     
       Helicopter.obj                 532     0         28     
       buttons4.obj                   544     0         16     
       heliYAW.obj                    452     0         4      
       heliPWM.obj                    420     0         0      
       heliUART.obj                   396     0         0      
       heliPID.obj                    240     0         0      
       main.obj                       200     0         4      
       circBufT.obj                   184     0         0      
       heliADC.obj                    108     0         0      
       pacer.obj                      28      0         0      
    +--+------------------------------+-------+---------+---------+
       Total:                         6912    714       78     
                                                               
    .\OrbitOLED\
       OrbitOLEDInterface.obj         68      0         0      
    +--+------------------------------+-------+---------+---------+
       Total:                         68      0         0      
                                                               
    .\OrbitOLED\lib_OrbitOled\
       OrbitOledGrph.obj              2384    0         8      
       OrbitOled.obj                  892     0         553    
       OrbitOledChar.obj              516     0         272    
       ChrFont0.obj                   0       768       0      
       delay.obj                      92      0         0      
       FillPat.obj                    0       64        0      
    +--+------------------------------+-------+---------+---------+
       Total:                         3884    832       833    
                                                               
    C:/ti/TivaWare_C_Series-2.1.4.178/driverlib/ccs/Debug/driverlib.lib
       gpio.obj                       748     552       0      
       sysctl.obj                     730     108       0      
       interrupt.obj                  188     20        620    
       adc.obj                        400     0         0      
       uart.obj                       142     0         0      
       timer.obj                      120     0         0      
       pwm.obj                        110     0         0      
       ssi.obj                        106     0         0      
       systick.obj                    84      0         0      
       cpu.obj                        24      0         0      
    +--+------------------------------+-------+---------+---------+
       Total:                         2652    680       620    
                                                               
    C:\ti\ccsv7\tools\compiler\ti-cgt-arm_16.9.6.LTS\lib\rtsv7M4_T_le_v4SPD16_eabi.lib
       memory.obj                     976     0         12     
       fd_mul_t2.obj                  252     0         0      
       memcpy_t2.obj                  156     0         0      
       memset_t2.obj                  122     0         0      
       autoinit.obj                   112     0         0      
       copy_decompress_lzss.obj       104     0         0      
       exit.obj                       84      0         12     
       boot.obj                       84      0         0      
       cpy_tbl.obj                    76      0         0      
       fd_toi_t2.obj                  72      0         0      
       u_divt2.obj                    64      0         0      
       fs_tod_t2.obj                  56      0         0      
       i_tofd_t2.obj                  46      0         0      
       u_tofd_t2.obj                  32      0         0      
       _lock.obj                      20      0         8      
       args_main.obj                  24      0         0      
       copy_decompress_none.obj       14      0         0      
       copy_zero_init.obj             12      0         0      
       pre_init.obj                   4       0         0      
       stkdepth_vars.obj              0       0         4      
       i_div0.obj                     2       0         0      
       mpu_init.obj                   2       0         0      
       startup.obj                    2       0         0      
    +--+------------------------------+-------+---------+---------+
       Total:                         2316    0         36     
                                                               
       Heap:                          0       0         512    
       Stack:                         0       0         512    
       Linker Generated:              0       82        0      
    +--+------------------------------+-------+---------+---------+
       Grand Total:                   15832   2308      2591   


LINKER GENERATED COPY TABLES

__TI_cinit_table @ 000046d0 records: 3, size/record: 8, table size: 24
	.data: load addr=00004690, load size=0000001e bytes, run addr=200009f0, run size=00000032 bytes, compression=lzss
	.bss: load addr=000046c0, load size=00000008 bytes, run addr=2000026c, run size=00000381 bytes, compression=zero_init
	.vtable: load addr=000046c8, load size=00000008 bytes, run addr=20000000, run size=0000026c bytes, compression=zero_init


LINKER GENERATED HANDLER TABLE

__TI_handler_table @ 000046b0 records: 3, size/record: 4, table size: 12
	index: 0, handler: __TI_zero_init
	index: 1, handler: __TI_decompress_lzss
	index: 2, handler: __TI_decompress_none


GLOBAL SYMBOLS: SORTED ALPHABETICALLY BY Name 

address   name                           
-------   ----                           
00003fdf  ADCIntClear                    
00003f0f  ADCIntEnable                   
000035e9  ADCIntHandler                  
00003dc9  ADCIntRegister                 
00003de1  ADCProcessorTrigger            
000038a5  ADCSequenceConfigure           
00003d55  ADCSequenceDataGet             
00003f61  ADCSequenceEnable              
00003449  ADCSequenceStepConfigure       
00003851  C$$EXIT                        
00003f8b  CPUcpsid                       
00003f97  CPUcpsie                       
00003749  DelayInit                      
00003763  DelayMs                        
00003cc7  GPIODirModeSet                 
00004023  GPIOIntClear                   
00003fa3  GPIOIntEnable                  
00003df9  GPIOIntRegister                
000037a5  GPIOIntTypeSet                 
00002d09  GPIOPadConfigSet               
00003995  GPIOPinConfigure               
00004029  GPIOPinRead                    
00003e41  GPIOPinTypeGPIOInput           
00003e11  GPIOPinTypeGPIOOutput          
00003e57  GPIOPinTypePWM                 
00003e6d  GPIOPinTypeSSI                 
00003e83  GPIOPinTypeUART                
0000402f  GPIOPinWrite                   
00003619  IntEnable                      
00003f1f  IntMasterDisable               
00003f2f  IntMasterEnable                
00003c31  IntRegister                    
00003ae3  OLEDInitialise                 
00003abd  OLEDStringDraw                 
000027a9  OrbitOledAdvanceCursor         
000017e1  OrbitOledClampXco              
00001801  OrbitOledClampYco              
00001ded  OrbitOledClear                 
00001df9  OrbitOledClearBuffer           
00002679  OrbitOledDefUserChar           
00001d69  OrbitOledDevInit               
00001623  OrbitOledDrawChar              
00002731  OrbitOledDrawGlyph             
00000fe7  OrbitOledDrawPixel             
0000112d  OrbitOledDrawRect              
00001683  OrbitOledDrawString            
00001cef  OrbitOledDvrInit               
000011b1  OrbitOledFillRect              
000012f5  OrbitOledGetBmp                
000026e1  OrbitOledGetCharUpdate         
0000265d  OrbitOledGetCursor             
00000fe1  OrbitOledGetDrawMode           
00001013  OrbitOledGetPixel              
00000f37  OrbitOledGetPos                
00000f6b  OrbitOledGetStdPattern         
00001c25  OrbitOledHostInit              
00001c11  OrbitOledInit                  
0000102d  OrbitOledLineTo                
00001779  OrbitOledMoveDown              
000017af  OrbitOledMoveLeft              
000017c7  OrbitOledMoveRight             
00000ef1  OrbitOledMoveTo                
00001741  OrbitOledMoveUp                
00001455  OrbitOledPutBmp                
00001e83  OrbitOledPutBuffer             
000026e7  OrbitOledPutChar               
00002705  OrbitOledPutString             
000016ef  OrbitOledRopAnd                
000016cb  OrbitOledRopOr                 
000016a1  OrbitOledRopSet                
00001713  OrbitOledRopXor                
000026c9  OrbitOledSetCharUpdate         
00002611  OrbitOledSetCursor             
00000f53  OrbitOledSetDrawColor          
00000f8d  OrbitOledSetDrawMode           
00000f7d  OrbitOledSetFillPattern        
00001e29  OrbitOledUpdate                
00003209  PIDController                  
00003cf3  PWMGenConfigure                
00003faf  PWMGenEnable                   
00003f3f  PWMGenPeriodSet                
00003efd  PWMOutputState                 
00003d73  PWMPulseWidthSet               
00003fd3  ResetISR                       
UNDEFED   SHT$$INIT_ARRAY$$Base          
UNDEFED   SHT$$INIT_ARRAY$$Limit         
0000401b  SSIBusy                        
00004035  SSIClockSourceSet              
00003b85  SSIConfigSetExpClk             
00003fbb  SSIDataGet                     
00003fe9  SSIDataPut                     
00003ff3  SSIEnable                      
0000211d  SW1IntHandler                  
00002071  SW1setup                       
00001ee9  Ssi3PutByte                    
00002e3d  SysCtlClockGet                 
00003049  SysCtlClockSet                 
0000403b  SysCtlDelay                    
00003e99  SysCtlPWMClockSet              
00003c65  SysCtlPeripheralEnable         
00003bc1  SysCtlPeripheralReady          
000038f5  SysCtlPeripheralReset          
00003ead  SysTickEnable                  
00003ec1  SysTickIntEnable               
000023fd  SysTickIntHandler              
00003d91  SysTickIntRegister             
00003f51  SysTickPeriodSet               
000036e9  TimerConfigure                 
00003f6f  TimerEnable                    
00003ffd  TimerValueGet                  
00002c01  UART                           
00004007  UARTCharPut                    
00003a75  UARTConfigSetExpClk            
00003d15  UARTDisable                    
00003ed5  UARTEnable                     
00004011  UARTFIFOEnable                 
00002bb5  UARTSend                       
00002875  YawIntHandler                  
200007f0  __STACK_END                    
00000200  __STACK_SIZE                   
200007f0  __STACK_TOP                    
00000200  __SYSMEM_SIZE                  
000046d0  __TI_CINIT_Base                
000046e8  __TI_CINIT_Limit               
000046b0  __TI_Handler_Table_Base        
000046bc  __TI_Handler_Table_Limit       
0000353d  __TI_auto_init                 
200009f0  __TI_cleanup_ptr               
00003681  __TI_decompress_lzss           
00003f7d  __TI_decompress_none           
200009f4  __TI_dtors_ptr                 
200009f8  __TI_enable_exit_profile_output
ffffffff  __TI_pprof_out_hndl            
ffffffff  __TI_prof_data_size            
ffffffff  __TI_prof_data_start           
00000000  __TI_static_base__             
00003fc7  __TI_zero_init                 
00003a2d  __aeabi_d2iz                   
00002f4d  __aeabi_dmul                   
00003bf9  __aeabi_f2d                    
00003c99  __aeabi_i2d                    
00002e3b  __aeabi_idiv0                  
000034c3  __aeabi_memclr                 
000034c3  __aeabi_memclr4                
000034c3  __aeabi_memclr8                
000033ad  __aeabi_memcpy                 
000033ad  __aeabi_memcpy4                
000033ad  __aeabi_memcpy8                
000034c5  __aeabi_memset                 
000034c5  __aeabi_memset4                
000034c5  __aeabi_memset8                
00003d35  __aeabi_ui2d                   
00003b45  __aeabi_uidiv                  
00003b45  __aeabi_uidivmod               
ffffffff  __binit__                      
ffffffff  __c_args__                     
00003abb  __mpu_init                     
200005f0  __stack                        
00003e29  _args_main                     
000037fd  _c_int00                       
20000a08  _lock                          
00003ef7  _nop                           
00003eef  _register_lock                 
00003ee9  _register_unlock               
200007f0  _sys_memory                    
00003f4f  _system_post_cinit             
00004041  _system_pre_init               
20000a0c  _unlock                        
00003855  abort                          
200005e8  altitude                       
ffffffff  binit                          
20000594  bnOledCur                      
00002045  buttonControllerInit           
0000205d  buttonControllerLoop           
0000246b  calculateRobustMeanValue       
00001be1  calloc                         
00001fed  checkAndDecrementAltitude      
00002021  checkAndDecrementYaw           
00001fcf  checkAndIncrementAltitude      
0000200b  checkAndIncrementYaw           
0000237f  checkButton                    
00002163  checkLanded                    
200005ea  clrOledCur                     
000039e1  copy_in                        
000024b9  displayMeanVal                 
20000598  dxcoOledFontCur                
2000059c  dycoOledFontCur                
0000385d  exit                           
200005a0  fOledCharUpdate                
0000192b  free                           
00003387  freeCircBuf                    
2000056c  g_inBuffer                     
20000000  g_pfnRAMVectors                
00000000  g_pfnVectors                   
200005a4  g_ulSampCnt                    
00002037  getAltitudePercentSetPoint     
00002093  getSW1Position                 
000020bd  getSW1mode                     
00002bd5  getSW1modeString               
0000203d  getYawDegreesSetPoint          
000035ad  initADC                        
000021dd  initButtons                    
000032f5  initCircBuf                    
00002439  initClock                      
00002463  initDisplay                    
000020df  initGPIOAPinChangeInterrupts   
00001fb3  initSetPoints                  
0000283f  initYaw                        
00002b7d  initialiseUSB_UART             
0000255f  initializeHelicopterOperations 
00002a6d  initializePWM                  
200005a8  interupt_value                 
0000322d  main                           
0000313d  mainProportional               
200005ac  main_duty                      
20000a18  main_func_sp                   
000018c1  malloc                         
00001af5  memalign                       
000033ad  memcpy                         
000034cb  memset                         
00001841  minit                          
200005b0  modOledCur                     
00003dad  pacerWait                      
200005b4  pbOledCur                      
200005b8  pbOledFontCur                  
200005bc  pbOledFontUser                 
200005c0  pbOledPatCur                   
000031dd  pcontrol_update                
200005c4  pfnDoRop                       
00003353  readCircBuf                    
000019eb  realloc                        
00002553  resetHelicopterOperations      
000020c3  resetPeriphButtons             
00002b07  resetPeripheralPWM             
000045d8  rgbFillPat                     
2000026c  rgbOledBmp                     
00004044  rgbOledFont0                   
2000046c  rgbOledFontUser                
00002b23  setOutputOnline                
000029e5  setPWM                         
000029d9  setPWMClocks                   
2000057c  setPoints                      
000020a9  setSW1mode                     
200005eb  slowTick                       
0000218f  startLanding                   
200005ec  state                          
0000318d  tailProportional               
200005c8  tail_duty                      
00000751  ulocaltime                     
0000094f  umktime                        
000022ab  updateButtons                  
0000253f  updateDisplay                  
00000ec9  urand                          
00000721  usnprintf                      
000006ef  usprintf                       
00000eb9  usrand                         
00000e31  ustrcasecmp                    
00000ea5  ustrcmp                        
00000d35  ustrlen                        
00000d8d  ustrncasecmp                   
00000e45  ustrncmp                       
0000026d  ustrncpy                       
00000d57  ustrstr                        
00000afd  ustrtof                        
000009c5  ustrtoul                       
000002c5  uvsnprintf                     
0000331f  writeCircBuf                   
200005cc  xchOledCur                     
200005d0  xchOledMax                     
200005d4  xcoOledCur                     
200005d8  yaw                            
00001f8d  yawDegreeConvert               
00002815  yaw_ref                        
200005dc  ychOledCur                     
200005e0  ychOledMax                     
200005e4  ycoOledCur                     
20000a10  yi                             


GLOBAL SYMBOLS: SORTED BY Symbol Address 

address   name                           
-------   ----                           
00000000  __TI_static_base__             
00000000  g_pfnVectors                   
00000200  __STACK_SIZE                   
00000200  __SYSMEM_SIZE                  
0000026d  ustrncpy                       
000002c5  uvsnprintf                     
000006ef  usprintf                       
00000721  usnprintf                      
00000751  ulocaltime                     
0000094f  umktime                        
000009c5  ustrtoul                       
00000afd  ustrtof                        
00000d35  ustrlen                        
00000d57  ustrstr                        
00000d8d  ustrncasecmp                   
00000e31  ustrcasecmp                    
00000e45  ustrncmp                       
00000ea5  ustrcmp                        
00000eb9  usrand                         
00000ec9  urand                          
00000ef1  OrbitOledMoveTo                
00000f37  OrbitOledGetPos                
00000f53  OrbitOledSetDrawColor          
00000f6b  OrbitOledGetStdPattern         
00000f7d  OrbitOledSetFillPattern        
00000f8d  OrbitOledSetDrawMode           
00000fe1  OrbitOledGetDrawMode           
00000fe7  OrbitOledDrawPixel             
00001013  OrbitOledGetPixel              
0000102d  OrbitOledLineTo                
0000112d  OrbitOledDrawRect              
000011b1  OrbitOledFillRect              
000012f5  OrbitOledGetBmp                
00001455  OrbitOledPutBmp                
00001623  OrbitOledDrawChar              
00001683  OrbitOledDrawString            
000016a1  OrbitOledRopSet                
000016cb  OrbitOledRopOr                 
000016ef  OrbitOledRopAnd                
00001713  OrbitOledRopXor                
00001741  OrbitOledMoveUp                
00001779  OrbitOledMoveDown              
000017af  OrbitOledMoveLeft              
000017c7  OrbitOledMoveRight             
000017e1  OrbitOledClampXco              
00001801  OrbitOledClampYco              
00001841  minit                          
000018c1  malloc                         
0000192b  free                           
000019eb  realloc                        
00001af5  memalign                       
00001be1  calloc                         
00001c11  OrbitOledInit                  
00001c25  OrbitOledHostInit              
00001cef  OrbitOledDvrInit               
00001d69  OrbitOledDevInit               
00001ded  OrbitOledClear                 
00001df9  OrbitOledClearBuffer           
00001e29  OrbitOledUpdate                
00001e83  OrbitOledPutBuffer             
00001ee9  Ssi3PutByte                    
00001f8d  yawDegreeConvert               
00001fb3  initSetPoints                  
00001fcf  checkAndIncrementAltitude      
00001fed  checkAndDecrementAltitude      
0000200b  checkAndIncrementYaw           
00002021  checkAndDecrementYaw           
00002037  getAltitudePercentSetPoint     
0000203d  getYawDegreesSetPoint          
00002045  buttonControllerInit           
0000205d  buttonControllerLoop           
00002071  SW1setup                       
00002093  getSW1Position                 
000020a9  setSW1mode                     
000020bd  getSW1mode                     
000020c3  resetPeriphButtons             
000020df  initGPIOAPinChangeInterrupts   
0000211d  SW1IntHandler                  
00002163  checkLanded                    
0000218f  startLanding                   
000021dd  initButtons                    
000022ab  updateButtons                  
0000237f  checkButton                    
000023fd  SysTickIntHandler              
00002439  initClock                      
00002463  initDisplay                    
0000246b  calculateRobustMeanValue       
000024b9  displayMeanVal                 
0000253f  updateDisplay                  
00002553  resetHelicopterOperations      
0000255f  initializeHelicopterOperations 
00002611  OrbitOledSetCursor             
0000265d  OrbitOledGetCursor             
00002679  OrbitOledDefUserChar           
000026c9  OrbitOledSetCharUpdate         
000026e1  OrbitOledGetCharUpdate         
000026e7  OrbitOledPutChar               
00002705  OrbitOledPutString             
00002731  OrbitOledDrawGlyph             
000027a9  OrbitOledAdvanceCursor         
00002815  yaw_ref                        
0000283f  initYaw                        
00002875  YawIntHandler                  
000029d9  setPWMClocks                   
000029e5  setPWM                         
00002a6d  initializePWM                  
00002b07  resetPeripheralPWM             
00002b23  setOutputOnline                
00002b7d  initialiseUSB_UART             
00002bb5  UARTSend                       
00002bd5  getSW1modeString               
00002c01  UART                           
00002d09  GPIOPadConfigSet               
00002e3b  __aeabi_idiv0                  
00002e3d  SysCtlClockGet                 
00002f4d  __aeabi_dmul                   
00003049  SysCtlClockSet                 
0000313d  mainProportional               
0000318d  tailProportional               
000031dd  pcontrol_update                
00003209  PIDController                  
0000322d  main                           
000032f5  initCircBuf                    
0000331f  writeCircBuf                   
00003353  readCircBuf                    
00003387  freeCircBuf                    
000033ad  __aeabi_memcpy                 
000033ad  __aeabi_memcpy4                
000033ad  __aeabi_memcpy8                
000033ad  memcpy                         
00003449  ADCSequenceStepConfigure       
000034c3  __aeabi_memclr                 
000034c3  __aeabi_memclr4                
000034c3  __aeabi_memclr8                
000034c5  __aeabi_memset                 
000034c5  __aeabi_memset4                
000034c5  __aeabi_memset8                
000034cb  memset                         
0000353d  __TI_auto_init                 
000035ad  initADC                        
000035e9  ADCIntHandler                  
00003619  IntEnable                      
00003681  __TI_decompress_lzss           
000036e9  TimerConfigure                 
00003749  DelayInit                      
00003763  DelayMs                        
000037a5  GPIOIntTypeSet                 
000037fd  _c_int00                       
00003851  C$$EXIT                        
00003855  abort                          
0000385d  exit                           
000038a5  ADCSequenceConfigure           
000038f5  SysCtlPeripheralReset          
00003995  GPIOPinConfigure               
000039e1  copy_in                        
00003a2d  __aeabi_d2iz                   
00003a75  UARTConfigSetExpClk            
00003abb  __mpu_init                     
00003abd  OLEDStringDraw                 
00003ae3  OLEDInitialise                 
00003b45  __aeabi_uidiv                  
00003b45  __aeabi_uidivmod               
00003b85  SSIConfigSetExpClk             
00003bc1  SysCtlPeripheralReady          
00003bf9  __aeabi_f2d                    
00003c31  IntRegister                    
00003c65  SysCtlPeripheralEnable         
00003c99  __aeabi_i2d                    
00003cc7  GPIODirModeSet                 
00003cf3  PWMGenConfigure                
00003d15  UARTDisable                    
00003d35  __aeabi_ui2d                   
00003d55  ADCSequenceDataGet             
00003d73  PWMPulseWidthSet               
00003d91  SysTickIntRegister             
00003dad  pacerWait                      
00003dc9  ADCIntRegister                 
00003de1  ADCProcessorTrigger            
00003df9  GPIOIntRegister                
00003e11  GPIOPinTypeGPIOOutput          
00003e29  _args_main                     
00003e41  GPIOPinTypeGPIOInput           
00003e57  GPIOPinTypePWM                 
00003e6d  GPIOPinTypeSSI                 
00003e83  GPIOPinTypeUART                
00003e99  SysCtlPWMClockSet              
00003ead  SysTickEnable                  
00003ec1  SysTickIntEnable               
00003ed5  UARTEnable                     
00003ee9  _register_unlock               
00003eef  _register_lock                 
00003ef7  _nop                           
00003efd  PWMOutputState                 
00003f0f  ADCIntEnable                   
00003f1f  IntMasterDisable               
00003f2f  IntMasterEnable                
00003f3f  PWMGenPeriodSet                
00003f4f  _system_post_cinit             
00003f51  SysTickPeriodSet               
00003f61  ADCSequenceEnable              
00003f6f  TimerEnable                    
00003f7d  __TI_decompress_none           
00003f8b  CPUcpsid                       
00003f97  CPUcpsie                       
00003fa3  GPIOIntEnable                  
00003faf  PWMGenEnable                   
00003fbb  SSIDataGet                     
00003fc7  __TI_zero_init                 
00003fd3  ResetISR                       
00003fdf  ADCIntClear                    
00003fe9  SSIDataPut                     
00003ff3  SSIEnable                      
00003ffd  TimerValueGet                  
00004007  UARTCharPut                    
00004011  UARTFIFOEnable                 
0000401b  SSIBusy                        
00004023  GPIOIntClear                   
00004029  GPIOPinRead                    
0000402f  GPIOPinWrite                   
00004035  SSIClockSourceSet              
0000403b  SysCtlDelay                    
00004041  _system_pre_init               
00004044  rgbOledFont0                   
000045d8  rgbFillPat                     
000046b0  __TI_Handler_Table_Base        
000046bc  __TI_Handler_Table_Limit       
000046d0  __TI_CINIT_Base                
000046e8  __TI_CINIT_Limit               
20000000  g_pfnRAMVectors                
2000026c  rgbOledBmp                     
2000046c  rgbOledFontUser                
2000056c  g_inBuffer                     
2000057c  setPoints                      
20000594  bnOledCur                      
20000598  dxcoOledFontCur                
2000059c  dycoOledFontCur                
200005a0  fOledCharUpdate                
200005a4  g_ulSampCnt                    
200005a8  interupt_value                 
200005ac  main_duty                      
200005b0  modOledCur                     
200005b4  pbOledCur                      
200005b8  pbOledFontCur                  
200005bc  pbOledFontUser                 
200005c0  pbOledPatCur                   
200005c4  pfnDoRop                       
200005c8  tail_duty                      
200005cc  xchOledCur                     
200005d0  xchOledMax                     
200005d4  xcoOledCur                     
200005d8  yaw                            
200005dc  ychOledCur                     
200005e0  ychOledMax                     
200005e4  ycoOledCur                     
200005e8  altitude                       
200005ea  clrOledCur                     
200005eb  slowTick                       
200005ec  state                          
200005f0  __stack                        
200007f0  __STACK_END                    
200007f0  __STACK_TOP                    
200007f0  _sys_memory                    
200009f0  __TI_cleanup_ptr               
200009f4  __TI_dtors_ptr                 
200009f8  __TI_enable_exit_profile_output
20000a08  _lock                          
20000a0c  _unlock                        
20000a10  yi                             
20000a18  main_func_sp                   
ffffffff  __TI_pprof_out_hndl            
ffffffff  __TI_prof_data_size            
ffffffff  __TI_prof_data_start           
ffffffff  __binit__                      
ffffffff  __c_args__                     
ffffffff  binit                          
UNDEFED   SHT$$INIT_ARRAY$$Base          
UNDEFED   SHT$$INIT_ARRAY$$Limit         

[277 symbols]
