******************************************************************************
                  TI ARM Linker PC v16.9.6                     
******************************************************************************
>> Linked Tue May 22 22:25:14 2018

OUTPUT FILE NAME:   <Milestone.out>
ENTRY POINT SYMBOL: "_c_int00"  address: 000037cd


MEMORY CONFIGURATION

         name            origin    length      used     unused   attr    fill
----------------------  --------  ---------  --------  --------  ----  --------
  FLASH                 00000000   00040000  00004612  0003b9ee  R  X
  SRAM                  20000000   00008000  00000a54  000075ac  RW X


SEGMENT ALLOCATION MAP

run origin  load origin   length   init length attrs members
----------  ----------- ---------- ----------- ----- -------
00000000    00000000    00004618   00004618    r-x
  00000000    00000000    0000026c   0000026c    r-- .intvecs
  0000026c    0000026c    00003d06   00003d06    r-x .text
  00003f74    00003f74    00000648   00000648    r-- .const
  000045c0    000045c0    00000058   00000058    r-- .cinit
20000000    20000000    00000a54   00000000    rw-
  20000000    20000000    0000026c   00000000    rw- .vtable
  2000026c    2000026c    000003a4   00000000    rw- .bss
  20000610    20000610    00000200   00000000    rw- .stack
  20000810    20000810    00000200   00000000    rw- .sysmem
  20000a10    20000a10    00000044   00000000    rw- .data


SECTION ALLOCATION MAP

 output                                  attributes/
section   page    origin      length       input sections
--------  ----  ----------  ----------   ----------------
.intvecs   0    00000000    0000026c     
                  00000000    0000026c     tm4c123gh6pm_startup_ccs.obj (.intvecs)

.text      0    0000026c    00003d06     
                  0000026c    00000c84     ustdlib.obj (.text)
                  00000ef0    00000950     OrbitOledGrph.obj (.text)
                  00001840    000003d0     rtsv7M4_T_le_v4SPD16_eabi.lib : memory.obj (.text)
                  00001c10    0000037c     OrbitOled.obj (.text)
                  00001f8c    0000023c     Helicopter.obj (.text)
                  000021c8    00000220     buttons4.obj (.text)
                  000023e8    0000020c     ButtonControl.obj (.text)
                  000025f4    00000204     OrbitOledChar.obj (.text)
                  000027f8    000001f4     heliYAW.obj (.text)
                  000029ec    000001a4     heliPWM.obj (.text)
                  00002b90    00000136     rtsv7M4_T_le_v4SPD16_eabi.lib : fd_div_t2.obj (.text)
                  00002cc6    00000132     driverlib.lib : gpio.obj (.text:GPIOPadConfigSet)
                  00002df8    00000110                   : sysctl.obj (.text:SysCtlClockGet)
                  00002f08    000000fc     rtsv7M4_T_le_v4SPD16_eabi.lib : fd_mul_t2.obj (.text)
                  00003004    000000f4     driverlib.lib : sysctl.obj (.text:SysCtlClockSet)
                  000030f8    000000f0     heliPID.obj (.text)
                  000031e8    000000dc     main.obj (.text)
                  000032c4    000000b8     circBufT.obj (.text)
                  0000337c    0000009c     rtsv7M4_T_le_v4SPD16_eabi.lib : memcpy_t2.obj (.text)
                  00003418    0000007a     driverlib.lib : adc.obj (.text:ADCSequenceStepConfigure)
                  00003492    0000007a     rtsv7M4_T_le_v4SPD16_eabi.lib : memset_t2.obj (.text)
                  0000350c    00000070                                   : autoinit.obj (.text)
                  0000357c    0000006c     heliADC.obj (.text)
                  000035e8    00000068     driverlib.lib : interrupt.obj (.text:IntEnable)
                  00003650    00000068     rtsv7M4_T_le_v4SPD16_eabi.lib : copy_decompress_lzss.obj (.text:decompress:lzss)
                  000036b8    00000060     driverlib.lib : timer.obj (.text:TimerConfigure)
                  00003718    0000005c     delay.obj (.text)
                  00003774    00000058     driverlib.lib : gpio.obj (.text:GPIOIntTypeSet)
                  000037cc    00000054     rtsv7M4_T_le_v4SPD16_eabi.lib : boot.obj (.text)
                  00003820    00000054                                   : exit.obj (.text)
                  00003874    00000050     driverlib.lib : adc.obj (.text:ADCSequenceConfigure)
                  000038c4    00000050                   : sysctl.obj (.text:SysCtlPeripheralReset)
                  00003914    00000050                   : adc.obj (.text:_ADCIntNumberGet)
                  00003964    0000004c                   : gpio.obj (.text:GPIOPinConfigure)
                  000039b0    0000004c     rtsv7M4_T_le_v4SPD16_eabi.lib : cpy_tbl.obj (.text)
                  000039fc    00000048                                   : fd_toi_t2.obj (.text)
                  00003a44    00000044     OrbitOLEDInterface.obj (.text)
                  00003a88    00000044     driverlib.lib : gpio.obj (.text:_GPIOIntNumberGet)
                  00003acc    00000040     rtsv7M4_T_le_v4SPD16_eabi.lib : u_divt2.obj (.text)
                  00003b0c    0000003c     driverlib.lib : ssi.obj (.text:SSIConfigSetExpClk)
                  00003b48    00000038                   : sysctl.obj (.text:SysCtlPeripheralReady)
                  00003b80    00000038     rtsv7M4_T_le_v4SPD16_eabi.lib : fs_tod_t2.obj (.text)
                  00003bb8    00000034     driverlib.lib : interrupt.obj (.text:IntRegister)
                  00003bec    00000034                   : sysctl.obj (.text:SysCtlPeripheralEnable)
                  00003c20    0000002e     rtsv7M4_T_le_v4SPD16_eabi.lib : i_tofd_t2.obj (.text)
                  00003c4e    0000002c     driverlib.lib : gpio.obj (.text:GPIODirModeSet)
                  00003c7a    00000022                   : pwm.obj (.text:PWMGenConfigure)
                  00003c9c    00000020     rtsv7M4_T_le_v4SPD16_eabi.lib : u_tofd_t2.obj (.text)
                  00003cbc    0000001e     driverlib.lib : adc.obj (.text:ADCSequenceDataGet)
                  00003cda    0000001e                   : pwm.obj (.text:PWMPulseWidthSet)
                  00003cf8    0000001c                   : systick.obj (.text:SysTickIntRegister)
                  00003d14    0000001c     pacer.obj (.text)
                  00003d30    00000018     driverlib.lib : adc.obj (.text:ADCIntRegister)
                  00003d48    00000018                   : adc.obj (.text:ADCProcessorTrigger)
                  00003d60    00000018                   : gpio.obj (.text:GPIOIntRegister)
                  00003d78    00000018                   : gpio.obj (.text:GPIOPinTypeGPIOOutput)
                  00003d90    00000018     rtsv7M4_T_le_v4SPD16_eabi.lib : args_main.obj (.text)
                  00003da8    00000016     driverlib.lib : gpio.obj (.text:GPIOPinTypeGPIOInput)
                  00003dbe    00000016                   : gpio.obj (.text:GPIOPinTypePWM)
                  00003dd4    00000016                   : gpio.obj (.text:GPIOPinTypeSSI)
                  00003dea    00000002     rtsv7M4_T_le_v4SPD16_eabi.lib : i_div0.obj (.text)
                  00003dec    00000014     driverlib.lib : sysctl.obj (.text:SysCtlPWMClockSet)
                  00003e00    00000014                   : systick.obj (.text:SysTickEnable)
                  00003e14    00000014                   : systick.obj (.text:SysTickIntEnable)
                  00003e28    00000014     rtsv7M4_T_le_v4SPD16_eabi.lib : _lock.obj (.text)
                  00003e3c    00000012     driverlib.lib : pwm.obj (.text:PWMOutputState)
                  00003e4e    00000010                   : adc.obj (.text:ADCIntEnable)
                  00003e5e    00000010                   : interrupt.obj (.text:IntMasterDisable)
                  00003e6e    00000010                   : interrupt.obj (.text:IntMasterEnable)
                  00003e7e    00000010                   : pwm.obj (.text:PWMGenPeriodSet)
                  00003e8e    00000002     rtsv7M4_T_le_v4SPD16_eabi.lib : mpu_init.obj (.text)
                  00003e90    00000010     driverlib.lib : systick.obj (.text:SysTickPeriodSet)
                  00003ea0    0000000e                   : adc.obj (.text:ADCSequenceEnable)
                  00003eae    0000000e                   : timer.obj (.text:TimerEnable)
                  00003ebc    0000000e     rtsv7M4_T_le_v4SPD16_eabi.lib : copy_decompress_none.obj (.text:decompress:none)
                  00003eca    0000000c     driverlib.lib : cpu.obj (.text:CPUcpsid)
                  00003ed6    0000000c                   : cpu.obj (.text:CPUcpsie)
                  00003ee2    0000000c                   : gpio.obj (.text:GPIOIntEnable)
                  00003eee    0000000c                   : pwm.obj (.text:PWMGenEnable)
                  00003efa    0000000c                   : ssi.obj (.text:SSIDataGet)
                  00003f06    0000000c     rtsv7M4_T_le_v4SPD16_eabi.lib : copy_zero_init.obj (.text:decompress:ZI)
                  00003f12    0000000c     tm4c123gh6pm_startup_ccs.obj (.text)
                  00003f1e    0000000a     driverlib.lib : adc.obj (.text:ADCIntClear)
                  00003f28    0000000a                   : ssi.obj (.text:SSIDataPut)
                  00003f32    0000000a                   : ssi.obj (.text:SSIEnable)
                  00003f3c    0000000a                   : timer.obj (.text:TimerValueGet)
                  00003f46    00000008                   : ssi.obj (.text:SSIBusy)
                  00003f4e    00000006                   : gpio.obj (.text:GPIOIntClear)
                  00003f54    00000006                   : gpio.obj (.text:GPIOPinRead)
                  00003f5a    00000006                   : gpio.obj (.text:GPIOPinWrite)
                  00003f60    00000006                   : ssi.obj (.text:SSIClockSourceSet)
                  00003f66    00000006                   : sysctl.obj (.text:SysCtlDelay)
                  00003f6c    00000004     rtsv7M4_T_le_v4SPD16_eabi.lib : pre_init.obj (.text)
                  00003f70    00000002                                   : startup.obj (.text)

.const     0    00003f74    00000648     
                  00003f74    00000300     ChrFont0.obj (.const:.string:rgbOledFont0)
                  00004274    000000d8     driverlib.lib : gpio.obj (.const:g_ppui32GPIOIntMapSnowflake)
                  0000434c    000000c0                   : gpio.obj (.const:g_ppui32GPIOIntMapBlizzard)
                  0000440c    00000090                   : gpio.obj (.const:g_pui32GPIOBaseAddrs)
                  0000449c    0000006c                   : sysctl.obj (.const:g_pui32Xtals)
                  00004508    00000040     FillPat.obj (.const:.string:rgbFillPat)
                  00004548    00000030     ustdlib.obj (.const:g_psDaysToMonth)
                  00004578    00000018     ustdlib.obj (.const:g_pfExponents)
                  00004590    00000014     driverlib.lib : interrupt.obj (.const:g_pui32EnRegs)
                  000045a4    00000012     ustdlib.obj (.const:.string)
                  000045b6    00000002     --HOLE-- [fill = 0]
                  000045b8    00000004     ustdlib.obj (.const)

.cinit     0    000045c0    00000058     
                  000045c0    0000001e     (.cinit..data.load) [load image, compression = lzss]
                  000045de    00000002     --HOLE-- [fill = 0]
                  000045e0    0000000c     (__TI_handler_table)
                  000045ec    00000004     --HOLE-- [fill = 0]
                  000045f0    00000008     (.cinit..bss.load) [load image, compression = zero_init]
                  000045f8    00000008     (.cinit..vtable.load) [load image, compression = zero_init]
                  00004600    00000018     (__TI_cinit_table)

.init_array 
*          0    00000000    00000000     UNINITIALIZED

.vtable    0    20000000    0000026c     UNINITIALIZED
                  20000000    0000026c     driverlib.lib : interrupt.obj (.vtable)

.bss       0    2000026c    000003a4     UNINITIALIZED
                  2000026c    00000200     (.common:rgbOledBmp)
                  2000046c    00000100     (.common:rgbOledFontUser)
                  2000056c    00000010     Helicopter.obj (.bss:g_inBuffer)
                  2000057c    00000010     heliADC.obj (.bss:g_inBuffer)
                  2000058c    00000010     main.obj (.bss:g_inBuffer)
                  2000059c    00000008     Helicopter.obj (.bss)
                  200005a4    00000008     main.obj (.bss)
                  200005ac    00000008     (.common:setPoints)
                  200005b4    00000005     heliYAW.obj (.bss)
                  200005b9    00000004     buttons4.obj (.bss:but_count)
                  200005bd    00000004     buttons4.obj (.bss:but_flag)
                  200005c1    00000004     buttons4.obj (.bss:but_normal)
                  200005c5    00000004     buttons4.obj (.bss:but_state)
                  200005c9    00000001     (.common:clrOledCur)
                  200005ca    00000002     --HOLE--
                  200005cc    00000004     (.common:bnOledCur)
                  200005d0    00000004     (.common:dxcoOledFontCur)
                  200005d4    00000004     (.common:dycoOledFontCur)
                  200005d8    00000004     (.common:fOledCharUpdate)
                  200005dc    00000004     (.common:interupt_value)
                  200005e0    00000004     (.common:modOledCur)
                  200005e4    00000004     (.common:pbOledCur)
                  200005e8    00000004     (.common:pbOledFontCur)
                  200005ec    00000004     (.common:pbOledFontUser)
                  200005f0    00000004     (.common:pbOledPatCur)
                  200005f4    00000004     (.common:pfnDoRop)
                  200005f8    00000004     (.common:xchOledCur)
                  200005fc    00000004     (.common:xchOledMax)
                  20000600    00000004     (.common:xcoOledCur)
                  20000604    00000004     (.common:ychOledCur)
                  20000608    00000004     (.common:ychOledMax)
                  2000060c    00000004     (.common:ycoOledCur)

.stack     0    20000610    00000200     UNINITIALIZED
                  20000610    00000200     --HOLE--

.sysmem    0    20000810    00000200     UNINITIALIZED
                  20000810    00000008     rtsv7M4_T_le_v4SPD16_eabi.lib : memory.obj (.sysmem)
                  20000818    000001f8     --HOLE--

.data      0    20000a10    00000044     UNINITIALIZED
                  20000a10    0000000c     rtsv7M4_T_le_v4SPD16_eabi.lib : exit.obj (.data:$O1$$)
                  20000a1c    0000000c                                   : memory.obj (.data:$O1$$)
                  20000a28    00000008                                   : _lock.obj (.data:$O1$$)
                  20000a30    00000008     heliPWM.obj (.data)
                  20000a38    00000005     ButtonControl.obj (.data)
                  20000a3d    00000003     --HOLE--
                  20000a40    00000004     Helicopter.obj (.data)
                  20000a44    00000004     heliYAW.obj (.data)
                  20000a48    00000004     main.obj (.data)
                  20000a4c    00000004     rtsv7M4_T_le_v4SPD16_eabi.lib : stkdepth_vars.obj (.data)
                  20000a50    00000004     ustdlib.obj (.data)

MODULE SUMMARY

       Module                         code    ro data   rw data
       ------                         ----    -------   -------
    .\
       ustdlib.obj                    3204    94        4      
       tm4c123gh6pm_startup_ccs.obj   12      620       0      
       Helicopter.obj                 572     0         28     
       buttons4.obj                   544     0         16     
       ButtonControl.obj              524     0         17     
       heliYAW.obj                    500     0         9      
       heliPWM.obj                    420     0         8      
       main.obj                       220     0         28     
       heliPID.obj                    240     0         0      
       circBufT.obj                   184     0         0      
       heliADC.obj                    108     0         16     
       pacer.obj                      28      0         0      
    +--+------------------------------+-------+---------+---------+
       Total:                         6556    714       126    
                                                               
    .\OrbitOLED\
       OrbitOLEDInterface.obj         68      0         0      
    +--+------------------------------+-------+---------+---------+
       Total:                         68      0         0      
                                                               
    .\OrbitOLED\lib_OrbitOled\
       OrbitOledGrph.obj              2384    0         8      
       OrbitOled.obj                  892     0         553    
       OrbitOledChar.obj              516     0         272    
       ChrFont0.obj                   0       768       0      
       delay.obj                      92      0         0      
       FillPat.obj                    0       64        0      
    +--+------------------------------+-------+---------+---------+
       Total:                         3884    832       833    
                                                               
    C:/ti/TivaWare_C_Series-2.1.4.178/driverlib/ccs/Debug/driverlib.lib
       gpio.obj                       726     552       0      
       sysctl.obj                     730     108       0      
       interrupt.obj                  188     20        620    
       adc.obj                        400     0         0      
       timer.obj                      120     0         0      
       pwm.obj                        110     0         0      
       ssi.obj                        106     0         0      
       systick.obj                    84      0         0      
       cpu.obj                        24      0         0      
    +--+------------------------------+-------+---------+---------+
       Total:                         2488    680       620    
                                                               
    C:\ti\ccsv7\tools\compiler\ti-cgt-arm_16.9.6.LTS\lib\rtsv7M4_T_le_v4SPD16_eabi.lib
       memory.obj                     976     0         12     
       fd_div_t2.obj                  310     0         0      
       fd_mul_t2.obj                  252     0         0      
       memcpy_t2.obj                  156     0         0      
       memset_t2.obj                  122     0         0      
       autoinit.obj                   112     0         0      
       copy_decompress_lzss.obj       104     0         0      
       exit.obj                       84      0         12     
       boot.obj                       84      0         0      
       cpy_tbl.obj                    76      0         0      
       fd_toi_t2.obj                  72      0         0      
       u_divt2.obj                    64      0         0      
       fs_tod_t2.obj                  56      0         0      
       i_tofd_t2.obj                  46      0         0      
       u_tofd_t2.obj                  32      0         0      
       _lock.obj                      20      0         8      
       args_main.obj                  24      0         0      
       copy_decompress_none.obj       14      0         0      
       copy_zero_init.obj             12      0         0      
       pre_init.obj                   4       0         0      
       stkdepth_vars.obj              0       0         4      
       i_div0.obj                     2       0         0      
       mpu_init.obj                   2       0         0      
       startup.obj                    2       0         0      
    +--+------------------------------+-------+---------+---------+
       Total:                         2626    0         36     
                                                               
       Heap:                          0       0         512    
       Stack:                         0       0         512    
       Linker Generated:              0       82        0      
    +--+------------------------------+-------+---------+---------+
       Grand Total:                   15622   2308      2639   


LINKER GENERATED COPY TABLES

__TI_cinit_table @ 00004600 records: 3, size/record: 8, table size: 24
	.data: load addr=000045c0, load size=0000001e bytes, run addr=20000a10, run size=00000044 bytes, compression=lzss
	.bss: load addr=000045f0, load size=00000008 bytes, run addr=2000026c, run size=000003a4 bytes, compression=zero_init
	.vtable: load addr=000045f8, load size=00000008 bytes, run addr=20000000, run size=0000026c bytes, compression=zero_init


LINKER GENERATED HANDLER TABLE

__TI_handler_table @ 000045e0 records: 3, size/record: 4, table size: 12
	index: 0, handler: __TI_zero_init
	index: 1, handler: __TI_decompress_lzss
	index: 2, handler: __TI_decompress_none


GLOBAL SYMBOLS: SORTED ALPHABETICALLY BY Name 

address   name                           
-------   ----                           
00003f1f  ADCIntClear                    
00003e4f  ADCIntEnable                   
000035b9  ADCIntHandler                  
00003d31  ADCIntRegister                 
00003d49  ADCProcessorTrigger            
00003875  ADCSequenceConfigure           
00003cbd  ADCSequenceDataGet             
00003ea1  ADCSequenceEnable              
00003419  ADCSequenceStepConfigure       
00003821  C$$EXIT                        
00003ecb  CPUcpsid                       
00003ed7  CPUcpsie                       
00003719  DelayInit                      
00003733  DelayMs                        
00003c4f  GPIODirModeSet                 
00003f4f  GPIOIntClear                   
00003ee3  GPIOIntEnable                  
00003d61  GPIOIntRegister                
00003775  GPIOIntTypeSet                 
00002cc7  GPIOPadConfigSet               
00003965  GPIOPinConfigure               
00003f55  GPIOPinRead                    
00003da9  GPIOPinTypeGPIOInput           
00003d79  GPIOPinTypeGPIOOutput          
00003dbf  GPIOPinTypePWM                 
00003dd5  GPIOPinTypeSSI                 
00003f5b  GPIOPinWrite                   
000035e9  IntEnable                      
00003e5f  IntMasterDisable               
00003e6f  IntMasterEnable                
00003bb9  IntRegister                    
00003a6b  OLEDInitialise                 
00003a45  OLEDStringDraw                 
0000278d  OrbitOledAdvanceCursor         
000017e1  OrbitOledClampXco              
00001801  OrbitOledClampYco              
00001ded  OrbitOledClear                 
00001df9  OrbitOledClearBuffer           
0000265d  OrbitOledDefUserChar           
00001d69  OrbitOledDevInit               
00001623  OrbitOledDrawChar              
00002715  OrbitOledDrawGlyph             
00000fe7  OrbitOledDrawPixel             
0000112d  OrbitOledDrawRect              
00001683  OrbitOledDrawString            
00001cef  OrbitOledDvrInit               
000011b1  OrbitOledFillRect              
000012f5  OrbitOledGetBmp                
000026c5  OrbitOledGetCharUpdate         
00002641  OrbitOledGetCursor             
00000fe1  OrbitOledGetDrawMode           
00001013  OrbitOledGetPixel              
00000f37  OrbitOledGetPos                
00000f6b  OrbitOledGetStdPattern         
00001c25  OrbitOledHostInit              
00001c11  OrbitOledInit                  
0000102d  OrbitOledLineTo                
00001779  OrbitOledMoveDown              
000017af  OrbitOledMoveLeft              
000017c7  OrbitOledMoveRight             
00000ef1  OrbitOledMoveTo                
00001741  OrbitOledMoveUp                
00001455  OrbitOledPutBmp                
00001e83  OrbitOledPutBuffer             
000026cb  OrbitOledPutChar               
000026e9  OrbitOledPutString             
000016ef  OrbitOledRopAnd                
000016cb  OrbitOledRopOr                 
000016a1  OrbitOledRopSet                
00001713  OrbitOledRopXor                
000026ad  OrbitOledSetCharUpdate         
000025f5  OrbitOledSetCursor             
00000f53  OrbitOledSetDrawColor          
00000f8d  OrbitOledSetDrawMode           
00000f7d  OrbitOledSetFillPattern        
00001e29  OrbitOledUpdate                
000031c5  PIDController                  
00003c7b  PWMGenConfigure                
00003eef  PWMGenEnable                   
00003e7f  PWMGenPeriodSet                
00003e3d  PWMOutputState                 
00003cdb  PWMPulseWidthSet               
00003f13  ResetISR                       
UNDEFED   SHT$$INIT_ARRAY$$Base          
UNDEFED   SHT$$INIT_ARRAY$$Limit         
00003f47  SSIBusy                        
00003f61  SSIClockSourceSet              
00003b0d  SSIConfigSetExpClk             
00003efb  SSIDataGet                     
00003f29  SSIDataPut                     
00003f33  SSIEnable                      
00002561  SW1IntHandler                  
000024bd  SW1setup                       
00001ee9  Ssi3PutByte                    
00002df9  SysCtlClockGet                 
00003005  SysCtlClockSet                 
00003f67  SysCtlDelay                    
00003ded  SysCtlPWMClockSet              
00003bed  SysCtlPeripheralEnable         
00003b49  SysCtlPeripheralReady          
000038c5  SysCtlPeripheralReset          
00003e01  SysTickEnable                  
00003e15  SysTickIntEnable               
00001f8d  SysTickIntHandler              
00003cf9  SysTickIntRegister             
00003e91  SysTickPeriodSet               
000036b9  TimerConfigure                 
00003eaf  TimerEnable                    
00003f3d  TimerValueGet                  
00002881  YawIntHandler                  
20000810  __STACK_END                    
00000200  __STACK_SIZE                   
20000810  __STACK_TOP                    
00000200  __SYSMEM_SIZE                  
00004600  __TI_CINIT_Base                
00004618  __TI_CINIT_Limit               
000045e0  __TI_Handler_Table_Base        
000045ec  __TI_Handler_Table_Limit       
0000350d  __TI_auto_init                 
20000a10  __TI_cleanup_ptr               
00003651  __TI_decompress_lzss           
00003ebd  __TI_decompress_none           
20000a14  __TI_dtors_ptr                 
20000a18  __TI_enable_exit_profile_output
ffffffff  __TI_pprof_out_hndl            
ffffffff  __TI_prof_data_size            
ffffffff  __TI_prof_data_start           
00000000  __TI_static_base__             
00003f07  __TI_zero_init                 
000039fd  __aeabi_d2iz                   
00002b91  __aeabi_ddiv                   
00002f09  __aeabi_dmul                   
00003b81  __aeabi_f2d                    
00003c21  __aeabi_i2d                    
00003deb  __aeabi_idiv0                  
00003493  __aeabi_memclr                 
00003493  __aeabi_memclr4                
00003493  __aeabi_memclr8                
0000337d  __aeabi_memcpy                 
0000337d  __aeabi_memcpy4                
0000337d  __aeabi_memcpy8                
00003495  __aeabi_memset                 
00003495  __aeabi_memset4                
00003495  __aeabi_memset8                
00003c9d  __aeabi_ui2d                   
00003acd  __aeabi_uidiv                  
00003acd  __aeabi_uidivmod               
ffffffff  __binit__                      
ffffffff  __c_args__                     
00003e8f  __mpu_init                     
20000610  __stack                        
00003d91  _args_main                     
000037cd  _c_int00                       
20000a28  _lock                          
00003e37  _nop                           
00003e2f  _register_lock                 
00003e29  _register_unlock               
20000810  _sys_memory                    
00003f71  _system_post_cinit             
00003f6d  _system_pre_init               
20000a2c  _unlock                        
00003825  abort                          
ffffffff  binit                          
200005cc  bnOledCur                      
00002495  buttonControllerInit           
000024a9  buttonControllerLoop           
00001fd7  calculateRobustMeanValue       
00001be1  calloc                         
0000243d  checkAndDecrementAltitude      
00002471  checkAndDecrementYaw           
0000241f  checkAndIncrementAltitude      
0000245b  checkAndIncrementYaw           
0000236b  checkButton                    
0000258d  checkLanded                    
200005c9  clrOledCur                     
000039b1  copy_in                        
00002017  displayMeanVal                 
200005d0  dxcoOledFontCur                
200005d4  dycoOledFontCur                
0000382d  exit                           
200005d8  fOledCharUpdate                
0000192b  free                           
00003357  freeCircBuf                    
20000000  g_pfnRAMVectors                
00000000  g_pfnVectors                   
00002487  getAltitudePercentSetPoint     
000024df  getSW1Position                 
00002509  getSW1mode                     
0000248d  getYawDegreesSetPoint          
0000357d  initADC                        
000021c9  initButtons                    
000032c5  initCircBuf                    
00001fa5  initClock                      
00001fcf  initDisplay                    
0000252b  initGPIOAPinChangeInterrupts   
00002403  initSetPoints                  
00002819  initYaw                        
00002107  initializeHelicopterOperations 
00002a81  initializePWM                  
200005dc  interupt_value                 
000031e9  main                           
000030f9  mainProportional               
20000a30  main_duty                      
20000a4c  main_func_sp                   
000018c1  malloc                         
00001af5  memalign                       
0000337d  memcpy                         
0000349b  memset                         
00001841  minit                          
200005e0  modOledCur                     
00003d15  pacerWait                      
200005e4  pbOledCur                      
200005e8  pbOledFontCur                  
200005ec  pbOledFontUser                 
200005f0  pbOledPatCur                   
00003199  pcontrol_update                
200005f4  pfnDoRop                       
00003323  readCircBuf                    
000019eb  realloc                        
000020fb  resetHelicopterOperations      
0000250f  resetPeriphButtons             
00002b13  resetPeripheralPWM             
00004508  rgbFillPat                     
2000026c  rgbOledBmp                     
00003f74  rgbOledFont0                   
2000046c  rgbOledFontUser                
00002b2f  setOutputOnline                
000029f9  setPWM                         
000029ed  setPWMClocks                   
200005ac  setPoints                      
000024f5  setSW1mode                     
000025a7  startLanding                   
00003149  tailProportional               
20000a34  tail_duty                      
00000751  ulocaltime                     
0000094f  umktime                        
00002297  updateButtons                  
000020e7  updateDisplay                  
00000ec9  urand                          
00000721  usnprintf                      
000006ef  usprintf                       
00000eb9  usrand                         
00000e31  ustrcasecmp                    
00000ea5  ustrcmp                        
00000d35  ustrlen                        
00000d8d  ustrncasecmp                   
00000e45  ustrncmp                       
0000026d  ustrncpy                       
00000d57  ustrstr                        
00000afd  ustrtof                        
000009c5  ustrtoul                       
000002c5  uvsnprintf                     
000032ef  writeCircBuf                   
200005f8  xchOledCur                     
200005fc  xchOledMax                     
20000600  xcoOledCur                     
000023e9  yawDegreeConvert               
000027f9  yaw_ref                        
20000604  ychOledCur                     
20000608  ychOledMax                     
2000060c  ycoOledCur                     
20000a44  yi                             


GLOBAL SYMBOLS: SORTED BY Symbol Address 

address   name                           
-------   ----                           
00000000  __TI_static_base__             
00000000  g_pfnVectors                   
00000200  __STACK_SIZE                   
00000200  __SYSMEM_SIZE                  
0000026d  ustrncpy                       
000002c5  uvsnprintf                     
000006ef  usprintf                       
00000721  usnprintf                      
00000751  ulocaltime                     
0000094f  umktime                        
000009c5  ustrtoul                       
00000afd  ustrtof                        
00000d35  ustrlen                        
00000d57  ustrstr                        
00000d8d  ustrncasecmp                   
00000e31  ustrcasecmp                    
00000e45  ustrncmp                       
00000ea5  ustrcmp                        
00000eb9  usrand                         
00000ec9  urand                          
00000ef1  OrbitOledMoveTo                
00000f37  OrbitOledGetPos                
00000f53  OrbitOledSetDrawColor          
00000f6b  OrbitOledGetStdPattern         
00000f7d  OrbitOledSetFillPattern        
00000f8d  OrbitOledSetDrawMode           
00000fe1  OrbitOledGetDrawMode           
00000fe7  OrbitOledDrawPixel             
00001013  OrbitOledGetPixel              
0000102d  OrbitOledLineTo                
0000112d  OrbitOledDrawRect              
000011b1  OrbitOledFillRect              
000012f5  OrbitOledGetBmp                
00001455  OrbitOledPutBmp                
00001623  OrbitOledDrawChar              
00001683  OrbitOledDrawString            
000016a1  OrbitOledRopSet                
000016cb  OrbitOledRopOr                 
000016ef  OrbitOledRopAnd                
00001713  OrbitOledRopXor                
00001741  OrbitOledMoveUp                
00001779  OrbitOledMoveDown              
000017af  OrbitOledMoveLeft              
000017c7  OrbitOledMoveRight             
000017e1  OrbitOledClampXco              
00001801  OrbitOledClampYco              
00001841  minit                          
000018c1  malloc                         
0000192b  free                           
000019eb  realloc                        
00001af5  memalign                       
00001be1  calloc                         
00001c11  OrbitOledInit                  
00001c25  OrbitOledHostInit              
00001cef  OrbitOledDvrInit               
00001d69  OrbitOledDevInit               
00001ded  OrbitOledClear                 
00001df9  OrbitOledClearBuffer           
00001e29  OrbitOledUpdate                
00001e83  OrbitOledPutBuffer             
00001ee9  Ssi3PutByte                    
00001f8d  SysTickIntHandler              
00001fa5  initClock                      
00001fcf  initDisplay                    
00001fd7  calculateRobustMeanValue       
00002017  displayMeanVal                 
000020e7  updateDisplay                  
000020fb  resetHelicopterOperations      
00002107  initializeHelicopterOperations 
000021c9  initButtons                    
00002297  updateButtons                  
0000236b  checkButton                    
000023e9  yawDegreeConvert               
00002403  initSetPoints                  
0000241f  checkAndIncrementAltitude      
0000243d  checkAndDecrementAltitude      
0000245b  checkAndIncrementYaw           
00002471  checkAndDecrementYaw           
00002487  getAltitudePercentSetPoint     
0000248d  getYawDegreesSetPoint          
00002495  buttonControllerInit           
000024a9  buttonControllerLoop           
000024bd  SW1setup                       
000024df  getSW1Position                 
000024f5  setSW1mode                     
00002509  getSW1mode                     
0000250f  resetPeriphButtons             
0000252b  initGPIOAPinChangeInterrupts   
00002561  SW1IntHandler                  
0000258d  checkLanded                    
000025a7  startLanding                   
000025f5  OrbitOledSetCursor             
00002641  OrbitOledGetCursor             
0000265d  OrbitOledDefUserChar           
000026ad  OrbitOledSetCharUpdate         
000026c5  OrbitOledGetCharUpdate         
000026cb  OrbitOledPutChar               
000026e9  OrbitOledPutString             
00002715  OrbitOledDrawGlyph             
0000278d  OrbitOledAdvanceCursor         
000027f9  yaw_ref                        
00002819  initYaw                        
00002881  YawIntHandler                  
000029ed  setPWMClocks                   
000029f9  setPWM                         
00002a81  initializePWM                  
00002b13  resetPeripheralPWM             
00002b2f  setOutputOnline                
00002b91  __aeabi_ddiv                   
00002cc7  GPIOPadConfigSet               
00002df9  SysCtlClockGet                 
00002f09  __aeabi_dmul                   
00003005  SysCtlClockSet                 
000030f9  mainProportional               
00003149  tailProportional               
00003199  pcontrol_update                
000031c5  PIDController                  
000031e9  main                           
000032c5  initCircBuf                    
000032ef  writeCircBuf                   
00003323  readCircBuf                    
00003357  freeCircBuf                    
0000337d  __aeabi_memcpy                 
0000337d  __aeabi_memcpy4                
0000337d  __aeabi_memcpy8                
0000337d  memcpy                         
00003419  ADCSequenceStepConfigure       
00003493  __aeabi_memclr                 
00003493  __aeabi_memclr4                
00003493  __aeabi_memclr8                
00003495  __aeabi_memset                 
00003495  __aeabi_memset4                
00003495  __aeabi_memset8                
0000349b  memset                         
0000350d  __TI_auto_init                 
0000357d  initADC                        
000035b9  ADCIntHandler                  
000035e9  IntEnable                      
00003651  __TI_decompress_lzss           
000036b9  TimerConfigure                 
00003719  DelayInit                      
00003733  DelayMs                        
00003775  GPIOIntTypeSet                 
000037cd  _c_int00                       
00003821  C$$EXIT                        
00003825  abort                          
0000382d  exit                           
00003875  ADCSequenceConfigure           
000038c5  SysCtlPeripheralReset          
00003965  GPIOPinConfigure               
000039b1  copy_in                        
000039fd  __aeabi_d2iz                   
00003a45  OLEDStringDraw                 
00003a6b  OLEDInitialise                 
00003acd  __aeabi_uidiv                  
00003acd  __aeabi_uidivmod               
00003b0d  SSIConfigSetExpClk             
00003b49  SysCtlPeripheralReady          
00003b81  __aeabi_f2d                    
00003bb9  IntRegister                    
00003bed  SysCtlPeripheralEnable         
00003c21  __aeabi_i2d                    
00003c4f  GPIODirModeSet                 
00003c7b  PWMGenConfigure                
00003c9d  __aeabi_ui2d                   
00003cbd  ADCSequenceDataGet             
00003cdb  PWMPulseWidthSet               
00003cf9  SysTickIntRegister             
00003d15  pacerWait                      
00003d31  ADCIntRegister                 
00003d49  ADCProcessorTrigger            
00003d61  GPIOIntRegister                
00003d79  GPIOPinTypeGPIOOutput          
00003d91  _args_main                     
00003da9  GPIOPinTypeGPIOInput           
00003dbf  GPIOPinTypePWM                 
00003dd5  GPIOPinTypeSSI                 
00003deb  __aeabi_idiv0                  
00003ded  SysCtlPWMClockSet              
00003e01  SysTickEnable                  
00003e15  SysTickIntEnable               
00003e29  _register_unlock               
00003e2f  _register_lock                 
00003e37  _nop                           
00003e3d  PWMOutputState                 
00003e4f  ADCIntEnable                   
00003e5f  IntMasterDisable               
00003e6f  IntMasterEnable                
00003e7f  PWMGenPeriodSet                
00003e8f  __mpu_init                     
00003e91  SysTickPeriodSet               
00003ea1  ADCSequenceEnable              
00003eaf  TimerEnable                    
00003ebd  __TI_decompress_none           
00003ecb  CPUcpsid                       
00003ed7  CPUcpsie                       
00003ee3  GPIOIntEnable                  
00003eef  PWMGenEnable                   
00003efb  SSIDataGet                     
00003f07  __TI_zero_init                 
00003f13  ResetISR                       
00003f1f  ADCIntClear                    
00003f29  SSIDataPut                     
00003f33  SSIEnable                      
00003f3d  TimerValueGet                  
00003f47  SSIBusy                        
00003f4f  GPIOIntClear                   
00003f55  GPIOPinRead                    
00003f5b  GPIOPinWrite                   
00003f61  SSIClockSourceSet              
00003f67  SysCtlDelay                    
00003f6d  _system_pre_init               
00003f71  _system_post_cinit             
00003f74  rgbOledFont0                   
00004508  rgbFillPat                     
000045e0  __TI_Handler_Table_Base        
000045ec  __TI_Handler_Table_Limit       
00004600  __TI_CINIT_Base                
00004618  __TI_CINIT_Limit               
20000000  g_pfnRAMVectors                
2000026c  rgbOledBmp                     
2000046c  rgbOledFontUser                
200005ac  setPoints                      
200005c9  clrOledCur                     
200005cc  bnOledCur                      
200005d0  dxcoOledFontCur                
200005d4  dycoOledFontCur                
200005d8  fOledCharUpdate                
200005dc  interupt_value                 
200005e0  modOledCur                     
200005e4  pbOledCur                      
200005e8  pbOledFontCur                  
200005ec  pbOledFontUser                 
200005f0  pbOledPatCur                   
200005f4  pfnDoRop                       
200005f8  xchOledCur                     
200005fc  xchOledMax                     
20000600  xcoOledCur                     
20000604  ychOledCur                     
20000608  ychOledMax                     
2000060c  ycoOledCur                     
20000610  __stack                        
20000810  __STACK_END                    
20000810  __STACK_TOP                    
20000810  _sys_memory                    
20000a10  __TI_cleanup_ptr               
20000a14  __TI_dtors_ptr                 
20000a18  __TI_enable_exit_profile_output
20000a28  _lock                          
20000a2c  _unlock                        
20000a30  main_duty                      
20000a34  tail_duty                      
20000a44  yi                             
20000a4c  main_func_sp                   
ffffffff  __TI_pprof_out_hndl            
ffffffff  __TI_prof_data_size            
ffffffff  __TI_prof_data_start           
ffffffff  __binit__                      
ffffffff  __c_args__                     
ffffffff  binit                          
UNDEFED   SHT$$INIT_ARRAY$$Base          
UNDEFED   SHT$$INIT_ARRAY$$Limit         

[262 symbols]
